20.133333
5.0
10.133333
15.0
20.033333
5.133333
20.066667
10.066667
20.066667
20.0
26.533333
5.0
5.233333
5.233333
20.0
20.166667
10.066667
15.066667
10.066667
20.233333
20.133333
10.0
5.0
10.033333
5.0
10.033333
5.0
10.0
20.033333
5.0
10.0
5.233333
10.2
10.0
15.0
10.0
10.0
5.0
10.0
5.066667
10.0
5.0
20.066667
15.066667
5.0
10.066667
5.033333
10.0
5.0
5.0
20.0
5.0
10.033333
10.0
5.033333
5.1
20.233333
15.133333
25.066667
10.033333
10.133333
10.0
10.066667
25.033333
20.033333
5.066667
10.033333
15.0
10.0
20.0
15.1
5.066667
20.0
5.0
5.1
5.066667
5.0
20.166667
5.166667
10.0
15.1
15.133333
15.0
15.1
5.066667
20.066667
15.0
5.0
10.233333
15.033333
15.066667
5.0
15.033333
25.1
10.0
15.2
10.066667
10.066667
20.066667
10.0
5.066667
5.066667
5.033333
20.133333
25.0
15.066667
15.0
20.0
10.233333
5.0
5.0
20.166667
15.233333
20.0
5.0
20.233333
20.133333
5.0
5.0
20.1
10.0
15.0
20.066667
5.0
5.0
20.0
5.033333
10.133333
20.1
10.0
10.033333
20.066667
10.0
10.0
10.1
25.133333
10.1
20.0
5.1
15.0
10.033333
20.0
5.0
5.033333
10.066667
5.0
5.0
10.233333
15.0
10.0
15.0
20.0
20.066667
10.166667
15.266667
5.0
10.033333
5.033333
15.066667
10.0
20.033333
15.066667
20.133333
10.133333
15.166667
15.0
10.066667
20.133333
5.0
5.033333
10.133333
15.0
20.0
10.033333
5.1
20.0
20.0
25.033333
10.166667
5.033333
20.0
15.066667
25.166667
10.066667
5.0
5.1
10.033333
10.0
15.1
15.0
5.0
15.0
5.033333
5.033333
20.0
25.0
20.166667
20.0
15.0
10.0
5.033333
5.0
5.0
20.0
20.133333
10.033333
15.166667
10.066667
15.066667
5.0
20.133333
10.133333
5.0
5.0
5.0
5.0
10.033333
5.0
20.033333
20.0
10.0
20.0
5.033333
10.066667
25.0
20.033333
15.133333
5.0
5.0
10.0
10.0
10.033333
20.066667
20.0
20.033333
15.266667
5.0
20.0
10.0
20.033333
10.033333
5.0
10.1
20.0
15.0
5.033333
5.0
15.0
5.0
5.0
15.1
25.133333
5.133333
5.1
20.0
5.0
5.0
15.3
10.0
10.0
10.0
10.033333
20.0
10.066667
15.0
20.066667
20.1
15.0
10.133333
5.1
5.0
5.0
10.033333
15.066667
5.066667
15.0
20.1
15.0
15.033333
15.033333
15.1
15.033333
15.0
15.2
15.2
10.0
5.033333
10.0
15.1
5.0
10.0
10.0
5.066667
10.033333
15.0
5.0
10.066667
10.0
5.0
10.033333
10.066667
5.066667
10.0
10.033333
15.2
5.0
5.0
5.1
20.0
15.033333
15.0
5.066667
5.033333
15.1
15.0
10.1
15.066667
10.0
5.0
5.0
5.0
10.033333
15.066667
5.266667
5.0
5.066667
20.033333
10.1
5.1
5.066667
20.033333
5.1
15.133333
5.0
20.166667
25.066667
10.166667
10.1
15.066667
10.0
5.133333
10.033333
10.0
15.0
15.266667
15.033333
10.033333
15.0
15.133333
10.0
10.033333
20.033333
15.0
20.0
15.0
20.1
5.0
15.1
20.066667
10.033333
5.0
15.0
10.1
10.0
10.033333
5.066667
5.233333
5.033333
20.0
10.133333
20.0
5.0
20.066667
25.033333
20.2
5.0
15.0
5.0
5.033333
20.033333
25.0
15.0
10.0
5.166667
5.0
5.1
20.033333
5.0
10.0
10.0
5.066667
5.066667
15.0
5.066667
20.0
15.0
5.0
20.066667
10.0
20.0
10.133333
10.033333
20.133333
15.066667
25.033333
5.033333
5.133333
10.0
5.033333
5.0
25.033333
5.0
10.0
5.033333
10.1
10.0
10.033333
10.033333
10.1
5.033333
5.0
5.0
15.266667
25.133333
5.033333
5.1
10.033333
5.066667
10.066667
10.166667
5.1
6.266667
16.333333
5.0
5.033333
20.066667
5.0
10.0
5.0
15.066667
20.166667
15.0
15.0
5.0
15.0
5.066667
5.066667
15.0
10.166667
5.033333
20.133333
5.0
15.266667
5.2
15.533333
5.0
15.066667
5.0
20.1
5.033333
5.066667
20.066667
5.066667
5.033333
10.033333
5.033333
15.066667
10.033333
25.133333
20.133333
10.0
15.0
20.033333
20.133333
25.0
5.0
10.0
5.033333
5.0
15.133333
5.066667
15.1
5.2
15.133333
15.066667
10.166667
5.033333
10.066667
15.133333
15.033333
15.0
15.166667
10.0
5.0
5.033333
5.066667
5.033333
15.1
5.0
5.033333
10.0
5.0
5.066667
15.266667
5.0
25.033333
5.033333
15.266667
15.033333
10.0
25.066667
25.033333
20.133333
10.0
5.066667
25.133333
20.133333
5.033333
5.0
20.0
10.1
5.1
10.1
5.066667
5.033333
10.0
20.033333
10.1
15.0
5.0
5.1
20.033333
15.233333
20.1
15.133333
10.1
20.0
10.1
10.133333
15.033333
10.033333
5.0
25.0
5.0
5.033333
15.0
10.0
5.0
5.066667
5.1
5.066667
10.0
10.033333
10.0
5.0
10.066667
5.066667
5.0
5.0
20.0
25.066667
5.0
15.033333
20.033333
10.033333
5.1
10.033333
5.0
5.0
5.0
25.0
5.2
5.0
5.0
20.066667
15.033333
15.033333
5.0
10.033333
15.0
10.0
10.0
10.0
15.0
10.0
20.1
20.033333
5.033333
10.033333
25.0
15.133333
15.066667
15.0
10.0
20.1
5.033333
10.066667
5.1
15.1
5.0
10.133333
20.0
16.466667
5.0
5.033333
20.0
20.266667
5.366667
10.0
5.0
5.033333
20.033333
10.066667
10.033333
10.0
15.066667
15.066667
5.066667
10.033333
5.0
10.033333
5.033333
10.0
20.166667
10.0
15.0
5.0
15.066667
10.0
10.0
20.233333
5.0
5.133333
5.0
15.0
5.0
15.1
5.066667
10.066667
15.166667
10.233333
5.0
5.033333
5.033333
5.033333
20.0
20.033333
5.0
15.033333
5.1
5.0
15.0
5.0
25.133333
5.066667
15.0
20.0
10.066667
10.0
5.0
10.0
10.033333
5.066667
15.0
10.0
5.066667
5.0
15.0
5.066667
15.066667
10.1
10.133333
20.066667
10.0
5.0
10.166667
10.533333
5.0
5.033333
10.1
15.066667
5.0
15.1
10.0
5.066667
5.066667
10.033333
20.0
5.0
5.0
10.033333
10.066667
15.0
10.0
10.0
20.0
10.133333
15.066667
10.033333
5.0
10.066667
10.0
20.033333
5.133333
5.066667
5.0
20.033333
10.0
5.033333
20.133333
10.066667
5.0
15.033333
15.1
5.066667
10.033333
5.033333
20.2
20.1
5.0
10.0
20.0
15.033333
5.033333
10.0
10.0
5.033333
5.066667
5.0
5.0
15.033333
5.0
5.033333
5.033333
20.0
10.066667
15.033333
5.0
10.166667
10.066667
5.0
5.066667
20.1
5.0
15.0
5.0
10.0
15.033333
5.1
15.0
15.066667
15.1
10.133333
15.0
10.0
15.0
20.033333
15.0
5.033333
15.1
10.033333
5.3
5.133333
10.066667
5.033333
20.1
5.0
5.0
10.033333
5.033333
5.0
10.0
5.066667
5.066667
5.1
15.0
5.0
5.0
15.133333
15.033333
15.133333
15.233333
5.0
20.066667
5.0
5.066667
5.0
5.7
10.033333
10.0
15.033333
5.066667
5.2
20.033333
5.0
5.033333
25.066667
10.033333
5.066667
5.133333
10.133333
15.033333
20.2
10.0
10.0
20.0
20.066667
5.0
15.033333
15.066667
20.0
15.233333
5.033333
5.0
5.066667
10.033333
5.066667
5.0
5.066667
10.1
15.166667
15.0
10.1
10.033333
5.0
10.0
5.0
10.0
10.033333
10.0
20.0
5.033333
5.033333
10.0
10.1
5.066667
5.0
25.0
10.1
15.033333
5.066667
10.033333
10.033333
15.0
15.1
15.0
10.033333
10.0
25.066667
5.033333
15.0
10.066667
10.1
20.2
15.2
25.0
10.033333
10.2
5.033333
5.0
5.066667
5.2
5.033333
15.0
5.1
15.2
5.033333
5.0
10.0
20.066667
10.0
20.033333
5.133333
5.0
5.0
25.1
5.0
15.0
15.033333
5.0
20.033333
20.066667
10.0
5.0
20.033333
25.0
10.066667
5.1
5.033333
20.033333
15.0
5.166667
10.066667
5.0
5.066667
5.033333
20.066667
10.033333
10.0
10.033333
10.0
20.0
10.0
10.1
15.033333
10.033333
5.0
20.0
5.0
10.0
5.033333
5.0
10.166667
15.0
15.0
10.066667
5.1
20.1
15.233333
20.0
5.066667
5.0
10.066667
10.033333
10.033333
20.0
5.066667
20.0
15.0
5.0
5.0
5.033333
10.066667
5.133333
15.0
10.0
10.0
5.0
15.066667
10.066667
15.033333
25.033333
20.1
10.066667
20.1
10.0
5.0
20.1
10.0
10.0
5.0
15.0
5.066667
15.0
5.033333
25.066667
10.0
5.033333
5.266667
10.033333
15.133333
20.0
5.033333
20.1
5.033333
5.0
15.1
5.033333
5.0
10.0
5.1
15.033333
20.0
20.0
10.0
10.133333
10.033333
5.033333
5.1
15.0
20.0
5.066667
5.0
5.133333
10.0
15.0
20.0
10.066667
5.1
5.0
5.0
10.066667
5.033333
15.0
5.1
15.0
5.0
15.133333
5.0
10.1
5.266667
20.0
5.033333
15.1
15.0
5.1
20.0
5.066667
25.033333
5.033333
20.1
5.133333
10.033333
10.066667
10.1
20.0
20.033333
20.1
15.1
20.0
5.166667
10.066667
10.0
5.033333
5.133333
5.0
20.133333
10.0
20.066667
15.0
15.0
5.1
20.033333
15.033333
10.066667
20.166667
10.033333
20.5
10.033333
20.0
20.2
20.133333
10.0
20.033333
10.033333
20.133333
10.0
20.0
15.0
5.066667
5.0
10.0
5.0
20.1
15.033333
15.033333
15.066667
20.233333
20.166667
5.0
20.0
5.066667
5.133333
5.066667
5.066667
20.1
5.1
15.033333
10.0
20.0
10.0
5.0
20.0
10.066667
5.033333
10.2
5.0
15.066667
15.133333
5.0
10.0
5.1
10.1
15.3
10.0
10.233333
5.033333
10.033333
15.0
15.1
10.0
5.0
20.133333
15.0
10.0
10.066667
5.333333
5.0
10.033333
5.066667
15.033333
10.0
15.033333
15.066667
5.0
20.033333
10.1
5.0
5.033333
5.1
10.0
5.033333
10.066667
5.066667
5.2
5.033333
10.1
5.0
20.066667
25.066667
10.0
10.066667
15.0
15.0
10.033333
10.133333
10.0
20.0
5.1
5.1
15.066667
15.133333
5.033333
10.0
20.0
10.033333
15.033333
5.0
10.066667
10.1
15.033333
5.1
15.0
5.066667
5.0
20.2
5.0
10.0
5.133333
5.033333
5.033333
5.066667
5.0
10.066667
20.066667
5.033333
10.033333
15.033333
15.0
20.0
5.066667
5.033333
15.033333
20.2
5.066667
10.233333
20.233333
20.0
10.0
20.133333
5.0
5.033333
5.0
10.0
5.033333
15.033333
15.0
15.0
20.266667
5.066667
10.033333
15.033333
15.033333
15.0
5.033333
15.0
15.1
5.033333
10.066667
15.0
10.2
5.0
5.0
5.0
10.166667
10.066667
15.0
5.033333
5.033333
10.033333
5.033333
25.2
5.066667
15.266667
15.066667
15.066667
10.0
5.033333
5.033333
20.066667
10.0
5.0
5.0
5.066667
5.0
20.1
10.266667
15.0
15.066667
10.0
5.0
20.066667
20.0
5.0
25.0
20.066667
5.133333
5.2
5.1
5.0
5.0
10.033333
15.066667
10.0
15.033333
15.033333
10.0
10.066667
20.033333
10.066667
10.233333
10.0
15.033333
15.033333
15.0
15.0
5.0
10.0
10.066667
15.1
15.033333
10.033333
10.033333
15.1
20.0
5.0
10.0
25.0
15.166667
15.0
5.133333
5.0
25.0
5.0
5.1
10.0
10.0
5.033333
5.033333
15.033333
25.166667
10.0
10.066667
5.0
15.1
10.0
15.133333
10.033333
25.1
10.033333
25.033333
10.133333
5.0
5.0
20.233333
5.0
5.0
5.0
20.1
5.033333
10.0
5.0
5.033333
15.1
15.133333
10.066667
15.0
15.066667
15.033333
20.066667
5.0
15.033333
10.033333
5.033333
5.0
15.0
10.0
15.0
25.366667
10.066667
10.033333
5.133333
15.0
15.033333
5.033333
10.0
5.1
10.066667
20.0
10.033333
5.0
15.1
10.0
15.1
15.0
5.0
10.0
10.0
5.066667
10.066667
16.066667
20.166667
5.1
10.0
10.033333
5.0
10.1
10.0
25.033333
15.1
15.033333
20.066667
5.233333
15.0
5.0
10.0
10.133333
15.1
10.1
10.0
10.033333
15.0
15.1
15.0
5.033333
15.1
10.0
10.133333
10.0
15.1
10.0
10.033333
15.1
10.0
20.166667
20.066667
10.0
5.0
20.0
10.033333
10.0
5.033333
5.0
20.0
5.133333
10.033333
15.033333
5.133333
10.0
5.2
15.133333
5.066667
10.0
15.133333
10.033333
5.133333
5.0
5.066667
5.366667
20.033333
20.0
5.0
10.0
10.0
5.066667
5.0
20.233333
10.0
20.433333
15.066667
5.133333
15.0
5.033333
10.033333
5.0
10.1
10.1
25.066667
15.066667
25.166667
10.0
5.0
5.0
5.033333
5.0
15.066667
5.033333
5.0
10.1
20.7
15.0
5.033333
15.0
25.0
10.033333
20.0
15.0
5.1
15.166667
15.033333
20.0
10.2
5.0
10.066667
10.0
10.0
10.0
10.066667
10.1
5.133333
5.0
20.133333
10.0
15.066667
15.0
5.033333
5.066667
5.033333
10.1
20.0
5.1
15.0
15.033333
5.0
15.066667
10.0
