5.066667
15.133333
5.133333
5.333333
15.0
5.066667
5.0
10.0
10.0
10.2
15.0
15.133333
20.1
5.0
20.266667
5.066667
20.066667
10.266667
15.166667
15.0
20.0
20.0
5.166667
5.066667
5.166667
10.033333
20.133333
20.0
5.0
5.033333
15.0
20.0
10.0
5.033333
10.133333
5.0
15.133333
10.066667
5.1
15.0
20.233333
15.033333
5.033333
5.0
20.0
5.033333
25.0
10.066667
15.1
10.066667
5.033333
10.0
15.1
5.033333
25.033333
20.1
5.0
25.033333
25.233333
15.0
5.0
15.033333
20.033333
5.033333
15.033333
20.0
5.066667
10.1
5.0
5.066667
10.1
5.0
20.0
20.266667
10.0
5.066667
15.0
5.0
15.033333
15.133333
5.0
20.0
15.033333
5.166667
5.0
5.033333
5.433333
10.2
20.066667
15.1
10.066667
5.0
5.0
5.066667
15.033333
25.0
15.133333
10.066667
5.0
20.066667
20.0
10.0
15.0
5.1
20.066667
20.0
5.033333
10.0
5.0
5.0
5.033333
10.0
15.166667
10.066667
10.0
15.133333
5.0
20.033333
10.066667
5.1
5.033333
5.1
10.033333
15.066667
15.033333
20.2
10.0
15.0
5.166667
15.033333
5.066667
20.0
5.0
5.0
5.0
20.0
5.0
10.1
15.066667
5.0
5.033333
10.0
15.133333
10.066667
20.0
20.0
10.1
15.0
10.0
20.0
5.0
25.0
20.033333
20.066667
10.166667
5.233333
10.1
5.033333
10.066667
5.033333
15.033333
15.0
5.033333
5.033333
20.0
15.0
15.033333
10.0
5.033333
20.066667
15.0
5.0
25.1
15.0
10.033333
10.0
5.0
20.233333
5.066667
20.033333
5.0
5.033333
15.033333
20.133333
10.1
15.0
10.0
10.133333
25.033333
10.166667
10.033333
5.0
10.0
20.166667
10.033333
5.2
10.033333
5.066667
10.0
20.066667
10.0
5.0
10.0
15.0
10.033333
15.033333
5.0
5.033333
5.033333
10.0
5.0
10.1
5.0
15.066667
5.1
5.5
20.0
10.033333
20.033333
15.1
5.0
20.1
5.0
5.033333
10.066667
20.1
15.1
10.1
20.133333
25.0
10.2
10.0
10.133333
10.066667
10.033333
10.166667
5.0
5.1
15.0
5.0
10.1
15.0
15.0
20.0
10.1
10.0
10.0
5.133333
5.0
10.0
10.0
10.0
5.0
20.0
15.133333
5.033333
20.2
5.0
10.0
5.0
20.533333
20.133333
10.0
20.0
10.0
20.233333
10.2
20.0
15.0
5.033333
10.033333
15.166667
20.0
10.0
15.033333
5.0
10.066667
15.066667
15.1
10.033333
10.0
10.033333
5.0
10.133333
10.066667
5.033333
15.0
5.0
10.033333
15.0
20.0
5.033333
15.0
20.033333
5.066667
20.1
15.0
5.0
15.0
5.033333
5.0
10.066667
5.266667
10.033333
15.0
10.0
15.033333
20.133333
10.033333
15.0
25.0
5.2
20.0
5.133333
5.033333
5.0
5.0
10.033333
15.066667
10.0
10.0
5.033333
5.133333
5.0
5.0
20.0
10.1
20.0
20.0
5.066667
20.1
5.0
10.166667
5.066667
5.0
10.0
5.066667
15.1
5.366667
5.0
10.0
15.066667
5.066667
5.166667
5.266667
10.0
5.066667
5.0
15.0
10.033333
5.0
20.0
5.0
20.1
10.266667
5.0
15.066667
15.0
25.166667
10.0
5.0
5.066667
10.0
5.0
15.0
10.0
5.0
15.033333
15.0
10.0
5.0
10.0
5.033333
5.033333
5.066667
25.133333
15.033333
10.0
15.0
5.0
5.0
10.133333
20.0
5.0
20.066667
20.0
20.033333
10.033333
5.0
10.1
15.033333
15.3
15.0
15.0
10.033333
5.1
10.033333
10.033333
15.0
20.1
10.033333
5.0
10.033333
5.066667
10.066667
5.0
10.3
10.0
5.1
20.0
5.033333
20.066667
5.0
15.0
5.0
20.066667
5.0
5.033333
5.0
5.033333
20.066667
5.033333
20.0
5.133333
20.033333
15.0
5.0
5.0
25.233333
5.0
20.1
5.166667
5.0
15.066667
5.033333
5.166667
5.033333
15.0
20.066667
5.0
10.1
5.0
10.0
20.166667
20.066667
5.033333
5.066667
5.0
5.066667
5.0
10.0
15.133333
20.033333
15.0
5.0
5.066667
15.0
20.1
5.0
20.2
20.2
15.066667
5.033333
5.066667
5.166667
20.0
5.0
20.0
10.033333
5.0
20.066667
15.0
20.166667
5.066667
10.1
20.0
10.0
15.266667
15.0
20.0
5.1
15.033333
20.033333
25.066667
5.033333
15.066667
5.1
10.066667
15.1
5.0
5.033333
5.033333
10.1
20.166667
10.133333
20.0
5.066667
10.033333
5.0
5.066667
10.0
20.0
5.066667
10.066667
15.033333
10.0
15.066667
10.0
25.0
10.0
5.033333
5.0
15.033333
10.333333
5.066667
20.0
5.066667
20.0
5.033333
10.0
10.0
20.066667
15.066667
15.0
15.0
5.133333
10.133333
5.066667
15.133333
15.133333
10.133333
10.0
10.066667
15.033333
15.0
5.066667
5.0
5.033333
5.066667
15.033333
5.033333
5.266667
5.0
5.0
25.133333
5.0
20.133333
5.0
10.0
15.066667
25.166667
10.1
5.066667
5.066667
5.0
5.166667
15.1
15.133333
10.0
20.033333
5.0
5.0
10.066667
15.066667
5.0
15.0
10.0
10.0
10.066667
5.033333
10.0
10.0
20.0
20.066667
5.0
5.033333
15.133333
5.0
5.033333
5.0
15.1
15.0
5.066667
10.066667
5.0
5.0
20.033333
5.033333
10.0
5.066667
20.0
5.1
15.0
10.133333
15.066667
5.066667
5.033333
15.033333
10.0
20.1
15.066667
20.033333
20.0
5.0
5.1
5.0
20.0
10.066667
10.0
10.0
5.0
10.0
5.166667
5.033333
20.2
10.0
20.066667
10.066667
10.033333
5.033333
20.0
10.033333
10.133333
10.2
10.133333
5.0
5.033333
5.0
15.0
25.066667
15.033333
5.433333
15.033333
15.2
20.066667
20.0
20.066667
5.0
10.3
5.1
5.033333
10.0
15.033333
20.0
5.133333
20.033333
5.033333
10.0
5.033333
10.166667
10.033333
5.033333
5.066667
10.0
5.0
20.1
15.1
15.0
5.0
15.033333
10.1
10.066667
20.1
5.0
5.0
15.133333
5.066667
5.033333
5.033333
15.1
25.0
5.0
15.033333
5.133333
10.033333
25.2
5.0
10.0
20.0
5.0
20.0
15.066667
10.0
5.0
5.0
10.133333
10.066667
15.233333
5.033333
15.1
5.0
5.0
25.0
5.0
10.033333
5.066667
10.0
5.0
5.033333
5.066667
25.033333
10.033333
10.1
5.0
20.133333
5.1
5.033333
10.066667
10.033333
20.0
5.033333
5.033333
20.133333
5.033333
20.2
5.0
5.0
5.066667
5.0
15.1
15.166667
25.033333
10.0
5.1
10.133333
10.0
5.066667
20.0
10.133333
15.0
5.266667
5.066667
15.066667
20.0
5.0
5.0
10.066667
20.133333
15.0
20.0
10.0
5.0
20.0
10.033333
20.066667
15.133333
15.0
5.0
5.133333
5.033333
20.033333
10.033333
20.033333
10.033333
5.0
10.0
10.0
10.066667
10.0
15.133333
15.033333
10.2
20.0
15.066667
20.0
10.0
15.066667
5.0
20.066667
10.0
5.033333
5.0
5.0
10.066667
20.066667
10.0
20.033333
10.0
10.1
5.0
5.0
5.0
20.1
20.166667
10.066667
5.1
5.0
20.0
10.066667
10.033333
5.033333
10.1
5.0
10.066667
5.0
20.033333
10.066667
5.0
20.066667
20.0
15.133333
5.133333
5.033333
10.0
20.1
20.066667
10.0
5.033333
10.0
20.133333
25.0
5.033333
15.066667
20.0
20.0
5.0
20.0
15.0
10.166667
20.1
5.0
15.033333
15.066667
5.0
20.066667
20.066667
20.0
10.0
10.033333
10.0
5.033333
15.1
20.133333
15.0
5.0
5.0
5.0
10.066667
5.0
5.0
5.033333
10.0
15.033333
15.133333
5.066667
15.0
5.0
5.033333
10.0
5.0
5.0
20.0
10.133333
10.1
10.133333
15.133333
10.0
10.066667
10.033333
20.033333
5.033333
15.1
25.066667
5.0
25.033333
15.033333
10.033333
10.0
5.066667
15.033333
5.0
20.033333
20.033333
20.0
5.1
5.0
20.033333
10.133333
5.0
15.033333
10.0
5.0
5.033333
15.1
15.0
5.033333
20.066667
5.033333
20.0
10.3
5.033333
10.0
5.1
5.0
20.0
5.0
10.0
5.1
25.1
10.2
20.133333
20.0
20.133333
5.0
10.1
5.0
10.0
20.233333
15.0
5.0
10.0
10.2
20.033333
10.033333
20.133333
5.0
10.066667
10.0
10.166667
5.066667
15.0
5.0
5.1
20.033333
5.266667
25.0
5.0
10.033333
5.0
10.0
5.033333
5.033333
5.033333
10.0
5.066667
15.133333
15.066667
15.066667
5.0
5.0
10.066667
5.0
5.0
10.0
20.166667
20.166667
20.033333
15.066667
15.0
10.0
5.066667
15.133333
5.066667
15.033333
25.233333
15.0
10.0
10.166667
25.133333
10.066667
5.0
10.0
5.066667
10.1
20.2
5.0
20.033333
5.0
10.0
5.033333
15.1
5.133333
15.0
15.066667
5.033333
5.0
10.133333
5.066667
10.0
10.0
10.0
5.066667
20.033333
5.033333
5.066667
15.0
5.0
10.033333
5.0
5.0
15.0
15.033333
20.0
15.033333
15.066667
5.033333
5.0
10.133333
15.066667
15.0
20.4
5.033333
5.066667
10.033333
5.033333
5.033333
25.0
10.0
15.0
5.0
5.0
20.066667
15.0
15.033333
15.066667
10.033333
20.0
15.033333
15.0
5.1
5.0
15.066667
5.033333
5.0
5.066667
10.033333
5.1
20.033333
15.1
5.033333
5.033333
5.0
5.0
20.0
10.233333
20.166667
15.0
10.0
20.1
5.0
5.066667
10.0
10.0
15.0
15.0
10.033333
5.066667
5.0
15.2
10.033333
15.033333
5.033333
5.0
15.2
15.033333
10.0
5.066667
5.033333
10.066667
5.133333
10.0
10.066667
5.033333
15.0
15.066667
5.033333
10.0
5.033333
20.266667
5.0
10.1
5.1
10.033333
10.0
15.0
5.1
5.0
15.066667
20.033333
10.033333
10.0
5.033333
20.0
20.0
15.1
10.0
10.033333
5.033333
10.0
20.1
10.1
5.0
5.0
10.033333
10.033333
5.633333
5.0
15.0
10.066667
20.0
5.0
5.0
5.1
10.0
15.166667
5.1
5.033333
10.0
10.033333
10.033333
5.0
10.033333
25.166667
5.066667
5.1
10.033333
15.0
5.033333
10.0
20.133333
5.0
15.066667
10.0
25.0
15.033333
10.066667
5.0
5.066667
20.033333
15.0
5.0
5.133333
20.0
20.0
5.0
10.1
5.0
20.066667
5.1
20.033333
5.066667
5.0
10.033333
5.0
10.0
15.066667
5.0
20.2
5.0
5.0
5.0
5.0
5.066667
10.0
10.033333
5.0
20.066667
15.0
10.1
15.2
5.0
5.033333
15.0
10.066667
5.333333
20.0
20.0
5.066667
20.066667
15.133333
5.133333
5.0
15.033333
5.0
20.033333
10.033333
20.033333
5.033333
5.033333
10.0
5.1
10.066667
15.033333
10.0
25.066667
5.0
5.066667
5.033333
10.1
20.0
10.033333
25.0
15.0
20.0
20.033333
5.066667
10.0
10.0
15.1
15.133333
5.033333
10.066667
20.0
10.0
10.033333
5.1
20.033333
15.1
5.0
5.066667
15.133333
5.0
20.5
5.033333
10.0
15.033333
5.033333
20.066667
10.066667
5.0
10.366667
5.0
15.033333
10.033333
5.033333
5.033333
10.033333
5.033333
20.0
10.1
5.0
15.0
20.066667
5.166667
10.0
15.2
5.033333
10.0
5.0
5.066667
15.066667
5.0
25.033333
5.0
5.0
5.033333
20.033333
5.0
15.166667
15.0
20.0
5.066667
10.0
20.066667
20.033333
5.0
5.0
25.166667
20.033333
25.0
5.4
20.133333
10.033333
15.0
15.0
5.0
15.066667
10.1
10.066667
5.0
5.0
15.133333
15.066667
15.033333
20.033333
20.066667
20.033333
5.033333
15.0
10.066667
10.066667
5.033333
15.2
5.0
10.133333
15.2
15.2
15.033333
15.166667
5.0
20.033333
15.066667
15.0
20.133333
20.0
15.0
10.033333
10.0
5.066667
20.133333
5.033333
25.0
5.033333
10.033333
20.033333
5.0
5.0
5.0
10.0
20.0
5.0
15.033333
15.0
10.1
20.166667
10.033333
15.033333
5.0
15.033333
5.033333
10.166667
15.066667
15.0
15.066667
5.066667
10.0
5.0
20.2
5.033333
5.0
10.366667
10.0
5.0
5.0
15.0
5.0
20.133333
15.033333
20.0
15.066667
5.133333
5.033333
10.0
15.0
5.033333
20.2
10.0
5.0
15.033333
10.2
5.033333
10.033333
5.0
10.066667
25.066667
5.133333
10.1
15.0
15.0
10.033333
20.033333
15.166667
25.0
5.1
20.0
20.0
20.133333
15.1
10.066667
20.066667
15.0
5.2
5.066667
10.0
20.166667
10.066667
25.033333
10.0
25.066667
5.0
20.2
15.0
10.0
25.0
5.1
5.0
10.033333
5.1
10.033333
5.0
10.166667
15.033333
10.0
5.033333
5.0
5.0
15.0
15.1
20.133333
20.133333
10.0
10.066667
20.0
5.166667
15.033333
20.066667
15.0
15.2
10.0
15.233333
10.0
20.0
20.033333
5.066667
15.033333
10.033333
15.0
10.0
15.166667
5.1
20.066667
5.133333
15.033333
10.0
10.0
5.0
10.1
5.0
15.0
15.0
15.033333
20.166667
20.033333
20.233333
5.0
10.066667
15.033333
20.033333
20.166667
5.033333
5.0
10.0
5.0
5.0
10.133333
20.066667
5.0
15.0
15.1
10.0
5.0
5.066667
5.0
5.0
5.0
20.2
15.0
5.1
15.0
15.066667
25.0
10.0
10.1
5.033333
25.066667
10.0
5.0
5.033333
15.0
10.066667
15.166667
10.0
10.1
20.033333
10.033333
5.0
15.033333
20.0
15.066667
10.0
15.0
5.033333
5.066667
5.266667
10.1
15.333333
10.0
5.0
10.133333
5.2
10.0
5.033333
5.066667
5.033333
5.033333
20.2
5.166667
25.033333
20.0
15.033333
5.033333
10.1
5.0
20.066667
15.033333
5.066667
20.0
10.033333
5.066667
10.2
15.033333
5.0
10.0
10.033333
10.0
5.0
5.0
10.166667
10.033333
20.0
5.0
10.0
20.133333
20.0
5.066667
5.166667
25.033333
20.0
