10.4
10.2
20.0
5.0
20.2
15.0
15.2
15.0
5.0
5.0
15.0
10.0
15.2
5.0
20.4
10.0
10.0
5.0
20.0
10.0
5.2
10.2
10.2
20.0
5.0
15.0
5.0
15.2
15.0
5.2
5.0
5.0
15.4
20.0
5.2
10.2
15.2
5.4
15.2
20.0
5.0
10.0
20.0
5.0
5.6
15.0
20.0
10.2
5.0
5.4
5.0
5.2
10.0
10.0
15.2
5.0
5.0
5.0
10.0
15.0
10.2
20.4
10.0
15.0
15.0
10.0
10.2
10.0
10.0
10.0
20.4
20.2
5.2
10.0
20.2
10.2
5.0
20.0
5.2
10.4
5.0
20.4
5.0
5.0
15.0
5.0
10.0
20.4
20.0
25.2
10.2
5.0
5.2
5.0
10.4
5.0
5.2
5.0
15.0
5.0
15.0
5.0
20.2
5.0
15.0
10.4
10.4
15.2
25.2
20.2
20.4
20.4
5.0
5.2
10.0
10.0
20.2
20.2
5.0
5.0
5.0
10.0
15.0
5.0
10.4
10.8
15.0
5.0
5.0
15.4
10.2
5.0
5.2
5.0
10.2
10.0
20.0
10.0
15.0
15.2
10.0
5.4
15.2
20.2
5.2
10.0
10.0
25.0
5.0
10.0
5.0
10.0
10.2
15.0
15.0
10.4
10.0
20.0
10.0
5.0
5.2
15.2
5.2
5.2
20.0
5.2
5.0
25.2
5.0
15.0
10.2
15.2
15.2
20.4
5.0
20.2
5.2
5.2
10.2
10.2
15.0
20.4
15.0
5.2
10.0
10.0
20.0
10.2
20.2
20.2
10.0
15.2
10.0
5.0
10.4
10.2
5.0
5.0
10.0
15.0
5.0
10.2
5.0
20.2
20.2
5.0
10.2
10.0
5.2
5.2
10.0
10.0
15.2
10.0
25.0
5.2
10.4
5.0
10.0
10.0
25.2
5.4
5.0
25.2
10.0
5.0
15.0
10.4
15.4
15.2
20.0
15.0
5.0
20.0
5.2
5.0
15.2
15.2
25.2
10.2
10.2
5.4
5.0
20.0
15.2
25.2
15.0
10.0
5.2
20.2
10.0
15.0
15.2
15.0
15.2
5.2
5.0
5.2
15.0
5.0
10.2
10.0
15.4
5.0
5.0
20.0
5.0
5.0
10.2
15.4
5.2
20.2
15.0
10.2
5.0
20.0
5.0
15.0
10.2
20.0
5.0
25.0
5.2
20.0
10.2
10.0
5.0
5.2
15.2
15.0
20.2
10.0
5.0
5.0
15.0
20.4
10.0
5.0
20.0
10.2
20.2
15.0
10.0
15.0
10.0
15.0
10.0
5.0
20.4
10.0
10.0
20.2
15.2
10.0
5.2
5.0
20.0
25.2
10.0
25.0
5.0
10.2
10.0
5.2
10.0
10.0
10.0
5.0
5.0
20.0
15.0
10.0
10.0
15.0
10.2
10.0
15.2
15.4
5.0
20.0
5.0
5.4
25.0
5.2
20.2
20.0
25.2
5.0
5.0
5.0
5.2
5.0
10.2
5.4
15.2
10.0
5.0
5.0
5.0
5.2
15.2
20.2
20.4
5.0
10.0
10.4
5.2
5.2
15.0
10.2
15.0
10.0
20.2
20.0
5.0
5.0
15.0
10.0
15.2
10.2
10.4
15.0
5.2
20.0
10.2
5.0
5.0
15.0
5.2
10.0
10.0
5.0
25.4
5.2
5.2
15.0
5.0
15.2
20.0
5.2
5.0
20.0
15.4
15.0
15.0
20.0
10.2
10.2
5.2
5.0
20.2
10.0
15.0
5.2
5.0
5.2
15.0
5.0
5.2
5.0
5.2
20.2
5.0
5.2
10.0
5.2
20.2
10.0
5.0
20.0
5.0
20.4
15.0
10.2
10.2
20.0
20.0
20.0
15.0
5.0
10.2
5.2
20.2
10.0
5.0
20.0
5.0
20.2
15.0
20.2
25.0
5.2
10.0
15.4
10.0
20.0
10.0
5.2
25.0
5.0
5.0
15.2
15.0
5.0
20.0
5.0
10.0
5.2
20.0
5.2
15.0
5.0
10.0
5.0
5.0
10.0
15.0
20.2
15.0
5.0
10.0
20.0
5.0
15.0
15.2
15.0
20.0
20.2
20.4
10.2
20.2
20.0
20.0
10.0
5.2
20.2
20.0
5.0
20.0
15.0
5.0
5.0
5.2
5.0
20.0
15.0
5.0
10.0
15.0
5.4
5.0
5.0
15.0
20.0
15.0
5.0
5.0
5.0
20.0
5.0
5.0
5.0
20.0
20.2
10.0
15.2
15.2
20.0
20.0
5.0
15.0
5.4
20.8
5.2
15.0
10.0
20.2
5.0
20.0
20.2
20.0
5.2
10.2
10.0
15.2
5.0
25.0
15.2
10.0
20.0
5.0
20.2
5.0
10.2
20.0
5.0
10.0
15.0
5.0
15.0
5.0
10.0
15.0
10.0
20.2
25.0
5.2
10.0
5.2
5.0
10.0
20.4
20.2
5.0
20.0
5.0
20.0
15.0
15.2
10.2
10.0
15.2
5.0
10.0
5.8
15.0
15.0
15.2
5.2
10.0
10.0
20.2
5.0
5.4
10.2
20.4
20.0
5.0
10.2
10.2
20.0
20.2
5.0
5.0
15.0
10.0
15.0
20.0
15.2
5.2
15.0
20.0
10.0
15.0
20.2
15.0
15.0
10.2
5.6
15.0
5.0
5.0
5.0
25.0
10.0
5.2
10.0
5.2
5.2
5.0
10.2
20.2
10.2
15.6
5.0
10.2
5.4
5.2
5.2
25.2
10.0
10.0
5.0
15.0
5.0
5.2
10.4
15.2
25.0
10.2
10.0
5.6
15.0
5.0
10.0
10.0
5.2
10.2
5.2
20.0
15.0
5.0
20.0
20.0
10.4
5.0
5.0
5.0
5.2
5.0
5.4
5.2
20.2
15.2
5.0
5.0
20.0
5.0
10.0
10.0
5.2
10.2
25.0
10.4
5.0
15.4
25.0
10.0
20.2
10.0
20.2
15.0
20.0
20.0
5.2
15.0
5.4
20.2
5.0
10.2
15.4
15.2
5.0
5.2
10.2
15.0
10.0
20.0
10.0
5.0
20.0
15.0
5.0
5.0
15.0
5.0
10.0
20.4
15.4
20.0
20.2
5.0
20.0
15.2
10.2
5.2
5.2
10.2
10.2
5.0
10.2
20.0
15.4
5.2
5.2
5.0
15.0
5.0
20.2
5.0
10.0
5.0
5.0
15.0
15.0
20.4
15.0
5.2
10.2
10.0
20.0
20.2
5.0
5.0
10.0
10.0
20.0
10.0
10.0
5.0
15.2
20.0
10.0
20.0
5.0
10.0
20.2
5.2
5.2
10.4
20.0
5.0
10.0
5.2
10.0
5.0
10.0
15.2
10.0
10.0
10.2
25.4
5.0
10.0
5.0
5.0
15.0
10.2
10.0
5.0
20.0
20.0
5.0
5.0
20.4
5.2
10.0
5.0
5.0
5.0
10.0
10.0
5.0
10.0
5.0
25.2
10.2
15.0
25.0
10.0
10.4
5.0
10.2
5.0
15.0
5.2
5.0
5.0
5.0
15.0
5.8
5.2
10.0
5.0
10.0
20.4
5.0
5.4
5.0
10.0
5.4
10.6
20.0
15.2
5.0
20.0
10.0
20.0
10.0
10.4
15.4
10.0
5.0
10.0
20.2
10.2
15.2
5.0
5.0
15.0
10.0
10.0
5.2
20.2
5.0
20.0
5.0
20.0
20.2
5.0
5.0
5.2
10.0
20.0
15.0
5.2
25.2
5.0
5.0
5.0
5.0
15.0
5.2
10.2
10.0
5.0
10.0
10.2
5.4
5.2
10.2
5.4
15.4
25.0
5.0
10.0
5.2
10.0
10.0
20.0
5.0
20.0
10.2
10.0
5.0
25.0
10.2
20.4
10.0
15.0
10.0
15.0
5.0
20.0
20.4
25.0
15.0
5.0
5.0
10.0
5.0
10.2
10.2
10.0
5.0
10.0
10.4
10.2
10.0
5.0
10.2
5.2
5.4
5.2
20.0
5.2
15.0
15.0
5.0
20.0
5.4
10.0
10.2
5.2
15.0
5.0
15.4
5.2
10.0
5.0
10.2
16.0
5.4
20.2
20.0
5.0
5.0
10.0
10.2
16.0
20.2
10.2
15.0
20.4
10.4
5.0
15.2
20.4
5.6
5.2
5.0
10.0
20.2
10.2
5.0
5.2
15.0
5.0
20.4
10.0
25.0
10.0
20.0
15.2
5.2
15.2
10.0
20.0
10.2
20.4
20.0
20.0
5.0
20.2
5.2
5.2
20.2
5.2
10.0
25.0
10.4
25.0
5.0
20.4
5.0
5.0
5.0
10.2
5.0
10.0
5.0
10.0
15.0
10.4
5.0
25.4
5.2
5.0
5.2
15.0
20.6
10.2
5.0
20.0
10.6
15.2
15.6
15.4
15.2
5.0
5.2
5.2
20.2
15.2
20.2
5.0
20.0
25.0
10.0
5.0
10.0
5.0
25.0
20.0
5.0
