5.18
5.06
20.18
20.06
15.0
5.12
5.06
15.02
10.04
5.04
15.04
10.06
5.1
5.06
10.06
15.08
10.18
10.04
5.04
10.06
15.04
5.06
15.08
5.06
10.1
5.0
20.1
20.04
5.08
20.24
5.02
5.0
15.06
5.08
15.08
10.12
15.04
5.02
15.1
10.1
20.04
5.06
15.04
10.1
20.16
10.08
10.1
10.06
10.1
5.04
10.08
10.1
5.04
10.0
10.04
5.06
10.06
10.06
20.08
20.1
5.02
5.08
5.04
20.08
15.02
10.04
5.06
10.06
5.06
5.06
10.06
25.08
10.06
5.1
10.06
20.08
15.08
5.08
20.08
20.1
5.06
5.04
5.1
5.06
15.06
10.16
10.06
10.04
15.04
5.02
25.08
5.04
10.08
15.14
15.08
5.02
5.02
10.12
5.06
5.02
20.06
15.08
10.08
11.0
20.04
10.04
5.04
20.06
5.04
10.06
10.08
5.04
5.14
5.02
10.0
5.12
15.08
5.04
15.02
5.08
10.08
10.02
10.12
10.1
15.12
10.02
20.12
10.06
15.02
15.08
15.08
25.08
15.06
10.06
20.06
5.04
5.06
10.1
5.06
15.12
5.02
10.04
20.08
20.04
10.06
5.06
10.08
5.06
15.06
15.08
20.06
15.08
10.08
5.08
10.08
5.06
10.2
25.02
15.1
15.14
20.08
5.06
5.02
5.02
15.06
5.14
15.02
5.04
25.1
5.06
20.06
10.02
5.06
10.06
10.08
10.04
20.18
20.06
20.08
15.08
5.04
20.08
20.1
5.08
10.06
20.06
20.08
5.04
5.08
5.04
10.04
20.04
5.02
20.02
10.12
10.02
10.12
20.1
20.08
20.08
10.08
5.06
10.14
5.04
5.0
10.1
5.08
5.02
15.04
5.06
10.08
5.1
5.1
5.02
10.08
5.06
5.14
5.06
20.08
10.0
5.0
20.08
5.08
5.02
15.06
5.0
15.04
20.12
20.12
5.04
25.1
20.12
5.06
5.04
5.04
15.08
20.08
5.02
5.06
10.12
5.06
5.06
15.08
20.08
10.1
5.06
5.06
5.06
25.08
10.02
10.1
5.1
10.02
5.04
10.08
20.1
20.1
5.06
15.04
15.04
10.04
5.06
10.08
10.06
5.06
15.06
15.02
5.06
5.06
10.16
10.02
15.06
15.08
5.02
5.04
5.08
10.06
5.06
15.1
5.04
5.1
5.04
20.08
10.02
5.06
10.02
10.02
5.06
5.08
10.06
5.02
5.08
15.08
5.02
20.1
5.1
15.08
10.04
10.04
15.1
5.02
15.0
10.06
20.06
15.14
15.06
10.04
10.06
25.1
5.06
10.06
10.06
20.08
10.08
5.04
15.02
20.1
20.1
25.12
10.06
20.08
25.14
20.1
5.12
5.0
15.1
10.02
25.14
20.08
5.04
10.1
20.06
15.16
10.06
5.08
25.12
5.06
15.08
5.02
15.04
10.08
15.04
20.1
5.02
20.1
15.12
20.04
20.14
15.02
15.06
10.18
10.04
10.06
5.06
5.04
5.0
5.04
10.04
25.14
10.0
10.08
20.06
10.02
5.04
83.28
10.06
15.1
10.08
10.04
20.14
5.06
20.1
10.06
20.12
5.02
5.06
5.06
20.08
15.06
10.14
5.02
5.06
5.02
20.08
5.02
10.06
5.06
15.02
25.1
5.04
10.06
15.06
5.08
5.06
10.04
5.14
5.04
5.08
5.02
15.08
20.12
25.04
20.1
15.04
10.02
5.02
5.02
5.04
20.1
5.04
15.06
10.04
5.04
10.08
10.02
15.1
15.2
5.04
20.02
15.04
20.12
15.08
15.06
15.1
10.1
20.04
5.04
20.08
15.02
20.14
15.12
15.02
5.06
5.0
25.12
10.02
20.08
5.04
15.04
15.04
15.04
10.04
10.04
20.06
5.1
5.04
15.06
5.02
20.1
10.06
15.06
25.1
10.06
20.08
20.08
20.08
10.1
5.04
5.08
20.1
20.12
20.1
10.08
20.04
10.08
10.08
15.06
5.06
10.08
10.04
5.08
5.06
20.12
20.32
20.1
5.1
20.1
15.08
5.06
10.12
20.16
5.04
25.08
20.12
5.04
10.06
15.08
5.12
5.06
10.02
20.08
5.06
20.14
15.06
5.04
5.16
5.04
10.04
20.06
10.02
5.06
15.06
10.02
5.1
20.08
20.16
10.08
10.06
5.02
15.04
15.1
10.1
20.1
15.04
10.08
5.06
5.1
5.04
10.06
5.04
5.1
10.1
20.14
5.1
20.08
10.04
5.1
10.1
10.06
5.04
5.06
20.1
10.04
5.06
5.1
5.04
10.04
10.04
15.04
5.1
15.12
10.04
10.02
20.0
15.2
5.06
15.04
10.06
5.04
15.14
5.04
20.22
10.08
10.1
25.08
20.08
10.14
25.18
5.1
10.28
10.06
20.2
10.06
5.04
5.08
20.12
10.04
20.02
15.1
20.04
10.04
10.08
20.08
10.16
5.06
5.06
10.08
10.16
20.1
15.12
5.04
10.06
10.08
15.04
5.14
20.12
10.02
5.08
5.08
5.1
15.08
25.1
25.16
10.06
10.02
10.08
10.08
15.04
5.0
5.04
5.0
20.08
10.02
5.06
5.02
15.12
15.08
5.08
20.1
10.1
20.1
20.08
10.06
20.04
10.06
10.04
5.02
5.06
25.08
10.06
10.02
5.02
5.18
10.1
15.18
15.12
15.18
15.1
5.04
5.06
5.16
10.06
10.04
10.06
20.06
10.04
5.0
10.06
20.1
15.08
5.04
10.02
10.06
5.1
15.1
20.02
5.1
5.04
10.08
15.08
15.04
5.04
10.1
5.08
10.08
5.04
10.04
10.1
5.04
5.06
20.06
5.04
5.06
10.04
5.08
5.04
10.08
5.1
5.04
5.06
5.02
5.04
10.04
10.06
25.1
15.06
25.14
15.06
15.04
5.04
10.12
15.02
25.08
5.04
20.02
10.06
20.02
15.06
20.08
20.08
5.02
20.04
5.02
10.04
20.04
5.04
5.02
10.08
5.1
20.12
10.04
15.16
5.1
25.12
20.1
15.18
5.04
5.0
20.02
5.1
10.06
5.04
20.08
5.08
10.08
5.02
10.06
15.04
20.1
15.04
10.06
10.04
5.0
5.04
10.04
15.12
5.04
5.06
20.1
15.1
10.08
10.02
5.04
5.08
15.06
10.02
20.08
20.06
5.04
15.06
5.14
5.04
5.04
10.2
5.1
10.04
10.08
10.06
5.08
5.04
5.02
20.06
5.04
10.08
15.02
5.08
20.06
15.12
20.14
5.12
10.08
10.06
11.1
5.06
10.06
15.06
5.06
10.02
5.02
10.08
5.06
10.04
15.08
5.0
10.1
5.08
5.08
5.04
10.02
10.08
15.06
5.08
5.04
10.08
10.06
20.08
10.04
15.02
5.02
15.06
5.06
10.02
15.08
10.04
15.06
5.06
5.02
5.08
20.1
5.0
10.12
20.08
5.16
5.04
20.12
15.12
20.06
10.06
10.06
20.02
10.04
15.06
15.06
20.06
15.06
10.06
10.06
20.04
5.02
10.08
15.08
20.12
10.12
10.04
10.04
5.08
5.08
5.06
10.1
10.1
5.08
10.04
5.06
10.04
15.06
25.14
10.04
10.06
20.06
10.04
5.04
15.08
5.08
5.04
10.02
5.06
10.1
5.04
10.06
20.06
5.12
5.02
5.06
5.06
5.08
20.08
5.02
10.06
5.0
15.06
10.08
10.08
5.04
25.1
5.08
15.08
5.1
10.04
15.06
15.04
10.04
10.06
15.12
5.0
10.14
10.04
10.04
5.02
20.04
5.04
10.12
20.06
20.06
20.1
5.1
5.06
10.04
20.06
10.1
15.06
10.1
5.06
10.08
20.08
10.06
20.12
5.06
10.08
20.08
5.04
15.1
10.08
5.04
15.08
10.06
5.1
15.08
5.02
5.12
20.06
15.1
15.08
5.02
10.08
15.0
10.04
10.04
10.04
15.08
15.1
5.06
15.04
15.04
15.08
10.04
10.12
10.12
10.06
5.04
5.06
10.08
15.02
10.16
20.06
10.14
10.06
15.04
20.12
5.04
15.1
5.0
5.06
20.06
10.04
10.06
5.16
5.1
10.06
10.2
15.12
10.02
15.02
5.04
15.14
20.04
15.04
5.12
15.1
20.04
10.08
15.18
5.06
10.08
5.04
5.04
5.02
10.06
5.0
5.08
5.04
15.08
15.06
5.02
20.06
5.06
20.06
5.08
10.02
5.06
20.06
5.08
