0.99357061
0.99353384
0.9943665199999999
0.99281729
0.99199636
0.9875304199999999
0.99174898
0.9924685700000001
0.99294123
0.99321677
0.99379131
0.9943527
0.9856856
0.9939109
0.8264256799999999
0.9954727800000001
0.98652783
0.9828795300000001
0.99301929
0.99357061
0.9892864400000001
0.98907229
0.98042497
0.9874895499999999
0.98128514
0.99140101
0.98989294
0.99463824
0.99423761
0.9934556999999999
0.99564354
0.99254197
0.99086581
0.9904545
0.98373499
0.9840099600000001
0.99107159
0.98011175
0.98611106
0.98936848
0.99482255
0.9932259600000001
0.9956204599999999
0.9943434999999999
0.9459822
0.98139725
0.99323515
0.99505303
0.99269796
0.99147425
0.9904088299999999
0.98400545
0.99610537
0.9779782
0.8268011300000001
0.98321253
0.99320299
0.9908840999999999
0.99098012
0.9906281199999999
0.9821558
0.99323056
0.9926842
0.99217052
0.99249151
0.99229431
0.9879393000000001
0.82887544
0.9935062600000001
0.70914771
0.9860250399999999
0.99284942
0.99348787
0.99146052
0.99303306
0.9909161000000001
0.9860386200000001
0.9843482400000001
0.99295041
0.99244564
0.99140559
0.9891634100000001
0.99144678
0.98228608
0.9819806400000001
0.99462442
0.99379131
0.9765683900000001
0.99346949
0.98430312
0.99430666
0.99239519
0.98606578
0.98754858
0.9940167099999999
0.99369474
0.98449264
0.9925878400000001
0.9872671
0.9943481
0.99357521
0.9948271599999999
0.8278689
0.98355927
0.9929458200000001
0.99271173
0.9938373
0.9954266300000001
0.99189098
0.9965768799999999
0.98837126
0.99149714
0.99183601
0.99302388
0.99493317
0.9928953199999999
0.99056415
0.98899485
0.9964011700000001
0.9940903400000001
0.99068296
0.99302388
0.9942192
0.9939799100000001
0.9833971300000001
0.9871264200000001
0.98783023
0.9867998299999999
0.9935062600000001
0.99210177
0.99412255
0.9929458200000001
0.98989294
0.98848044
0.82784018
0.99242271
0.99249151
0.9868361
0.9942284100000001
0.992955
0.99292746
0.99373153
0.99371314
0.99373613
0.99375912
0.9817876
0.99199178
0.99341894
0.99424222
0.9929182799999999
0.99377292
0.99079266
0.9889857499999999
0.7082986699999999
0.99297337
0.99459218
0.9936165800000001
0.9932719
0.99255573
0.9869676300000001
0.99264749
0.9897697599999999
0.9962902200000001
0.99351545
0.99104415
0.9943527
0.99738224
0.99363957
0.9872489400000001
0.97753747
0.98790748
0.9883075800000001
0.99451848
0.99307898
0.99339596
0.8189563200000001
0.9917215
0.8194250599999999
0.98450618
0.9815228500000001
0.99482255
0.99212927
0.9918864000000001
0.9888354699999999
0.9946751
0.82718011
0.99271632
0.98873075
0.98728072
0.9884531400000001
0.9791420200000001
0.82897143
0.99334541
0.99200095
0.9931708399999999
0.8200227
0.9940213099999999
0.9933867700000001
0.99305143
0.99201011
0.9921521900000001
0.99258325
0.9934281300000001
0.99300551
0.9922713799999999
0.99426523
0.9859571300000001
0.9926016099999999
0.9938925000000001
0.98402799
0.98716272
0.99332703
0.99316625
0.98432568
0.9939247
0.9855634600000001
0.98842585
0.99075609
0.9955558499999999
0.99292746
0.9940535199999999
0.99002072
0.99178562
0.9897834400000001
0.99425603
0.99289991
0.9804070699999999
0.99075609
0.9927668
0.9860929500000001
0.9939661
0.9932994700000001
0.99240436
0.9946520700000001
0.9829470100000001
0.9911813700000001
0.9856856
0.9952467199999999
0.9903905500000001
0.99148798
0.9896101199999999
0.99230806
0.70869136
0.99256949
0.99362118
0.99340974
0.82737133
0.99325352
0.9815049
0.9901576599999999
0.9920971900000001
0.99324893
0.99155207
0.99355222
0.9903951200000001
0.99375452
0.9841317100000001
0.9986623899999999
0.9850029100000001
0.9864100100000001
0.99236767
0.98954172
0.9908840999999999
0.9923264
0.9911401999999999
0.9931295
0.9938005099999999
0.99351085
0.99309735
0.9922255400000001
0.9878893
0.98792112
0.82607281
0.99348787
0.9939799100000001
0.99359819
0.99284942
0.9812044299999999
0.98975607
0.99318462
0.9938603
0.9887079900000001
0.9839062599999999
0.9914376300000001
0.99202844
0.9939753100000001
0.9934924700000001
0.99221178
0.96761393
0.99359819
0.99309276
0.99300551
0.99575896
0.99129118
0.9895326
0.9953251299999999
0.99201469
0.9891679600000001
0.62079458
0.98154976
0.98405054
0.99138271
0.99134152
0.99108988
0.98904951
0.99535743
0.99098012
0.99517753
0.98921808
0.99041796
0.99239978
0.98918163
0.9954727800000001
0.9916024400000001
0.9933362200000001
0.99307439
0.99356142
0.9864417299999999
0.9942053900000001
0.9912591500000001
0.9931984
0.98226811
0.99285401
0.98817569
0.99626249
0.9920788500000001
0.99315247
0.99025355
0.99303306
0.82414846
0.9927071399999999
0.9947534299999999
0.98655956
0.82222362
0.99346489
0.7046336
0.9943527
0.9952743900000001
0.9936763500000001
0.81859732
0.9926842
0.98341064
0.99722014
0.99470274
0.99297337
0.98865337
0.99523749
0.99374073
0.99353384
0.99280811
0.9880165700000001
0.9941133499999999
0.98981538
0.9920330199999999
0.9871128
0.99267043
0.9918864000000001
0.9912134
0.9793518899999999
0.98450618
0.99241353
0.9948732499999999
0.9888582300000001
0.99043166
0.82737133
0.99263372
0.9939109
0.9888673400000001
0.9899659599999999
0.9931249099999999
0.9919872
0.82790401
0.9875304199999999
0.98875352
0.99497005
1.02191539
0.98873531
0.9937683199999999
0.9886442700000001
0.99197345
0.99351085
0.99298255
0.9947396000000001
0.99165738
0.9833250800000001
0.99403972
0.9927668
0.9922072
0.9876439600000001
0.99240436
0.7035901099999999
0.98591187
0.99313869
0.99348328
0.99612847
0.9945875700000001
0.99423761
0.99145594
0.99432968
0.98404152
0.9934373200000001
0.99052303
0.99250068
0.98284354
0.99556046
0.99280811
0.98473191
0.99103042
0.9807384
0.99200553
0.9939385000000001
0.9953066800000001
0.9883848999999999
0.99445401
0.9920926
0.99218886
0.99177646
0.98474545
0.9941961899999999
0.98880815
0.98515203
0.9896830900000001
0.9836268499999999
0.99301929
0.9920238600000001
0.98485384
0.9903951200000001
0.98381611
0.9927530299999999
0.98930923
0.9893730399999999
0.9938511
0.9929917399999999
0.8269125599999999
0.99317543
0.99213844
0.9938879
0.9921521900000001
0.99223929
0.99294123
0.99307898
0.98247483
0.9790081
0.99365336
0.99352464
0.99556969
0.98490353
0.99512681
0.82640977
0.99842095
0.99161617
0.9882439
0.9937683199999999
0.99167112
0.99455072
0.99537588
0.98977432
0.99249151
0.99637343
0.98935025
0.99240436
0.98415877
0.9930560199999999
0.9889857499999999
0.9909846899999999
0.9925282
0.82770617
0.9934327199999999
0.98717633
0.9927668
0.99306061
0.99295041
0.99029921
0.99206969
0.9702062599999999
0.99351085
0.82735539
0.9926383099999999
0.98966485
0.9935844
0.9934556999999999
0.99417778
0.99306061
0.99568509
0.98381611
0.99500693
0.99316165
0.98461
0.9931478699999999
0.98573085
0.99346489
0.96533039
0.9947534299999999
0.9938741
0.9932719
0.99055958
0.99504381
0.98874441
0.99234933
0.99216594
0.99206052
0.9929687800000001
0.98466869
0.99375912
0.99461982
0.99238602
0.99050476
0.99446322
0.99365336
0.99179478
0.99373613
0.98882181
0.99372233
0.99269796
0.99340055
0.99125
0.9939753100000001
0.7093632200000001
0.99482255
0.99197345
0.99176272
1.01442341
0.9941133499999999
0.9835502599999999
0.99183601
0.98729433
0.99271632
0.99331325
0.9929595999999999
0.98328456
0.9921476
0.99246399
0.9765639500000001
0.99289991
0.9852017399999999
0.82742233
0.9935844
0.99307898
0.9941133499999999
0.9945276900000001
0.99180852
0.99275762
0.9943434999999999
0.9942146
0.99201011
0.99316165
0.99132321
0.9925649
0.9922255400000001
0.99316625
0.9909161000000001
0.99217969
0.9944355899999999
0.9886761300000001
0.99259702
0.9842986100000001
0.99440335
0.99280811
0.9939799100000001
0.9925511400000001
0.99304684
0.99419158
0.9854323100000001
0.99144678
0.99307439
0.99238602
0.98783932
0.99313869
0.99229431
0.9874577600000001
0.99103957
0.99166654
0.99437573
0.9890950700000001
0.9938051099999999
0.9836268499999999
0.99734981
0.9914834
0.9831720199999999
0.9795797199999999
0.9939661
0.9940167099999999
0.9826231799999999
0.9947165699999999
0.9830774999999999
0.9955466199999999
0.99066011
0.70187003
0.99184059
0.9933546
0.9867771500000001
0.9938925000000001
0.99265208
0.99332703
0.99432048
0.9941133499999999
0.9919505399999999
0.99364417
0.99277139
0.9939753100000001
0.99430206
0.82774445
0.99536204
0.99017136
0.9942192
0.9953804900000001
0.9911219
0.70913834
0.9945691499999999
0.9734298800000001
0.99302388
0.99412255
0.9945230899999999
0.99306521
0.97766653
0.99520059
0.99076066
0.9929090899999999
0.92529252
0.9912591500000001
0.9929090899999999
0.99400751
0.9868224999999999
0.99271632
0.97413196
0.99354303
0.99249151
0.99141932
0.98755313
0.9897606299999999
0.99315706
0.99075152
0.98211537
0.9755879199999999
0.9908886699999999
0.95407675
0.99324893
0.98865792
0.99354763
0.9938143100000001
0.99250068
0.99157039
0.99201011
0.98990207
0.9842986100000001
0.99077438
0.9911768
0.9944954500000001
0.99201011
0.8300384
0.9930009200000001
0.95237581
0.99216594
0.99184059
0.99247316
0.98949612
0.9924594
0.9913186399999999
0.99498388
0.99197345
0.9949931
0.9927851599999999
0.9919505399999999
0.99356601
0.9544711100000001
0.9934373200000001
0.99360739
0.9928586
0.9692954
0.98232652
0.99086124
0.9918451699999999
0.99399371
0.99203761
0.98912696
0.99201469
0.8286419600000001
0.98363136
0.9900572400000001
0.99690534
0.98738058
0.99331325
0.9928723700000001
0.98780751
0.98865792
0.98863517
0.99246399
0.9916756999999999
0.9938051099999999
0.9930009200000001
0.9940167099999999
0.9944954500000001
0.99184059
0.99418238
0.9931295
0.99408573
0.99218428
0.9956758600000001
0.98554085
0.98423545
0.98505261
0.9848402900000001
0.99017593
0.98622428
0.98235348
0.9933867700000001
0.9916024400000001
0.99095725
0.9915749599999999
0.98734426
0.82803808
0.99368095
0.99359819
0.99309276
0.99318003
0.98750771
0.9932673099999999
0.7077431
0.98924087
0.98909962
0.9964242799999999
0.99463824
0.99307898
0.98407759
0.98656862
0.99164823
0.99292287
0.99324893
0.99164823
0.98704475
0.99294123
0.9879802
0.9870492900000001
0.9916756999999999
0.9890312900000001
0.99234933
0.70725594
0.98872165
0.9920650999999999
0.99536204
0.99293205
0.9949377800000001
0.9940581199999999
0.82824567
0.9920513599999999
0.9943481
0.9940167099999999
0.98837581
0.99542202
0.82788805
0.9962902200000001
0.98644626
0.98393782
0.99125457
0.98531475
0.99242729
0.99247316
0.98771664
0.99438493
0.9939753100000001
0.98378456
0.82693485
0.9948916800000001
0.9772839000000001
0.9952052100000001
0.9958282199999999
0.98709919
0.99284942
0.99080638
0.9924364699999999
0.9864417299999999
0.98509328
0.9942698400000001
0.9928769599999999
0.99610537
0.99286319
0.70874983
0.9899157599999999
0.9928769599999999
0.99404432
0.98904496
0.9920238600000001
0.99274385
0.9897651999999999
0.9923309899999999
0.99378671
0.9944494
0.99322137
0.9934327199999999
0.9956620100000001
0.9947211699999999
0.99301929
0.99454612
0.99513142
0.99315706
0.9872580200000001
0.99036315
0.99223929
0.9911722199999999
0.82674702
0.99432508
0.9943342900000001
0.98670914
0.99357061
0.99375912
0.9884531400000001
0.9877711600000001
0.99461982
0.99184975
0.99457836
0.8266133600000001
0.99427904
0.97932956
0.99318921
0.9934924700000001
0.9790482699999999
0.99277139
0.9905504399999999
0.99401211
0.98641908
0.94257746
0.9941363599999999
0.9931249099999999
0.99273009
0.82634299
0.8268075
0.99357521
0.99568047
0.99250985
0.99278975
0.99258325
0.9939338999999999
0.82600926
0.98658222
0.99401211
0.99368095
0.9819986
0.98995683
0.82632074
0.9915200299999999
0.82359533
0.99158412
0.9920971900000001
0.9921521900000001
0.98508876
0.98993401
0.98684971
0.6183813
0.99375452
0.9933592
0.9886761300000001
0.9900526700000001
0.99154749
0.99064183
0.9870629
0.99341894
0.99451388
0.99310654
0.9913049100000001
0.99228514
0.9932259600000001
0.99250985
0.9931295
0.99110361
0.9939661
0.99200553
0.99565278
0.9932719
0.99307439
0.99286778
0.99284024
0.9875304199999999
0.9982445900000001
0.5514243799999999
0.9938143100000001
0.98613823
0.9943665199999999
0.99433889
0.98992032
0.98514751
0.9907880900000001
0.98598882
0.9926658399999999
0.99012114
0.99369934
0.99231723
0.99368095
0.99267961
0.9931341
0.99279434
0.9925511400000001
0.99321677
0.9943895399999999
0.99328109
0.98113719
0.99410414
0.99298714
0.98823481
0.98178311
0.9931111300000001
0.99332244
0.99444019
0.9878166
0.99342353
0.99466128
0.98443849
0.99336839
0.9938511
0.99332703
0.99192763
0.99129118
0.99265666
0.99359819
0.99171234
0.9896785300000001
0.99250068
0.8224188499999999
0.9942238
0.98394233
0.9928953199999999
0.98104755
0.9814062199999999
0.99138271
0.99308817
0.99478568
0.99011658
0.99265208
0.9824208900000001
0.55148669
0.98963748
0.9921476
0.99353384
0.98371246
0.9934924700000001
0.9947119600000001
0.99231723
0.99279893
0.983037
0.99067839
0.99053674
0.9938557
0.92997672
0.9927209100000001
0.9913186399999999
0.99217969
0.99473039
0.9928953199999999
0.99262913
0.9923814299999999
0.67402275
0.9933867700000001
0.9901850600000001
0.99648439
0.9922713799999999
0.98858965
0.99120425
0.99024441
0.99363497
0.99280811
0.99248692
0.9953482
0.99200095
0.99316625
0.99286778
0.9938373
0.99200095
0.99341894
0.98413622
0.9942146
0.82458517
0.9958420800000001
0.98859876
0.99709975
0.98481319
0.9935016600000001
0.6206779499999999
0.9943342900000001
0.70859315
0.9933408199999999
0.99323515
0.99254197
0.9926429
1.238328
0.97998204
0.9938143100000001
0.988394
0.9926016099999999
0.99087038
0.9956389299999999
0.99261078
0.82676293
0.95739019
0.98482674
1.00449214
0.9931432800000001
0.98332959
0.99172608
0.9899294500000001
0.9934281300000001
0.99295041
0.9930560199999999
0.99212927
0.9923309899999999
0.98918163
0.99268878
0.95067251
0.98048317
0.97938762
0.9905778599999999
0.96832074
0.97564111
0.98879449
0.98992032
0.99324893
0.99267502
0.99138728
0.9471086599999999
0.9927805700000001
0.98610654
0.98968765
0.9904362299999999
0.9941685699999999
0.98719448
0.98392429
0.99211094
0.9946152100000001
0.99159328
0.99468892
0.9945415099999999
0.7084131600000001
0.99134152
0.9924685700000001
0.99195512
0.99041339
0.99211552
