1.0042713533333334
1.009950806
1.0180904546666667
0.9734960666666665
1.0111872526666665
1.0275164286666667
1.0032509073333333
1.0096896373333335
1.0036846366666667
1.006589708
0.923569434
0.9735401993333334
0.9907081013333333
1.01876663
1.0087529173333334
1.01366925
1.0062006079999999
1.0107351233333335
0.8353042313333333
0.9756078673333333
0.9882120693333333
0.9097772239999999
0.996928484
0.9908795239999999
1.013992326
0.8527597853333333
1.0102239906666668
1.0061298953333333
1.0030868913333333
1.0269881866666666
1.01081838
1.0111039353333333
1.0106043193333334
1.0117112766666667
1.0091677053333332
1.0077469926666667
1.0110087319999999
1.0068256726666667
1.0063538539999999
1.0235129273333334
1.0075933226666667
1.009416742
1.010319046
0.9941823793333333
0.988883278
1.0163077333333335
1.0016014773333333
1.0125818786666667
1.0119496486666666
1.0311922533333333
1.0074278833333332
0.9768282513333334
0.96520457
1.0079716726666668
1.005411542
1.0077351706666666
1.009487918
1.0366679853333334
0.995818988
0.9998759853333332
1.007120784
1.010687554
1.0080899653333333
0.997600004
1.0100576866666666
0.9836403666666667
1.009701506
0.9710200413333334
0.94560106
1.0016598753333332
1.0139444499999999
1.009333716
1.0054703846666666
1.0112467733333332
1.0008429273333332
0.9977274626666667
0.983055
1.0116278726666665
0.9616064873333333
1.0284144566666666
1.0130237153333335
1.0088003046666667
1.0102358713333333
1.0086818446666665
1.0136333653333334
1.0126535013333333
1.0116397866666667
1.0119138853333334
0.9423334273333334
1.0090847206666667
0.901205946
0.9749434880000001
1.0100695640000001
1.013657288
1.0109730353333333
1.0113063013333334
0.9875417713333333
1.005564548
0.9948617246666666
1.010449776
0.999922542
1.0096184333333333
1.025272086
1.0028878006666666
1.0056705019999999
1.0095947006666668
1.0098320766666666
1.0040248486666665
1.0094523286666666
0.9984232686666666
1.0007962846666667
1.00569405
0.8529037266666666
1.007829758
1.009843948
1.011068232
0.870554422
1.0044357566666666
0.9723720386666667
0.9938028106666668
0.826638816
1.013083452
1.0118304486666665
1.0103428126666667
1.0097845926666666
0.8763272113333334
1.001111206
1.0113539286666668
0.9766172393333333
0.9749656193333334
1.0315142106666668
1.011270584
0.8533951866666666
1.0128684313333334
1.0091795613333334
0.9836403666666667
1.0068728786666667
1.0116040453333333
0.9667797313333334
1.009120284
1.0021740686666667
1.0114372873333333
1.005140954
1.0095472386666666
1.0069200893333334
1.006896484
1.009843948
1.0088595446666666
1.005564548
1.0144713360000002
1.0074515146666665
1.0092388460000001
0.8421999913333335
0.9406205066666666
1.0113182073333333
1.0124386626666666
0.9841813233333334
0.9710859053333334
1.0098795653333332
0.939653298
1.009808334
1.005505694
1.0089898973333333
1.00031845
1.0089424926666668
1.0064363906666667
0.7729209786666666
1.0109135473333335
1.0103784646666667
1.008196452
0.9378886526666667
1.0100695640000001
1.0117470253333332
1.0072979340000001
0.9703070886666666
1.0087292253333333
0.883710852
1.00904916
1.0083029620000001
1.009298138
1.0094997813333333
0.9984464786666667
1.031043726
1.0050821493333333
0.9676836913333333
1.0079361900000001
1.0047529726666666
1.0142677013333334
0.9720749366666667
0.9752312746666667
1.0100339333333332
1.0123193473333334
1.000761306
1.0006563833333333
1.0138008486666665
1.0072624993333334
0.976606136
1.011508748
1.0109611373333334
1.0114134686666667
1.0018351093333333
0.9771504973333334
1.0019402786666667
1.0110563313333334
1.0089069413333334
1.0153346953333333
1.0052232913333334
0.99862059
1.0020688493333334
1.0114491966666666
1.0292030613333334
1.0072743106666666
1.0114849266666668
1.009440466
1.008054474
1.01167553
0.9746890493333333
1.0091084293333332
0.7865736253333333
1.0103428126666667
1.0030868913333333
1.0112943953333333
1.009487918
0.999689802
0.9779292099999999
1.03205952
1.005211528
1.0074869626666667
0.978809534
1.0086463126666665
1.0114134686666667
1.0029697693333333
0.898321996
1.0076169606666667
0.8763272113333334
1.015118718
1.0139564186666667
1.0125818786666667
1.0059413753333333
1.0091914180000001
1.0031220326666666
0.9725261633333333
1.0015547646666667
1.010140832
1.007120784
0.9710090646666666
1.0206792606666666
1.0134659373333335
1.0125102659999998
1.0081846193333335
1.009701506
1.00614168
1.0159231006666667
1.008149122
1.009381158
1.011782776
1.0392265133333334
0.8539551240000001
0.9412182886666666
1.0077706386666667
1.0077469926666667
0.9751427073333333
1.0124147973333333
0.9630943246666668
1.013681212
1.0063184853333333
1.0018000573333334
0.8827845013333334
1.016007214
0.9713274826666667
1.009428604
0.9895439986666666
1.0103309293333333
1.0026887893333332
1.006530734
0.9750430873333333
1.00190522
1.009440466
1.0005981026666666
1.0009362253333334
0.8598188853333333
0.9880529333333334
1.016656558
0.9992013993333333
1.0033680939999998
1.008196452
1.006023844
0.9604238186666666
1.00904916
1.0137051373333335
1.0081846193333335
1.0075578666666667
0.9924135346666667
0.9930560220000001
1.009250704
1.0362927933333335
0.9762731533333334
0.9726693226666666
1.004964562
0.999259518
1.0100695640000001
1.00323919
1.012450596
0.9342877053333334
1.0105924293333335
1.0015080553333333
1.0076287806666666
1.0190083386666666
1.0127490146666667
1.0047529726666666
1.0020805393333334
1.030054632
1.031972728
1.00904916
1.020764164
1.0060474086666666
1.0083976559999999
0.8715879046666667
0.9681635853333334
1.0123909333333332
1.0112348686666666
0.8262571506666666
0.9690920013333333
1.0070263293333335
1.0349069413333334
1.0073333713333332
0.9757186853333333
1.0056351813333333
0.9718769693333333
1.0332140046666667
1.0107351233333335
1.0179698033333333
0.9704715233333333
1.0376071546666668
0.9966740066666666
1.0033915353333334
0.9942399146666666
0.907863766
1.033064894
1.009665902
1.008492368
1.0052468186666668
1.012796778
1.0108064853333334
0.9741253320000001
1.0066604860000001
0.9998410706666667
0.9773394993333333
1.007711526
1.0132866113333332
0.8477773646666666
0.8390000873333333
1.0099745553333335
1.0112467733333332
0.9765062173333334
0.99179478
0.9738602793333333
1.0062006079999999
1.0012979193333333
1.0318363693333334
1.0108540653333333
1.0101170746666666
1.0306107633333332
0.9414452326666666
0.964521788
1.01084217
1.012772896
0.9985161159999999
0.9125123059999999
0.9737278066666666
1.0080071573333333
1.0087410713333334
1.009891438
1.0041070033333335
1.008930642
1.0110444313333333
1.00904916
1.0091084293333332
1.0042126506666667
1.0103071633333334
1.01016459
1.0112229640000001
0.9716680913333333
0.9525004260000001
0.9769504573333334
0.9985045093333333
0.977706594
0.9964196586666667
1.0078415826666667
1.0097371126666668
1.0028058453333333
1.0046824633333333
0.8162698933333333
1.0023962693333333
1.0105924293333335
0.8255345439999999
1.010140832
0.999166532
1.0096421666666666
1.0092744206666666
1.0107351233333335
1.0072506879999998
1.029079762
1.00197534
1.0115206593333335
0.9990154673333334
1.0057764786666668
1.0106637713333333
1.006625096
1.0030986046666668
1.0116874453333333
1.0102358713333333
1.0101170746666666
1.0051291926666666
1.006625096
1.0099745553333335
1.0120331053333333
0.9996083686666666
1.0033563746666667
0.969868868
1.0092862793333333
1.0099864306666666
1.0139564186666667
1.005211528
1.0015314093333334
0.996257868
0.969288836
1.00869369
1.00877661
0.9705702106666666
1.0025951646666666
0.9467370486666667
0.9410120713333334
0.9989806126666667
1.0031337473333333
0.9687969
0.975751936
1.0066722833333333
1.0097371126666668
0.9778958106666668
1.0095353740000002
1.0110325313333333
1.009891438
1.008480528
1.007286122
1.0122358433333334
1.007215256
0.9113698866666667
0.9370394773333334
0.9717560286666667
0.8437552393333334
1.0107826966666666
0.9580137613333333
1.009559104
1.0111158366666666
1.0090728666666666
0.9687531966666667
1.0085634133333332
0.971690074
0.816999676
1.010402234
1.0017766906666667
1.036818138
0.970767646
1.0029463486666668
1.003075178
1.0014263253333333
0.9269580213333334
1.00648356
0.9883598846666667
1.0093218566666666
1.0095116453333333
1.0008545886666667
1.0052585833333332
1.011794694
1.0088950920000002
1.0341842753333335
0.999492058
1.0082319526666668
0.8692770059999999
0.9917489773333333
1.0062359686666666
0.97751745
0.9735070993333333
0.9687641220000001
1.0057764786666668
1.0045414733333333
0.8242275413333333
1.007510596
0.9044987933333334
1.009250704
0.9948156380000001
1.0078179333333332
1.0079598446666667
1.0096184333333333
1.0017065980000002
0.9010641439999999
1.006896484
0.9989225266666667
1.0055998633333334
1.00323919
1.004095266
1.003708092
1.010449776
0.9841023966666667
1.0050703893333333
1.010485436
1.0108540653333333
1.00275902
1.0043770353333332
0.9962694226666667
1.0098676926666668
1.0124147973333333
1.009345576
0.9678254286666667
1.0007496466666665
1.0077706386666667
1.009262562
1.0070263293333335
1.0101170746666666
1.01295204
1.0110563313333334
1.0092269886666667
1.0099033106666668
0.9993641473333333
1.0071916366666667
0.9402292680000001
1.0316628746666667
1.0109968333333332
0.9745452946666666
0.9719209546666666
1.0021740686666667
1.0320099226666666
1.0086818446666665
1.03205952
0.811995178
1.011330114
0.992723202
1.0096303
0.8747031273333333
1.0322331486666667
1.0140641486666666
0.9711188406666666
1.011199156
1.0076051413333333
1.0256148473333333
1.0122597006666667
1.009487918
1.0032274726666666
1.014100064
1.01043789
1.0073688113333332
0.8831657046666666
1.010544874
1.0004932146666667
0.8729076066666667
1.007782462
0.9768949053333335
1.009760852
0.9766394466666667
1.0105567626666665
1.0119377273333332
0.904156054
1.0048822666666666
1.0092151313333333
0.9901941893333333
1.001239564
0.972647296
1.0087410713333334
1.00534094
1.01295204
0.984993876
1.0097845926666666
1.0110444313333333
0.94237478
1.0108302746666666
1.010283398
1.0116278726666665
1.0143515413333333
1.003755006
0.9403527819999999
0.7829245133333333
0.999271142
1.0077706386666667
1.0229887926666668
1.0115683066666668
1.0060474086666666
1.0082319526666668
1.000365048
1.0125580066666666
1.0050115933333332
0.9999574626666666
1.0118423673333334
1.0010645386666668
1.004964562
1.0063892253333333
0.999515318
1.0068610766666668
1.0059531560000001
1.0078415826666667
1.0100814413333332
0.973121102
0.8452081146666666
1.009938932
0.974169522
1.0122239153333332
1.0100220573333332
1.0014847026666667
1.0096421666666666
1.01220006
0.9998759853333332
1.0085278893333334
1.0037315486666667
1.002782432
1.0099270580000002
0.994193886
1.008468688
1.0191413273333332
1.0078179333333332
1.0083029620000001
0.9703947799999999
1.0045179786666667
1.006990914
1.0088832426666665
1.0106280993333334
0.9715472026666666
1.0107945906666667
1.0103309293333333
1.0038723113333334
0.971854978
0.9786088146666666
1.028981144
1.009143994
1.0102477526666667
1.0053762400000001
1.006094542
1.0227573693333334
0.9954612406666666
1.0045884653333332
0.9601017773333334
1.007510596
1.0030868913333333
1.0096421666666666
0.971624128
1.0329282466666667
1.01242673
1.007475146
1.0041774326666666
1.0080899653333333
0.9708115313333333
1.0015314093333334
1.0106162093333333
1.0048234926666668
0.9773283793333334
1.0036025506666666
0.9347553826666667
1.0100933186666665
0.8725795226666667
1.0121523533333334
0.9960614793333332
1.0062006079999999
1.028574544
1.013310518
0.9997130713333333
1.0123551393333334
1.002162376
0.996246314
1.017403126
0.97434632
1.0062595433333332
1.0038019246666665
1.0039661746666668
1.0014847026666667
1.0083739806666667
0.9750541553333334
1.0102952806666667
0.9463094306666667
1.0058706986666666
1.0096896373333335
0.9841926
1.0153466973333334
0.9870991926666667
0.9671716026666667
0.9985741546666667
1.0088358473333332
1.0660264573333333
1.0059295953333334
1.0106518806666667
0.9011964906666667
0.8268536573333334
1.0082556213333334
1.001858478
1.011782776
0.9726142566666668
1.0120331053333333
1.011758942
0.9727133806666667
1.009416742
1.045793006
1.0020454706666666
1.0079953286666667
1.0029229286666668
0.9998527086666666
1.0089898973333333
1.0020922293333334
0.8808563126666666
0.971624128
1.0121165760000002
1.0041304786666667
0.8434818286666667
0.9718109979999999
1.0113539286666668
0.9931478739999999
0.9928264666666667
1.0066840806666668
0.9997130713333333
1.008468688
1.0107826966666666
1.0106399893333333
1.0032157560000001
1.0104973226666667
1.0076878833333334
0.8709957813333333
1.0035790999999998
0.9781407886666666
1.0113420213333333
1.002876092
1.006012062
1.0112348686666666
1.008125458
1.0022559206666666
1.0119019653333332
0.9962232059999999
1.011758942
0.9763064413333333
1.0106637713333333
1.0097133746666667
1.012211988
0.9702522893333333
0.9982724286666667
1.0083621433333332
1.0128684313333334
1.010925444
1.0078534073333334
1.0135735633333334
1.0323820193333333
0.972999852
0.972999852
1.002770726
1.0076406006666667
1.003930974
1.001204554
0.905433124
0.939725256
0.9096616106666667
1.0126654400000001
1.0126176886666667
1.0071562093333333
1.0068256726666667
1.0075578666666667
1.0102239906666668
1.0138965786666667
0.9994106566666666
0.9382472
0.9344808200000001
1.0039427073333334
1.0063538539999999
1.0029697693333333
1.0133344253333334
1.0120450286666667
1.0109849340000001
1.0092862793333333
1.0112348686666666
1.0040717926666667
1.0079361900000001
0.9736726206666667
1.0052350553333333
0.9734740019999999
0.8515340213333333
1.010687554
1.0078415826666667
1.0132985646666666
1.0085397306666668
0.9655843113333333
0.9771616133333334
0.971481276
0.9793786873333333
0.986781688
0.996986338
1.0075578666666667
1.0297953093333334
0.9982028253333333
0.8334887046666666
0.9701207966666666
0.9758073580000001
1.0074869626666667
0.999480428
0.9871559113333332
1.0109016499999999
1.006059192
1.0074869626666667
1.003755006
0.9407029146666667
0.9688515346666666
1.011782776
1.0077469926666667
0.9902969293333334
0.999689802
1.0064010159999999
1.0021156106666667
1.0118781253333333
1.0079480173333333
0.9941478606666666
1.0348446026666667
1.0085752553333334
0.9678472379999999
1.0006563833333333
1.0018234246666666
0.998365248
0.9998294333333333
1.0100933186666665
1.008421332
1.0040365839999998
1.016813006
1.01292815
0.8251935319999999
0.9996781680000001
1.0068256726666667
1.0091084293333332
0.9436896006666666
1.008066304
1.0021506846666666
0.9726032440000001
1.010747016
1.0090254539999999
0.9957266413333333
0.9771838453333334
1.00871738
0.9741142853333334
0.932118126
1.013681212
1.006012062
1.00833847
1.0068256726666667
0.850210782
1.0114730166666666
1.009950806
1.0132746586666668
1.0052232913333334
1.0007030126666667
0.9732203293333334
1.0073688113333332
1.00833847
1.0051997653333333
1.01084217
0.9759625733333334
1.0000040273333335
0.8795755266666667
1.023573908
1.012916206
0.9999574626666666
1.0082792913333334
1.0081136266666668
0.9719539466666667
1.0038723113333334
1.0094997813333333
0.9740590553333334
0.978363602
1.014315608
1.0073806253333333
1.0205579953333332
0.9399926233333334
0.9798702539999999
0.9729778093333332
1.0123909333333332
1.0440769866666666
1.0106756626666666
1.010687554
1.015010764
1.000609758
1.006059192
0.9691248013333333
1.010747016
0.999492058
0.8765060499999999
1.0091321386666667
0.9746448126666666
1.0100695640000001
1.000621414
1.0115563946666666
1.01043789
1.024685028
1.027996002
1.006023844
1.0076169606666667
1.0171983126666668
0.9899203206666666
1.0103903493333335
1.013238802
1.033263718
0.9421060553333334
1.014052178
1.0049175346666666
1.0107945906666667
1.0118304486666665
1.0038605793333333
1.01795774
1.0086818446666665
1.013071504
1.009250704
1.0333631586666667
1.001928592
1.0079361900000001
1.011806612
1.0010762046666668
1.033611844
0.9833926266666667
0.9864304026666667
0.9647059353333334
1.0234885366666668
0.996916914
1.0106280993333334
1.0063302746666667
1.0135376853333333
0.9749656193333334
1.009381158
1.001858478
1.0252598486666666
1.0145671926666666
1.010544874
0.9986438093333333
0.9971252153333333
0.9746226960000001
0.9787203153333334
1.0125938146666666
1.0099745553333335
1.0037901946666665
1.0032274726666666
0.8081601833333334
1.02919073
1.0076524206666666
0.9972525533333334
0.96882968
0.938606022
1.0360303206666668
1.0098202053333334
1.0073215586666666
1.006012062
0.9850503526666666
0.9677491033333334
1.0089898973333333
1.0078534073333334
0.9892135280000001
0.9989341433333334
0.996604626
1.0105805399999999
1.010544874
1.03515637
1.0035087553333333
1.0076524206666666
1.0044709933333333
0.9050992133333332
1.0032626246666667
0.9975304939999999
0.9941133453333334
0.9968012293333333
0.9689171046666667
0.9911539233333333
0.9946543686666667
0.998841218
0.9672042733333333
0.8571591386666667
1.0090136013333335
1.0095947006666668
1.0070263293333335
1.0104616626666667
1.0032977786666668
0.9862944886666667
0.991714628
1.007309746
0.9720859373333333
1.005493924
1.0264972866666666
1.0106280993333334
0.9694091626666667
0.9900115933333333
1.0101051966666668
0.7996960006666667
1.0091677053333332
1.0050115933333332
0.972768458
1.0091084293333332
1.0241596926666665
0.9771282666666666
0.9931938060000001
1.006601504
1.0495625273333333
1.0062006079999999
1.0092151313333333
0.9937338293333334
1.0133941993333333
0.973805078
1.0015080553333333
0.9908338053333333
0.9713274826666667
0.9985277233333333
0.9964543346666666
1.001052872
1.0105567626666665
0.9999807446666668
1.0021506846666666
0.9733195766666666
0.9334551786666666
1.008101796
1.0032509073333333
1.001356282
1.0112467733333332
0.9392115146666666
1.0087055346666667
0.9744789606666666
1.0061298953333333
0.9045749933333334
0.9920811446666666
1.0016949173333334
0.9716461093333334
0.978675712
0.990034414
1.007203446
1.0144353946666667
0.8259711333333333
1.0093099973333333
1.017222404
1.005282112
1.0055763193333334
1.017114002
0.9963156446666667
0.837976996
0.9774284666666667
1.0028878006666666
1.0106280993333334
0.97377196
0.936886176
1.008480528
1.04524581
0.9768282513333334
0.9771727293333333
1.004964562
1.0115921326666666
1.0046824633333333
0.9901599473333333
0.9758073580000001
1.010319046
1.0105805399999999
1.001216224
0.9750984293333332
1.0117708586666665
1.0065071466666666
1.01050921
1.011425378
1.008492368
1.011377744
1.0049998353333334
1.0105567626666665
0.9976463486666667
1.051734284
1.0144473746666667
0.9957612693333334
1.014135982
1.001928592
1.0145312439999998
1.0043770353333332
1.0251130246666667
0.9774284666666667
1.0089069413333334
1.0318735546666666
0.852582042
1.0090017493333334
0.9358858400000001
0.9078157926666666
1.0154307153333333
1.0090847206666667
1.015478732
0.9936763519999999
1.0011695466666666
0.851508698
0.9779069433333334
0.9918634926666667
0.9989573773333333
0.9986902513333333
1.0052350553333333
0.8271562166666666
1.0184405046666667
1.0062006079999999
1.0073333713333332
1.0115683066666668
0.8773834153333334
1.006012062
1.0094523286666666
1.0024664586666667
1.007309746
1.0064245986666667
1.0097252433333332
1.0093692973333332
0.8489755480000001
1.0060356266666666
0.876300392
1.0109730353333333
1.0072388773333334
1.0044357566666666
1.009701506
1.009654034
1.0001670366666666
0.9007523373333334
0.9941478606666666
1.0115921326666666
1.0026887893333332
0.999794522
1.00505863
1.00063307
1.0051174313333333
0.9990038486666667
1.0103071633333334
1.0084450093333333
1.0071444006666668
1.0036025506666666
0.9987018626666666
0.9738823613333334
0.9384829666666666
1.0016365153333333
0.9995618406666668
1.0107826966666666
0.9732203293333334
0.9988179893333333
0.8009860493333334
1.0014613506666665
1.0322951726666667
1.0079125366666668
1.0088832426666665
0.9998876246666667
1.0173669766666666
0.9988063753333333
0.9005729106666666
1.016187504
1.0006913553333334
1.006636892
1.008267456
1.0130954006666666
1.0110325313333333
1.0101051966666668
1.0061181106666666
1.0208248173333334
0.9967433966666668
0.9938258066666668
1.0107232306666667
1.008847696
1.0071798273333334
0.8239429273333333
1.0103784646666667
1.0090965746666667
1.0149507986666668
1.0066958786666667
1.0271601126666665
0.9567866193333333
1.0239887693333334
1.0038840433333334
1.012892318
1.0146031433333333
1.0072506879999998
1.0102239906666668
0.9703947799999999
1.0132746586666668
1.0021857606666666
1.0010062100000001
0.9974609946666666
1.0231471953333333
1.0014963786666666
1.0067666713333332
1.0076997046666667
0.988553248
1.0109730353333333
0.9887808313333333
1.0088003046666667
1.0054703846666666
1.010283398
1.01004581
1.0077706386666667
0.9690373393333332
1.000236914
1.002747314
1.006754872
1.009665902
1.0109849340000001
1.0086463126666665
1.0114134686666667
1.009298138
0.995980636
1.0140162659999998
1.0295484566666668
1.00431832
0.872384562
1.006990914
0.9770060159999999
1.0066840806666668
1.010687554
1.0083503066666668
0.9979708846666667
0.9719759426666666
1.0304871266666666
1.0138008486666665
1.000236914
0.880838248
1.00343842
1.0105210980000001
1.008468688
0.994435586
1.0009012366666665
1.01196157
1.0064245986666667
1.025247612
1.0025717613333334
1.0085160486666667
1.0082201193333333
1.0150587406666667
1.00985582
1.0095947006666668
1.0044709933333333
1.0080781346666665
0.9908452346666666
1.0148189013333333
0.9724821226666667
1.001788374
1.0076878833333334
1.016776898
0.97377196
1.002876092
0.972592232
1.0306354946666667
0.9364367806666667
1.0314522806666666
1.0060827586666665
1.0261049039999999
0.9728786319999999
1.0073924393333333
1.0020454706666666
1.0138487113333334
1.0063892253333333
0.9749324226666666
1.0107113380000001
0.9378886526666667
1.0110801326666667
1.0025834626666665
0.9688733906666667
0.8429024513333334
1.0233178373333334
0.9692232153333332
1.0076169606666667
0.8273952353333334
1.0067784706666667
0.9705373126666667
1.0000505960000001
1.0125580066666666
1.0021156106666667
1.0155387586666667
0.8255345439999999
0.97359537
1.014315608
1.0097371126666668
1.0038371166666666
1.000924562
1.0081136266666668
1.0294867619999999
1.014746972
1.011508748
1.005023352
1.0282790373333335
1.0092862793333333
0.967040944
1.006589708
0.9835953133333334
0.9872580213333334
0.971613138
1.0004932146666667
1.004353548
1.0101170746666666
1.01196157
1.0070381353333333
1.0083266333333332
1.0121523533333334
1.007168018
1.0027239033333333
0.9988179893333333
1.007404254
1.00431832
0.9392834046666667
1.002770726
0.99874831
0.960531214
1.008125458
1.006530734
1.0036846366666667
1.03578047
1.03708101
1.0027941386666666
1.0041187406666667
1.01140156
1.006601504
0.779556638
1.01084217
0.8401489186666666
1.0064953533333334
0.8276423666666666
0.8889143153333333
1.0110444313333333
1.0079716726666668
1.0288702213333332
0.9374792193333332
1.0083266333333332
1.0055998633333334
1.0107232306666667
0.9739927873333333
1.0094048806666667
0.8965686513333333
0.9787537706666667
1.009262562
1.0046707126666667
1.0076878833333334
1.036843168
1.0087529173333334
0.9800267646666666
1.0016131566666666
0.9470293033333333
1.01579095
1.0148308906666665
1.0025717613333334
0.987008456
1.010283398
0.997021054
0.883074912
1.010544874
1.0054468466666666
1.002209146
1.0187183020000001
1.1338350833333335
1.0102477526666667
1.001916906
1.001052872
1.0088832426666665
1.0045532206666667
1.0077469926666667
0.9750652233333333
0.9822007173333334
1.0075815033333333
1.004506232
1.0100339333333332
0.9958536226666667
1.0384726953333334
1.009950806
1.0332015773333332
1.010283398
0.9974030853333333
0.9744457973333333
1.010140832
0.955201338
1.008551572
1.0104973226666667
0.9962000986666667
1.007829758
0.999526948
0.9961192326666666
0.897130476
1.00859894
0.9056717826666666
1.0088595446666666
1.0082319526666668
1.0106994459999998
1.007829758
1.0045179786666667
1.01043789
0.9724050613333334
0.9931938060000001
1.015875042
1.0125818786666667
1.011854286
1.006813872
1.0121881333333334
1.0138008486666665
1.0118662053333334
0.9977274626666667
1.0303017273333333
1.0096896373333335
1.0047412206666666
1.0068728786666667
1.010354696
1.005764702
1.0552356293333334
0.9964312166666667
0.9748992286666667
0.9698469673333334
1.0185250353333333
1.0201701393333333
1.0111753493333333
1.0097371126666668
1.010140832
1.0601977973333334
0.9879620213333332
0.9907766633333334
0.792188226
1.0090847206666667
0.9549783313333334
1.0082792913333334
1.0098202053333334
0.9702632486666667
0.9952075113333334
1.0321215233333334
1.0215532239999998
1.0050468706666666
1.0094760546666666
0.9964543346666666
0.9263182713333334
1.033077318
0.897674242
0.9752534193333333
1.0090847206666667
1.0118781253333333
1.0097371126666668
1.0100933186666665
1.01043789
0.9759514853333333
1.0103784646666667
1.0096896373333335
1.008125458
0.9804070706666667
1.0098202053333334
0.8193844166666666
0.9949308633333334
1.0119138853333334
0.879377428
1.0062713313333334
0.876971372
1.0252109026666667
1.010283398
1.0026770853333333
1.0076406006666667
0.9303514126666668
1.0099151846666667
1.0081136266666668
1.0134420233333334
1.0079716726666668
1.008468688
0.9739707006666666
0.995634312
1.0063774346666667
1.002384572
1.0116874453333333
1.0116278726666665
1.0106756626666666
