1.017682768
0.997196984
1.0052138800000001
0.9874872779999999
0.9704781020000001
1.008883242
1.003869964
0.9048341679999999
1.00965166
0.996588438
0.876829934
1.0143227940000001
1.00490813
1.00753423
1.00323216
1.006424598
0.989961392
0.982355726
1.006913008
1.001402976
0.996010662
0.893835154
1.007427884
1.015514748
1.001732298
1.003553306
1.0060733320000002
1.0098320760000001
0.998407022
1.01322446
1.00614168
1.0062854780000001
0.984492644
1.016933382
1.0048705119999999
0.987126416
1.0035040659999999
1.019107472
0.997308128
0.999487406
1.006528376
1.00804501
1.007000358
0.945698918
0.9973312879999999
1.008030816
0.902224446
1.003487654
1.003274342
0.982593952
1.0063963
1.001942616
1.002431362
1.0088476960000001
0.874826062
1.00474122
1.01547393
1.002475818
1.000372038
1.0049692639999999
1.004339456
1.006035626
1.006990914
0.950586246
0.9108248579999999
1.006129896
1.005538652
1.0075696840000001
0.9834556760000001
1.002503898
1.009139252
1.003689328
0.926540084
0.990794948
0.894837052
1.002412646
1.009269678
0.987478198
1.006629814
0.863570382
1.005249172
0.9985439740000001
1.008127824
1.007434972
1.010992074
1.006082758
1.005075094
1.006177036
0.820843918
1.0067879100000001
1.000085526
1.000146076
0.98489675
0.922529942
1.00171127
1.00756023
1.010485436
1.004684814
1.005990854
1.002906536
1.002468798
1.00539036
1.00095722
0.863440176
0.9843708
1.00555984
1.00072866
0.942838172
1.0060167740000001
0.803906566
0.858794218
1.004266656
1.004123436
1.0045837659999999
0.990306062
1.002988508
1.003115004
0.930109642
1.016192312
0.9956758579999999
1.00572231
1.0060167740000001
1.006356212
0.984499414
0.800732186
0.999540904
1.00523976
1.001118206
1.00629255
1.005439786
0.860456234
1.003562686
1.006424598
1.0046519120000001
0.999487406
0.9846212900000001
0.984786096
1.000022654
1.002983822
0.9921544800000001
1.00066804
0.910971682
1.004494486
1.005750572
0.983998684
0.982211948
0.8615954779999999
1.003816002
1.000528174
0.943733146
1.003091576
1.002499218
1.003628348
1.005917816
1.00598143
0.996502886
1.003382158
1.005140954
1.002494538
0.9850255019999999
0.9837868160000001
1.005075094
0.9823759479999999
1.006820952
0.910975546
1.005642246
1.002211484
1.00490813
1.005844786
1.00273795
1.005199766
0.909180206
1.002637294
1.005053926
0.91121327
1.00299085
1.00643639
1.006426956
1.000735656
1.001220892
1.002541338
0.986602614
1.003194668
0.96249648
1.007387714
1.003820694
1.005863632
0.984386592
0.981902068
0.99094811
1.006629814
1.00518565
0.9852695459999999
1.00323919
1.007567322
0.8211059860000001
0.886719402
1.0009898799999999
1.00490813
1.005108022
0.98554763
1.003778464
0.92625035
1.006997996
1.0049692639999999
1.002906536
1.006082758
1.005755282
1.005380946
1.0047083159999999
1.00088491
1.004412268
1.002712198
1.000964218
1.003928628
1.006035626
1.00867237
0.999957462
1.0035462720000001
1.00274029
1.006205322
1.00822012
1.004360594
1.002588144
1.003115004
1.005482154
1.004703616
1.004240826
1.00383477
1.006851636
1.005865988
1.00409996
1.006153464
0.99420079
0.988318946
1.004950454
0.9824590940000001
0.9961585079999999
1.003117348
1.00384181
1.00386058
1.005267994
1.006438748
1.00908472
1.00678555
0.983109004
1.016969502
1.004222042
1.0049998359999999
1.006870518
0.999850382
1.007276672
0.861526346
1.0071467619999999
1.0029721120000001
0.9971784619999999
1.001874838
1.005319762
0.963435666
1.007108976
1.000784624
1.003895776
1.004254916
0.983518734
0.9846212900000001
1.0071491240000001
0.9834646840000001
1.00510567
1.006589708
1.007201084
1.002592824
0.862126426
1.003541582
1.004602564
1.00700744
1.017077874
1.006384508
0.9842670299999999
1.005406834
0.9938948000000001
1.003075178
1.005249172
0.94708151
1.0062453980000001
0.983692182
1.004114046
1.00619118
0.994433284
1.0112229640000001
0.9105448679999999
0.98398065
1.00137496
0.9974679439999999
1.003959134
0.998941114
1.002335446
1.00536918
1.00669116
1.004898724
1.0062784040000001
1.005960224
1.003862926
1.005566902
1.001136874
0.893827712
1.00145201
0.9980404559999999
1.0065071460000001
1.003471242
1.006828032
1.004341806
1.0051621259999999
1.004088224
0.8883847819999999
1.0015524279999999
1.002663042
1.005411542
1.003471242
1.017817824
0.963090006
1.0049057780000001
1.005465678
1.001543086
1.003072836
1.0019215799999999
0.900155782
1.01258904
1.002253582
1.0028690679999999
1.003942708
1.004313624
1.004198564
0.932988802
0.992700256
1.000805612
0.985613218
1.004644862
0.90735359
1.0051127279999998
0.93663487
1.005124488
0.909592258
0.983822872
1.002646656
0.9825377559999999
0.997368344
1.001690244
0.8776631079999999
0.8757393459999999
1.001255902
0.992436466
1.007619324
0.8925645980000001
1.005451554
1.002712198
1.00614875
0.986253722
0.91049468
1.002880776
0.985506926
0.8940528480000001
1.002656018
1.006092186
0.985152028
1.1498565799999998
0.89049748
1.003858234
0.9957889740000001
0.982825546
0.925011532
1.006894124
1.002059498
0.968893062
0.999271142
1.004226738
1.0031571780000001
1.006023844
0.862316828
1.003846502
1.001697254
1.0022185
0.985246944
1.002440722
0.9955581539999999
0.928609452
1.006129896
1.004001378
0.9930789839999999
0.999410656
1.00755314
0.9283003639999999
1.003016614
1.003670564
0.99125915
0.910658774
1.002962744
1.007690248
1.002728586
1.004705966
1.007087724
0.944316206
1.004459248
0.891791778
0.908997406
1.001533744
1.002473478
1.005724664
1.00738535
0.893493012
1.005016298
0.89104987
1.00359786
0.999131666
0.9819716620000001
1.008066304
0.999180478
1.001041206
1.004013114
1.0054986320000001
1.005413896
0.83739046
1.0098866880000001
0.983985158
1.002852676
0.996119232
0.894242718
0.9966878840000001
1.004116394
1.001769682
1.003616622
1.0018491299999999
1.007083
1.0084592159999999
0.99940833
1.00358379
0.874783298
1.005621054
1.001360952
1.00313609
0.984923854
1.0140426
1.007269586
0.866305074
0.928137874
1.0074089800000001
1.006818592
1.006844554
1.00635857
1.004440454
0.921374176
1.004917534
1.004308926
0.98368317
1.002513258
1.005573964
1.0043371079999999
1.007326284
1.0039028140000001
0.997987116
1.0026607
0.85476919
1.008949602
1.005098614
1.004414616
1.005289172
0.945619798
1.005260936
1.00417039
1.00717038
1.002922928
1.00179071
1.00133994
1.0044803900000001
0.9145836839999999
0.98263217
1.0087221180000001
0.999436238
1.010923064
0.9855612
0.962688486
0.830134658
1.005564548
1.007888884
0.9292383
1.0035791
0.98323729
1.004522678
1.00776118
1.003616622
0.9471692319999999
1.004750622
1.006122824
0.890508558
0.996993282
0.984476848
0.843187074
1.006094542
0.8926406560000001
1.0045579199999999
1.00496221
0.9976625699999999
1.005209176
0.999333918
1.005774124
0.908733918
0.833090994
0.962580608
0.993954604
1.005223292
1.004283094
1.002651338
0.984935146
0.875514416
0.876806664
0.9939178000000001
1.004355896
0.997560614
1.0068776
0.81762024
1.003410288
1.004339456
1.004456898
0.9840775939999999
1.002665382
0.926168458
0.9035930019999999
1.001085538
1.004210302
0.984880942
1.000383688
0.997806272
1.001732298
0.929525884
1.004283094
0.831222322
1.0122597
1.006905926
1.006290192
0.911350548
0.993131798
0.987816598
0.9133273000000001
1.008402392
1.001987028
0.9987761799999999
1.00271688
1.00756023
1.006210038
0.9887262019999999
1.000458256
0.996979396
1.001199886
0.98464612
1.009893812
1.005701116
0.991499426
1.013898972
1.011637404
0.9861744619999999
0.9993804260000001
1.00338919
1.00195664
1.013901366
1.0016388520000001
1.002686448
0.916214734
0.9985671899999999
0.9959113519999999
0.947476384
1.0055928
0.887080192
0.99653988
1.008300594
0.994933168
1.000423302
1.007933824
1.002122626
1.003867618
1.008923532
0.89679517
1.008824
1.00314312
1.006674642
1.002424344
0.985084242
1.005783544
1.00573644
0.99308128
0.99476034
0.996502886
1.006320844
1.0083171640000002
1.007234152
0.9079961980000001
0.983680918
1.003372782
1.007666606
1.003138434
1.004943398
0.997111326
1.003457174
0.9921361460000001
1.003928628
1.0008872420000001
1.0078652319999999
0.981785354
0.897197942
0.998251546
1.0054021279999998
0.912890516
0.985597386
0.9999015920000001
1.0088334780000001
1.007387714
1.006401016
1.00593902
0.984677724
1.004358246
1.00917482
1.00395444
0.999503688
1.0016832359999999
1.003150148
0.9821849939999999
0.929099598
1.013061946
1.002043132
0.9830145
1.018952736
1.0034853080000001
0.997407718
1.00274029
1.004069446
0.892006624
0.9852492039999999
0.9868066280000001
1.00600735
1.004529726
1.003440764
1.015483534
1.00568934
1.004837598
0.985767044
1.004588466
1.009485546
1.005420956
1.000598102
1.003827732
1.007347548
1.005908392
0.9896237999999999
1.003600206
1.002148346
1.004952804
1.0030845480000001
0.9849148179999999
1.006327916
1.000171694
1.00328606
1.009542494
1.006276046
1.002031444
0.982744588
1.003595516
1.00153608
0.983453424
1.00378081
0.984316656
0.893223572
1.005623408
0.9847567420000001
1.001286248
1.004811738
0.875022114
1.0033587179999999
0.94637824
1.003372782
1.004590816
1.0053950680000001
1.004090572
0.9866388779999999
1.002857358
1.00749169
1.002892484
0.9933913639999999
0.999631634
1.000344078
1.021371024
1.0023027
1.001148544
0.984603232
0.86109971
1.0049057780000001
0.996255558
0.9838611859999999
1.000197316
1.004419314
1.005456262
0.9981123559999999
1.002307378
1.003729202
0.949025622
1.001174214
1.004623712
1.0053927139999999
0.9439799759999999
0.991755848
0.83222575
0.934779796
0.993611986
1.001220892
1.00549157
1.00983445
1.006080402
0.9989387900000001
1.006752512
0.907593264
1.004966914
0.999976088
0.9841926
0.913109826
0.895635708
1.008897462
1.00604034
1.002473478
1.012340822
1.006551964
0.985097798
1.013064336
1.006030914
1.002637294
0.8758715039999999
1.00503276
0.999073564
1.002260598
0.8453728119999999
0.9471692319999999
1.006915368
1.00818462
0.9864032180000001
1.009079978
0.986083896
1.002033782
0.88023169
1.002281648
1.0029721120000001
1.0020548219999998
0.999803832
1.002211484
1.00397791
1.00245476
1.00089424
1.0013702899999999
1.00373624
1.003133748
1.005458616
1.008018986
1.006528376
1.003691672
0.998845864
0.983739498
1.0039450540000001
0.8166625719999999
1.002248904
0.860357986
1.00430423
0.996886834
1.00425022
1.010540118
1.00304004
1.002705176
1.004750622
1.004948102
0.99312491
1.01058054
0.999750304
1.00314312
1.001895872
0.860856352
0.908722382
1.001416986
1.004520328
1.005103318
0.907068066
1.002181084
0.9978642280000001
0.9990526479999999
1.00451563
1.0018982079999998
1.006835114
1.0061581800000001
1.004269004
0.8933350440000001
0.845647452
1.001435666
1.003063464
0.984585174
1.004142216
0.845223084
1.006311412
1.007127868
1.002576442
0.99410184
0.993127206
1.003302466
1.003424354
0.8579759
0.983376866
0.89360827
1.00336575
0.985649408
1.005724664
0.9362693900000001
1.003797232
0.982191732
0.98466418
1.0089685640000001
1.001475362
1.009291022
1.003881696
1.006235968
1.004473342
1.002426684
0.9811730519999999
1.003771428
1.00239627
1.000873248
1.017904664
1.002967428
0.83304575
0.9246072900000001
0.938573204
1.002681768
1.0024454
1.002506238
1.005042166
1.00603327
1.001933266
1.006351496
1.005265642
1.006651048
1.004285442
1.005538652
1.002501558
1.0109421
0.9998387440000001
1.0038066159999999
1.003344654
1.00473182
1.007626416
1.01067804
1.0049057780000001
1.002414986
0.985932234
1.01237423
1.004990428
0.998692574
0.86371626
1.00310329
0.94106568
1.004703616
1.004132826
1.005265642
0.983559274
0.881425744
1.002571762
1.001066872
1.00523976
1.007012164
0.9979685660000001
1.007593322
1.005493924
1.005743506
1.002686448
0.8794674619999999
1.010376088
1.007390076
0.996956254
1.002265276
1.002906536
1.0147086140000001
1.004365292
1.002723904
1.003382158
0.8319871560000001
1.007300296
1.004713016
1.006681722
1.006653408
0.874138788
1.0045109300000001
0.993343116
0.889615814
1.003820694
0.9986670299999999
0.982110878
1.0052562299999999
1.0065071460000001
0.912636402
1.002543678
1.00342201
0.997433198
0.999466474
1.0032251300000001
0.984233196
1.00397791
0.892570164
1.004802336
1.017012848
1.005715244
1.007087724
0.982250136
1.003844156
1.004755324
0.92557567
1.006028556
1.003229816
1.01870622
1.003154834
1.0052727
1.003640074
1.0043347599999999
1.005119784
1.007605142
1.013528118
0.90331934
1.006351496
0.988371256
1.004160998
1.006056836
1.006155822
0.833173416
1.01272991
1.00423613
1.01593031
1.006193536
1.004694214
1.003133748
0.982531014
1.00855394
1.0064505400000001
1.009739486
0.894771804
0.9921842759999999
1.007255412
0.9945530260000001
0.986081632
1.005616344
1.006464692
0.911619426
1.009094204
0.981765156
1.00824852
0.999006172
1.007531868
0.984285074
1.005630472
0.940348664
0.8651010720000001
0.9981123559999999
0.9847386800000001
0.966090374
0.9996804939999999
1.006620378
1.00574586
0.995749726
1.00102954
1.004703616
1.002801162
0.9991595579999999
1.000852256
0.985620004
1.005590446
1.002927612
0.998462726
0.877390584
1.00603327
0.999659554
1.00456262
1.005776478
1.009222246
