1.0275041379999998
0.9972872873333334
0.9870765066666666
0.99223012
0.941827158
1.0057293753333334
1.0027941386666666
0.8530053613333333
0.9986438093333333
1.015010764
1.0062006079999999
0.85986192
1.002337786
1.005282112
1.0109016499999999
1.0117112766666667
0.8507749726666666
1.012247772
1.009120284
1.0073333713333332
1.019770472
1.0059884986666665
0.9734409066666667
1.009808334
0.9742689626666667
1.0115563946666666
1.0004349526666667
1.0059531560000001
1.0116397866666667
0.9989341433333334
1.0095353740000002
1.00289951
1.0147829353333333
1.0105210980000001
1.0092744206666666
1.009143994
1.0116993606666667
0.9960961306666667
1.0096303
1.0101527106666668
0.9097868593333333
0.969660852
1.0070853613333333
1.0130237153333335
1.0155147473333332
1.0025132573333333
1.0124147973333333
1.002782432
0.9754195346666668
0.9804518320000001
1.0496523033333334
1.0133702893333334
1.10099136
1.002536658
1.011270584
1.0076642413333334
1.008267456
1.0022208393333334
1.0123909333333332
1.0115444826666666
0.9756078673333333
1.007475146
1.0073333713333332
1.006754872
0.9068861146666667
1.010747016
1.0101289533333333
0.9728015073333333
1.00205716
0.9976695226666668
1.013513768
1.0079007100000001
1.0110563313333334
0.9742689626666667
0.8268456986666667
0.987939296
1.0114134686666667
1.013932482
0.8797647040000001
1.001111206
1.0125102659999998
1.0103309293333333
1.006023844
1.011854286
1.009665902
1.0053997746666667
0.9871445666666667
1.0103071633333334
1.0029463486666668
1.0046237126666666
1.0042478713333334
1.0086344693333333
0.9108480379999999
1.013489852
1.0035908253333334
1.01050921
1.010747016
0.9367533553333333
0.993389066
1.01016459
1.011068232
1.0026887893333332
0.9395916293333333
1.0091321386666667
1.002782432
1.012701256
1.0062831193333333
0.8483634646666666
1.0123670706666668
1.0075224133333334
1.0131909973333333
1.006837474
1.0117351086666666
0.9971136406666666
0.9741363793333333
1.0125580066666666
0.975375232
1.005823586
0.9959459926666667
1.0096303
0.9958767133333334
0.999271142
0.793490794
1.0088832426666665
1.0057058246666668
1.0120688766666668
0.9938258066666668
1.0105924293333335
1.0135974833333332
0.8146828586666667
1.01167553
1.007203446
0.9752423466666668
1.009843948
0.9950461146666667
1.00833847
0.9949884853333333
0.9405999073333334
1.0072270666666667
1.0099270580000002
1.002010404
1.0050821493333333
1.003051752
1.0036611819999999
1.0100695640000001
1.009998306
1.0050821493333333
1.0069791093333333
1.0110444313333333
1.0194558026666667
1.0094760546666666
0.9747554119999999
1.0067076766666667
1.011092034
1.0091321386666667
1.013908546
1.008480528
1.0041656933333334
1.0050821493333333
1.004905778
1.000178682
1.0090136013333335
1.0075224133333334
1.0381589266666666
0.9775730726666667
1.0093218566666666
0.9712945333333334
1.011365836
1.0081727866666668
1.0044827393333333
0.9759514853333333
1.0083976559999999
0.9979245093333334
0.970899314
0.84555755
1.0258598173333333
1.0071325919999998
1.0109016499999999
1.00833847
0.968316378
1.0091321386666667
1.0316876560000001
1.001216224
1.0042830946666665
0.905853248
1.0132148986666667
1.0060474086666666
1.0049528046666667
1.004658962
0.9735401993333334
1.0114611066666666
1.015562772
0.9963156446666667
0.9758960466666667
0.8661041746666667
1.0589300400000001
1.0062241813333332
1.005906036
0.8637614220000001
1.0395283473333334
0.9098350413333333
1.011794694
1.0079598446666667
1.0094760546666666
1.0014613506666665
0.9654974866666667
1.010532986
1.098134128
0.974224764
0.893184564
1.0320223213333333
0.994758036
1.0110444313333333
0.951108298
1.0121642793333334
0.9990387046666667
1.0097133746666667
0.96882968
1.002010404
1.0031103186666666
1.0057764786666668
1.014135982
1.0091084293333332
0.9957843559999999
1.030066984
0.9998876246666667
1.036768082
1.0030049033333333
1.0082556213333334
0.9772171953333333
1.0077706386666667
1.012379002
0.9823579733333333
0.9014896826666666
1.0011812153333333
0.9736505480000001
0.9759736626666666
1.005752926
0.97418057
1.0163438073333333
0.9987715353333333
0.9740259206666666
1.0139444499999999
0.909815768
1.0051174313333333
1.0097845926666666
1.011758942
0.9711956979999999
0.9973799233333334
1.0127490146666667
0.996442776
1.0116993606666667
1.0047999853333334
1.0021506846666666
1.0106637713333333
1.0018818486666667
1.0093099973333333
1.0116159586666666
1.009665902
1.0102477526666667
1.0048234926666668
1.0047647253333334
0.8693209926666666
1.0098202053333334
1.008101796
1.009262562
1.0079598446666667
1.0090136013333335
1.005352706
0.9942169000000001
1.001788374
1.0090373066666667
0.8285844113333333
0.8505896333333334
1.005611636
1.0095116453333333
0.9939178006666666
1.002653678
0.9722399713333333
1.0003300986666666
1.0051056706666666
1.00205716
0.9880529333333334
1.0073215586666666
1.0063066966666667
0.875451956
1.013358334
1.007676062
0.8425386786666667
1.0136214046666667
1.0080899653333333
1.005823586
0.9097001453333334
1.0024430613333335
0.9905024726666667
1.0024664586666667
1.0105924293333335
1.0120688766666668
1.0090728666666666
1.0346700946666667
1.0066722833333333
1.0282174946666667
1.01084217
1.0017416433333333
1.0150467459999999
1.0052585833333332
1.0269636306666667
0.8853503386666667
1.0028878006666666
1.009250704
1.0126176886666667
1.0117470253333332
0.9116116860000001
1.001683236
1.001624836
1.008622626
1.011985414
1.0022676146666667
0.9698360173333334
1.0131551460000001
0.9007995673333333
1.0026887893333332
1.0072388773333334
1.0094048806666667
1.0050351113333333
1.0090965746666667
1.008196452
0.9760956546666666
1.0138367453333335
0.9987831486666667
1.0073688113333332
1.009938932
1.009808334
1.0286114946666667
0.995692016
0.9301297853333333
1.00275902
1.0075578666666667
1.0044944853333333
0.9333131886666667
1.0124386626666666
1.005847142
1.0316752653333332
1.001683236
1.0295237780000002
0.9745121266666666
0.9743905293333334
1.0123432086666666
1.0110087319999999
0.8468746826666667
1.009950806
1.0142317746666667
1.0114372873333333
0.9917833293333334
1.0004932146666667
1.0134659373333335
1.006813872
1.009345576
1.013358334
1.007215256
1.008018986
1.0055880913333333
1.0108897533333334
1.0131431966666666
1.0089069413333334
0.8986791293333334
1.0005981026666666
1.0048705113333334
1.0082319526666668
1.0058118086666668
1.0096777693333334
0.9733416346666667
0.9984929026666667
1.00404832
1.0052468186666668
1.0055763193333334
1.0415829506666667
1.006247756
0.9696936906666667
0.974191618
1.0121523533333334
1.0080899653333333
0.9448521766666667
1.0067194746666668
1.0005514833333333
1.00569405
1.009701506
1.0087529173333334
1.0062241813333332
1.0114611066666666
0.9946198173333334
0.933262488
1.005517464
1.0050351113333333
0.9056335893333334
0.9957150993333334
0.9994339126666667
0.9695623493333333
0.9757186853333333
1.0089661939999999
1.0069200893333334
1.0114491966666666
1.006566118
1.0012979193333333
1.00600028
0.9394580406666667
1.1164168586666667
0.9752091313333333
1.034832136
0.7769407466666667
1.0317867933333333
1.000621414
1.0050821493333333
1.0117470253333332
1.0075696846666666
1.008066304
0.9961885460000001
0.902901562
1.0080899653333333
1.0029814806666666
1.0065779126666667
0.9985857633333334
1.0109016499999999
1.0032157560000001
1.036392818
1.0105210980000001
1.0098795653333332
1.009843948
1.011199156
0.9965468160000001
0.8685474813333334
1.007203446
1.0251497266666667
1.0064128073333334
0.9515297246666667
0.9005162640000001
0.9875758326666667
1.008267456
1.0082792913333334
1.0333382966666667
0.9166899226666666
0.9998410706666667
0.851491816
0.9743352679999999
0.9987018626666666
1.03422163
1.0064717673333332
1.009143994
0.996963196
1.0134181106666666
1.004095266
1.0095828346666667
1.000831266
0.9417032559999999
0.9790326526666666
1.0060474086666666
1.0098795653333332
0.999724706
1.0050351113333333
0.9050419959999999
1.0116517006666665
0.9909023846666667
0.9945276933333332
1.0104260046666667
1.0103784646666667
1.0092744206666666
1.0110563313333334
1.0133941993333333
0.9858982866666667
1.0097371126666668
0.851694438
1.0093099973333333
1.0093574366666667
1.0017065980000002
1.0066486886666666
0.9747001093333333
0.9736836573333333
0.999271142
1.0112586786666666
1.0057293753333334
1.007286122
1.0016949173333334
1.0127490146666667
1.0029931920000001
0.9998643473333333
1.0043770353333332
0.9880756639999999
1.0004815613333333
1.0580691746666666
1.0045884653333332
1.0074515146666665
1.002384572
1.0110801326666667
0.9869063973333333
0.9396430193333334
0.90865125
1.014794924
1.0007146706666668
1.0339104246666668
0.9852989286666666
1.00289951
1.014279678
1.0080071573333333
0.999922542
1.0109016499999999
0.9742689626666667
1.0005398286666667
1.0062123946666668
1.013382244
1.0116517006666665
0.9963040886666666
1.0023728753333334
1.0115206593333335
1.026252012
0.9681635853333334
1.0106756626666666
1.0021156106666667
1.0075578666666667
0.9910052713333333
0.821696648
0.8788106393333334
1.009428604
0.994631334
1.009298138
1.012677378
0.9921613566666666
0.9351420786666665
1.005835364
1.0099151846666667
0.9815273313333334
0.990868094
0.8507075673333334
0.9711737373333333
1.00952351
1.0120450286666667
1.0111753493333333
1.0064481826666667
1.0088713933333333
1.0077588153333332
0.84982386
1.0080899653333333
1.0061888220000001
1.0129639846666667
1.0064128073333334
0.9841249460000001
1.0111872526666665
1.016644526
1.0090728666666666
0.9252905253333333
0.9639048646666667
1.010449776
1.0089898973333333
1.0079361900000001
1.0044240119999999
1.0042361306666667
1.0106994459999998
0.9997712486666666
1.0060709753333335
0.9753087846666667
0.971107862
0.9739927873333333
0.9977042859999999
1.0073215586666666
1.0001088126666666
1.008480528
1.0103428126666667
1.0125341353333333
1.008267456
1.0293757300000002
0.996604626
1.006813872
0.9400234833333334
1.0114730166666666
1.0313160593333333
1.0101764693333333
1.0002485606666667
1.0086463126666665
1.0000505960000001
1.0024079673333335
1.0120331053333333
1.03553074
1.009487918
1.0195042006666666
1.0089543433333332
1.0128326033333332
1.00534094
0.9691685386666666
1.0256148473333333
1.006012062
1.0007962846666667
1.00869369
1.0062123946666668
1.0086581566666668
1.0152746926666667
1.0035790999999998
1.0047529726666666
1.0051291926666666
0.8235084786666667
0.9936533626666666
1.0031688926666666
1.018283556
0.998841218
1.0105924293333335
1.005847142
1.0155147473333332
1.004095266
1.01121106
1.0335247906666667
0.879035468
1.0076642413333334
1.0059531560000001
1.00985582
1.0122954880000001
1.0085160486666667
1.0101051966666668
0.9845310079999999
1.0070381353333333
0.9988992946666667
1.0081136266666668
1.009891438
0.9070776453333333
0.9989922306666668
1.0024430613333335
1.0107826966666666
1.0180904546666667
1.0101289533333333
1.0048352466666668
1.0052938773333333
1.0115683066666668
0.9683491260000001
0.872322548
1.0073924393333333
1.0144353946666667
1.0065071466666666
0.9708334753333333
1.0103903493333335
0.9920353153333333
0.999166532
0.9722289666666667
1.007723348
0.9693544653333334
1.012987876
1.0000855253333334
0.9347757273333334
1.0105210980000001
1.0409770706666666
1.0037901946666665
0.9392628633333334
1.0248806393333332
1.0106756626666666
0.8756482899999999
1.0027356086666668
0.994723478
1.0060827586666665
1.0073451846666668
0.9728786319999999
1.0058942566666667
1.0073333713333332
0.9997828853333334
0.8233427193333334
1.0028409673333334
1.0018818486666667
1.007829758
1.0022208393333334
1.01167553
0.9430679686666668
1.036630454
0.9997014366666668
1.011985414
1.0105567626666665
1.0082792913333334
1.0106637713333333
0.9787983813333334
1.0138487113333334
0.9891110126666668
1.009701506
1.0106518806666667
0.828624376
1.0147829353333333
1.0040248486666665
0.9757186853333333
1.02759018
0.9971252153333333
0.9707127946666666
1.0020805393333334
0.9743352679999999
1.0097371126666668
1.001157878
1.000877912
1.0053056426666667
1.0096303
1.0088950920000002
0.9717560286666667
1.0108540653333333
0.7342452
1.013202948
1.0092269886666667
1.0060356266666666
0.8764523906666667
1.011854286
1.011199156
1.0052585833333332
0.9401469433333334
1.0097252433333332
0.9664425406666666
1.0032509073333333
0.9705592446666667
1.0042948360000001
0.9937568219999999
1.003145462
1.0100101813333333
0.97467799
1.036780596
1.0317000473333333
1.011092034
0.9744789606666666
1.0122835586666667
0.9978433633333335
1.0013212633333333
1.0112943953333333
1.0058706986666666
0.999515318
0.9720529360000001
1.0092032746666668
1.0100933186666665
0.9737829993333333
1.0302770126666665
1.0144593553333334
1.008267456
1.0045649686666667
1.011782776
0.9983536446666667
1.005800032
0.9758073580000001
0.9962000986666667
1.0103071633333334
1.0360178246666667
0.9774729560000001
1.0135735633333334
1.0083739806666667
1.0099626806666666
1.01084217
0.9781519266666666
1.009345576
1.008622626
1.009950806
0.9420647266666666
1.0035439266666668
0.973518132
1.012450596
1.0116278726666665
1.0028878006666666
1.0007729653333335
0.9980288593333333
1.009262562
1.0104141193333334
1.009950806
0.9973915046666666
1.0111277386666668
1.0087055346666667
1.000376698
1.008847696
0.9118536133333334
1.0058942566666667
1.012176206
1.00614168
1.0064128073333334
1.018827046
0.9562008359999999
1.011365836
1.0032626246666667
1.011092034
1.0192985406666666
1.001157878
0.7897991553333333
1.01295204
1.0077706386666667
1.0123432086666666
0.9727023659999999
1.009938932
1.0115921326666666
1.0067666713333332
0.9300895006666666
0.9745231826666666
0.9909252466666667
1.0070263293333335
1.00813729
0.9069052639999999
0.9995385786666667
0.9985393306666667
1.0042361306666667
1.0095709693333332
1.008018986
1.0057175999999999
0.8028351413333333
0.9944816373333333
1.006601504
0.9755857073333333
1.00086625
1.0060474086666666
0.99603838
1.0088832426666665
0.9999691033333333
0.9762842486666666
1.0010995386666668
1.011163446
1.0078179333333332
1.01181853
1.0232203206666666
1.00505863
0.9747222293333333
1.006342064
1.010687554
0.942654002
1.004658962
1.0014613506666665
1.00952351
1.00904916
1.0098202053333334
1.0066604860000001
0.9944816373333333
1.000574792
1.006530734
1.0078652326666666
1.0020805393333334
1.0110325313333333
1.0118781253333333
1.0004815613333333
0.9994222846666666
1.006754872
1.002291004
1.003051752
1.0085752553333334
1.0104616626666667
1.009950806
0.8939374753333333
0.975076292
0.9719759426666666
1.01121106
0.9745121266666666
1.0005165213333334
1.004259612
1.0035908253333334
0.9931478739999999
1.0000273106666666
1.0069555006666666
1.0103784646666667
0.9707566753333334
1.0119019653333332
0.9976463486666667
1.012677378
1.014052178
1.0088239993333332
0.9754084586666666
0.8937979513333333
1.012892318
1.0120569526666667
0.92973716
0.9962000986666667
0.8166734413333333
0.980843668
0.9735843353333333
0.9898290653333334
1.0066132993333334
1.005411542
1.002478158
1.0028058453333333
0.800292038
1.0045649686666667
1.0067194746666668
1.000761306
1.001286248
0.994285948
0.9778178893333334
0.999515318
0.9967087
0.9951152780000001
1.000924562
1.0079480173333333
1.0023962693333333
1.0391008013333334
1.01350181
1.0096777693333334
1.0059884986666665
1.0214924833333332
1.0053762400000001
1.009950806
1.0075815033333333
0.9091609613333334
1.00086625
1.007120784
1.0063774346666667
0.997032626
1.0067076766666667
1.0070263293333335
1.004964562
1.0015781206666667
1.0270373026666666
1.0191896953333333
0.9993525206666667
0.97404801
1.0100814413333332
1.0107113380000001
0.9849825813333334
0.9796802720000001
0.9985857633333334
0.9886897853333333
1.0047529726666666
1.008054474
1.0067784706666667
1.0105210980000001
1.010532986
1.0016715553333333
1.0002602086666668
1.0137171
1.0027121986666665
0.9813142846666666
0.9741032386666667
0.879269412
1.0033680939999998
1.0082201193333333
0.9135701393333334
1.009950806
1.008551572
1.010449776
1.014579176
1.012892318
1.047029484
1.0080781346666665
1.0107826966666666
1.00431832
0.9732864920000001
1.0066840806666668
0.9087569919999999
1.0022442266666667
0.9985857633333334
1.006896484
1.0004233013333335
0.768254876
1.035044112
0.8800350986666667
1.0291783993333334
1.012987876
1.0029229286666668
0.9753087846666667
0.9738713200000001
1.003825386
1.014746972
0.9724821226666667
1.0011928846666667
0.993389066
0.8995261053333333
1.005764702
0.8480451960000001
1.0122835586666667
0.972129942
0.9731982773333334
0.98882636
1.007723348
1.0051174313333333
0.999259518
0.993975306
0.9963965426666667
1.0035439266666668
0.9771616133333334
1.0079598446666667
0.9954035633333332
1.003825386
1.0115802193333334
0.973121102
0.988894662
0.9761178386666667
1.009701506
0.9943550059999999
1.007475146
0.9138519946666667
1.008018986
1.0081136266666668
1.001204554
0.9791330893333334
1.0095116453333333
0.9989573773333333
0.994746516
1.0029580586666667
1.0076051413333333
1.010259634
0.9968127966666666
0.9301902186666666
1.007168018
0.9774173446666667
0.9969400546666667
1.0116636153333334
1.0088239993333332
0.9974494119999999
0.948325744
1.0002602086666668
1.0099270580000002
0.9700222000000001
0.9980752446666667
1.0354308813333333
0.9939983093333333
1.0029814806666666
1.0282421106666668
1.0321339253333335
1.0076997046666667
1.001987028
1.0103784646666667
0.9715472026666666
0.8506738686666666
0.9988063753333333
0.9796690986666667
0.99955021
0.9997363413333334
1.0000971686666666
1.0365804159999998
0.8935655086666667
1.0106994459999998
1.0013446086666666
1.0120808013333333
0.9794345226666666
1.0137410266666667
0.9738492386666667
1.0005631373333335
1.0085870973333333
1.0049998353333334
1.0044827393333333
1.028648448
1.0027121986666665
1.007711526
1.0023611786666666
0.9926428993333334
1.0126893166666666
1.012904262
0.9089108426666667
1.01167553
1.0110444313333333
1.0105686513333334
1.01121106
1.008812152
1.003532202
1.0069436966666667
1.01016459
0.8003367766666667
1.00869369
1.0122954880000001
0.971525226
1.03583043
0.9703728553333334
0.97576302
1.013561604
1.00210392
1.0321587293333334
0.9800714913333333
0.9596512819999999
0.8129249993333333
1.0209461466666667
1.0006796973333334
1.0067666713333332
0.9855928626666667
1.0380585606666666
0.9890654573333333
1.096802088
0.9754970746666666
1.0095947006666668
0.988610134
1.001566442
1.0042948360000001
0.9862831646666667
0.8513905413333334
1.0088239993333332
0.9718659733333334
0.9983420413333334
1.0360303206666668
0.9728896506666667
0.9778846786666666
1.0128206613333333
1.012331278
0.9691029346666666
0.998829604
1.00614168
1.0079480173333333
0.9972641306666666
1.0130356619999998
0.975076292
0.9962000986666667
1.0109730353333333
0.9974494119999999
1.0000505960000001
1.008930642
0.9592119206666666
0.997298866
1.0131551460000001
1.008622626
1.0130595566666667
0.9199295953333334
1.0050351113333333
1.0129759306666666
1.0086107826666666
1.000574792
1.0092269886666667
0.996211652
1.0113182073333333
1.00210392
1.0092151313333333
1.0123432086666666
0.9968937753333333
0.9848357746666667
1.0094523286666666
0.776301792
0.9245037986666667
1.00371982
1.011092034
1.0116517006666665
1.0045414733333333
1.0037432773333332
1.01016459
1.0074869626666667
1.0015547646666667
0.973121102
1.0066840806666668
1.0090847206666667
1.0089069413333334
0.9774395886666666
1.01081838
1.001157878
1.0073451846666668
0.9709432113333334
1.0008079453333334
1.0108659613333333
1.0035908253333334
1.0019402786666667
0.9919322146666667
0.9755967873333334
0.9750098853333334
1.0099033106666668
1.005493924
1.0114134686666667
0.9660621246666666
1.0014380006666668
0.9747996586666666
1.001788374
1.0101883493333332
1.003532202
1.001157878
0.9084206253333333
0.9694091626666667
1.0302152306666668
1.013250754
1.0096421666666666
1.0078061093333335
1.00232609
1.006342064
1.0334999206666666
1.0071562093333333
1.0100576866666666
1.0101764693333333
1.0041070033333335
1.008504208
1.0052350553333333
0.9745231826666666
1.0105924293333335
1.0298570406666665
1.0051174313333333
1.00371982
0.918591688
0.999596736
1.0097845926666666
0.9977274626666667
0.9357023366666667
1.006636892
1.011806612
0.9062163953333333
1.001916906
1.0088003046666667
0.9029680006666667
1.0029112193333334
0.9743794766666667
1.0014496753333333
1.0004466046666667
1.0103784646666667
1.0064363906666667
0.9951959813333333
0.9091417159999999
0.9937913126666668
1.0074160686666667
1.0085397306666668
1.005847142
1.008551572
1.0055410053333333
1.0113539286666668
1.0030986046666668
1.0106162093333333
1.004647212
0.9965468160000001
0.9714263439999999
0.9964543346666666
1.0076406006666667
1.0492163906666667
0.8678630193333333
0.9989341433333334
1.0015080553333333
0.9911196153333334
0.9408265526666667
1.0082082853333334
1.0071089766666668
1.0077942853333335
0.9970904926666667
0.9920811446666666
1.007510596
0.9323305826666667
0.8775626853333334
0.9706140780000001
1.009416742
1.0057764786666668
1.0127490146666667
1.0121285013333332
1.0308952406666667
0.996604626
1.0112229640000001
1.0128684313333334
0.9911539233333333
1.007475146
1.007014524
0.9907995193333333
1.037732506
1.0062123946666668
0.9672914046666666
1.002770726
1.0140162659999998
0.9935958953333334
1.0108540653333333
0.9088242953333333
1.0044944853333333
1.0100220573333332
1.004694214
0.8774371886666666
1.0140402066666667
1.0107113380000001
1.0066486886666666
1.00569405
1.0071798273333334
1.0057293753333334
1.0009945453333333
0.9382267046666666
1.0260681333333335
1.0083147973333333
0.9785865173333333
1.006094542
0.9872012906666667
1.0113539286666668
1.0083029620000001
1.0044357566666666
1.0102121099999999
1.0047529726666666
0.8782984593333334
0.9973104446666666
0.998365248
1.0070499413333334
1.0014847026666667
1.0097252433333332
1.009345576
1.01486686
1.006754872
0.8803146806666667
0.9752312746666667
1.0075224133333334
0.9886442686666665
1.0565075446666667
1.005752926
1.001893534
0.9720419366666667
1.002162376
0.8319952146666666
1.0070381353333333
1.0079125366666668
0.9941823793333333
1.009950806
1.001683236
0.9082381306666666
0.8486819733333334
1.0151907006666667
1.0307344299999999
1.0091795613333334
1.0041304786666667
0.9994339126666667
1.0089069413333334
0.911737472
1.001157878
0.9720749366666667
1.0119734919999999
0.8635356566666667
0.9989689946666668
1.0011228733333335
1.0043300626666667
0.9759403966666667
1.007061748
0.9712396226666666
1.0088713933333333
0.9831000033333334
0.9741474266666668
0.9998643473333333
1.0110087319999999
0.9852198226666666
0.973694694
1.0084568486666667
0.9982956313333334
0.938811186
1.0128564886666667
1.0106399893333333
1.0082082853333334
1.006837474
1.014746972
1.0061298953333333
0.8173883900000001
0.9764618153333332
0.9687969
0.9929527093333332
1.0103903493333335
1.0071325919999998
1.0041422166666667
1.0000622386666667
1.0093099973333333
1.0099864306666666
1.0120808013333333
1.003696364
1.01167553
1.005823586
1.0111277386666668
1.0045179786666667
1.0007729653333335
0.9304320306666667
0.8488497053333334
1.012379002
0.9979824793333334
1.0136931746666666
1.007309746
1.0071325919999998
1.008551572
0.9979824793333334
1.0033680939999998
1.01648813
1.0355557073333332
0.8786308586666667
1.0112467733333332
1.009772722
0.8450418186666667
0.9705702106666666
1.013262706
1.0129639846666667
1.0085752553333334
0.9999574626666666
1.0036729093333334
0.9990387046666667
0.9987018626666666
1.0036025506666666
0.9736174406666668
0.7932050340000001
1.0097133746666667
1.0095353740000002
1.00190522
0.999817796
0.97569652
1.0121165760000002
1.0219907666666666
0.8794134393333334
1.0104260046666667
1.0049763193333334
1.0050115933333332
1.0085278893333334
1.0057058246666668
0.9743242166666667
0.994723478
1.00833847
1.0365053686666668
1.0074869626666667
0.9698469673333334
0.99777382
0.9120666153333333
1.0129759306666666
1.009701506
1.0108659613333333
1.0119138853333334
1.0120808013333333
1.0116159586666666
0.998597372
1.0053762400000001
0.8154020646666666
1.00985582
1.0054703846666666
1.005411542
0.969945528
0.9692122793333333
1.0537340486666666
1.0341967266666667
1.004506232
0.9702632486666667
0.9747443506666666
0.9034333453333334
0.9737829993333333
1.0015430866666668
1.0043887786666665
1.0072270666666667
0.942302416
1.019976322
1.01043789
0.9757186853333333
0.977617576
1.028549912
1.008385818
1.0088239993333332
1.0100933186666665
1.00904916
0.9993060173333334
0.9982028253333333
1.0075578666666667
1.006247756
0.9709761373333334
1.0126415633333332
0.9499933193333333
1.0055880913333333
1.0007146706666668
1.035855412
1.006896484
1.0069673046666667
1.0105805399999999
1.000574792
1.008480528
1.0104260046666667
1.0090847206666667
1.0114134686666667
0.998017264
0.8489168166666666
1.0031688926666666
0.9746669306666667
1.0106399893333333
1.0139683873333334
0.8782804986666667
1.0104141193333334
0.99874831
1.0114611066666666
1.015106722
0.924653074
1.0070853613333333
1.0011812153333333
1.0250396286666668
0.9963734273333333
1.0090136013333335
1.0108302746666666
1.0034032560000001
1.007782462
0.9993060173333334
1.0135735633333334
1.0115563946666666
1.0036025506666666
1.0115563946666666
1.0297212406666667
0.8520323546666667
1.0102121099999999
1.0115444826666666
1.0135855233333333
1.0127609546666665
1.0135376853333333
0.8781547966666667
1.0231837566666666
0.966007804
0.93108757
1.0079125366666668
1.0029580586666667
1.0099151846666667
1.003755006
0.9990968039999999
1.0035790999999998
1.011199156
0.975740852
0.8447509579999999
1.0111158366666666
1.0109730353333333
1.0101764693333333
0.9939293013333332
0.989669408
1.0112467733333332
0.9823018046666666
1.008125458
1.0089898973333333
1.0076642413333334
1.011163446
1.000283504
1.0103784646666667
1.00614168
1.0204367586666667
0.9078061986666667
0.9966393146666666
1.002770726
1.00323919
0.9725702079999999
1.009428604
0.9792893646666666
0.972592232
1.0091321386666667
0.8944960053333333
1.0011228733333335
0.9734298753333334
1.0114491966666666
1.0076406006666667
1.0036142766666667
1.0076642413333334
1.0089661939999999
0.8210290746666666
1.0074396986666667
0.8830113686666667
0.997831772
1.008421332
1.0047882313333334
1.0023026993333333
1.015094726
0.9770949226666666
1.011092034
0.9731762260000001
1.0250640926666668
1.009654034
0.9730439393333333
1.003708092
1.0115802193333334
0.9100278193333333
1.0093099973333333
1.0005631373333335
1.0066840806666668
1.011092034
