10.2
10.16
15.1
15.06
5.02
25.1
5.04
20.1
5.02
25.06
20.06
25.08
20.04
30.04
25.1
20.06
20.08
15.08
15.06
30.1
5.06
5.1
25.12
20.06
35.16
5.06
25.12
10.1
15.06
30.08
5.02
25.06
5.06
25.1
25.06
20.08
5.08
15.06
15.16
20.04
30.06
15.12
35.12
40.14
15.08
5.08
10.02
30.06
25.1
20.12
20.08
5.06
15.06
30.08
5.0
35.08
5.04
25.06
15.08
10.04
10.08
25.1
5.04
30.04
25.14
20.06
5.02
5.0
20.06
5.02
15.04
25.1
5.06
5.06
20.1
5.02
20.12
5.04
10.06
20.12
5.08
20.1
10.06
30.16
5.04
15.08
10.02
20.14
25.2
20.08
25.1
15.1
15.08
15.08
15.06
10.12
20.08
20.1
30.1
25.06
5.08
35.14
5.04
35.12
15.08
30.1
30.08
5.02
20.08
30.08
20.02
20.08
15.08
10.06
20.06
20.16
30.1
25.04
30.1
25.08
15.06
30.18
15.06
5.06
25.14
25.2
10.12
40.06
10.06
5.04
15.1
20.02
15.1
25.1
20.08
20.04
15.04
5.02
15.08
40.06
45.1
5.08
30.12
20.08
25.18
5.14
5.02
10.1
10.1
5.04
5.04
10.04
20.1
5.06
20.14
45.12
25.06
20.16
10.12
30.06
20.08
5.06
5.1
5.1
5.08
40.16
15.1
10.02
30.12
30.06
5.1
20.08
25.04
30.12
30.08
35.08
15.04
25.12
15.06
5.14
15.08
5.1
10.06
10.08
15.06
15.08
25.04
35.02
5.08
20.08
5.06
5.04
10.06
5.04
10.06
35.06
10.1
40.2
15.04
15.08
5.08
25.2
10.06
10.08
40.1
20.04
5.0
20.1
10.06
15.06
15.1
10.04
20.06
5.04
25.08
35.1
20.04
5.1
25.08
5.08
20.02
5.02
15.02
10.04
5.02
20.14
30.08
10.08
25.12
30.14
35.08
15.1
25.1
20.1
5.04
5.04
30.08
10.08
5.06
20.1
25.02
5.06
25.12
25.08
25.12
5.06
25.08
20.14
5.02
20.08
30.14
40.16
25.1
10.02
20.04
25.06
5.08
5.0
10.02
20.04
5.04
10.1
5.08
40.12
30.14
10.06
5.12
10.1
5.02
15.1
10.08
30.14
5.04
30.12
10.08
15.08
10.1
5.1
25.06
5.08
25.1
15.04
10.0
5.02
25.12
15.06
20.02
25.1
15.12
40.1
5.08
5.02
5.0
5.04
25.06
5.06
20.06
5.08
35.1
15.06
5.04
25.1
5.04
15.1
5.0
5.02
5.04
5.04
10.1
10.08
10.02
20.04
30.08
25.1
25.1
5.06
20.08
25.06
20.1
10.08
30.12
10.08
15.04
15.08
20.1
10.06
10.02
5.04
20.04
20.08
25.08
25.1
20.04
20.12
25.04
10.1
15.06
5.04
30.1
10.04
10.06
10.12
5.12
10.08
30.12
5.02
5.02
10.06
5.06
25.1
5.08
25.06
15.12
15.04
20.06
10.02
25.08
20.08
5.02
20.08
15.06
10.02
30.1
25.14
5.02
30.1
10.02
15.04
10.06
35.16
25.12
35.12
5.06
5.06
10.1
25.08
40.1
15.1
25.12
5.06
5.02
10.06
15.08
5.04
25.08
15.08
10.04
5.06
25.08
15.06
10.1
15.06
5.06
10.06
5.02
5.08
10.0
20.04
15.06
20.1
20.12
15.08
25.08
25.02
20.1
20.12
20.04
20.06
5.02
5.12
20.08
15.16
35.16
5.06
20.12
5.1
20.08
5.08
30.12
20.06
20.08
30.12
15.1
25.08
15.14
15.04
30.08
15.08
10.06
15.02
20.06
5.02
5.04
30.14
5.04
5.06
35.12
15.12
10.02
25.12
35.14
5.02
30.12
35.14
20.04
5.06
5.12
25.12
5.08
15.08
20.06
30.08
5.04
20.12
5.06
5.04
20.08
20.08
45.12
20.04
5.04
20.04
15.04
15.04
20.1
15.02
5.1
5.1
20.08
5.02
5.06
30.14
15.08
5.0
5.02
20.02
5.06
5.06
15.08
20.16
15.08
5.08
5.1
20.06
5.04
30.18
30.14
20.08
20.06
10.04
35.14
35.1
30.14
30.06
15.04
10.06
25.06
30.06
20.1
30.1
25.1
5.06
20.12
20.1
30.14
10.08
25.1
10.02
5.02
25.12
20.08
15.08
10.1
30.18
10.06
20.06
5.04
10.1
30.08
15.06
10.06
20.08
5.06
10.04
15.06
20.06
10.02
25.06
10.1
5.06
5.06
20.1
5.06
25.1
20.08
5.02
20.16
20.12
15.06
15.06
30.04
30.1
15.02
5.08
30.08
20.1
20.02
20.04
25.14
20.2
20.06
10.02
20.12
15.02
25.12
5.02
5.08
30.08
10.02
25.08
35.12
5.08
30.12
10.06
5.04
5.04
25.12
35.12
35.1
20.02
25.06
10.02
10.04
10.04
15.08
30.18
10.04
5.06
15.04
35.1
20.1
5.02
5.1
5.06
10.02
20.04
5.04
5.06
10.1
5.02
10.1
25.04
15.04
15.04
25.12
5.1
10.1
30.12
5.06
35.14
30.1
20.08
5.02
25.06
10.08
10.06
20.06
30.12
5.06
5.04
25.06
15.14
5.06
5.04
35.08
30.1
40.12
10.06
15.1
15.04
15.02
15.06
30.1
5.02
5.08
10.08
5.06
20.04
5.04
15.08
15.08
5.1
30.12
20.06
10.04
20.04
20.08
5.04
5.08
30.06
30.14
15.02
25.06
10.08
10.06
10.08
5.04
15.12
30.08
30.12
5.0
30.08
20.04
5.02
25.1
15.04
10.06
5.06
5.0
10.08
20.1
5.06
5.04
25.1
5.1
30.08
5.04
15.08
5.08
15.06
35.14
15.06
15.1
25.08
5.08
5.08
10.08
20.06
15.02
20.06
25.06
35.2
20.04
20.04
15.06
5.08
5.1
15.12
10.08
10.16
20.12
30.06
10.04
25.1
15.1
5.06
15.08
10.08
30.08
30.06
10.06
20.04
20.04
20.12
5.08
10.08
5.06
25.02
15.04
20.04
15.06
5.0
30.1
15.12
5.04
5.02
10.02
5.0
20.08
15.06
10.1
20.06
30.12
30.18
5.04
20.1
25.06
30.16
5.04
5.0
25.02
15.08
5.04
25.1
5.0
25.08
5.04
10.06
5.06
20.06
5.02
15.08
45.12
15.06
20.04
15.1
5.1
5.16
10.06
45.14
10.06
25.08
30.14
10.06
10.1
15.08
25.1
10.14
5.1
30.14
15.08
10.08
30.24
30.04
20.06
20.08
20.08
15.06
5.06
10.02
30.1
5.1
5.0
40.12
5.08
25.02
25.06
30.1
5.06
20.08
10.14
15.08
30.08
10.06
10.06
10.06
5.06
20.08
25.1
30.08
20.12
5.1
20.1
10.04
5.04
10.06
30.04
15.08
30.08
5.04
20.12
5.08
30.1
15.08
20.14
20.12
15.06
10.14
10.08
10.02
10.04
30.06
30.06
5.02
20.08
15.06
5.0
15.06
5.04
5.02
5.04
20.18
25.1
25.06
5.02
10.02
30.16
20.08
5.02
15.12
5.08
5.04
20.12
25.08
5.04
20.06
10.04
25.04
30.16
5.06
15.02
25.16
5.06
20.08
5.08
5.12
5.06
30.08
15.06
5.06
10.04
25.06
10.1
30.08
5.1
35.14
5.04
5.06
15.08
5.12
5.04
20.08
30.1
5.02
15.08
5.0
5.02
40.12
15.12
10.08
35.1
20.08
25.1
5.04
20.08
15.08
15.02
15.02
20.08
25.16
15.06
5.1
20.12
20.12
5.02
25.08
30.08
5.0
20.18
20.06
10.04
15.1
25.14
10.06
30.08
5.04
15.04
5.06
20.06
40.1
20.22
5.04
15.04
30.1
30.06
40.18
25.08
5.08
5.04
15.1
5.08
10.1
25.1
10.02
15.08
30.08
10.04
10.06
5.02
30.08
15.1
5.04
10.06
10.02
15.06
20.1
25.06
5.04
20.1
35.12
20.02
30.08
35.1
20.08
10.08
20.06
25.1
10.08
15.04
5.06
5.08
10.08
35.1
25.06
15.08
5.02
10.04
5.04
40.18
25.08
15.18
30.12
5.08
5.02
30.08
10.0
10.1
5.08
20.06
15.06
15.16
35.08
25.12
20.08
25.08
15.1
30.06
5.02
10.04
20.06
5.06
25.12
20.08
45.2
15.06
30.14
5.02
20.06
30.08
5.06
20.1
30.1
30.12
10.02
25.14
40.14
5.02
35.14
25.1
5.02
10.06
15.02
10.02
5.02
5.02
