15.6
35.2
15.2
15.0
5.4
5.0
20.0
15.2
20.4
10.0
40.2
30.2
25.0
20.0
5.0
20.2
10.0
10.2
20.0
15.0
20.2
5.0
15.0
30.0
25.0
25.0
5.0
15.2
10.0
35.0
20.2
5.2
25.0
10.0
10.0
15.2
10.2
15.2
20.0
30.0
25.0
15.0
15.0
10.0
20.0
10.0
5.2
30.0
30.4
5.0
15.0
20.4
15.2
20.0
15.4
10.2
30.0
25.2
25.4
10.0
10.4
25.0
20.2
5.0
30.4
10.0
10.0
15.0
10.0
25.0
5.0
5.0
10.2
10.0
30.2
5.0
35.0
5.0
20.2
5.0
5.0
5.0
25.4
25.0
30.0
10.2
10.0
10.0
20.2
25.0
5.2
20.2
25.2
25.2
10.2
5.2
10.0
10.2
10.2
5.0
5.0
20.4
15.2
20.0
10.0
5.0
5.0
20.0
5.0
5.0
30.2
5.2
30.2
10.2
5.0
25.2
25.0
15.2
20.0
15.2
20.0
15.2
5.0
5.0
20.2
20.0
5.2
5.0
30.0
25.0
25.0
5.0
5.0
10.0
15.2
5.2
5.0
5.2
10.0
15.0
15.2
10.0
25.0
5.0
5.0
25.0
25.0
10.2
20.0
15.0
25.0
10.0
5.0
10.0
20.0
35.2
30.0
5.0
25.0
15.0
25.0
25.2
5.0
5.0
15.2
15.0
10.2
20.0
20.0
30.2
25.2
25.0
5.0
25.0
5.0
20.4
5.2
5.0
30.0
30.4
45.0
30.0
10.0
20.2
5.0
20.2
20.0
5.0
25.4
25.0
10.2
15.4
5.0
5.0
5.2
5.4
5.2
5.0
5.0
10.0
20.2
45.2
5.0
10.0
5.0
5.0
5.2
5.0
20.0
15.2
5.2
15.2
30.4
10.2
5.6
30.2
5.0
30.0
15.0
10.0
5.2
50.2
30.2
20.2
10.2
10.2
15.2
15.0
15.0
20.0
5.2
15.0
15.2
5.2
15.2
35.4
30.4
30.4
15.0
20.0
15.0
25.2
5.0
5.0
10.2
10.0
25.4
10.2
5.0
10.0
30.0
5.0
25.0
5.0
35.2
10.0
15.2
25.2
5.0
10.0
5.2
20.0
25.0
5.2
5.0
10.0
20.4
30.0
25.0
30.0
5.0
30.4
5.2
5.0
15.2
5.0
25.4
15.0
20.2
20.4
25.0
30.4
5.2
40.0
20.2
15.2
15.0
15.0
5.2
5.2
15.4
25.0
30.0
5.0
25.0
25.2
20.0
5.0
5.0
5.0
15.2
5.0
15.0
20.4
15.0
20.0
25.0
15.0
5.0
25.0
5.2
20.2
10.6
5.0
20.2
5.2
25.0
30.0
5.2
20.0
5.0
20.0
5.2
35.0
10.0
30.2
20.0
30.0
25.0
5.2
5.2
15.0
35.4
5.0
25.2
10.2
35.2
5.2
20.0
25.4
10.0
25.2
20.0
25.2
25.2
5.2
5.0
5.0
5.2
20.0
15.4
25.2
10.0
10.0
5.2
15.0
25.0
5.0
10.2
15.0
10.2
10.0
30.0
20.2
10.0
5.0
5.2
30.2
15.2
5.0
5.2
10.0
10.2
10.2
25.2
10.2
30.4
30.0
20.0
10.2
15.0
5.0
5.0
5.0
5.0
20.2
10.0
15.4
10.2
5.0
30.0
15.0
20.2
30.4
20.0
10.2
25.0
10.0
30.0
20.0
10.0
30.2
15.2
5.0
25.0
5.0
30.0
10.0
10.0
20.4
5.0
5.0
10.6
20.4
45.0
10.2
20.0
5.0
20.0
25.0
5.0
10.0
5.2
10.0
30.0
5.0
25.0
25.0
15.2
10.2
20.2
15.0
25.2
10.4
25.2
20.4
40.2
45.2
15.0
20.6
30.4
35.2
40.2
30.0
10.0
10.0
15.2
15.0
5.0
5.2
20.0
25.0
5.0
10.4
5.2
10.4
20.4
5.0
25.0
20.0
5.2
25.0
5.0
10.4
20.2
10.2
25.2
5.2
10.0
10.0
5.0
5.0
20.2
10.0
10.0
30.4
5.0
30.4
25.0
5.2
10.0
25.4
30.6
10.0
15.2
5.2
5.0
20.0
20.0
10.2
30.2
25.0
10.0
20.0
35.0
5.2
25.0
5.2
15.0
5.0
20.0
5.0
15.2
25.2
45.4
5.0
20.2
5.2
5.0
25.0
30.0
25.0
5.0
5.0
10.0
25.0
20.4
5.0
10.0
30.0
20.0
15.2
5.0
20.4
30.2
5.4
5.0
15.0
15.2
35.0
25.0
10.0
10.2
5.0
20.2
15.0
5.0
5.0
25.0
10.0
5.0
15.0
25.4
20.0
10.0
40.0
5.0
5.2
30.2
5.0
30.0
15.2
5.0
20.4
5.0
30.0
15.2
5.0
25.0
25.2
35.2
15.0
35.2
15.2
30.2
30.0
25.0
5.0
10.4
5.0
30.0
20.0
20.0
25.0
30.4
25.0
20.0
5.0
25.2
20.0
15.0
10.2
30.0
25.0
15.0
5.0
25.0
25.0
5.0
5.0
35.2
20.4
5.0
5.0
5.0
20.0
30.0
25.2
25.2
10.0
15.4
5.0
5.0
25.0
35.0
10.0
15.2
20.0
30.0
10.2
15.0
25.0
5.0
15.0
15.2
10.0
30.2
20.2
15.0
5.0
5.0
30.2
30.0
5.4
20.2
20.0
10.2
15.2
5.2
5.0
15.0
5.0
5.0
10.0
5.0
5.2
5.0
5.0
5.0
20.2
20.0
5.0
5.2
10.0
15.2
15.0
5.0
20.0
20.0
5.0
15.2
5.0
20.2
10.0
20.2
10.0
5.2
15.0
25.2
30.0
5.2
5.4
5.0
15.0
10.0
10.0
35.0
10.0
15.0
20.4
45.0
5.2
10.0
35.0
10.2
15.4
20.0
10.2
40.0
15.0
20.0
25.4
30.0
10.0
15.0
10.4
40.0
35.0
35.0
5.0
5.0
15.2
20.2
10.2
25.2
5.0
5.2
30.0
5.4
5.2
15.2
5.0
20.2
25.2
25.0
30.0
25.4
5.2
5.0
5.0
20.2
30.2
25.0
15.0
5.2
5.0
10.2
10.0
5.0
5.0
30.0
30.0
30.2
20.0
25.0
5.0
25.0
15.0
10.0
15.0
30.2
20.0
5.2
5.0
30.0
25.0
5.0
20.0
30.0
5.0
30.0
10.2
30.0
15.4
10.2
35.0
20.0
30.0
20.0
5.0
5.2
10.2
20.4
15.0
15.2
15.0
10.4
5.0
5.0
25.0
10.0
25.0
10.2
20.2
25.2
10.0
30.0
15.2
10.2
30.2
20.2
25.0
5.2
25.0
5.2
5.2
25.2
30.0
25.4
5.0
5.2
15.0
15.0
20.4
5.0
5.2
20.0
10.2
5.2
15.4
25.0
5.2
30.4
5.0
20.4
10.0
5.0
5.4
20.0
20.4
25.0
20.0
30.4
5.0
5.0
35.0
20.0
5.0
5.0
35.0
10.2
35.0
5.0
30.2
5.0
20.2
10.0
10.4
20.0
25.4
35.4
15.0
10.0
15.2
30.4
15.2
20.0
20.0
15.2
15.0
20.0
15.0
25.2
5.0
20.0
30.0
25.2
5.0
5.0
5.0
10.2
10.0
20.0
5.0
10.0
15.0
20.0
20.4
5.2
15.2
30.0
40.0
5.0
10.0
10.2
30.0
5.2
30.2
30.0
30.0
30.2
5.0
5.2
5.0
20.2
5.4
15.2
10.0
5.0
5.2
15.0
10.2
25.2
35.2
20.0
25.0
5.0
15.0
15.0
10.0
30.0
20.0
5.2
30.0
25.4
10.0
15.0
25.0
35.4
20.0
20.4
20.4
5.0
15.0
5.0
15.0
15.0
5.2
10.2
30.0
20.2
40.0
15.4
30.2
20.2
30.2
10.0
20.2
15.2
10.2
5.0
30.2
25.0
20.0
5.2
20.2
10.2
10.2
15.0
10.4
20.0
25.2
15.0
10.0
5.0
5.0
35.4
20.0
5.0
20.0
5.0
25.0
5.0
5.0
30.2
15.0
15.0
10.2
25.0
15.0
5.0
20.0
5.2
15.0
35.0
15.0
10.4
25.0
20.2
10.0
25.4
5.0
35.2
20.0
5.0
5.2
20.4
20.0
5.0
5.0
5.0
20.0
20.2
15.0
15.2
15.4
30.0
15.0
5.2
10.2
5.0
5.0
10.0
20.0
20.0
15.2
20.2
5.0
5.0
5.6
15.2
5.2
25.4
25.0
5.0
5.0
15.0
10.2
25.0
5.0
25.0
15.0
5.0
5.6
30.0
30.2
15.0
15.4
5.0
30.0
10.0
30.0
15.2
25.2
5.0
20.0
15.2
5.0
5.0
10.0
