20.166667
40.166667
15.1
35.1
5.066667
25.1
30.0
25.166667
10.0
20.0
5.0
5.1
10.033333
30.066667
10.066667
5.433333
10.0
15.133333
30.0
10.0
25.033333
5.0
20.1
10.1
5.033333
15.033333
20.066667
5.033333
10.166667
35.066667
45.166667
15.066667
25.066667
35.233333
10.033333
30.166667
35.0
15.1
25.333333
15.066667
5.0
20.066667
25.0
20.0
5.0
15.1
45.133333
15.133333
20.0
15.1
10.1
25.066667
25.066667
5.0
10.033333
25.033333
10.033333
5.0
30.166667
5.0
15.233333
25.166667
25.1
20.033333
25.033333
10.0
15.0
15.1
10.066667
5.1
35.166667
10.066667
5.066667
25.033333
20.0
5.0
20.166667
15.133333
30.0
30.1
30.133333
5.033333
10.0
15.0
10.0
10.2
25.066667
5.033333
5.0
10.1
5.166667
10.0
5.066667
25.0
20.133333
25.033333
30.166667
20.033333
15.033333
20.0
5.033333
30.066667
5.066667
10.033333
20.0
35.1
15.1
35.133333
20.033333
5.066667
25.033333
25.166667
5.0
15.033333
40.166667
5.066667
25.033333
35.266667
15.0
5.133333
15.0
15.1
5.0
10.066667
20.166667
20.233333
20.0
10.0
20.066667
30.0
5.066667
15.1
10.0
5.0
5.366667
20.1
5.033333
20.033333
30.133333
15.033333
40.166667
10.033333
5.033333
15.1
5.0
30.0
5.0
30.1
20.1
5.133333
45.1
5.033333
25.033333
10.033333
5.066667
5.0
30.1
30.066667
40.0
5.1
15.033333
20.0
20.0
15.033333
10.0
5.0
5.1
25.033333
5.033333
35.033333
20.1
25.2
30.033333
25.0
20.0
15.033333
15.0
5.033333
5.1
35.1
15.0
25.1
25.066667
5.0
25.166667
20.2
5.0
35.066667
5.1
5.066667
10.033333
5.033333
20.1
30.066667
5.033333
5.033333
25.066667
15.033333
20.0
25.0
25.0
20.0
15.0
5.1
5.0
5.033333
20.0
35.166667
40.066667
5.0
30.166667
5.1
5.066667
5.033333
15.066667
30.1
30.033333
25.033333
25.133333
5.0
30.166667
35.166667
5.033333
5.0
10.033333
10.366667
5.033333
20.033333
5.033333
30.066667
30.1
40.1
5.033333
5.033333
20.066667
40.166667
5.0
10.033333
5.0
5.0
20.1
5.0
30.066667
15.233333
10.3
20.0
25.266667
5.033333
15.0
5.033333
5.033333
5.0
25.0
5.0
5.0
35.0
5.1
10.0
15.0
20.133333
10.0
10.0
10.1
10.0
10.033333
25.066667
30.0
30.1
10.133333
20.0
25.166667
15.1
10.1
45.0
10.066667
15.033333
10.0
5.033333
15.0
5.0
5.0
25.066667
30.0
5.066667
5.1
20.066667
30.0
20.066667
10.0
20.033333
10.0
30.0
15.066667
30.066667
5.033333
25.0
10.033333
20.166667
5.0
5.0
25.033333
25.0
5.0
10.0
15.133333
15.0
5.066667
15.1
10.033333
15.033333
10.0
5.0
25.133333
25.033333
20.0
5.1
10.0
30.0
30.1
10.1
5.0
45.2
25.133333
35.133333
20.233333
15.0
30.0
35.2
20.0
15.2
5.0
20.0
20.166667
30.1
25.0
35.0
35.0
10.166667
30.033333
5.0
25.1
20.133333
15.0
15.066667
5.066667
20.0
20.066667
10.0
35.1
35.1
30.033333
10.0
15.0
10.0
25.033333
5.033333
5.033333
15.066667
15.0
15.033333
30.133333
15.0
20.033333
15.266667
20.0
45.2
20.0
30.133333
5.033333
10.033333
20.033333
15.0
5.0
15.033333
10.066667
25.033333
20.033333
10.266667
20.0
20.0
25.1
30.033333
5.0
45.1
15.066667
15.0
10.166667
5.033333
25.033333
25.0
10.0
20.066667
5.0
10.033333
25.0
35.166667
5.0
20.0
20.0
25.033333
20.2
15.0
35.0
20.0
10.066667
5.033333
10.033333
15.033333
5.1
30.266667
20.2
25.0
10.033333
30.1
30.033333
20.0
10.0
5.0
20.033333
25.1
25.033333
15.166667
20.233333
25.066667
15.133333
5.0
5.0
15.0
5.066667
5.033333
5.033333
5.0
10.1
30.0
30.133333
20.0
5.0
5.0
30.1
20.0
25.033333
5.0
5.0
5.0
15.066667
5.0
15.066667
5.0
5.066667
5.033333
5.133333
30.3
5.133333
20.0
25.066667
5.033333
5.033333
15.0
15.0
5.066667
10.0
5.0
10.0
30.033333
5.066667
30.0
15.0
35.0
20.066667
30.433333
30.033333
35.1
45.066667
5.033333
25.033333
10.0
5.0
25.033333
5.0
15.066667
10.033333
5.066667
5.033333
15.0
10.0
15.0
5.0
5.066667
20.2
5.0
15.0
15.166667
30.133333
5.0
35.0
35.033333
15.0
15.0
10.1
10.033333
5.066667
5.0
5.1
20.166667
15.166667
5.033333
5.066667
5.0
20.0
20.0
5.0
10.0
10.033333
5.0
5.0
35.0
5.066667
10.033333
40.066667
20.0
5.0
35.066667
15.0
5.0
15.366667
10.0
35.133333
30.0
25.2
5.066667
20.1
30.133333
5.033333
5.1
5.033333
25.366667
30.1
20.2
25.0
5.033333
15.1
15.0
20.233333
30.266667
15.033333
15.0
5.0
30.2
15.0
15.0
10.166667
15.1
40.1
5.033333
20.0
25.0
15.066667
5.0
25.133333
15.2
20.133333
5.066667
5.033333
5.1
30.033333
15.0
5.433333
20.2
5.033333
35.0
5.0
5.1
15.0
5.033333
15.0
15.0
20.0
5.0
10.033333
10.066667
5.0
20.066667
5.0
15.033333
20.033333
10.0
10.066667
5.266667
5.066667
20.233333
25.133333
15.0
20.233333
5.066667
5.033333
20.0
10.1
20.066667
15.033333
15.033333
15.1
10.166667
5.033333
20.066667
30.0
35.033333
30.0
10.066667
10.0
20.0
5.0
30.1
10.0
35.033333
30.066667
25.0
20.0
20.0
20.033333
25.3
15.1
25.033333
25.1
15.033333
5.033333
10.033333
20.066667
30.1
10.1
20.066667
15.2
15.033333
10.0
15.0
10.1
30.066667
20.233333
20.166667
15.0
30.1
15.0
10.033333
30.0
5.133333
25.0
5.0
30.0
30.066667
5.033333
5.066667
5.066667
20.066667
20.066667
30.166667
5.0
20.0
5.066667
20.0
35.1
5.066667
10.033333
15.0
25.066667
5.0
5.033333
15.033333
30.033333
15.0
25.2
5.0
35.0
15.0
10.033333
15.033333
5.033333
30.066667
20.033333
15.066667
40.0
5.0
20.066667
15.033333
25.033333
10.0
5.033333
15.133333
35.033333
5.2
5.366667
20.0
25.0
20.0
5.066667
15.166667
10.066667
5.033333
5.033333
35.0
20.0
20.0
5.0
5.0
15.166667
5.033333
15.133333
20.066667
15.033333
5.033333
20.233333
40.033333
10.066667
15.2
5.033333
25.066667
40.166667
10.1
30.2
5.1
30.033333
25.0
15.033333
5.0
20.166667
30.166667
5.133333
5.0
5.166667
35.0
5.0
35.133333
15.0
5.0
10.0
15.066667
20.066667
10.033333
25.033333
25.1
5.0
10.033333
5.066667
10.0
25.133333
15.033333
25.133333
15.166667
10.0
5.0
10.033333
5.033333
10.0
30.1
15.066667
10.0
5.0
30.1
5.0
5.066667
5.0
20.0
30.2
10.0
20.166667
30.166667
30.066667
25.0
25.066667
20.0
15.1
30.333333
5.0
25.033333
20.033333
5.2
20.066667
5.0
5.0
5.166667
10.066667
5.033333
15.066667
10.033333
10.1
5.0
5.0
5.0
25.0
5.0
5.1
25.0
10.0
5.2
5.0
20.066667
5.066667
40.0
10.1
20.033333
30.1
30.133333
25.166667
20.066667
15.1
30.1
20.0
10.233333
15.0
5.0
20.033333
30.0
25.066667
25.0
25.0
25.1
15.0
15.0
40.2
10.033333
30.1
5.066667
15.0
20.133333
20.066667
5.066667
30.066667
5.0
20.033333
5.0
15.033333
35.166667
30.066667
30.0
10.033333
35.033333
25.1
5.033333
25.0
10.033333
5.0
15.033333
20.033333
30.033333
15.166667
5.0
25.166667
20.233333
25.066667
10.1
10.0
20.066667
5.0
20.066667
10.033333
5.033333
5.0
25.0
15.0
25.133333
5.066667
15.033333
5.033333
30.1
5.0
10.0
25.2
5.033333
20.0
30.033333
25.033333
30.3
5.0
5.0
10.0
25.0
15.0
5.0
5.066667
40.233333
5.066667
20.0
25.233333
5.0
5.066667
20.0
5.0
15.0
10.2
5.033333
5.0
5.0
5.0
30.066667
5.0
25.1
5.033333
10.066667
5.0
10.033333
10.1
25.066667
5.066667
35.2
35.133333
5.066667
20.0
5.0
20.0
10.066667
10.0
35.166667
30.166667
15.2
20.0
25.033333
5.066667
5.033333
15.0
20.0
10.0
30.1
30.0
25.066667
5.0
30.166667
25.0
25.033333
5.0
20.0
30.233333
5.0
10.2
15.2
20.233333
5.0
25.266667
10.0
35.066667
15.133333
5.0
25.1
5.033333
5.0
5.0
10.066667
20.1
25.2
25.1
30.0
10.0
10.033333
10.033333
25.066667
25.033333
10.033333
15.0
5.066667
25.066667
35.0
20.1
30.0
5.0
5.033333
15.0
10.033333
5.0
15.033333
15.0
30.066667
5.0
10.033333
10.0
30.133333
20.166667
20.066667
10.033333
10.1
35.133333
5.066667
5.066667
20.133333
30.066667
5.0
20.033333
5.0
20.1
15.333333
25.166667
5.0
20.066667
30.0
5.0
25.1
5.266667
5.0
30.0
10.066667
5.0
15.033333
20.0
20.133333
15.066667
25.1
40.0
5.033333
10.133333
20.066667
20.133333
20.166667
15.0
20.0
15.133333
10.033333
10.033333
20.133333
5.0
10.433333
20.133333
5.1
20.266667
40.233333
15.0
5.0
10.133333
25.033333
25.033333
20.0
5.133333
25.033333
10.033333
15.033333
25.033333
15.033333
5.0
15.0
10.066667
30.0
5.0
30.0
25.133333
15.0
25.133333
20.166667
25.1
5.033333
5.033333
5.0
20.066667
25.0
35.033333
5.0
30.0
10.066667
10.1
5.0
5.033333
5.033333
10.033333
20.033333
20.0
25.1
30.0
25.1
20.066667
20.0
5.033333
10.0
25.233333
20.133333
5.033333
30.233333
10.133333
15.033333
10.033333
25.133333
40.033333
5.0
5.066667
25.133333
5.033333
5.0
5.0
10.0
5.0
10.066667
10.0
20.033333
20.0
5.133333
5.066667
20.2
15.1
25.033333
20.133333
10.033333
5.0
5.033333
20.0
5.033333
25.033333
5.033333
5.066667
5.0
20.033333
25.066667
35.033333
20.133333
20.133333
5.033333
25.1
15.066667
20.1
5.033333
10.033333
15.066667
5.066667
5.033333
30.0
25.0
20.033333
30.033333
10.033333
25.0
40.133333
5.066667
5.0
40.066667
5.0
5.0
20.033333
30.3
5.066667
25.0
20.0
5.0
20.0
5.0
5.066667
35.033333
30.166667
20.1
25.066667
30.266667
15.1
10.0
30.133333
20.0
5.033333
15.066667
10.0
20.033333
25.166667
5.066667
20.066667
20.033333
25.133333
30.0
25.2
5.066667
10.0
15.1
30.166667
15.166667
5.0
5.066667
5.0
15.0
5.1
15.166667
10.033333
5.0
40.133333
5.0
20.033333
5.0
20.133333
5.166667
25.1
25.166667
5.0
20.133333
5.0
15.133333
5.0
5.0
30.066667
10.033333
15.0
20.1
5.0
15.033333
15.066667
15.0
10.0
30.233333
25.066667
5.133333
15.133333
15.033333
5.0
30.033333
30.166667
5.0
10.066667
30.1
5.0
15.133333
15.266667
5.0
20.066667
5.0
5.166667
40.2
25.0
5.0
5.033333
5.066667
30.0
10.0
10.033333
10.033333
30.033333
30.066667
5.033333
20.033333
20.066667
5.0
15.033333
5.033333
20.066667
15.033333
10.133333
5.0
30.1
10.033333
5.1
20.1
25.266667
20.0
25.066667
10.0
5.166667
10.0
5.033333
25.066667
15.0
5.033333
20.066667
5.033333
5.0
10.066667
30.0
25.266667
30.0
10.033333
30.233333
15.033333
25.133333
15.0
5.0
5.0
10.2
20.1
15.066667
15.066667
10.0
5.0
15.0
10.033333
25.1
5.033333
20.066667
25.0
10.1
20.0
30.133333
20.066667
20.2
25.066667
20.0
5.0
20.0
15.033333
20.066667
5.066667
5.1
20.1
5.0
5.0
10.033333
35.1
10.033333
5.066667
5.0
20.0
20.0
10.066667
15.0
35.166667
15.033333
25.033333
20.0
5.0
5.0
5.066667
30.0
25.4
30.2
20.166667
15.066667
20.0
25.033333
5.133333
20.033333
25.1
5.0
10.033333
5.033333
20.0
5.033333
15.166667
20.066667
25.133333
10.0
25.133333
25.066667
5.0
15.066667
20.033333
25.0
25.0
5.133333
15.1
25.033333
20.0
15.0
30.066667
10.033333
35.2
35.1
20.1
20.033333
5.033333
10.033333
30.0
30.2
25.133333
5.066667
25.033333
30.066667
5.0
25.033333
25.066667
5.0
20.033333
20.066667
20.0
25.033333
15.066667
5.0
5.066667
5.033333
15.066667
25.033333
10.066667
15.0
30.2
5.033333
20.0
10.066667
5.166667
25.0
5.033333
20.1
25.033333
15.066667
10.0
5.2
20.133333
30.0
10.0
5.0
30.033333
10.0
10.066667
35.0
20.0
30.1
5.066667
5.033333
20.133333
15.1
15.0
15.033333
45.166667
20.1
35.033333
30.0
5.066667
15.0
15.0
25.033333
5.0
20.033333
5.0
20.0
5.133333
10.233333
5.0
35.133333
5.0
10.166667
10.0
5.0
20.133333
20.1
15.1
30.033333
25.033333
15.0
15.033333
15.0
35.133333
15.033333
5.033333
20.033333
5.0
5.0
20.066667
10.166667
15.133333
5.033333
10.033333
5.0
25.0
10.0
15.0
5.033333
5.0
5.066667
25.0
25.166667
15.066667
5.0
30.0
20.066667
15.233333
15.066667
5.0
10.166667
5.033333
5.066667
30.0
25.066667
5.033333
30.166667
5.066667
15.033333
5.033333
35.0
30.166667
5.0
20.0
25.066667
15.066667
5.033333
20.0
15.033333
10.033333
15.033333
25.0
20.166667
25.0
5.0
10.0
10.0
5.0
10.033333
20.133333
20.066667
25.0
25.066667
25.1
20.033333
25.166667
25.0
25.166667
15.066667
5.033333
15.133333
30.233333
5.066667
10.1
15.0
15.066667
20.0
20.066667
5.0
20.0
5.0
25.0
30.233333
20.033333
5.066667
15.033333
40.033333
25.033333
5.033333
35.1
15.0
10.133333
30.2
5.066667
5.066667
25.066667
20.033333
15.066667
5.033333
25.066667
20.066667
30.1
15.233333
10.066667
5.066667
15.1
10.133333
5.033333
25.0
15.0
5.0
35.033333
5.033333
15.0
10.033333
25.1
25.2
30.066667
20.0
10.0
5.166667
15.0
20.033333
25.1
10.1
