1.03427144
1.007309746
1.0017416433333333
1.0141958500000001
0.9906281246666667
0.9987018626666666
1.0035673753333334
1.007061748
1.0134181106666666
1.0059884986666665
0.8964657266666667
1.0121404273333332
1.0150707353333335
0.9889743593333332
1.0013329359999998
0.9932971693333333
1.0004699093333334
1.0103903493333335
1.0100101813333333
0.9892590973333334
1.016632494
0.9792000586666666
0.9985161159999999
1.014112036
1.0007729653333335
0.992723202
0.9920238586666666
0.9700112466666666
0.9994222846666666
1.0078415826666667
0.9760956546666666
1.011794694
0.9973567626666666
1.00031845
0.9730329173333333
1.0055527766666668
1.0352062706666667
0.9899317286666666
1.00833847
1.0088950920000002
1.0004349526666667
1.006754872
0.9756854373333333
1.0125341353333333
1.0035790999999998
1.0306354946666667
0.9774284666666667
1.006896484
0.9702522893333333
1.006566118
1.0041422166666667
0.9963272006666666
1.0031806079999999
1.0157429040000001
1.0064599746666667
1.0187062206666666
1.004694214
0.9884849933333333
1.0019987160000001
0.9739265286666667
1.0157429040000001
1.0144593553333334
0.9766283433333333
0.9883030273333334
0.9734188446666667
1.007711526
1.0122597006666667
1.0074515146666665
1.0092269886666667
1.0013796286666667
1.0026887893333332
1.0096777693333334
1.006365644
1.032270362
1.0043418053333333
0.999934182
1.0344707286666668
1.0076524206666666
1.0028526753333333
1.0051056706666666
0.974224764
1.0002602086666668
1.012379002
1.0100220573333332
1.022075888
1.0061063259999998
1.0150347513333333
0.9936418686666666
1.0086818446666665
1.0108302746666666
0.9990387046666667
0.976317538
1.01081838
1.0073451846666668
0.9781853433333334
1.0103071633333334
0.9745895226666667
0.9757186853333333
1.009428604
0.9736726206666667
1.012605752
1.0094523286666666
1.0090610133333333
1.0101527106666668
1.0103784646666667
1.0178733033333334
1.0130476093333334
1.0142317746666667
1.010449776
1.0064363906666667
0.9728676133333334
1.0075460486666665
0.971525226
1.0102121099999999
0.998829604
1.0057058246666668
1.007061748
1.0188391306666666
1.0325681679999998
1.0124147973333333
0.974467906
1.0004233013333335
0.977873546
1.0048117386666666
1.0107232306666667
0.9952997613333333
0.986793024
0.9907880913333333
1.0374442433333333
1.0038605793333333
1.0009828806666665
0.9957612693333334
1.00877661
0.9945161786666666
1.0098202053333334
1.0038605793333333
1.126120504
1.0117470253333332
1.0044709933333333
1.009559104
1.0041539546666667
0.988894662
1.0260681333333335
1.0128684313333334
1.0103071633333334
1.008267456
1.0013679553333332
1.009381158
1.018488806
0.9982260253333334
1.0065425286666667
1.0070853613333333
1.0256270926666666
1.0016715553333333
0.9739044446666667
0.9703180486666667
1.0347822713333332
0.977272784
1.0447373046666666
0.996916914
1.0014146506666666
1.00431832
1.0124983313333333
1.000924562
1.0114134686666667
0.9945046646666666
1.009250704
1.0028878006666666
0.9727133806666667
1.0039661746666668
0.9982376253333334
1.0147829353333333
1.0041422166666667
1.0115683066666668
1.0007146706666668
1.0106280993333334
1.004647212
0.9981564286666667
1.0083147973333333
1.0356431033333333
1.0083976559999999
0.9692560246666667
1.0025951646666666
1.0066486886666666
1.0048470013333335
1.0112229640000001
1.011270584
1.0065543226666667
1.0340846766666667
1.0119138853333334
1.0060709753333335
1.001111206
1.0045884653333332
1.0081727866666668
1.0041070033333335
1.001916906
1.0075578666666667
1.0069200893333334
1.0084450093333333
0.9709761373333334
1.0134420233333334
1.03536848
1.0044827393333333
0.9991200453333332
1.0067312733333333
1.0088950920000002
1.0161274006666665
1.0046119633333332
1.007676062
1.004060056
1.0116278726666665
0.969781272
1.0343461646666667
1.0117708586666665
0.9762953446666667
1.0083266333333332
1.011365836
1.0032977786666668
1.0034149766666667
0.967901766
0.9836291026666666
1.0014146506666666
1.0049528046666667
1.0343212553333332
1.0054703846666666
1.0369558166666668
1.0053056426666667
0.9741474266666668
1.0041774326666666
1.01050921
1.016440018
1.0171983126666668
1.0035908253333334
0.9990968039999999
1.007404254
0.970866394
1.0123074173333333
1.0379582146666666
1.0005165213333334
0.9995385786666667
0.971931952
1.0144833173333334
1.011068232
0.9991432880000001
1.0066486886666666
1.003192324
1.0114491966666666
1.0052585833333332
1.0072979340000001
1.007203446
1.0309076126666668
1.008196452
1.0740774733333334
1.02679177
1.0043418053333333
1.0135735633333334
1.0115206593333335
0.9991432880000001
0.9767504993333334
1.0128087193333335
1.013202948
1.0042243906666666
1.0099151846666667
1.009998306
1.0080426446666666
0.9694857499999999
0.99488477
1.027946794
1.0089069413333334
1.0085752553333334
1.012176206
0.9998410706666667
1.0045649686666667
1.0048352466666668
1.014794924
1.0145432266666667
0.9942974573333333
1.00256006
1.0095828346666667
1.01043789
1.002384572
1.011365836
1.0063538539999999
1.06559006
0.996627752
1.0090373066666667
0.9724711133333334
1.0330276226666666
1.005317408
1.0042243906666666
1.00210392
0.9992943919999999
1.0033329353333333
1.0370309293333333
1.0088358473333332
1.0076524206666666
1.0107113380000001
1.0078652326666666
1.0087410713333334
1.000073882
1.0044709933333333
1.008847696
1.0107945906666667
1.0090136013333335
1.0100933186666665
1.0114372873333333
1.0100220573333332
1.008054474
1.011985414
1.00431832
1.000831266
1.0096421666666666
1.0045414733333333
1.00813729
1.0042713533333334
0.9945967846666668
0.9774062233333334
1.0103784646666667
1.0165482766666667
0.9753530819999999
0.9726583093333334
1.0162957093333334
1.00323919
1.0019402786666667
0.9737940386666667
1.0123432086666666
1.0088003046666667
1.0086818446666665
1.009416742
1.008978046
1.0059178153333335
1.015478732
1.0036142766666667
1.0089543433333332
1.01167553
1.0118304486666665
1.0114491966666666
1.0087647633333332
0.9779848793333333
0.9965930633333334
1.015863028
1.0052703473333333
0.9785753693333333
1.0019519653333333
0.9939868073333333
1.0106280993333334
1.007711526
1.0146510813333334
1.0106518806666667
1.0062831193333333
1.0102239906666668
0.997021054
1.0162836853333332
1.011330114
1.0046824633333333
1.00813729
1.0319355353333333
1.0323323906666666
1.0152146966666666
1.0318115806666666
0.9997014366666668
1.0085752553333334
0.9737940386666667
1.0044592473333334
1.0126654400000001
1.0118900446666665
1.0195526033333333
0.9732644366666666
1.01485487
1.0064717673333332
1.0045649686666667
1.000877912
1.0065779126666667
1.0072979340000001
1.0076524206666666
1.0346077846666668
1.0113539286666668
0.9696827446666666
1.0077351706666666
1.0304500413333333
1.0128684313333334
1.006601504
1.0097252433333332
1.0056234086666667
1.0085278893333334
1.002747314
1.002770726
1.0088595446666666
1.0320843206666668
0.9999574626666666
0.9749102933333333
0.968076296
1.0101051966666668
1.0156588346666668
1.0004815613333333
1.009143994
1.010402234
1.0089898973333333
1.0048705113333334
1.015106722
1.0115444826666666
0.9990038486666667
0.9746669306666667
1.0187907953333333
1.014028236
1.075354856
1.0157068726666667
1.0088358473333332
1.0112586786666666
0.977506326
0.9910738746666666
1.005517464
1.0049880773333333
0.9834939593333334
1.0095828346666667
1.0082201193333333
0.9742137153333333
1.0103784646666667
1.0113182073333333
1.0141479546666665
1.009381158
1.01181853
1.009938932
1.0036142766666667
0.9761622093333334
1.0063066966666667
1.0007846246666667
1.0107351233333335
1.0060356266666666
0.9952075113333334
1.095487246
1.0083147973333333
0.97508736
0.9741142853333334
1.0062123946666668
1.002747314
1.01350181
1.000889574
0.99533436
1.0112467733333332
1.0097964626666667
0.9976231760000001
1.0074987793333332
1.0043770353333332
1.0036260026666668
0.9650635993333334
1.031229392
1.0104260046666667
1.008160954
1.0056705019999999
0.9974146666666667
0.9958305326666667
1.0076642413333334
1.009701506
1.0117231919999998
1.0218084113333332
1.0120092593333334
0.9984696900000001
1.0055527766666668
1.0085397306666668
1.0111396406666666
1.0097845926666666
1.01050921
1.032419244
1.000831266
0.9659426266666666
1.002876092
1.027098704
1.008551572
0.9734409066666667
1.0137290633333333
0.9977042859999999
1.0121523533333334
1.005505694
0.9797808413333334
1.0019636526666666
0.9881324946666666
0.9979476966666666
1.0119138853333334
1.0061181106666666
1.0111396406666666
1.0008429273333332
1.000341748
1.0364678486666667
1.0199157693333334
1.0104735486666667
1.0119734919999999
1.006636892
0.9811909846666668
1.0644148886666667
0.99743783
1.006094542
0.991668832
1.0064363906666667
1.0137649546666667
0.9786311126666666
1.012701256
1.0094760546666666
1.0367180313333333
1.01295204
1.0044122673333333
0.9986902513333333
1.0047177166666668
1.011330114
1.0071325919999998
1.0250151653333335
1.0299681766666666
1.0109611373333334
1.0000156686666666
1.0380585606666666
1.0068020713333334
1.0025951646666666
1.010140832
1.0100814413333332
1.007510596
1.0034032560000001
1.009416742
1.0055998633333334
1.0024196646666665
1.0134539806666667
1.0311798746666667
1.0119734919999999
1.002700494
1.001227894
1.0005165213333334
1.0136931746666666
1.000889574
1.0030400393333332
1.0112586786666666
0.9986902513333333
1.0088595446666666
1.016825042
1.0031337473333333
1.0059884986666665
0.9791330893333334
1.0014380006666668
1.0032509073333333
1.0127848366666667
1.0111753493333333
1.0062831193333333
1.0303758793333333
1.0303511606666667
0.9700769733333333
1.0115921326666666
1.0010762046666668
1.011794694
1.0310684773333334
1.009143994
1.0156588346666668
1.009938932
1.0100814413333332
1.0128684313333334
1.0112824893333332
1.0004466046666667
1.0029931920000001
1.0004349526666667
1.0116040453333333
1.0098320766666666
1.0036142766666667
0.9998527086666666
1.0102239906666668
1.0088832426666665
1.0158390006666667
1.0054350786666668
1.0100695640000001
1.0252231386666668
1.0107589093333333
1.0133344253333334
1.0051056706666666
1.0130476093333334
1.00517624
0.9952766973333333
1.031377974
1.003497032
1.003075178
1.0194195073333334
1.0072506879999998
1.0079835006666666
1.0045767173333333
0.9934005539999999
1.013681212
1.0146630666666667
0.9968937753333333
1.0100695640000001
1.0093692973333332
1.011092034
1.0080781346666665
1.0033094973333334
1.0103428126666667
1.009262562
1.0087647633333332
1.0152746926666667
0.9894528126666667
1.0100933186666665
1.049819072
1.0145911593333334
0.9922759673333333
1.0042126506666667
1.0166926573333332
1.0095828346666667
1.0014263253333333
1.003696364
1.0070971686666668
1.0115802193333334
1.0039896433333333
0.9764063193333333
1.009428604
1.0098320766666666
1.014315608
0.9743021146666667
1.0110563313333334
1.0118781253333333
1.0099151846666667
1.0029697693333333
0.9997596126666667
1.0126654400000001
1.0079361900000001
1.005847142
1.009262562
1.0369933713333332
1.0076997046666667
1.016163462
1.0187303833333334
0.96731319
1.001052872
1.0025132573333333
1.0060356266666666
1.009250704
1.01196157
1.012701256
0.9983768513333333
0.9876098959999999
1.00256006
1.0114611066666666
1.0104141193333334
1.0092032746666668
1.0128326033333332
1.0086581566666668
1.0052703473333333
1.0282544193333334
0.9990503239999999
1.002782432
1.0051527153333333
0.9925970179999999
0.9975768326666666
1.0112824893333332
0.98882636
1.0079835006666666
0.976439616
0.9798255453333333
1.015478732
0.9750209526666666
0.9971483653333333
1.008551572
1.0095116453333333
1.0057293753333334
1.0154067086666667
1.0106280993333334
1.011854286
0.996465894
0.9984348733333333
1.0128326033333332
1.0039661746666668
1.0054350786666668
1.0123909333333332
1.0092151313333333
1.001566442
1.001858478
1.012605752
1.0152146966666666
0.9811797766666667
1.0038605793333333
1.0109135473333335
1.0114491966666666
0.9979592906666667
0.9996549
1.0050115933333332
1.0108778573333335
0.9769504573333334
1.010283398
1.0048352466666668
1.0118900446666665
0.9914399180000001
0.9894414153333334
1.0040835293333332
0.9999923853333333
1.0175477493333334
1.0042713533333334
1.01140156
0.9751427073333333
1.0098676926666668
1.0077351706666666
1.0065425286666667
0.996928484
1.0301905199999999
1.011782776
1.0072388773333334
1.0073333713333332
1.0116159586666666
1.0106043193333334
0.9948502026666667
0.9975536626666667
1.0039192406666666
1.0066132993333334
1.010687554
1.011389652
1.0100933186666665
1.0095947006666668
1.010271516
0.9984000593333333
0.999724706
1.0053880066666667
0.999027086
1.006625096
0.9759071340000001
1.0117231919999998
1.0067076766666667
0.996142336
0.9742689626666667
1.0004932146666667
1.00197534
1.003075178
1.0122954880000001
1.0104616626666667
1.0361177966666668
1.0106518806666667
1.0153226946666667
1.001286248
1.0108659613333333
0.9783747453333334
0.9944701239999999
0.9992827666666667
1.0087410713333334
1.006837474
1.0116874453333333
1.024929554
1.0031571773333334
0.9941133453333334
1.0037315486666667
1.0106043193333334
1.0067784706666667
0.9965468160000001
1.0080781346666665
1.0018000573333334
1.010532986
0.9960268306666666
1.0195163006666668
1.0067194746666668
1.0139564186666667
0.99862059
1.0281436526666667
1.0099033106666668
1.0017766906666667
1.00869369
1.0102952806666667
1.009748982
1.0028409673333334
1.007203446
0.9994339126666667
1.0074987793333332
0.9733636933333334
1.0071089766666668
1.0201580239999999
1.008480528
1.0332015773333332
1.0098202053333334
1.0070263293333335
1.0191896953333333
0.9777511086666667
1.0079125366666668
1.01181853
0.9998410706666667
1.014327586
1.006589708
1.007309746
0.996523694
1.009120284
1.0000622386666667
1.0066132993333334
1.0095828346666667
1.0015430866666668
1.0048822666666666
1.006177036
1.013382244
0.9985857633333334
0.9921269786666667
0.968065386
1.0074869626666667
1.0125102659999998
0.995230572
1.0106162093333333
1.0097964626666667
1.0105924293333335
0.9739486140000001
1.0033329353333333
1.00877661
1.0024898573333334
1.028266728
0.9739375713333334
1.0014730266666667
1.0135735633333334
1.005023352
0.9677163959999999
1.001765008
1.0050821493333333
1.0036611819999999
1.0013095913333334
1.006294908
1.0094760546666666
1.0108778573333335
1.0065189399999999
1.0122954880000001
1.0106399893333333
1.031464666
1.0315513726666667
1.0241230613333334
1.0024313626666668
1.005023352
1.0066722833333333
1.0091558493333335
1.0057882553333335
1.0076169606666667
1.0051644773333335
1.027996002
1.010747016
1.0016481953333334
1.0035204786666667
0.999027086
1.0036260026666668
1.0384350326666667
1.008160954
1.0060827586666665
1.0097252433333332
1.0073569980000001
0.9975304939999999
0.9926773126666667
1.0035673753333334
1.0034266980000002
0.9893616426666667
1.0722273026666667
1.0116517006666665
1.0080899653333333
1.0083621433333332
0.97569652
1.0137410266666667
1.0026770853333333
1.0106637713333333
1.0052350553333333
0.9905824293333333
1.0126415633333332
1.0188512146666666
1.0114491966666666
1.0018351093333333
1.0107708026666666
1.0129759306666666
1.0091914180000001
0.9714263439999999
1.0087410713333334
1.008551572
0.9700988846666667
1.0068610766666668
1.014279678
1.0114372873333333
1.0053880066666667
1.0009828806666665
1.0009012366666665
1.0086581566666668
1.002747314
1.0088239993333332
1.0110206313333334
0.97576302
1.0072270666666667
0.955668928
1.016379884
0.9677709093333333
1.0100220573333332
0.9732975199999999
1.0123074173333333
1.0119734919999999
1.007061748
1.0080308153333333
1.008468688
1.0113539286666668
1.0099033106666668
1.0077469926666667
1.000143746
1.0127848366666667
1.01081838
1.0126176886666667
1.0063538539999999
1.0082082853333334
1.0067194746666668
1.0128206613333333
0.971536214
1.0340971253333333
1.0070381353333333
1.0089069413333334
1.01050921
0.9792223833333334
1.0043887786666665
1.0029697693333333
1.0107589093333333
0.978653412
0.999515318
1.0107708026666666
0.9985161159999999
1.0125222006666665
1.0101051966666668
1.009250704
0.9965583773333333
0.9869744340000001
0.9928264666666667
1.0112348686666666
1.0146151273333333
1.0064953533333334
1.0082437866666667
1.0048705113333334
1.0097252433333332
1.009654034
1.0115802193333334
1.0026770853333333
1.0109492393333332
1.0324440613333332
1.005458616
0.970153666
1.0089424926666668
0.9980984386666667
1.0088358473333332
1.0270741426666667
1.0074515146666665
1.0005281746666665
1.0109373413333334
1.012892318
1.0054468466666666
1.0107826966666666
1.0054821539999999
1.0048705113333334
1.00517624
0.971745036
1.015562772
1.0020454706666666
1.0127848366666667
0.9730108733333334
1.0095947006666668
1.0019987160000001
1.0048705113333334
1.009665902
1.0055527766666668
1.0042948360000001
1.0156468253333335
1.0050351113333333
0.977083808
1.0118304486666665
1.0135855233333333
0.9748107206666667
0.9714153586666666
1.0092269886666667
1.0038136553333334
1.0024664586666667
1.0052232913333334
1.0091914180000001
1.0092862793333333
1.006990914
0.9747111693333333
1.0102358713333333
1.0103309293333333
1.0082082853333334
1.0048705113333334
0.9875985413333332
1.0040717926666667
0.9820098306666667
1.011794694
1.0104973226666667
1.000574792
1.002864384
1.0023611786666666
1.0130356619999998
1.0134181106666666
1.0022442266666667
1.0107232306666667
0.9781964826666667
1.0069082866666665
1.0075815033333333
1.0098795653333332
1.00746333
1.0000156686666666
1.0103428126666667
0.9996781680000001
1.0074396986666667
1.0188995553333333
1.0102121099999999
1.010140832
1.0114849266666668
1.013382244
1.0008196053333334
0.9986438093333333
1.0065071466666666
1.0001321013333333
1.009416742
1.008812152
1.003192324
1.0046707126666667
1.0025483586666666
1.008847696
1.009333716
1.0083739806666667
1.0067194746666668
1.006023844
1.0112943953333333
1.010319046
1.016211548
1.0086344693333333
1.003145462
1.0095947006666668
1.013932482
1.0151307146666666
1.00063307
0.9728345593333333
1.0265095533333333
1.0087647633333332
1.0111158366666666
1.0120688766666668
1.0050821493333333
0.9707566753333334
1.0114849266666668
1.0126415633333332
0.98294251
1.009808334
1.0112229640000001
1.0105924293333335
1.0090965746666667
1.007510596
0.9997479766666667
0.995553538
1.0226356093333333
1.0103309293333333
1.0064599746666667
0.9746005799999999
1.009998306
1.0037432773333332
1.0267672233333334
1.0107351233333335
1.0183439153333333
0.9732203293333334
1.0100339333333332
0.9743131653333333
1.0070971686666668
1.010747016
1.0119973366666666
0.998179626
1.0137769193333332
1.0038136553333334
1.0141240086666667
1.0037667353333333
1.009760852
1.0148069126666666
1.001286248
1.0096303
1.015106722
1.0157549153333332
1.0086344693333333
1.009120284
1.0109373413333334
1.0048352466666668
1.0087292253333333
0.9996432666666666
0.9998992633333333
1.00086625
0.9755303099999999
0.996986338
1.0033563746666667
0.969606126
1.0116278726666665
1.011365836
1.0093574366666667
1.0041187406666667
1.0094760546666666
1.0072388773333334
1.0491779453333334
1.009938932
1.0003883486666667
1.0142916546666667
1.00648356
0.9774173446666667
0.9773394993333333
1.0289071933333334
1.0075815033333333
1.0144114353333333
0.97588496
1.0315761486666666
1.0320223213333333
1.0070971686666668
1.0088358473333332
0.9952190413333333
1.0038723113333334
0.9947119586666666
1.0192985406666666
1.00859894
1.0015314093333334
1.0095828346666667
0.9629755600000001
0.9740811466666667
0.9708554206666666
1.0061063259999998
0.9973567626666666
1.009654034
0.9789657066666667
1.0087410713333334
1.0075578666666667
1.0194316053333334
1.0119734919999999
1.0041187406666667
0.9979361026666667
1.0092388460000001
0.9971946679999999
1.0042009106666665
0.9774284666666667
0.9979592906666667
1.0107589093333333
0.9959113519999999
0.9905595833333334
0.9956573926666666
1.0090728666666666
0.9744789606666666
0.9980752446666667
0.9689826833333334
1.00021362
0.9961769926666666
1.0118304486666665
1.012701256
0.9972872873333334
1.016379884
1.0511422653333333
1.0096421666666666
1.0069200893333334
1.0112586786666666
1.0059295953333334
1.0123074173333333
0.9697374793333333
1.0144473746666667
1.0113539286666668
1.0012512346666667
1.0005514833333333
1.0025249573333335
1.0092269886666667
0.9993408946666666
1.0096065666666667
1.004600214
1.007404254
1.0088595446666666
1.003497032
1.0114372873333333
0.9966161886666667
1.0317000473333333
0.9973799233333334
1.0037784646666668
1.0088595446666666
1.0371561413333334
1.009487918
1.0046707126666667
1.006177036
1.00041165
1.0107351233333335
1.0102002293333334
1.0094997813333333
0.9990154673333334
1.010532986
1.013513768
0.975264492
0.97377196
1.0081727866666668
1.0337984366666666
1.0096065666666667
1.0023026993333333
1.0144353946666667
1.0072270666666667
1.0068610766666668
1.010687554
1.0091795613333334
1.0153226946666667
1.0045884653333332
0.97600693
0.9763397313333333
1.0082911259999998
1.0073924393333333
0.9999458219999999
1.0102952806666667
1.009701506
0.996142336
0.967912672
0.9992478933333333
1.0112467733333332
1.005517464
1.0012745766666666
1.0099745553333335
1.008018986
1.002536658
1.0038488479999998
0.9918405873333332
1.0097252433333332
1.0001204566666666
1.010687554
0.9827288486666667
1.0025483586666666
1.0082792913333334
1.0091321386666667
1.0103665800000001
1.0080899653333333
1.0086463126666665
1.0122358433333334
1.0091914180000001
1.0121285013333332
1.0150467459999999
1.0170778733333332
1.0116278726666665
0.973099054
1.0094997813333333
1.0014496753333333
0.9883030273333334
1.0069200893333334
1.008551572
0.9981912253333334
1.0053880066666667
0.9951037500000001
0.9976231760000001
1.0072979340000001
1.000365048
1.0071325919999998
0.9746226960000001
1.004964562
1.013788884
1.0102239906666668
1.0083976559999999
0.9995734726666666
1.0131192980000001
1.0035439266666668
1.035044112
1.007829758
1.0178491806666665
0.9926428993333334
1.0076169606666667
1.0090254539999999
1.0078415826666667
1.011365836
1.01167553
1.0096421666666666
1.000271856
1.0016481953333334
1.0087410713333334
1.0106043193333334
1.011425378
1.0032743426666666
0.9705592446666667
1.0095709693333332
1.010259634
1.0082082853333334
1.005493924
1.0111277386666668
1.0160192313333334
1.0134420233333334
1.0071444006666668
1.0045649686666667
1.0087292253333333
1.00859894
1.0096184333333333
1.013561604
1.0105210980000001
1.0159471313333333
1.0033680939999998
1.0097371126666668
0.9760623813333333
0.9706360133333333
0.9955189246666667
1.012450596
1.0054821539999999
0.9715032506666667
1.0087647633333332
1.0100220573333332
1.005835364
1.000376698
1.0091677053333332
1.006177036
1.008054474
1.012701256
1.0329282466666667
1.0083147973333333
1.0074278833333332
0.9944931513333333
1.0063066966666667
1.0085397306666668
0.9694748086666667
1.038234214
1.0107945906666667
1.0134659373333335
0.9673458699999999
1.0033915353333334
1.0032626246666667
1.009665902
1.0204488813333334
1.0074278833333332
1.0137410266666667
1.0138367453333335
1.013860678
1.0133702893333334
1.0110801326666667
1.0088239993333332
1.0048470013333335
1.0026068666666668
1.0053762400000001
1.0040717926666667
1.0096065666666667
1.0084331706666667
1.0121046506666667
1.004060056
0.9763508286666667
1.0088713933333333
0.9726032440000001
0.9938488033333333
1.0092388460000001
0.9762731533333334
1.0023728753333334
1.0151427113333333
1.0120450286666667
0.9992478933333333
1.0089661939999999
0.970899314
1.0083266333333332
0.9727574419999999
1.0109730353333333
1.0095709693333332
1.0112348686666666
1.0075933226666667
1.0124625293333334
1.0096896373333335
1.0092744206666666
1.010747016
1.0041187406666667
1.0080781346666665
1.0067784706666667
1.0092269886666667
1.0170537886666666
1.034732412
0.968807826
1.0100814413333332
1.012176206
0.9998643473333333
0.9787649226666667
1.0040365839999998
1.0092269886666667
1.009120284
0.9684583006666667
1.0010178753333332
1.006023844
1.01084217
1.0125222006666665
1.0005398286666667
1.0100576866666666
1.011068232
1.0059531560000001
1.004095266
0.9848696493333333
1.0123909333333332
0.9737829993333333
1.0109611373333334
1.0095947006666668
0.99915491
0.991577254
0.9732093033333333
1.019105054
1.0046119633333332
1.0285129659999999
1.009298138
0.983527742
1.0025015573333333
0.9719209546666666
0.972999852
1.0051527153333333
1.002291004
1.0114849266666668
1.0026068666666668
1.0128087193333335
0.99828403
1.0040248486666665
1.0003300986666666
0.9996781680000001
0.9893046706666667
0.9053949506666666
1.009808334
1.0009712166666667
1.008492368
1.0089898973333333
0.9757076026666667
1.0064128073333334
1.0035790999999998
1.0071798273333334
1.0008545886666667
0.9729778093333332
0.972162948
1.0115325706666667
1.0115802193333334
1.00275902
1.0088832426666665
1.010532986
1.0100339333333332
1.0329406673333332
1.00813729
1.0122835586666667
0.9731431506666666
1.0104735486666667
1.0100220573333332
1.0013913026666668
1.0024898573333334
1.0074987793333332
1.0118304486666665
1.0046707126666667
1.009748982
1.0284390826666665
1.003192324
1.036092802
1.0022559206666666
1.0093574366666667
1.0036846366666667
0.9982376253333334
1.0112943953333333
1.0096303
1.0072388773333334
1.0127370746666666
0.9730329173333333
1.008160954
1.009143994
0.970866394
1.009998306
0.999596736
1.0114491966666666
0.9958305326666667
1.0123551393333334
1.0094760546666666
1.00205716
0.9871105353333334
0.9998876246666667
0.9762620573333334
1.019540502
1.0022325326666668
1.0111515433333333
1.0072743106666666
1.0124863966666666
1.013788884
1.005023352
1.009950806
0.9731762260000001
1.0100933186666665
1.0126654400000001
