1.0040835293333332
0.999631634
1.003696364
0.9875758326666667
0.9933546026666666
1.0070027186666666
1.0129400946666667
0.9985393306666667
1.0131909973333333
1.015010764
1.002653678
0.9990968039999999
1.0002485606666667
1.0012512346666667
1.003321216
0.9543735520000001
1.0116517006666665
1.0099033106666668
1.0095353740000002
1.0028409673333334
1.006177036
0.9758184433333332
0.9892932766666667
1.005140954
0.9997014366666668
1.0304871266666666
0.9743131653333333
1.0120808013333333
1.0118900446666665
0.9925970179999999
1.0052232913333334
0.9679563
1.003696364
0.9758517
1.0058824773333335
0.9967087
1.0130954006666666
0.9963156446666667
1.014052178
1.00569405
1.007203446
1.0047882313333334
1.0110325313333333
1.0077351706666666
0.9688733906666667
0.999480428
1.0047882313333334
0.988758068
1.0009712166666667
0.995542
1.0024430613333335
0.9883712566666667
1.0039779093333334
1.0111277386666668
0.999631634
0.9720859373333333
0.9936533626666666
1.0040013779999999
1.0206550053333334
0.97473329
0.9731431506666666
1.0023494819999998
0.9967433966666668
1.0079716726666668
1.002653678
1.011985414
1.0111396406666666
1.0057293753333334
1.0383597166666667
1.0029112193333334
0.99488477
1.0160432666666668
1.0347822713333332
1.0369432986666667
0.9716571
1.0103309293333333
1.0102952806666667
1.0089543433333332
1.007168018
0.9991897766666666
1.0106637713333333
1.0079598446666667
1.0125938146666666
1.011377744
1.027258382
1.0135496446666665
1.0060827586666665
0.9731982773333334
1.0173067326666665
0.99814483
0.999596736
1.00569405
1.0003300986666666
1.0112943953333333
1.004647212
0.9686985726666667
1.0161153806666667
1.01350181
1.0108778573333335
1.0086107826666666
1.0077469926666667
1.0029931920000001
0.9992478933333333
1.0093218566666666
1.01084217
1.0068846813333332
1.0007263293333333
0.9934005539999999
1.0031688926666666
1.0113063013333334
1.005800032
1.008385818
1.010319046
1.007510596
0.99116536
1.0076997046666667
0.9976579360000001
1.0025717613333334
0.9985161159999999
1.007120784
1.000341748
1.0053056426666667
0.9959459926666667
1.0083739806666667
1.008267456
1.0080071573333333
1.0067784706666667
0.9981564286666667
1.0022793093333333
1.0090136013333335
0.966921204
1.0171862673333334
1.0076642413333334
0.9993060173333334
0.9257691906666667
1.0046119633333332
1.0080071573333333
1.0053291739999999
1.0036729093333334
0.997634762
1.0114849266666668
0.9975189099999999
1.01220006
0.9996549
1.0134539806666667
1.008385818
1.0128087193333335
0.9978897306666666
1.005517464
0.99945717
1.0082556213333334
1.0096421666666666
1.004506232
0.9691248013333333
1.0099745553333335
1.0360178246666667
1.0049528046666667
1.0079835006666666
1.010747016
1.0055527766666668
1.0008429273333332
1.010271516
1.0113539286666668
1.0121165760000002
0.993021582
0.972394054
0.9985045093333333
1.007215256
1.0011228733333335
1.0111515433333333
0.998179626
1.0111277386666668
1.1179715746666667
1.0068728786666667
1.0153346953333333
1.0027121986666665
1.0114968373333333
1.0118423673333334
1.0041304786666667
1.003145462
1.0082437866666667
1.006813872
1.0042713533333334
1.027663942
1.0028409673333334
1.0143036313333333
1.005847142
1.0008079453333334
1.0107945906666667
1.0067312733333333
0.9717340426666666
1.0062006079999999
0.995622772
0.9978897306666666
1.0043887786666665
1.0026419746666666
0.994631334
1.0098202053333334
1.0090728666666666
1.01043789
1.00534094
1.0144713360000002
1.0098320766666666
1.008066304
1.0175477493333334
1.0107589093333333
1.0117231919999998
1.001858478
1.012247772
1.012892318
0.986634344
1.0216018213333333
1.0013446086666666
0.989019906
0.9912111093333333
1.0304376806666666
1.0077469926666667
1.0052585833333332
1.000924562
1.0114491966666666
1.0056469546666666
1.0088713933333333
1.0033094973333334
1.005658728
1.002770726
1.0010995386666668
0.9999109026666667
1.036780596
1.006625096
1.0053762400000001
0.9730439393333333
1.0110206313333334
1.006094542
0.9930560220000001
0.99636187
1.0284760233333332
1.008066304
1.0036260026666668
1.0298200006666667
1.009843948
1.0014613506666665
1.0113539286666668
1.0044005226666666
0.9845310079999999
1.003930974
0.9720419366666667
1.0109016499999999
1.0097133746666667
1.012331278
0.9991084246666666
1.036843168
1.0098320766666666
1.0098676926666668
0.9870765066666666
1.0043652913333334
1.0073569980000001
1.0018234246666666
1.0112824893333332
1.0049292906666667
1.009440466
1.013238802
1.0010412066666665
1.0050468706666666
0.9714153586666666
1.0097964626666667
0.9694529253333334
0.9754306113333334
0.999515318
1.018380134
1.0136214046666667
1.0060709753333335
0.9623282686666667
1.0133344253333334
0.9736064053333333
1.0020454706666666
1.0105567626666665
1.0067312733333333
1.0061888220000001
1.0098320766666666
0.9837642833333333
0.9964080999999999
0.9679453926666667
0.9739486140000001
1.0017299613333333
1.0067902706666667
1.00569405
1.009843948
0.999526948
1.0372438073333332
1.001928592
1.0097371126666668
1.008054474
1.0024079673333335
1.0097252433333332
1.0044944853333333
1.0045297260000001
0.9715472026666666
1.01723445
1.0113063013333334
1.0044827393333333
1.002162376
1.0115921326666666
1.010532986
0.9996432666666666
1.011199156
1.009843948
1.0068492753333333
0.8740267186666667
1.03583043
0.985909602
1.012092726
1.010271516
1.0041891713333333
1.003755006
1.0106518806666667
1.0093930193333334
1.0121523533333334
1.0134420233333334
0.996835932
1.0088832426666665
1.0010295406666667
1.012605752
1.0132746586666668
1.0201822553333333
1.0124744633333334
1.007510596
1.0120688766666668
1.0060827586666665
1.008468688
1.0077351706666666
1.0071325919999998
1.016849116
1.0055763193333334
1.002162376
1.01016459
0.9733636933333334
1.0117470253333332
1.0163678586666667
1.018054256
0.9998294333333333
0.9989573773333333
1.0095947006666668
0.9834151433333334
0.9678363333333333
1.0152146966666666
1.0125580066666666
1.0086818446666665
1.0118662053333334
0.9931938060000001
1.027295238
1.0033798146666666
1.0079835006666666
1.0090610133333333
1.0086463126666665
0.9741142853333334
1.001204554
1.0053056426666667
1.004353548
1.0105686513333334
1.0009362253333334
0.96813085
0.9723390186666667
1.013382244
0.9802728113333332
1.016644526
1.009654034
1.0068610766666668
1.01004581
0.9995618406666668
1.0042361306666667
1.0251130246666667
0.971525226
0.9975304939999999
0.9696499066666667
0.9916917293333333
0.9750652233333333
1.0111277386666668
1.0138247793333333
1.0198310073333334
1.0083621433333332
0.9954035633333332
1.006342064
1.010687554
1.000889574
1.0066722833333333
1.0134778946666667
1.008149122
0.99265437
1.0117470253333332
0.9733636933333334
1.0107708026666666
0.998713474
1.008421332
1.001566442
1.0100933186666665
1.0084568486666667
1.0315761486666666
1.0120808013333333
1.0088358473333332
1.0118781253333333
1.0129759306666666
0.9756632733333332
1.0092032746666668
0.9773617393333334
1.0045414733333333
1.015154708
1.0096065666666667
1.0034266980000002
1.0094641913333333
1.0127251346666666
1.00600028
1.0066958786666667
1.0004582566666667
0.9901599473333333
1.0074396986666667
0.971162758
1.01485487
1.005282112
0.9852198226666666
0.9734409066666667
1.0040835293333332
1.0095947006666668
1.0115921326666666
1.010687554
1.0304747646666665
1.0111515433333333
1.0114372873333333
0.9679563
1.0069436966666667
1.0050351113333333
0.9706140780000001
1.007404254
0.997600004
1.0186095806666666
1.0091914180000001
1.0111039353333333
1.0009478886666667
1.0093218566666666
1.001052872
1.010271516
1.0036377286666667
1.0086581566666668
0.9701755806666666
1.0035790999999998
0.9919665793333333
0.9848131926666667
1.0117231919999998
0.9974957433333334
1.0067902706666667
1.00320404
1.008622626
1.0149148233333334
1.0131312473333334
1.0094641913333333
0.992918276
1.0362302873333333
0.999492058
1.0079361900000001
1.009416742
1.092547294
1.0119973366666666
1.0033446546666667
1.0162476153333333
1.0092151313333333
0.99780859
1.0117470253333332
1.0048705113333334
0.9731872513333333
1.0134659373333335
1.0122954880000001
1.0055410053333333
1.0096777693333334
1.001916906
1.0024898573333334
1.035867904
1.0118304486666665
1.006990914
1.0058824773333335
0.9941363553333334
1.0007263293333333
0.9719429493333334
0.9885646246666667
1.0026887893333332
1.0095828346666667
1.0083266333333332
1.00904916
1.031477052
1.0063184853333333
1.0290674340000001
1.005188002
1.0086700006666667
1.0095709693333332
0.9997130713333333
0.9849825813333334
1.0093218566666666
0.9687204213333332
1.0124983313333333
0.9749988186666666
1.0186699780000001
1.0281190413333334
1.0006563833333333
0.9947349966666668
1.0332512893333332
1.0065071466666666
1.0123193473333334
0.9738934026666667
0.999271142
1.0115206593333335
1.0122716293333334
0.9722069593333333
1.0013095913333334
1.0134778946666667
1.007723348
1.0039544406666667
1.0103309293333333
1.0055763193333334
1.0065425286666667
0.9982492260000001
1.0121285013333332
1.0102239906666668
0.9719539466666667
1.007309746
0.9741142853333334
1.00171828
1.1917388686666666
1.0146750526666666
1.0098676926666668
0.978820688
0.976373024
1.0031571773333334
0.99955021
0.9998294333333333
1.012331278
0.9999574626666666
0.9738271573333334
1.013238802
1.0041539546666667
0.9816955913333333
0.9754749193333334
1.0108064853333334
0.9762287726666666
1.0066486886666666
1.0115683066666668
1.0116040453333333
0.9816619346666666
1.0129639846666667
1.008149122
1.0101289533333333
1.00985582
1.0081727866666668
0.9983420413333334
0.9740701006666667
1.0030166146666668
0.9769171253333334
1.007120784
0.983156264
1.0097964626666667
1.0068020713333334
1.0033329353333333
0.9751869886666666
1.0126893166666666
1.0011228733333335
1.0127251346666666
0.997797
1.0072624993333334
0.9724601039999999
1.0069082866666665
1.0153226946666667
0.996465894
0.9769504573333334
1.0020454706666666
1.0188753846666667
1.0135257266666668
1.0066132993333334
0.9917375273333334
1.0114968373333333
0.9761067466666666
1.0125818786666667
1.009701506
1.0073333713333332
1.0294250746666667
1.0082911259999998
1.0023494819999998
1.0028409673333334
1.0159231006666667
0.98561548
1.0006913553333334
0.9157810413333334
1.0035790999999998
1.013358334
1.0024664586666667
1.0032509073333333
1.0093099973333333
1.0092269886666667
0.9936763519999999
1.010747016
1.0330027766666667
0.9735622666666667
1.0086818446666665
1.0014613506666665
1.008267456
1.0078652326666666
1.0036846366666667
0.997565248
1.013310518
1.0036846366666667
0.974169522
1.0036729093333334
1.0047882313333334
1.0074515146666665
1.0045179786666667
1.0327543846666667
1.013071504
1.0115444826666666
1.0115802193333334
1.012892318
0.9769504573333334
1.0098795653333332
1.01181853
1.010687554
1.00600028
1.006625096
1.0011928846666667
1.0366930073333334
1.0172585433333334
0.9705044166666666
0.9984696900000001
1.0009478886666667
1.0338606493333333
0.9970557720000001
1.0093099973333333
1.0014380006666668
1.0356431033333333
1.0118304486666665
0.9999691033333333
1.0147589593333333
1.0007729653333335
1.0031571773333334
1.0052232913333334
1.0152506933333334
0.96293238
0.9989225266666667
1.004259612
1.012211988
1.0118423673333334
1.0131909973333333
1.0103071633333334
1.0045884653333332
1.0079953286666667
1.003075178
0.999166532
0.9903882713333334
1.008492368
1.0101764693333333
1.001928592
1.01220006
1.009748982
0.971031018
1.0123074173333333
1.0179939313333333
1.00813729
1.0072506879999998
0.9996200006666667
0.9755967873333334
1.0109135473333335
1.0072506879999998
1.013238802
0.9912339853333333
1.0044240119999999
1.0039661746666668
0.9817404700000001
0.97172305
1.02882093
1.006023844
1.0058118086666668
1.0004582566666667
1.001227894
1.0091677053333332
1.011782776
1.0006447266666667
1.0046237126666666
0.9979708846666667
1.03600533
1.026865418
1.0056351813333333
1.0044122673333333
1.0344458133333332
0.9990735633333334
1.0075815033333333
1.0123432086666666
1.0094641913333333
1.0124147973333333
1.0042478713333334
1.0095709693333332
0.9714373300000001
0.9987715353333333
1.0117470253333332
0.9964196586666667
1.0106280993333334
1.0143874766666665
1.011330114
1.0124028653333332
1.1521298593333333
1.032555756
1.0049528046666667
0.9836966886666667
1.0000855253333334
1.032878566
1.0140162659999998
1.0099033106666668
1.0092032746666668
1.0107232306666667
1.0125580066666666
1.0122716293333334
0.9882575459999999
1.0052350553333333
1.0149507986666668
1.0120808013333333
1.0041891713333333
1.00542331
1.0057175999999999
0.9743242166666667
1.0166685906666666
1.0099033106666668
1.006566118
0.9771060366666667
1.0111158366666666
1.002864384
1.011163446
1.02932639
1.0094048806666667
1.0073688113333332
1.0095947006666668
0.9705153820000001
1.0060709753333335
1.0033915353333334
1.0120450286666667
1.014159928
1.0082556213333334
1.0000622386666667
1.0109373413333334
1.0155267526666667
1.0048822666666666
0.984587432
1.0106280993333334
1.0100814413333332
1.0160192313333334
1.00869369
1.0332140046666667
1.0048705113333334
1.0061888220000001
1.007877058
1.006837474
0.999480428
1.0126535013333333
1.0000273106666666
1.0073215586666666
1.0042948360000001
1.0103428126666667
1.0089898973333333
1.0142078246666666
1.012629626
1.0412294346666666
0.9997596126666667
1.011163446
1.0121642793333334
0.9701755806666666
1.0092032746666668
1.0097133746666667
1.0107232306666667
1.0117112766666667
1.0084568486666667
1.014794924
1.0121523533333334
1.0023494819999998
1.0088713933333333
1.01295204
1.0035087553333333
1.0010178753333332
1.008492368
1.0024898573333334
1.0026068666666668
0.9967780953333333
1.0109730353333333
1.0121642793333334
1.008160954
1.0088950920000002
0.975264492
1.0161514413333332
1.0092269886666667
1.00813729
1.0103428126666667
0.9994687986666666
1.0037315486666667
1.0009712166666667
1.0094997813333333
1.0135735633333334
1.0284021446666667
0.9980868413333333
1.0100695640000001
1.0011812153333333
1.0148189013333333
1.0029580586666667
0.9772283126666667
1.009665902
1.1493242606666667
1.0103665800000001
1.0057411506666667
1.0012745766666666
1.0087410713333334
0.9998992633333333
1.0139803566666665
0.9792000586666666
0.9714263439999999
1.0361677893333334
1.009345576
0.9767060753333333
1.0076169606666667
1.0003533980000001
1.002747314
1.0134539806666667
1.0150587406666667
1.004694214
1.009262562
1.0093574366666667
1.015094726
1.0063538539999999
1.013310518
1.0091795613333334
1.00871738
1.0057175999999999
0.9775508233333333
1.004095266
1.0100814413333332
1.006896484
1.0004349526666667
1.0109968333333332
1.012844546
1.010544874
1.0038840433333334
1.0191655106666666
1.0029814806666666
1.0111039353333333
1.0024079673333335
1.009654034
0.9767060753333333
1.0079480173333333
1.0111039353333333
1.005658728
1.0295854766666666
1.010402234
0.9980752446666667
0.9968822060000001
1.0121523533333334
1.0045414733333333
1.008504208
1.0033680939999998
1.006589708
1.0006447266666667
1.0014613506666665
1.0133702893333334
0.9700002926666667
1.0027121986666665
1.0031688926666666
0.9828075546666667
1.0012629053333333
1.0123670706666668
0.9683272940000001
1.0011928846666667
1.0130356619999998
1.0042948360000001
1.0088713933333333
0.999794522
1.009428604
1.0003068006666667
1.0079007100000001
1.0082082853333334
0.9750652233333333
1.0029346386666667
1.0102002293333334
1.0095472386666666
0.9766505513333333
1.0065543226666667
1.0052350553333333
0.971338466
1.0150467459999999
1.0124863966666666
1.0048117386666666
1.0065071466666666
0.973451938
1.0078061093333335
1.0075224133333334
0.9940098119999999
0.9780182846666666
1.0115563946666666
1.0006563833333333
1.0081727866666668
1.006530734
1.0031220326666666
1.0023728753333334
1.0099745553333335
0.9718989613333333
1.005906036
1.00746333
1.0070499413333334
1.0094048806666667
1.00904916
1.0045414733333333
1.0107945906666667
0.9734078133333334
1.0132148986666667
1.008149122
1.0102002293333334
0.9985393306666667
1.037268858
0.9886442686666665
1.0207399046666665
0.9761289306666666
1.0062595433333332
1.0094760546666666
1.009891438
1.0158029626666667
1.0135974833333332
0.9949308633333334
0.97404801
0.9752423466666668
1.0116993606666667
1.0106162093333333
1.0142078246666666
1.0114491966666666
0.9959459926666667
1.0147110106666668
1.0124147973333333
1.0077942853333335
1.012904262
1.0105686513333334
1.0083976559999999
0.9889060466666667
1.0003883486666667
1.009345576
1.0101051966666668
0.9739596573333333
1.0052350553333333
1.0015314093333334
1.0020454706666666
1.0085870973333333
0.9981912253333334
1.0086463126666665
1.019806792
1.0112586786666666
1.00323919
1.0101527106666668
0.9711517780000001
1.0289564926666668
1.001356282
1.0302770126666665
1.0061652506666665
0.9728676133333334
1.002782432
1.0103903493333335
1.009654034
1.0059767173333334
1.008385818
1.0041304786666667
1.0096896373333335
1.0098202053333334
1.010747016
1.003145462
1.0089424926666668
0.9988760633333333
1.0073924393333333
0.9781296506666666
1.012605752
1.009143994
0.9991200453333332
0.9947925966666666
1.0062123946666668
1.0051056706666666
1.0002951526666668
0.999166532
1.0014730266666667
1.0110444313333333
1.010354696
1.0079007100000001
1.0044240119999999
1.02863613
0.9725371740000001
1.0097845926666666
1.0030283266666666
0.9740590553333334
1.00569405
1.0107351233333335
1.1256925346666666
1.0131312473333334
0.9747554119999999
1.0033094973333334
0.9979476966666666
0.999166532
1.0127251346666666
1.013908546
0.9907081013333333
1.003708092
1.01084217
1.00746333
1.0070499413333334
1.00171828
0.9715691799999999
1.011389652
1.008054474
1.0025483586666666
0.9661490506666667
1.0047294686666668
0.9730659846666667
1.005282112
0.999271142
1.005493924
1.0276762366666667
1.0200853353333335
1.0082911259999998
1.0077942853333335
1.0083976559999999
1.01220006
1.009143994
0.9966393146666666
0.969496692
1.011365836
0.9797249666666666
1.0488448686666667
1.0147110106666668
1.012605752
1.0023728753333334
0.9907995193333333
1.002665382
1.0054350786666668
1.013908546
1.0180180606666667
0.9763286346666668
1.0112824893333332
1.0072506879999998
1.0073215586666666
1.0014963786666666
1.00542331
1.000201974
1.0102477526666667
1.0055998633333334
1.0072506879999998
1.0148308906666665
1.0134061553333333
1.0048705113333334
1.005906036
1.009416742
1.0070735546666667
1.005493924
1.0273935333333333
1.005800032
1.0053880066666667
1.0366679853333334
1.0072979340000001
1.011425378
1.0051997653333333
1.0208490806666668
0.9985045093333333
1.0069436966666667
1.0119377273333332
1.0038723113333334
1.0110206313333334
1.009701506
1.0089661939999999
1.0064010159999999
1.0101170746666666
0.9695185766666666
1.0034032560000001
0.9772839026666668
1.0061534646666668
1.002876092
0.9936763519999999
1.0062123946666668
1.0067666713333332
1.0067666713333332
1.033475052
1.0116636153333334
1.011782776
0.9753973826666666
1.02608039
1.00600028
1.0059767173333334
1.0092744206666666
0.9726583093333334
1.000073882
0.973275464
1.014171902
1.0169454219999998
1.002782432
1.008160954
1.0402711013333332
1.00041165
1.0042478713333334
1.020109564
1.012796778
1.014028236
1.0083147973333333
1.0145911593333334
1.01598318
1.0148189013333333
1.010259634
1.0057058246666668
1.0110206313333334
1.0040248486666665
1.006012062
1.0100576866666666
1.0105805399999999
0.9668667866666666
1.0120808013333333
1.006990914
1.0342465346666667
1.0019519653333333
1.011508748
1.011365836
1.028796286
1.00614168
1.0038957753333333
1.012247772
0.9750098853333334
1.0052350553333333
1.0066840806666668
1.01043789
1.006365644
1.009843948
1.011985414
0.9899887740000001
1.0073688113333332
1.010687554
1.0094048806666667
1.0184405046666667
1.0137769193333332
1.0083029620000001
1.0052585833333332
0.9689608233333333
0.9739265286666667
1.0043652913333334
0.985344138
1.0073451846666668
1.008160954
0.976983792
1.0070263293333335
1.0138008486666665
1.0043887786666665
1.0445213393333332
1.0034853086666666
1.001239564
1.0102121099999999
0.9955766153333334
1.0334501846666666
1.0214317506666666
1.0079716726666668
1.0116278726666665
1.011854286
0.9993990286666667
1.0109611373333334
1.008054474
1.0077706386666667
0.9711407986666667
1.0064363906666667
1.008054474
0.9740259206666666
0.9762398673333333
1.011508748
1.1725752613333333
1.03207192
1.0120688766666668
1.0006796973333334
1.0069791093333333
0.9755857073333333
0.998318836
0.9740259206666666
1.00833847
1.0110325313333333
1.0029697693333333
1.0089898973333333
1.0019402786666667
1.0137171
1.0001204566666666
1.011425378
1.0084450093333333
1.0121404273333332
1.0021506846666666
0.9732203293333334
0.993021582
1.0069673046666667
0.9955996933333333
1.0081727866666668
0.9993990286666667
1.0095472386666666
0.96882968
1.030153456
1.0085752553333334
1.0100339333333332
1.000889574
1.0039192406666666
0.9998410706666667
1.0031806079999999
0.973275464
1.013238802
1.01004581
1.001087872
1.0071089766666668
1.0122954880000001
1.0098795653333332
0.984406898
1.0082911259999998
1.009381158
1.0096777693333334
1.0152866926666668
1.0130595566666667
0.9688733906666667
1.0059413753333333
0.9749656193333334
0.9807876726666667
0.998597372
1.002876092
1.000190328
1.007120784
0.998713474
1.008480528
0.9970441986666666
1.0143395633333332
1.021929974
1.0050468706666666
1.002127302
1.0240864333333335
1.0092032746666668
1.010449776
0.9960037326666668
1.0267794966666668
1.0053291739999999
1.0059295953333334
1.0110325313333333
1.0153947060000001
1.0086107826666666
1.005611636
0.9775396986666667
0.9796690986666667
0.9662251233333333
1.0093692973333332
0.9985161159999999
1.009654034
0.9934809793333333
1.0017533253333333
1.0190083386666666
1.0026419746666666
1.0134181106666666
1.0096421666666666
0.9740590553333334
0.9991897766666666
1.0143036313333333
1.0014263253333333
1.0009478886666667
0.9998527086666666
1.0042126506666667
1.0067076766666667
1.0082319526666668
1.0031337473333333
1.0063302746666667
1.0076878833333334
1.0040365839999998
1.0110325313333333
1.0130356619999998
1.001519732
1.008812152
1.0106043193333334
1.0097133746666667
1.00813729
1.0005514833333333
1.0117231919999998
1.0060827586666665
0.99894576
1.0095828346666667
0.970274208
1.0124386626666666
0.9931593566666667
1.0005864473333332
1.00569405
1.0076406006666667
0.9970673453333334
1.0096896373333335
0.999689802
1.0028878006666666
1.0028526753333333
1.0011695466666666
1.0062595433333332
1.0053880066666667
1.0033446546666667
1.00343842
0.9746890493333333
0.9769060153333333
1.0067194746666668
0.973054962
1.0017416433333333
1.0010762046666668
1.0068846813333332
0.9742800133333334
0.9896922126666666
1.0142437499999999
1.0042713533333334
0.9971830920000001
0.9904910513333333
0.9780739646666666
1.007404254
1.002478158
1.0092269886666667
1.0020454706666666
0.9720309366666667
1.0133344253333334
0.9983420413333334
1.0110444313333333
1.0087884573333334
1.0038957753333333
1.0109730353333333
1.0025483586666666
1.007309746
0.9708554206666666
0.97434632
1.0105924293333335
1.0228913386666667
0.9965121333333333
1.0050821493333333
1.0034501413333334
0.9986670300000001
1.015154708
1.012999822
0.9794345226666666
1.000190328
1.015154708
1.0539021166666667
1.0060827586666665
1.0165001586666667
0.9813367066666666
0.9730329173333333
1.0001670366666666
1.0095353740000002
0.976250962
0.992918276
0.9997130713333333
1.0219056593333333
1.00859894
0.96952952
1.0312170126666667
1.0050468706666666
1.0059531560000001
1.01081838
0.9990154673333334
1.00614168
1.0018467933333333
1.00952351
1.0025132573333333
0.9765395213333333
0.996465894
1.0087410713333334
1.005800032
1.0088832426666665
1.0047647253333334
1.008622626
0.9983768513333333
1.0096303
1.0114491966666666
1.0074160686666667
1.0132866113333332
0.97404801
1.001111206
1.0106043193333334
1.0151667053333333
0.9679563
1.002162376
1.001519732
0.9986670300000001
1.0115444826666666
1.0000855253333334
1.007215256
1.0091914180000001
1.0114968373333333
1.0074869626666667
0.9996083686666666
1.0085160486666667
1.005188002
0.9753973826666666
1.0094523286666666
1.001893534
1.0165963986666666
1.009772722
1.0117708586666665
1.0058942566666667
0.9720419366666667
1.0052585833333332
1.0083503066666668
1.0046824633333333
1.0080781346666665
1.0117112766666667
0.9991084246666666
1.0110444313333333
1.0123909333333332
1.0107708026666666
1.0016481953333334
1.0079007100000001
1.009250704
1.011365836
1.0070027186666666
1.137092066
1.010140832
1.0061181106666666
0.9893958293333334
0.9848131926666667
1.0080308153333333
1.0050468706666666
1.025480164
1.008551572
1.0205216213333332
1.0291167486666666
0.9860680486666666
1.0092862793333333
1.0009595526666666
1.0093692973333332
1.0027239033333333
1.0399688360000001
1.005188002
1.0018351093333333
1.0096184333333333
1.0079480173333333
1.0089543433333332
1.0105210980000001
0.97418057
1.0087647633333332
1.008421332
1.0120569526666667
1.0107945906666667
0.9908452346666666
1.005682276
1.0318363693333334
0.9777288506666667
1.007061748
1.011508748
1.0099270580000002
1.0088595446666666
1.0106637713333333
1.0116159586666666
1.0310684773333334
0.9729447480000001
0.981247026
0.9748992286666667
1.0119973366666666
0.9973336033333333
1.0079125366666668
1.009808334
1.0054703846666666
0.9944816373333333
1.0311427393333334
1.00871738
1.0104735486666667
1.0043770353333332
0.9748107206666667
1.010354696
1.0069791093333333
1.0110325313333333
1.0545878720000001
1.003051752
0.9982492260000001
1.0117708586666665
0.9743021146666667
1.001087872
1.00871738
1.0072624993333334
0.87251748
1.0088595446666666
1.0109730353333333
0.9913598226666667
1.011925806
1.0099626806666666
0.99636187
1.0052350553333333
1.005823586
1.0098676926666668
1.0011228733333335
0.9758295286666666
1.0140162659999998
1.004858756
1.01004581
1.0163077333333335
1.0075933226666667
0.9992362693333333
1.0092151313333333
1.008480528
1.0024898573333334
1.008978046
0.9738823613333334
1.0000273106666666
1.0100339333333332
1.0053056426666667
1.0011228733333335
1.0099270580000002
1.0051056706666666
1.0088003046666667
1.011199156
0.9803063726666666
1.0067312733333333
1.0055998633333334
1.0105805399999999
0.9993874013333334
1.0024664586666667
1.009428604
1.0103665800000001
1.002665382
1.0090136013333335
1.0024313626666668
1.0018234246666666
1.0024898573333334
1.0021974533333333
1.0010412066666665
0.9864417306666666
0.9899431373333334
0.9807764739999999
1.0090728666666666
1.0169333826666667
0.9724821226666667
1.0041187406666667
1.0030283266666666
1.0303017273333333
0.999492058
1.0149388066666667
1.0110325313333333
1.010319046
0.9766505513333333
1.038234214
1.0105210980000001
1.0089187913333333
1.0119377273333332
1.0071798273333334
1.0151907006666667
1.0178733033333334
1.0384726953333334
1.0107826966666666
1.0078534073333334
1.0014730266666667
1.0059531560000001
0.9973451826666666
