0.997933784
0.9991456120000001
1.0073759
1.004395826
1.003089234
0.997460994
1.004894022
1.008440274
0.997966246
0.998188906
0.997845682
0.98217601
0.9837778039999999
0.986240134
1.00698383
1.004522678
0.9834421640000001
1.004013114
1.003297778
1.0156612360000001
1.0044475019999999
0.983800338
1.00090357
1.007295572
1.0067053160000001
1.003009588
0.984118182
1.001543086
1.005597508
1.006349138
1.002298022
1.0072058080000001
1.007794286
1.000693686
1.007770638
1.00209223
1.005776478
0.9958813320000001
1.003300122
1.0008592539999999
1.00256708
1.012591428
0.984695784
1.00393332
1.000222938
1.003938014
1.016726352
0.98240516
1.004165694
1.0068303939999999
0.9966346899999999
1.005364472
1.006901204
1.003618966
1.003816002
1.013860678
1.0060262
1.005545714
1.007874694
1.00587541
1.006325558
1.002248904
1.0059790739999999
1.0071491240000001
1.016798562
1.001554764
1.0024898580000001
1.011661232
1.006398658
0.983361104
1.004872862
1.004872862
1.00364711
1.007342822
1.004020154
1.004983374
1.005223292
1.022918136
1.0023143939999999
1.005920172
1.00478353
1.003745622
1.00715621
0.998534688
1.0052562299999999
1.000831266
0.985235644
1.001286248
1.007118422
1.004760024
1.005035112
1.006481202
0.983660642
1.006575554
1.004750622
1.0078652319999999
1.005882478
1.006210038
1.0054492
0.983480448
1.0082248520000001
1.004069446
0.986009192
1.00510567
1.004990428
1.007453878
1.0018234240000001
1.010340436
1.00817752
1.00426196
1.00186549
1.002213824
1.0012372299999999
0.991927632
1.007227066
1.004894022
0.986090688
1.003124376
1.010074314
1.005550422
1.004856406
1.007038136
1.003126718
1.004835246
0.98472965
1.007333372
1.007846312
1.0185491899999999
1.009189046
1.000516522
0.98447459
1.000197316
0.985719534
1.004720068
1.0050962620000001
1.00658263
1.006441108
1.004487438
1.004546172
1.0051009659999999
1.003098604
0.997011796
1.00032544
1.005686986
1.007678426
1.006099256
1.008949602
1.009836826
1.003916894
1.007820298
1.00456262
0.997931466
1.005835364
0.985518232
1.004696564
0.997797
1.005531588
1.0079361900000001
1.003877004
1.003722166
1.008281658
1.0045391240000001
1.007541322
1.004931642
1.001545422
1.011246774
1.005625762
1.004081182
1.0028877999999999
1.017039338
0.993950002
1.007177466
1.00336575
1.005776478
1.0038066159999999
1.004517978
1.004388778
1.007548412
0.984179068
0.9952697779999999
1.00855394
1.015505142
1.001694918
1.007295572
0.998116994
1.00388639
0.9994385640000001
1.003825386
1.005628118
0.984461052
1.006568476
1.017557392
1.0019215799999999
1.001559436
1.004384082
1.006851636
1.00057013
1.002836284
1.006497712
0.998274748
1.007709162
0.998156428
1.00490813
0.9970881779999999
1.0054492
1.005178592
1.004616662
1.00456027
1.00704522
1.008883242
1.00385354
1.003086892
1.008473424
1.014306026
1.00348062
1.003827732
1.005251524
1.000821938
1.001708934
1.0032204420000002
1.006108684
1.00982258
1.005969648
1.005976718
1.001260572
1.007664242
1.002833942
1.004713016
1.006068618
1.008975676
1.006896484
0.98217601
1.008430804
1.006896484
1.009635046
1.002997876
1.007139678
1.0038371160000001
1.00377612
1.0030845480000001
1.002424344
1.003712784
1.008516048
1.003161864
0.9997805580000001
1.007314472
1.000332428
1.013851104
1.00718219
1.014073726
1.0043371079999999
1.00962318
1.006372718
0.982951508
1.004849352
1.003865272
1.004586116
0.99814947
1.006526016
1.00343842
1.0021506839999998
0.994702744
1.001980016
1.005035112
1.004604914
1.004849352
0.993993708
1.00484465
1.00635857
0.997706604
1.00393332
1.00245944
0.993407448
1.0088168899999999
0.995682784
1.004898724
0.9999947140000001
1.006410448
1.004306578
1.0029112199999999
1.00184212
1.005409188
1.015485934
1.0042173460000001
1.004576718
1.002665382
1.008797934
1.005493924
1.0036635280000001
0.987378312
0.9867612840000001
1.00419152
1.003790194
0.998205146
0.9991409640000001
1.003112662
0.9873942019999999
1.008752918
1.008082866
1.005668148
1.000964218
1.003478276
1.004210302
1.004640162
1.005585736
1.005155068
1.00398495
1.001332936
0.986679676
1.000675034
1.008108894
0.9856539320000001
1.006405732
1.003862926
1.00430423
1.007092446
1.0062006079999999
1.003769082
1.0049998359999999
1.006636892
1.002651338
1.004658962
1.004847002
1.004001378
1.003122032
1.0059248840000001
1.0062453980000001
1.001891196
0.984048284
1.008705534
1.0029369799999999
1.005016298
1.004593164
1.004196216
1.003801924
1.004125784
1.010423628
1.0069720260000001
1.007300296
0.9987041860000001
1.004727118
1.019223556
1.004572018
1.004271354
1.010927824
1.00358848
1.009262562
1.007548412
0.9918634919999999
0.99891091
0.9983165159999999
1.006099256
1.005253878
1.0062548279999999
1.007971672
1.007784826
0.985468484
1.008087598
1.0063609279999999
1.001874838
1.003271998
1.005129192
1.005428018
0.996431216
0.99898526
1.00478353
1.006075688
1.003877004
0.989943138
0.9860454099999999
1.000383688
1.00445455
1.001895872
1.005002186
1.005825942
1.002506238
1.006861076
1.00330481
0.993145578
1.005880122
1.002517938
1.0080923320000001
1.009224618
1.001874838
1.003963828
1.006887042
1.0053032899999998
1.004760024
1.0056445999999999
1.0008126099999999
1.003414976
1.006056836
1.002700494
1.005531588
1.004078834
1.002363518
1.008300594
1.0047341699999999
1.010216862
1.005300936
1.0026607
1.000705344
1.003316528
0.985567984
1.00274029
1.00356972
0.9975675639999999
1.014267702
1.007567322
1.004311274
0.98720583
1.005767058
0.9998992640000001
1.005828298
1.006632174
1.010368958
1.005710534
1.004445152
1.00440757
1.002513258
1.003487654
1.005013946
0.984427204
1.008302962
1.004280746
1.007576776
1.004847002
1.00919616
1.0054798
1.000390678
1.006240684
1.006528376
1.005562194
1.005913104
1.000842928
1.008350306
1.0032649679999999
1.003867618
1.004964562
0.990838376
1.008217752
1.00473887
1.001241898
1.002344804
1.004433408
1.006309054
0.998483618
0.999824778
0.995749726
0.997433198
0.9859163919999999
1.0032157560000001
1.005738796
1.006327916
1.006004992
1.019421926
1.010166966
0.986709144
1.007451514
0.98399192
1.005913104
0.9833385899999999
1.008698428
1.005350352
1.0075153239999999
1.0053832999999999
1.008729226
1.006342064
1.006636892
1.005430372
1.002592824
1.0062194660000001
1.003956788
1.005068038
1.004823492
1.007371174
1.007264862
1.00704758
1.005145658
1.000024982
1.0035791
1.0030611219999999
1.006712396
0.98477029
1.011708894
1.008149122
1.000873248
1.00448274
1.004416966
1.0076027779999999
1.0069271720000001
1.005550422
0.996870638
1.0139253
1.009172448
1.0044475019999999
1.006264258
1.003290748
1.004611964
0.987065164
0.995131418
1.005701116
1.0052727
1.0053856540000001
0.983543508
0.996771156
1.0039028140000001
1.003536892
1.00211561
0.984239962
1.010782696
1.003295436
0.9846393480000001
1.003529858
1.00557161
1.006526016
1.005180944
1.006481202
1.00646705
1.00557632
1.004280746
1.0010342060000001
1.00117188
1.000528174
1.003553306
1.008608414
1.006349138
1.00653781
1.005809454
0.985145248
0.999645594
0.98506165
1.006415166
0.984917078
0.997423932
1.003501722
0.984822226
1.004797634
1.009435722
1.006856356
1.004003726
1.002529638
1.007248326
1.003696364
1.0069035659999999
1.004611964
1.012940094
1.010861202
0.983075252
1.001568778
1.005173888
1.00386058
1.014588762
1.005887188
1.005338586
1.007702068
1.005131544
1.005244466
1.0070027179999999
1.0174730220000001
1.0039051620000001
1.004503882
1.003900468
1.006549606
1.006492994
1.00001334
1.00425022
1.006297266
0.998625234
1.003729202
1.0062548279999999
0.9859707120000001
1.0011952179999999
1.00348062
1.002536658
0.9912454239999999
1.005192708
1.006356212
1.001367956
1.0039028140000001
1.014270096
1.003436076
1.00218576
1.002541338
1.005169182
0.9857150100000001
1.00398495
0.99441026
1.001241898
1.001262906
0.992897618
1.004933994
0.9862605160000001
1.004184476
1.005489216
0.982333258
1.0053927139999999
0.985570246
1.004440454
1.005237408
1.005500986
1.005451554
1.002686448
1.003818348
1.004569668
0.9856856
1.003844156
0.997308128
1.003208726
1.0011952179999999
0.9928631880000001
0.9985114740000001
1.007038136
1.004720068
1.005338586
1.005750572
1.000274186
1.001104206
0.995980636
1.00510567
1.0090823500000001
1.0056187
1.003968522
1.006832754
0.982328764
0.99237914
1.0071845499999998
1.00583772
1.00345483
1.005364472
0.981386038
1.004543822
1.004266656
0.99352924
1.005145658
0.981034102
1.0065071460000001
1.005524526
1.007524776
1.007243602
1.006186464
1.006816232
1.001540752
1.000106484
0.998560224
1.004985726
1.00850184
1.0099080599999999
1.004496834
0.983649378
0.984165538
1.002305038
0.983809352
0.9996153480000001
1.00581652
1.006082758
1.00824142
1.001940278
1.019095382
1.00376439
1.0039239340000001
1.007172742
1.004898724
1.006773752
1.0099318080000002
0.985658456
1.00211561
1.004487438
1.00398495
1.007817934
1.005635182
1.006247756
1.0048423
1.005623408
1.004527376
1.003501722
1.002209146
1.001958978
1.00539036
1.004550872
1.008504208
1.004168042
1.004901076
0.985963922
1.004597864
1.004973968
1.005825942
0.999564168
1.003466552
1.0100529360000001
0.99876689
1.00451563
1.0149603919999999
1.004983374
1.006816232
1.005150364
1.005056278
1.00598143
1.003994338
1.012028336
1.006134608
1.007746992
1.002248904
1.0048281940000001
1.006542528
1.010088568
1.004536774
1.009061014
1.007009802
1.001879512
1.0044803900000001
1.000805612
1.005122136
0.9874645759999999
1.003750314
1.0056469540000001
1.0010365399999999
1.0062619
1.004901076
0.995223654
1.005948444
1.006809152
1.006332632
1.006167608
1.001503384
0.982915516
0.9860635200000001
1.004536774
1.007848678
0.983365608
1.000148404
1.003368094
1.009340832
1.004776478
1.005124488
1.00387935
1.006648688
1.005068038
1.0016481959999999
1.002967428
1.0048822659999999
1.019978744
1.005267994
1.007496416
1.01055914
1.002667722
0.999759612
1.017265772
1.004362942
1.006745432
1.005743506
1.001928592
1.005906036
1.0029440059999999
1.002897168
1.003126718
1.002871408
1.00570818
0.996690196
1.0036025499999999
1.001916906
1.016844302
0.993441914
0.985127172
1.005686986
1.003070492
1.009566224
1.008733964
0.993966104
1.004102308
1.002106258
1.011890044
1.00700508
0.99828403
1.007371174
1.00145668
1.002915902
0.997254868
1.002634954
1.008002426
0.992067396
1.002230194
1.001746316
1.005814164
0.98753269
0.999582778
1.007243602
1.00569405
1.005453908
1.005084502
1.005851854
1.00604034
1.002400948
1.008594202
1.0032157560000001
1.0062006079999999
1.000208962
1.008182252
1.004090572
1.002656018
0.999526948
1.006872878
1.004546172
1.004020154
0.990591568
1.004055362
0.984264774
1.006988552
1.00745624
1.006415166
1.0027215619999998
1.004022502
0.9833070719999999
1.007888884
1.003489998
1.003016614
1.007016886
1.00314312
0.9850300200000001
1.000276516
1.015894264
0.996244004
1.004769426
1.005307996
1.000717002
1.005757636
1.007888884
1.005665792
0.984000938
1.0089069419999999
0.9995316000000001
1.005291524
1.004041278
1.003513444
0.984113672
0.99852308
1.00704758
1.004355896
1.0044240119999999
1.0044921359999999
1.007820298
1.0048752140000001
1.005564548
0.983671906
1.0157381
1.001722952
1.006096898
1.006122824
0.999168856
0.984452026
1.007524776
1.004597864
1.0031478059999999
1.003466552
1.004172736
1.000852256
1.0062453980000001
1.00492929
1.009729992
1.005665792
1.005216234
1.0029721120000001
1.01718145
1.007125508
1.005155068
1.00573644
1.004222042
1.0061605359999999
0.9988644480000001
1.0088311079999999
1.007229428
1.005936664
1.003888736
1.0070027179999999
1.006129896
1.0046871640000001
1.005319762
1.006995636
0.9999434939999999
1.016187504
1.00481644
1.0042126500000002
1.001426326
1.005844786
1.003487654
1.00212964
1.007035774
1.0061817499999999
0.984273796
1.004506232
1.00395444
1.0049998359999999
1.007711526
1.004034238
1.010247752
1.007567322
1.000896572
1.004144564
0.98500743
1.006752512
1.0093242279999999
1.002003392
1.00345952
1.005621054
1.006868158
1.001928592
0.999920214
1.003921588
1.009283908
1.007605142
1.0070593860000001
1.004847002
1.00702869
1.00734991
1.006806792
1.0059743620000001
0.983201276
1.007245964
1.003004904
0.9848786820000001
0.987925662
1.0060167740000001
1.004299532
1.00591546
1.0060874720000001
0.9935866999999999
0.984535522
1.007851042
1.004997484
1.006021488
1.006089828
1.00677847
1.0045085820000001
1.0029299539999998
0.9821266000000001
1.006004992
1.0015664420000001
0.98399192
1.004160998
1.0061275379999999
1.005986142
1.006868158
0.984377568
1.0080805
1.00813729
1.00508215
1.00692481
0.9826861280000001
1.0056728560000001
0.998383814
0.99130262
1.001393638
1.004132826
1.002735608
0.9922369959999999
1.008824
1.009746608
0.986652476
1.003314184
0.9998690020000001
1.00289951
1.0078344879999999
1.004621362
0.9958951859999999
1.006655768
1.0045109300000001
0.9851678460000001
1.005833008
1.001662212
1.00296977
1.002630272
1.00455322
0.999855036
0.9907606640000001
1.007354636
1.003689328
1.00706411
1.007820298
1.01514511
1.01147778
1.0029510320000001
1.009352692
1.005227996
1.005896612
1.005529234
0.984397874
1.004941048
1.003865272
1.005632826
1.007749358
1.0049363439999999
0.995939064
1.00809943
1.003497032
1.003694018
