0.9616172500000001
0.99061898
0.98931834
0.98827574
0.99339136
0.99155207
0.99302388
0.9879529300000001
0.98132101
0.9914834
0.9927668
0.99089324
0.9922668
0.98084591
0.98563584
0.98608842
0.9926016099999999
0.98468224
0.99267961
0.99369934
0.99339136
0.99228514
0.99348787
0.98688145
0.9942928499999999
0.9949931
0.99592983
0.99141932
0.99283565
0.9966138800000001
0.9903220500000001
0.9908520900000001
0.99340055
0.9935844
0.99245023
0.99357521
0.9885168400000001
0.9922713799999999
0.99221637
0.98906318
0.9919368
0.9927025500000001
0.9904545
0.99382811
0.9936579600000001
0.99135982
0.9932719
0.99359819
0.9925282
0.9931341
0.9926016099999999
0.99309735
0.9931341
0.99279893
0.9888036
0.99299633
0.99245481
0.9941133499999999
0.99256032
0.9879620199999999
0.9934419099999999
0.9934603
0.99325352
0.99329028
0.9908018
0.9929687800000001
0.99184975
0.9935062600000001
0.9817471999999999
0.99357521
0.9923401599999999
0.99262455
0.99286778
0.99381891
0.98735334
0.99168486
0.9924364699999999
0.9833611000000001
0.9949009
0.9855227499999999
0.98799838
0.9854594400000001
0.98444751
0.99148798
0.9949377800000001
0.99430666
0.99339596
0.9917535599999999
0.9956758600000001
0.99262455
0.99410874
0.9849758
0.99201011
0.9958189900000001
0.99331784
0.98235348
0.9939799100000001
0.98578062
0.9897378299999999
0.9938511
0.99495161
0.9947165699999999
0.99234933
0.99332703
0.99725255
0.99263372
0.99418698
0.99306061
0.98700846
0.99336379
0.98617899
0.98905407
0.9860703100000001
0.98930011
0.99084752
0.9926658399999999
0.99292287
0.99140559
0.99236767
0.99156581
0.98980625
0.99429746
0.9920834399999999
0.9826231799999999
0.9923126499999999
0.99301469
0.9831225100000001
0.9927622100000001
0.99371314
0.9929458200000001
0.9936027900000001
0.9875894599999999
0.99331784
0.9822726
0.99454612
0.99191389
0.99369015
0.9872398699999999
0.9928953199999999
0.98771664
0.9932673099999999
0.99403972
0.99264749
0.9934281300000001
0.98229506
0.98823936
0.9931708399999999
0.99213844
0.9945829700000001
0.99030835
0.9930560199999999
0.99185433
0.99552354
0.9920880200000001
0.9864326699999999
0.99355222
0.9811506400000001
0.99293205
0.99356142
0.99346949
0.9920742699999999
0.98650064
0.99304225
0.99147425
0.99333163
0.98887645
0.9885487000000001
0.99024441
0.99234475
0.9914834
0.99089324
0.9857263199999999
0.9829065199999999
0.9928953199999999
0.99313869
0.993589
0.98338362
0.99254655
0.9898746900000001
0.9931938100000001
0.98998877
0.9913643999999999
0.99289073
0.99377292
0.9951498599999999
0.99147425
0.99421
0.9934924700000001
0.99195512
0.9907698100000001
0.98100273
0.9765595
0.98635112
0.99355222
0.9942928499999999
0.9822591199999999
0.98469578
0.9934786800000001
0.99593906
0.99298255
0.9954358600000001
0.98662301
0.9830504999999999
0.9937177300000001
0.99249151
0.99274385
0.99348787
0.9921613600000001
0.99228514
0.9864417299999999
0.9942514199999999
0.98633299
0.9928586
0.99430666
0.95737739
0.98887645
0.9907149599999999
0.99013027
0.99301929
0.99398451
0.9902809499999999
0.9958097499999999
0.9836403699999999
0.98579419
0.99156581
0.9895326
0.98554085
0.99283565
0.9956389299999999
0.9917902
0.9841497499999999
0.98093551
0.99299633
0.99292746
0.9928035199999999
0.99354303
0.99404432
0.9933408199999999
0.99509914
0.98746231
0.9943711199999999
0.9880983999999999
0.9920650999999999
0.9928586
0.99094811
0.99307439
0.98191778
0.99408113
0.98250629
0.9911219
0.9938832999999999
0.9929136900000001
0.9922530399999999
0.9945323
0.9883121199999999
0.99192305
0.99368095
0.99309276
0.99506225
0.9934373200000001
1.01654587
0.99308817
0.99220261
0.99322137
0.9902626800000001
0.99398451
0.99335001
0.9867771500000001
0.99315706
0.99041339
0.99574511
0.99178104
0.98939127
0.99351085
0.9922255400000001
0.9942053900000001
0.99216594
0.9940581199999999
0.99034945
0.99168486
0.99190931
0.9907378099999999
0.9835502599999999
0.99171234
0.99229889
0.98914063
0.99240895
0.9904042599999999
0.99520059
0.98203902
0.99274385
0.99242271
0.98587113
0.98723079
0.99491012
0.99496544
0.99401211
0.99301469
0.99241353
0.99285401
0.9903220500000001
0.99588826
0.99271173
0.9914101700000001
0.9917535599999999
0.9771994100000001
0.99166196
0.9921063499999999
0.994606
0.99221637
0.98190431
0.9948594199999999
0.9510388000000001
0.98663661
0.9852785900000001
0.9947949
0.9905778599999999
0.9847409399999999
0.9854458700000001
0.99267961
0.98866247
0.99108074
0.9934603
0.99300551
0.9945369
0.99003898
0.99259243
0.9932719
0.9885168400000001
0.99100298
0.9941133499999999
0.98403701
0.9905778599999999
1.00017868
0.99370854
0.99157039
0.99230348
0.98955996
0.99487786
0.99230806
0.9959898699999999
0.98974695
0.99174898
0.98609748
0.98949156
0.99462903
0.9898609999999999
0.99217052
0.9919505399999999
0.98482223
0.99152918
0.99004354
0.99259702
0.9940213099999999
0.98260969
0.99253279
0.99250985
0.9945415099999999
0.99155665
0.99466128
0.99446322
0.9933040599999999
0.99259243
0.9936487700000001
0.99363038
0.99315247
0.9817965700000001
0.99206969
0.99427444
0.99417778
0.99334541
0.99302388
0.99279893
0.99261996
0.9927346699999999
0.99446322
0.9927530299999999
0.99354303
0.9933729800000001
0.98983363
0.9909298200000001
0.98773027
0.98347369
0.9941455600000001
0.99313869
0.99561585
0.9939661
0.98881725
0.9953297499999999
0.9939247
0.98295151
0.98406858
0.9854187400000001
0.9923126499999999
0.98709919
0.9914101700000001
0.9896101199999999
0.9870266
0.9907423799999999
0.9934143400000001
0.99307439
0.99481333
0.98611106
0.9869268099999999
0.99414096
0.99248233
0.99244105
0.9916986
0.9913506700000001
0.9936487700000001
0.9937499200000001
0.9895326
0.99315247
0.9921063499999999
0.99351085
0.99462442
0.99352924
0.9928769599999999
0.9932994700000001
0.98663661
0.99307898
0.99362578
0.9854051800000001
0.99193221
0.9860250399999999
0.9915062899999999
0.9939523
0.9923905999999999
0.9890403999999999
0.9865776900000001
0.99318462
0.9923814299999999
0.9928586
0.9873488
0.9944816400000001
0.97679937
0.9900618
0.98801202
0.99711364
0.97779118
0.99325812
0.97995521
0.99022158
0.99267502
0.99285401
0.99318003
0.99223012
0.9879620199999999
0.99200553
0.98621522
0.9934924700000001
0.9910578700000001
0.99331784
0.9889538600000001
0.98265015
0.9929090899999999
0.98942774
0.98787567
0.9869767
0.9907835199999999
0.99014397
0.99123627
0.9906007099999999
0.99224846
0.9883348700000001
0.97524678
0.98878538
0.9848628700000001
0.99305143
0.99379591
0.98968765
0.99318003
0.99094354
0.99500693
0.99230348
0.9931984
0.99372233
0.98982907
0.99195512
0.99645202
0.9937499200000001
0.99220261
0.97700824
0.99098012
0.99307898
0.9879120299999999
0.9926016099999999
0.9952421
0.99398911
0.9923264
0.99338217
0.98602051
0.9935062600000001
0.99372693
0.99162533
0.9854051800000001
0.9909115300000001
0.9880211099999999
0.98924998
0.98237595
0.9862922199999999
0.99303306
0.99281729
0.9939155
0.99221178
0.9818549299999999
0.98892199
0.9865051699999999
0.99277598
0.9955927699999999
0.99237685
0.99309276
0.9929917399999999
0.9931203200000001
0.9946566699999999
0.9919872
0.9916986
0.99340515
0.9927805700000001
0.9926429
0.98834851
0.99329487
0.99253738
0.99108074
0.9938419000000001
0.99328109
0.9925052700000001
0.9953159100000001
0.99282647
0.99238602
0.9931249099999999
0.9926658399999999
0.9934786800000001
0.9908109500000001
0.99306521
0.99316625
0.98859421
0.9892955600000001
0.98884913
0.9924685700000001
0.9878529500000001
0.97680826
0.99212469
0.99402592
0.98923631
0.99318003
0.9842941000000001
0.9885305
0.9940903400000001
0.9938005099999999
0.98503454
0.99201469
0.99224846
0.99074695
0.99421
0.99138728
0.99086581
0.9897287
0.98630128
0.9948179399999999
0.99454612
0.99119967
0.99332703
0.99585131
0.99406273
0.991035
0.99362578
0.99466128
0.99075609
0.98679529
0.99179478
0.99255573
0.9939431000000001
0.9921613600000001
0.99296419
0.99442638
0.99181768
0.99241353
0.99295041
0.9925052700000001
0.9899659599999999
0.98485384
0.9933729800000001
0.9956389299999999
0.98573537
0.99334541
0.99575896
0.9936625600000001
0.99488247
0.99100756
0.99225763
0.9906921
0.9907103899999999
0.99323515
0.9939109
0.9847228800000001
0.98159912
0.9950484199999999
0.9928769599999999
0.9906281199999999
0.99183601
0.9897834400000001
0.98357729
0.99243188
0.99374073
0.99316625
0.9908018
0.9929136900000001
0.99199636
0.9937499200000001
0.98781205
0.99267502
0.98977432
0.9835457599999999
0.99243188
0.99230806
0.99187266
0.99203761
0.99425603
0.99491934
0.9942284100000001
0.9922622099999999
0.99342353
0.9918864000000001
0.99313869
0.9920788500000001
0.99357521
0.9945369
0.99241812
0.99223929
0.99221178
0.99001616
0.98721717
0.9931341
0.99480412
0.99238602
0.99248692
0.99309735
0.9931019499999999
0.98663661
0.9945875700000001
0.99266125
0.97263188
0.9909115300000001
0.9943711199999999
0.99179478
0.9952974600000001
0.98330257
0.99432048
0.99196887
0.9929182799999999
0.9926933699999999
0.99229889
0.9928769599999999
0.9858485
0.99334541
0.9886442700000001
0.98688145
0.9809713600000001
0.9948179399999999
0.99284942
0.9938051099999999
0.99307439
0.9920834399999999
0.98373048
0.99403512
0.9926658399999999
0.99280811
0.99409494
0.9927805700000001
0.9916756999999999
0.99318462
0.99297796
0.9940167099999999
0.9925878400000001
0.9920513599999999
0.99087038
0.98826664
0.98895842
0.98837581
0.99720624
0.9928769599999999
0.9932673099999999
0.99669714
0.99275762
0.99254655
0.9964936400000001
0.98975607
0.99277139
0.9884213
0.9938005099999999
0.99255573
0.9826186800000001
0.9982213900000001
0.98704475
0.9952421
0.9878529500000001
0.9930698
0.9913323599999999
0.99415937
0.9845693799999999
0.99362118
0.99239978
0.9938511
0.99217052
0.99351085
0.99295041
0.98836671
0.993589
0.9931708399999999
0.9867680799999999
0.99137813
0.99495622
0.9889356499999999
0.98359081
0.99269796
0.9889083200000001
0.9887762800000001
0.99447243
0.9939017
0.98913607
0.99446782
0.99162991
0.98350522
0.98956908
0.99342353
0.9902809499999999
0.98650064
0.9953066800000001
0.99463824
0.98349621
0.9890814
0.99311572
0.99466128
0.99500693
0.9889538600000001
0.9868950599999999
0.9924364699999999
0.99264749
0.99322137
0.9860386200000001
0.99354303
0.99213385
0.9879120299999999
0.9845422899999999
0.99337758
0.99398451
0.99294123
0.98974695
0.9731916599999999
0.9856132200000001
0.98579419
0.97995521
0.99212927
0.9845964600000001
0.9932259600000001
0.96401304
0.9938832999999999
0.9885122900000001
0.9925649
0.99495622
0.9917169199999999
0.98255574
0.9929595999999999
0.9891861900000001
0.99325812
0.99079723
0.99162991
0.9896830900000001
0.99206052
0.9940167099999999
0.9938603
0.98353675
0.9948962899999999
0.98837126
0.9819761499999999
0.98823481
0.98415426
0.9931203200000001
0.99342353
0.99241812
0.9932627100000001
0.98948701
0.9920421899999999
0.9932673099999999
0.9910212799999999
0.98880815
0.98641454
0.98941862
0.99253279
0.9953205199999999
0.99182226
0.99288155
0.99541279
0.97888761
0.9930101
0.9818145300000001
0.99236309
0.99201928
0.99259702
0.99351085
0.99318003
0.99038142
0.9954866199999999
0.99446322
0.99280811
0.99335001
0.98577157
0.9940903400000001
0.9901667999999999
0.9878211400000001
0.9964474
0.99418238
0.99323974
0.99366716
0.99249151
0.99257867
0.9858575500000001
0.9907149599999999
0.99210177
0.9890403999999999
0.98410916
0.98670008
0.99322137
0.99198262
0.98827574
0.98672275
0.98108788
0.9942238
0.99267043
0.99497466
0.9933040599999999
0.99307439
0.9941501599999999
0.98984275
0.99277139
0.99256949
0.9934281300000001
0.99373153
0.99442638
0.99304684
0.9881938800000001
0.99414096
0.99289991
0.9918864000000001
0.99197345
0.98745322
0.99190472
0.98117305
0.98286603
0.99249151
0.9911219
0.9917535599999999
0.9923722600000001
0.99295041
0.9915337599999999
0.99356601
0.99340974
0.9938419000000001
0.99289073
0.99227597
0.99436191
0.9912134
0.99121797
0.99099841
0.98267713
0.99438033
0.9938741
0.99297337
0.99427904
0.99357521
0.99403052
0.9939431000000001
0.98194472
0.9928953199999999
0.99436191
0.99083838
0.9852017399999999
0.99331325
0.9917398199999999
0.99093896
0.99135982
0.99735445
0.9907698100000001
0.99020789
0.99485481
0.9919872
0.99587902
0.99178562
0.98945965
1.00416335
0.99315247
0.99201011
0.9929090899999999
0.99252362
0.9932765
0.98741236
0.98848044
0.99322137
0.99334541
0.9955512299999999
0.9935062600000001
0.9914834
0.99303306
0.9921934400000001
0.99369015
0.99026725
0.9895782
0.9860476699999999
0.9855951199999999
0.9928953199999999
0.9917535599999999
0.99353843
0.99407653
0.98289752
0.9852514600000001
0.9945369
0.99036772
0.9928586
0.99059157
0.99363038
0.98862606
0.9933867700000001
0.9926429
0.9947119600000001
0.99060528
0.98945053
0.99261537
0.99197803
0.9928448299999999
0.9908246599999999
0.9941961899999999
0.9928723700000001
0.9936717500000001
0.99442638
0.99244105
0.9929136900000001
0.99133694
0.99403052
0.99320299
0.99086581
0.9955004599999999
0.9943481
0.9874895499999999
0.99404892
0.9932719
0.9924364699999999
0.99517292
0.9934419099999999
0.9887170999999999
0.98723079
0.98983819
0.99142847
0.98768939
0.9877439
0.99587902
0.9939523
0.9925052700000001
0.98904951
0.9937821200000001
0.99189098
0.99331325
0.9823085399999999
0.99298255
0.99362578
0.99135525
0.99361199
0.99236767
0.99267961
0.9930101
0.99344651
0.99323056
0.9943112700000001
0.9917215
0.99191847
0.98619711
0.99446322
0.9922255400000001
0.9920926
0.99299633
0.9892591000000001
0.9889310899999999
0.99285401
0.99162075
0.99001159
0.9935016600000001
0.98455583
0.9941685699999999
0.99107616
0.9863692399999999
0.99323056
0.98189982
0.98896753
0.9917673
0.99196429
0.9932259600000001
0.99223929
0.99104415
0.9938051099999999
0.98449716
0.99261078
0.99252362
0.98755313
0.99426063
0.99292746
0.99410874
0.9885577999999999
0.99372693
0.98170232
0.99182684
