10.2
5.0
5.0
15.2
5.0
5.2
5.2
10.0
15.0
142.0
142.0
10.0
157.0
147.0
5.0
137.0
15.0
5.0
137.0
152.4
288.6
15.0
20.2
5.2
310.2
137.2
136.8
147.0
173.8
274.0
137.0
17.8
137.0
180.6
5.2
336.4
15.0
153.6
10.0
10.0
10.0
128.2
93.2
247.2
404.8
10.2
147.0
157.2
5.0
15.2
15.0
156.8
152.0
10.4
136.8
101.8
274.0
137.0
152.0
151.6
20.2
20.0
538.0
15.0
50.6
5.0
5.0
10.0
5.2
5.4
5.2
279.0
142.0
123.8
156.8
440.6
136.8
137.0
137.0
424.8
272.8
5.0
260.4
142.2
142.0
261.6
5.6
5.0
29.2
141.6
20.2
137.2
142.0
5.2
269.8
152.0
137.0
88.8
129.2
137.0
5.0
10.0
5.2
5.2
5.0
157.0
147.0
10.2
41.0
81.8
238.6
137.0
137.2
137.2
5.0
396.6
10.0
10.0
10.2
5.2
5.2
152.0
5.4
5.0
10.0
157.0
10.2
10.0
425.6
10.0
15.2
123.4
5.0
15.0
10.0
5.2
142.2
284.2
5.0
167.2
73.2
137.0
20.2
152.0
386.2
299.6
10.0
689.2
5.2
142.0
5.0
142.2
279.0
137.0
752.2
958.8
10.0
5.0
5.0
142.0
147.0
5.2
5.0
10.0
5.0
5.0
5.0
274.0
269.6
49.8
412.0
278.8
99.6
142.2
11.4
5.0
832.2
15.2
137.0
142.0
5.0
5.0
137.0
137.0
229.6
274.2
10.0
60.0
274.0
137.0
626.4
284.2
142.2
162.2
284.2
423.8
20.0
600.0
552.2
959.4
416.0
421.0
411.0
144.2
137.2
826.0
136.6
5.0
288.8
260.4
129.0
5.0
289.0
5.0
118.0
5.0
137.0
274.0
284.2
425.8
142.2
426.2
157.2
157.0
5.2
283.8
278.6
5.0
5.0
45.0
34.0
243.4
233.0
289.6
20.6
142.2
162.4
20.2
5.0
5.0
137.0
120.8
15.0
119.6
167.6
5.0
415.8
298.8
142.4
279.2
15.2
712.6
10.0
415.4
137.0
5.0
10.8
204.8
266.8
73.0
136.6
30.8
289.2
400.2
147.4
175.4
49.6
142.0
5.0
136.8
5.0
10.2
137.0
141.8
284.0
137.0
5.0
5.2
5.0
189.8
5.0
274.2
10.0
20.4
15.0
15.0
5.2
50.4
274.4
5.2
5.0
548.0
822.4
137.0
5.0
142.2
137.2
137.0
410.4
5.2
5.4
25.4
283.8
274.0
29.0
695.0
137.0
10.0
5.0
20.2
421.0
137.0
250.2
416.0
10.0
563.4
52.2
5.0
5.0
162.0
431.0
147.2
36.8
176.4
147.0
164.0
431.2
411.0
279.0
5.0
827.0
748.6
548.4
146.8
284.0
299.0
541.4
136.2
271.8
159.2
166.8
147.0
60.0
279.2
137.0
5.0
146.4
5.0
157.0
10.0
5.4
152.0
630.4
142.0
5.2
10.0
157.0
5.0
20.2
137.0
25.0
5.2
146.8
142.0
5.4
5.2
153.0
15.2
10.0
288.8
393.4
135.6
137.0
673.8
136.8
148.4
151.8
10.0
5.2
195.2
146.6
11.2
136.8
283.8
5.4
147.0
152.0
5.0
142.0
137.0
822.2
24.6
142.0
5.0
137.0
5.0
248.0
152.4
702.4
137.2
136.8
137.0
440.8
114.4
15.0
284.0
156.8
99.4
24.8
25.2
137.2
256.4
10.0
164.6
103.8
423.4
379.8
20.0
141.8
277.0
5.2
410.6
281.0
283.6
420.6
279.2
37.6
289.0
284.2
5.2
137.0
5.2
827.0
221.2
5.2
137.0
5.0
166.6
10.2
91.6
10.0
152.2
5.0
5.0
289.0
5.2
5.4
245.2
5.0
10.0
20.4
10.0
10.4
558.0
10.0
288.8
273.6
5.0
142.0
137.2
15.0
959.2
142.2
312.0
136.8
142.0
284.0
11.0
729.2
284.0
278.8
245.0
784.4
172.2
227.8
10.6
201.6
294.0
29.0
88.6
80.0
279.6
197.8
174.2
137.0
147.2
169.6
10.2
5.0
142.2
15.0
10.0
152.4
416.0
186.4
5.0
142.0
6.6
216.8
25.2
11.0
117.6
141.8
147.0
191.6
741.6
15.0
10.0
557.4
353.6
553.0
157.2
426.0
137.2
5.0
409.8
5.2
137.2
311.8
137.0
136.8
152.0
274.0
10.0
21.0
84.8
278.8
293.6
137.2
5.0
15.2
5.0
5.2
157.2
157.0
5.2
141.4
5.0
157.2
5.0
5.0
361.4
142.0
10.0
10.2
280.4
137.0
164.6
147.4
50.0
299.0
5.4
10.0
15.2
142.0
5.0
15.0
5.0
137.0
15.4
10.0
273.8
283.8
147.0
10.0
142.2
14.6
17.4
183.8
115.4
142.2
294.0
10.2
15.0
117.2
333.8
805.8
279.6
307.2
822.2
20.4
10.0
690.0
699.2
5.0
294.0
221.8
420.8
431.0
289.0
5.2
5.0
356.0
5.0
151.4
68.8
273.6
68.6
20.0
147.0
15.2
147.0
20.0
15.2
284.0
17.6
15.0
5.0
273.6
15.2
434.4
5.0
5.0
150.0
15.0
15.8
20.0
5.0
284.0
152.0
13.6
152.2
27.6
114.4
5.2
416.0
157.2
26.0
79.6
5.4
152.0
152.0
5.0
5.0
5.0
5.0
5.0
5.0
5.0
5.2
142.0
157.0
226.4
10.0
5.2
10.2
15.0
5.2
10.0
5.4
10.2
142.0
142.0
10.0
152.2
137.0
10.0
5.0
283.0
137.0
10.0
27.6
5.2
570.8
279.0
10.0
142.0
286.8
132.2
15.4
24.6
127.4
15.2
147.2
137.0
5.2
10.0
5.0
152.6
15.2
288.8
666.8
137.0
159.6
129.6
694.8
117.4
194.4
274.0
278.8
279.0
520.4
136.8
429.6
501.8
279.6
294.0
123.0
236.2
33.6
137.0
5.0
15.0
157.2
137.0
5.0
10.2
20.4
52.2
10.0
152.0
5.8
10.2
152.2
15.0
15.2
147.0
144.4
136.8
564.0
45.0
694.4
5.0
137.0
5.0
5.2
255.8
5.0
142.0
157.2
5.0
5.0
5.0
5.0
289.0
152.0
5.0
695.0
5.2
162.0
137.4
157.2
5.0
142.2
5.2
147.0
5.2
5.2
5.0
284.0
5.2
15.0
157.2
137.0
490.0
5.0
506.4
279.0
137.0
15.0
5.0
147.0
137.4
137.0
5.0
10.2
147.0
137.0
162.2
20.2
5.0
15.0
339.2
142.0
269.2
10.0
32.2
5.0
557.8
87.6
563.0
101.4
10.4
200.2
152.0
5.2
147.0
5.2
157.0
137.4
5.0
235.8
15.0
157.0
13.2
147.0
142.2
142.0
5.0
31.8
156.8
398.4
5.0
185.8
491.0
273.6
690.2
284.0
15.2
147.0
499.8
146.0
20.0
142.0
5.2
5.0
810.2
5.2
14.2
157.4
5.0
128.4
278.8
273.6
15.2
142.4
5.0
307.2
430.4
147.0
151.8
318.6
142.0
5.0
157.0
262.8
5.0
137.2
107.8
106.6
97.6
141.0
137.0
10.4
5.0
5.4
5.0
5.2
5.0
20.0
5.0
5.0
172.6
141.8
10.4
25.2
10.0
113.0
80.6
5.0
5.0
5.0
137.2
20.2
152.0
110.4
5.2
157.8
5.2
246.6
137.0
147.0
137.0
274.0
15.0
142.2
15.2
15.4
5.0
152.0
147.0
137.2
15.4
284.0
15.0
15.0
15.2
5.0
20.0
157.0
188.4
608.6
152.0
412.8
5.0
133.4
50.4
235.6
5.0
5.0
253.4
15.4
695.4
152.0
5.0
142.0
144.4
421.2
5.0
142.4
10.0
10.0
45.6
695.0
284.0
137.2
223.6
152.0
137.2
116.2
147.0
283.8
25.0
10.0
142.0
5.0
10.6
147.0
174.0
293.8
5.0
5.0
10.0
259.8
181.2
149.0
15.2
162.0
5.0
147.0
5.0
152.2
685.0
568.6
16.8
118.0
279.2
5.0
273.8
141.8
144.2
5.0
142.2
272.4
10.0
137.0
197.0
278.6
15.0
704.8
142.2
465.4
142.2
403.0
147.0
317.2
134.6
152.0
142.0
152.0
38.4
10.0
246.0
10.0
157.0
158.0
149.4
147.2
142.0
10.0
211.4
189.6
147.4
5.0
5.0
160.6
123.0
142.0
151.8
553.2
683.6
5.2
10.2
141.8
141.8
137.2
15.2
10.8
5.0
5.2
301.0
136.8
137.0
273.8
284.0
299.0
568.2
283.6
