10.16
5.02
10.08
10.04
137.0
5.04
15.1
10.02
5.06
5.04
136.94
142.16
47.02
339.04
278.68
20.08
69.8
142.12
15.1
420.94
87.46
137.04
141.96
5.1
140.24
298.72
357.26
128.28
5.02
5.02
34.84
111.4
5.04
5.1
49.0
5.1
10.08
140.92
157.04
152.06
348.5
152.0
278.8
50.36
283.9
15.06
5.04
15.04
780.56
157.06
158.36
10.14
563.1
142.06
671.24
19.18
214.08
149.44
280.94
137.08
147.16
147.0
25.16
147.04
137.14
103.52
108.4
319.52
5.04
141.94
136.98
5.06
136.94
557.84
278.42
5.04
299.02
289.02
5.02
25.06
478.78
162.06
279.84
133.0
5.24
142.06
278.92
11.42
10.02
136.98
10.04
15.02
157.12
142.04
15.06
136.96
5.02
10.8
25.16
137.0
30.08
278.86
137.04
137.04
242.82
261.74
5.12
196.06
110.06
48.84
17.5
157.18
10.06
15.06
279.0
329.78
5.08
10.06
10.08
21.8
137.06
20.24
20.4
251.44
10.08
137.08
10.06
162.14
10.02
15.14
141.92
136.94
15.08
136.92
105.18
9.26
86.02
116.54
5.04
387.92
10.04
5.06
149.38
10.14
10.02
15.08
15.12
20.06
9.2
415.84
755.94
142.08
5.04
284.86
255.06
10.88
5.06
15.04
20.14
147.06
15.1
420.82
147.02
20.12
190.48
147.04
121.16
157.08
52.04
137.08
25.44
5.08
245.54
162.04
10.04
142.02
137.02
410.98
137.06
279.02
689.8
415.92
5.02
377.28
137.04
25.1
171.2
75.22
137.06
288.94
15.12
5.1
139.76
10.06
167.02
5.0
25.12
15.42
552.38
273.82
15.06
231.66
235.48
5.04
5.04
137.0
5.02
10.04
5.02
15.04
152.04
201.16
21.32
191.12
226.3
161.74
392.64
196.76
91.6
42.08
5.06
240.94
145.6
157.0
420.92
260.1
288.98
294.12
279.04
5.06
10.08
147.06
15.04
137.0
299.12
25.32
152.1
14.46
82.06
87.42
283.9
136.98
157.04
162.14
30.16
548.0
421.0
137.04
553.22
279.0
334.72
25.08
157.06
274.12
278.92
152.06
15.1
217.9
17.98
15.1
5.04
15.06
14.62
5.08
15.14
141.9
266.88
5.1
184.02
136.94
158.38
262.68
289.0
146.82
278.56
578.44
279.02
138.84
255.1
142.1
136.94
137.0
274.02
434.54
411.12
10.64
10.12
5.06
205.66
5.02
462.44
5.02
209.92
153.24
152.08
5.06
5.06
225.96
563.14
147.2
278.94
404.48
144.82
5.02
558.22
137.04
5.06
430.66
425.82
15.16
405.0
112.48
916.2
5.1
10.06
11.66
265.34
198.12
136.94
261.42
5.18
5.02
129.46
161.26
296.36
10.08
142.0
10.1
363.38
207.02
10.06
5.06
137.04
10.08
5.08
152.12
152.02
151.92
10.08
295.78
152.02
137.0
147.12
5.06
33.7
5.1
288.96
15.02
10.04
5.06
137.06
10.12
15.06
28.58
11.3
25.76
5.12
147.06
147.04
15.1
147.06
278.94
152.12
142.02
12.7
25.14
10.06
139.18
167.1
289.02
293.98
571.44
822.04
137.06
9.36
822.32
5.02
159.9
137.08
238.16
64.44
214.56
63.64
112.72
61.38
273.86
76.52
5.08
5.06
273.98
156.94
146.9
128.12
288.84
5.06
10.06
157.08
10.04
273.9
750.1
143.62
273.98
137.04
5.1
5.06
5.04
684.42
5.02
136.98
167.06
81.24
15.12
198.16
289.02
501.66
152.04
147.0
555.66
5.08
299.08
192.84
636.16
5.06
278.78
5.0
170.66
15.08
283.78
133.24
130.3
10.08
5.04
194.1
5.08
5.02
388.72
5.04
62.82
70.92
476.52
425.98
15.06
273.94
364.08
501.18
283.86
150.46
137.04
157.02
557.48
421.38
274.04
137.08
137.04
20.1
10.02
279.24
10.12
5.12
147.0
129.06
142.12
152.1
294.1
137.06
5.1
30.06
293.98
283.98
254.78
80.56
69.16
658.78
137.08
141.96
141.88
10.08
284.1
5.06
15.06
5.06
232.98
284.0
5.08
5.06
283.86
25.16
10.04
10.12
136.96
18.94
18.48
11.82
137.02
416.04
294.14
415.86
274.0
410.92
20.08
969.26
690.12
23.38
283.94
136.9
420.88
147.1
289.08
15.04
137.02
190.32
137.06
142.06
152.06
5.08
100.18
320.04
5.04
136.08
137.0
137.02
5.02
5.18
70.18
5.16
152.98
142.02
462.18
162.08
108.36
147.04
25.2
314.6
514.72
5.06
25.14
283.78
137.04
10.06
457.32
152.12
15.14
20.08
5.18
161.3
10.04
5.04
5.06
283.92
5.04
284.08
241.56
156.86
157.0
156.88
15.1
10.08
137.12
293.92
10.06
136.92
15.14
5.06
15.12
278.92
584.16
552.72
29.98
5.06
157.1
289.02
772.54
734.92
425.84
142.02
563.6
573.1
226.86
312.82
385.56
284.08
273.82
152.12
152.08
284.12
5.06
402.02
15.06
372.98
284.04
20.1
5.06
5.02
5.12
20.04
5.1
5.08
14.06
137.04
57.5
15.08
20.86
10.06
141.94
297.06
5.02
5.02
5.06
278.98
126.46
278.84
5.08
157.12
5.12
5.08
23.12
147.02
410.94
330.52
5.06
60.92
420.88
15.08
321.14
156.96
10.08
57.94
20.14
5.06
147.0
23.14
619.12
5.04
5.06
121.62
120.7
5.04
5.06
20.14
5.02
5.04
15.08
15.02
25.08
5.06
15.06
5.06
10.06
146.56
56.0
142.0
5.0
273.62
15.06
278.96
294.0
5.0
15.12
136.8
137.0
278.96
10.08
179.94
102.04
167.32
21.56
173.98
41.82
278.98
5.02
152.08
10.08
146.48
15.1
10.04
68.34
131.48
142.0
5.08
5.04
10.08
10.04
5.06
136.96
25.1
549.92
124.44
10.06
288.44
142.04
323.84
284.0
252.96
288.98
289.0
420.84
329.04
420.96
19.56
694.88
15.08
284.04
23.78
300.6
5.06
142.04
328.2
685.98
273.92
182.96
827.08
825.02
690.1
15.02
15.04
5.04
152.12
10.04
137.08
137.02
759.56
5.08
20.08
152.06
10.06
15.06
136.98
5.08
136.98
146.92
58.46
5.02
273.38
5.04
10.04
5.02
25.04
157.14
137.0
5.02
69.56
5.02
307.3
890.24
5.06
142.14
5.06
83.12
147.04
10.06
527.84
209.8
142.1
23.08
5.06
383.66
15.12
294.0
137.04
5.08
147.06
167.04
293.84
283.78
5.0
137.16
150.54
281.68
19.72
232.86
483.62
283.98
284.04
416.16
137.08
279.0
5.04
141.96
268.28
5.1
5.04
147.0
10.08
553.08
147.02
166.7
298.14
10.02
116.98
78.54
74.72
151.94
5.04
10.1
147.0
5.02
684.96
142.08
9.76
147.02
30.2
137.06
308.88
516.66
137.04
147.0
5.06
272.58
136.98
5.06
27.28
5.12
5.06
54.94
258.2
136.98
20.12
10.08
162.02
10.06
150.98
125.8
149.82
157.06
136.96
35.56
15.06
20.06
20.04
136.98
51.6
232.62
86.36
313.72
165.52
20.1
151.48
5.06
10.06
20.06
293.9
15.12
10.06
134.2
15.08
175.2
5.06
43.2
124.72
415.9
6.58
109.6
146.94
37.0
10.14
5.06
17.28
10.04
5.02
141.94
141.46
203.5
15.04
63.56
128.46
25.1
136.96
141.98
5.06
147.06
5.02
13.04
15.1
78.96
278.4
137.0
420.86
22.1
175.06
22.52
157.58
15.1
5.08
213.76
68.34
209.04
157.02
293.82
15.14
137.06
137.06
279.12
10.06
5.08
5.08
11.46
9.5
186.18
371.72
5.04
128.34
158.36
664.26
137.18
50.92
10.06
288.94
37.34
5.04
652.12
43.64
142.06
472.92
5.04
21.5
37.52
694.88
289.08
20.06
284.12
5.04
112.7
152.04
17.26
426.0
5.06
10.8
20.06
137.46
5.12
10.02
141.9
275.36
152.08
162.14
149.46
142.0
293.96
152.08
136.98
137.06
11.96
147.06
283.96
147.0
5.04
177.86
141.92
29.26
236.0
5.04
5.08
39.74
278.98
136.98
283.88
399.7
235.84
137.04
15.06
5.08
126.3
278.84
167.16
5.08
157.06
20.12
110.22
343.5
162.06
142.12
5.04
5.04
285.12
10.1
147.06
5.06
74.46
5.08
5.08
227.56
137.0
278.82
5.0
5.06
141.94
154.64
136.96
5.04
10.04
180.32
430.64
147.04
273.94
19.78
235.28
10.12
642.46
5.04
314.58
5.1
5.0
