15.2
10.166667
5.1
5.166667
5.033333
22.133333
15.066667
5.033333
25.233333
5.066667
10.0
20.066667
5.066667
10.1
16.4
5.0
5.066667
5.0
25.133333
40.366667
147.033333
250.633333
5.0
137.0
17.433333
143.833333
15.2
20.1
157.033333
279.133333
24.6
186.133333
136.966667
137.033333
136.866667
5.0
157.1
420.8
827.866667
147.1
137.0
250.9
10.066667
382.2
798.2
157.166667
7.2
416.033333
68.166667
152.066667
157.233333
21.1
256.333333
5.066667
5.1
15.566667
553.033333
273.966667
231.3
146.2
266.833333
73.6
274.1
295.533333
20.633333
10.033333
151.933333
15.066667
105.233333
89.233333
10.066667
10.233333
103.733333
21.266667
55.1
159.2
26.366667
5.033333
5.033333
5.066667
5.066667
10.033333
6.9
274.8
273.9
155.166667
417.8
200.0
150.666667
5.066667
159.266667
425.966667
410.7
142.133333
693.233333
10.0
459.733333
147.066667
248.233333
289.0
152.033333
305.766667
279.0
278.833333
107.566667
31.1
115.133333
177.833333
15.066667
106.666667
119.9
5.0
296.566667
5.066667
562.333333
337.533333
690.5
158.633333
15.033333
5.2
5.033333
5.233333
15.166667
5.1
11.7
36.333333
15.166667
25.233333
15.266667
15.166667
12.133333
168.0
19.7
15.166667
161.466667
10.133333
292.966667
274.0
141.5
10.033333
5.033333
20.166667
162.066667
5.066667
304.1
10.2
286.0
441.033333
137.0
137.033333
10.2
5.066667
21.6
289.033333
137.0
15.133333
208.333333
10.0
10.1
5.166667
10.066667
22.466667
261.233333
137.0
20.066667
15.1
7.2
11.766667
5.8
16.933333
15.166667
7.533333
88.366667
148.633333
84.2
19.6
6.633333
13.833333
152.066667
152.566667
283.8
15.733333
273.833333
160.166667
289.1
147.166667
15.1
284.133333
153.966667
147.033333
142.033333
146.933333
152.1
278.966667
425.9
317.066667
5.066667
273.866667
279.033333
10.033333
14.8
352.533333
5.1
10.833333
5.233333
222.4
137.033333
292.566667
136.966667
5.033333
154.766667
273.3
141.866667
137.0
5.033333
5.1
175.066667
299.266667
272.366667
410.933333
147.266667
30.2
20.066667
200.2
510.0
826.333333
10.133333
100.833333
562.166667
15.1
137.033333
132.266667
13.066667
142.0
11.0
420.8
142.133333
5.0
295.0
5.0
548.433333
148.933333
41.166667
117.866667
137.033333
142.033333
157.066667
150.133333
335.766667
599.133333
331.7
209.0
148.8
684.833333
137.166667
5.033333
562.966667
10.133333
254.933333
411.7
15.133333
285.2
137.066667
15.033333
252.1
279.233333
690.233333
416.033333
127.4
279.866667
294.5
278.9
548.2
552.833333
137.2
18.8
5.033333
161.233333
5.133333
380.1
17.766667
48.3
137.0
10.0
411.1
152.433333
242.6
177.1
147.133333
5.033333
137.033333
214.566667
293.966667
25.033333
25.133333
279.0
425.9
5.033333
136.433333
152.0
31.433333
10.066667
250.333333
265.9
378.966667
5.0
150.4
273.866667
257.566667
162.0
278.966667
15.066667
152.333333
5.066667
161.066667
408.733333
20.2
162.2
152.033333
142.033333
121.333333
22.633333
416.866667
7.066667
18.633333
184.3
281.166667
562.0
251.866667
828.766667
169.666667
152.233333
141.933333
137.0
284.0
5.033333
5.1
152.2
152.233333
5.466667
156.866667
79.266667
115.466667
157.066667
137.0
136.933333
5.1
278.966667
157.2
251.633333
378.966667
152.033333
10.033333
137.1
279.066667
137.0
319.1
5.0
97.766667
11.833333
24.633333
5.133333
30.033333
121.166667
42.133333
164.433333
139.766667
226.8
674.5
410.666667
273.966667
247.1
137.0
137.133333
425.933333
256.566667
147.166667
5.166667
42.333333
421.033333
416.033333
426.2
289.033333
548.1
5.166667
162.033333
149.966667
5.0
5.2
86.833333
301.7
5.0
5.066667
10.033333
157.966667
167.1
5.0
5.066667
7.0
112.066667
30.066667
5.066667
147.066667
27.466667
320.033333
147.1
201.433333
5.066667
151.433333
25.333333
142.233333
327.3
136.933333
157.133333
172.033333
332.333333
172.166667
142.2
151.833333
143.033333
137.033333
137.133333
5.166667
172.2
5.066667
427.233333
409.966667
15.066667
157.1
137.2
5.066667
142.166667
146.166667
328.766667
12.0
16.966667
431.1
10.133333
690.233333
11.933333
137.166667
479.133333
49.366667
68.666667
136.966667
137.066667
10.066667
11.1
162.2
15.0
48.2
313.066667
5.066667
142.466667
25.033333
20.233333
67.6
17.1
162.333333
157.166667
289.0
224.533333
294.066667
827.066667
5.066667
142.0
20.0
5.333333
34.733333
219.0
15.0
147.066667
5.033333
356.133333
6.7
154.633333
431.033333
15.0
289.8
26.566667
152.033333
6.133333
383.2
10.0
11.733333
147.066667
6.333333
435.433333
415.966667
278.866667
827.033333
136.866667
421.333333
827.433333
159.433333
136.966667
147.2
112.666667
205.133333
666.566667
821.933333
152.1
10.033333
5.133333
584.733333
137.0
278.566667
10.0
5.066667
5.1
822.033333
115.433333
142.066667
142.133333
162.2
167.066667
8.433333
271.7
10.033333
56.6
40.566667
147.1
15.0
167.066667
10.0
284.733333
20.133333
157.1
159.033333
142.1
154.4
18.1
5.166667
137.033333
10.066667
5.033333
204.366667
153.366667
142.0
27.6
156.966667
5.033333
304.033333
5.233333
284.033333
353.6
294.466667
5.033333
10.033333
5.033333
142.066667
5.033333
15.633333
10.0
157.033333
20.0
598.266667
278.9
291.666667
6.633333
202.2
137.066667
137.066667
10.066667
137.1
10.133333
427.766667
195.2
17.566667
152.0
423.233333
5.033333
108.233333
10.0
154.566667
136.3
151.433333
65.366667
6.533333
15.266667
80.266667
26.9
10.0
5.033333
5.066667
21.1
137.1
278.933333
273.966667
161.166667
5.033333
294.033333
147.166667
159.0
827.133333
44.633333
5.0
5.066667
426.0
142.333333
137.1
149.333333
5.033333
5.033333
260.0
137.1
363.633333
299.133333
228.866667
5.1
10.133333
193.333333
10.033333
49.8
143.0
7.233333
156.966667
88.266667
20.333333
357.4
5.066667
25.166667
94.3
204.833333
694.766667
5.0
137.133333
360.666667
159.1
136.966667
613.933333
239.866667
958.9
137.1
253.433333
147.066667
5.066667
74.9
136.133333
15.0
5.0
157.033333
147.0
265.6
28.633333
142.033333
113.333333
915.566667
613.233333
154.0
8.2
15.0
5.1
9.066667
136.966667
5.066667
190.933333
822.3
157.066667
283.933333
360.633333
10.1
284.033333
142.066667
137.766667
420.966667
281.566667
152.033333
142.966667
219.233333
19.5
30.066667
225.8
137.1
18.433333
591.5
7.633333
131.033333
5.133333
79.433333
142.066667
10.0
74.9
10.033333
17.266667
155.366667
11.866667
134.1
136.966667
26.5
154.233333
39.3
202.933333
68.266667
10.066667
213.6
5.0
294.0
158.166667
15.033333
168.1
20.1
18.233333
11.566667
20.0
100.6
7.033333
416.066667
118.233333
135.933333
273.466667
701.0
137.0
434.2
406.7
20.066667
5.0
137.033333
426.233333
175.566667
137.066667
461.5
284.0
827.166667
142.0
152.066667
143.1
410.866667
403.133333
5.066667
136.933333
147.666667
5.033333
147.033333
137.066667
137.133333
11.1
152.133333
141.966667
5.033333
136.966667
147.066667
40.066667
142.033333
284.166667
15.4
5.933333
136.966667
15.166667
173.533333
167.2
295.166667
59.366667
28.966667
5.1
147.266667
207.533333
146.933333
163.4
137.066667
136.833333
137.6
332.8
694.9
215.233333
5.0
15.066667
147.3
12.6
5.0
429.833333
25.1
304.066667
5.133333
5.033333
5.033333
162.033333
5.0
121.066667
5.133333
127.966667
219.2
5.033333
147.0
15.033333
5.133333
20.166667
15.033333
142.1
284.766667
842.133333
20.1
43.033333
379.633333
147.066667
284.033333
282.066667
274.133333
828.1
562.566667
963.6
5.033333
827.166667
5.0
685.3
137.033333
157.033333
152.566667
20.033333
5.066667
397.633333
536.5
95.9
553.4
5.0
136.9
415.966667
8.333333
495.833333
116.866667
5.066667
10.0
210.9
10.0
12.5
5.166667
20.0
15.133333
148.333333
137.033333
5.1
141.966667
31.666667
30.933333
5.033333
157.0
152.066667
46.566667
152.033333
5.1
156.833333
147.0
5.1
7.4
151.9
10.0
5.066667
15.0
7.5
250.733333
5.2
154.966667
157.066667
137.1
142.133333
10.166667
5.0
15.566667
142.066667
5.1
5.0
10.066667
15.166667
159.866667
203.966667
278.933333
161.066667
151.966667
137.133333
151.933333
273.866667
568.333333
148.366667
158.4
10.166667
15.866667
149.666667
167.4
147.033333
217.266667
279.1
136.966667
5.066667
137.066667
264.966667
170.933333
137.033333
509.1
289.0
5.4
142.0
552.9
15.0
5.2
136.966667
672.066667
152.1
42.7
5.066667
141.966667
309.0
10.233333
20.4
46.5
5.1
5.0
5.1
17.366667
20.133333
5.0
10.2
15.1
279.0
233.4
15.2
37.4
41.633333
5.0
16.733333
219.066667
5.033333
15.0
10.066667
152.1
89.833333
142.066667
111.3
156.4
112.1
5.133333
10.033333
174.266667
5.133333
72.233333
94.166667
147.066667
234.466667
5.0
133.1
136.966667
137.166667
66.133333
291.133333
5.033333
152.066667
5.033333
142.1
5.0
15.1
166.833333
137.1
274.066667
5.033333
5.033333
10.033333
10.0
10.1
15.0
25.0
10.033333
10.033333
5.0
15.1
147.0
15.0
5.033333
157.033333
137.033333
5.0
142.966667
29.633333
5.1
30.3
5.033333
178.633333
5.0
5.033333
159.333333
413.6
425.866667
299.066667
400.333333
157.166667
5.066667
118.166667
142.133333
5.033333
15.0
139.633333
10.033333
44.0
32.566667
13.4
149.066667
6.766667
10.0
5.266667
299.466667
363.766667
5.1
142.0
97.433333
136.9
274.033333
425.933333
421.0
158.9
79.766667
268.533333
5.066667
280.666667
8.533333
431.1
7.866667
818.933333
119.5
142.1
289.066667
189.8
226.133333
446.466667
240.033333
5.033333
5.5
255.2
690.0
274.0
410.833333
5.066667
62.266667
422.2
10.066667
137.066667
137.133333
152.066667
147.0
10.1
63.933333
137.2
137.2
137.033333
273.966667
157.033333
5.0
72.633333
142.0
476.833333
25.1
157.033333
142.1
16.2
147.0
103.833333
15.1
15.0
194.733333
5.0
158.9
169.8
5.0
22.266667
8.9
5.033333
137.0
27.2
18.4
156.966667
10.133333
34.266667
131.3
821.9
5.133333
142.166667
137.066667
54.033333
20.0
15.133333
826.966667
167.066667
10.066667
147.266667
5.0
161.966667
136.966667
76.9
5.0
153.7
410.133333
131.566667
137.133333
577.466667
21.566667
967.766667
5.066667
388.4
254.4
15.0
646.366667
849.166667
8.433333
196.266667
5.033333
137.066667
564.166667
654.466667
137.1
152.2
137.0
149.0
15.1
20.1
137.066667
15.0
293.8
137.1
5.2
273.9
10.1
5.033333
171.033333
10.1
162.066667
222.766667
8.833333
22.3
152.5
277.133333
377.666667
287.533333
685.0
296.566667
827.2
5.0
5.033333
5.1
5.066667
152.066667
120.566667
285.966667
5.1
10.1
142.033333
146.033333
10.033333
5.066667
55.366667
12.966667
19.833333
5.133333
10.066667
425.866667
151.966667
5.933333
5.0
27.9
15.033333
514.333333
5.1
12.266667
161.8
5.066667
137.1
141.933333
136.9
196.233333
15.866667
10.0
10.1
548.933333
137.033333
137.066667
104.333333
20.1
154.466667
568.166667
137.033333
168.366667
653.1
152.0
10.0
338.2
5.066667
10.0
10.066667
15.066667
136.9
401.5
175.566667
185.3
284.1
133.066667
25.133333
152.233333
61.2
5.033333
700.033333
10.233333
137.1
233.433333
134.266667
14.7
142.066667
143.366667
137.033333
64.5
5.0
137.0
10.133333
298.666667
144.733333
18.866667
411.466667
293.9
136.933333
229.633333
147.1
251.5
141.966667
234.333333
137.033333
5.0
134.533333
31.3
5.1
99.866667
11.0
5.0
25.633333
19.0
10.0
5.0
5.166667
16.4
15.066667
15.066667
15.3
5.066667
5.0
20.0
10.066667
10.033333
62.866667
148.266667
5.066667
15.166667
137.066667
147.066667
10.066667
25.033333
147.133333
144.9
269.466667
674.933333
420.766667
137.0
5.066667
27.366667
11.2
194.666667
137.033333
152.133333
136.933333
526.7
25.133333
5.066667
246.933333
137.833333
15.133333
147.066667
274.066667
5.066667
136.866667
279.1
54.866667
20.033333
380.866667
109.5
147.233333
15.1
25.333333
655.466667
786.866667
137.033333
15.033333
5.0
15.0
5.1
5.066667
53.4
10.5
49.3
722.766667
274.233333
15.0
17.233333
162.1
15.0
10.066667
192.0
67.066667
20.166667
144.9
5.033333
5.1
208.533333
137.1
120.633333
591.5
137.266667
137.1
141.933333
742.433333
284.6
137.066667
279.033333
5.166667
162.0
5.1
5.0
137.066667
284.133333
118.0
157.9
119.4
296.033333
9.366667
73.566667
153.533333
276.033333
289.066667
117.766667
154.266667
159.2
146.266667
162.1
313.6
235.566667
137.0
25.066667
15.033333
137.0
141.966667
7.0
5.0
142.066667
199.4
146.9
137.1
79.033333
162.166667
137.133333
5.0
159.433333
53.1
120.933333
170.966667
15.0
161.9
284.066667
124.633333
142.033333
137.2
152.0
158.5
20.066667
136.9
147.0
20.0
157.466667
10.166667
450.0
421.0
16.1
147.133333
10.133333
114.233333
232.666667
5.2
196.833333
283.9
317.466667
147.366667
205.033333
142.466667
310.1
35.4
429.433333
5.166667
10.033333
9.033333
386.6
10.033333
147.033333
10.0
222.566667
75.3
20.333333
498.433333
137.066667
18.966667
154.266667
284.0
42.733333
5.0
5.066667
176.2
177.866667
10.1
137.1
283.966667
5.533333
5.7
20.1
265.566667
281.466667
24.466667
5.066667
10.0
162.3
105.133333
8.9
278.966667
279.5
371.366667
136.966667
553.666667
5.0
260.4
284.1
294.133333
147.1
152.1
20.1
552.9
843.1
152.033333
189.366667
162.066667
873.8
25.0
141.966667
5.166667
289.066667
289.033333
130.466667
136.333333
8.533333
345.666667
537.666667
382.733333
411.633333
152.1
