15.133333
5.033333
15.133333
20.233333
5.066667
5.0
20.1
10.0
5.066667
20.1
5.2
10.033333
5.0
25.0
15.066667
5.033333
21.366667
5.3
5.066667
67.333333
61.166667
260.766667
12.533333
273.866667
20.066667
153.933333
26.0
10.033333
25.066667
5.066667
5.133333
136.933333
137.133333
137.066667
156.9
274.233333
5.1
146.9
298.9
142.0
142.0
137.066667
147.133333
147.566667
277.1
288.533333
821.933333
5.0
157.3
827.333333
10.0
137.1
959.233333
284.0
137.1
245.566667
162.133333
274.066667
5.033333
5.1
128.3
20.066667
74.9
5.033333
315.1
189.666667
156.633333
30.133333
42.5
10.066667
5.0
24.233333
142.033333
105.566667
14.533333
5.233333
172.433333
29.9
90.566667
64.533333
8.033333
283.833333
142.133333
5.033333
179.033333
33.233333
142.066667
166.2
350.3
5.0
6.133333
136.966667
24.233333
5.033333
5.0
15.066667
538.3
5.133333
15.466667
10.133333
151.866667
142.033333
137.033333
78.7
20.2
294.066667
17.566667
153.1
131.566667
701.566667
132.966667
142.066667
84.666667
283.9
10.0
155.466667
420.9
431.066667
136.933333
5.0
137.566667
15.0
289.066667
279.1
279.1
284.166667
9.266667
10.066667
20.0
313.733333
502.066667
10.166667
10.0
5.033333
370.766667
147.033333
137.0
5.166667
5.966667
10.0
22.9
118.166667
15.033333
10.033333
5.0
9.6
137.1
17.133333
5.066667
20.0
5.0
152.1
425.966667
15.333333
215.366667
18.0
136.966667
87.766667
279.066667
147.1
12.1
302.833333
137.3
15.033333
20.133333
405.533333
137.033333
15.1
10.1
311.6
15.066667
10.0
24.366667
5.1
20.0
288.933333
5.066667
136.933333
118.633333
286.333333
190.233333
147.0
90.4
25.2
10.233333
142.066667
5.1
147.4
5.633333
142.033333
298.966667
10.066667
5.0
74.033333
5.033333
10.066667
5.433333
136.9
10.033333
15.1
15.1
90.666667
5.0
33.833333
137.0
269.166667
162.0
203.6
40.3
8.266667
136.966667
12.433333
297.766667
142.0
162.233333
146.933333
284.033333
170.1
152.1
695.233333
142.033333
157.233333
10.066667
152.0
137.166667
5.066667
17.7
830.6
279.033333
142.0
959.133333
10.0
151.966667
288.933333
287.7
5.0
141.933333
415.7
22.1
5.1
15.266667
15.1
177.466667
147.1
15.066667
18.066667
163.7
7.366667
147.166667
142.033333
157.066667
179.466667
10.033333
426.033333
137.0
284.066667
827.033333
273.966667
274.0
167.166667
5.1
142.0
548.3
714.133333
10.1
410.733333
162.1
20.833333
6.833333
288.833333
136.833333
157.533333
276.966667
160.6
284.0
70.433333
378.833333
6.966667
147.2
415.833333
20.066667
5.1
279.1
137.0
10.0
147.0
964.0
10.633333
10.133333
152.033333
420.566667
10.0
6.3
20.4
5.0
10.1
137.066667
5.066667
261.6
5.166667
10.1
110.633333
294.0
343.6
152.066667
21.566667
5.066667
136.966667
182.8
137.1
257.366667
137.066667
137.1
459.6
5.0
147.166667
15.0
273.966667
17.733333
486.133333
284.0
623.433333
283.533333
495.933333
374.733333
137.166667
9.666667
229.233333
390.8
283.966667
278.933333
416.033333
164.133333
10.566667
593.1
152.1
10.066667
146.866667
147.033333
152.0
15.0
5.1
27.533333
5.0
15.066667
10.066667
5.0
151.733333
5.033333
88.433333
294.066667
11.0
83.666667
221.366667
142.0
147.033333
137.133333
6.766667
5.0
5.033333
20.066667
15.133333
152.033333
5.133333
5.0
11.166667
56.4
5.133333
287.066667
778.433333
107.933333
5.066667
16.633333
15.4
10.1
5.0
147.033333
16.6
136.933333
25.5
10.033333
5.066667
5.066667
147.1
142.166667
16.166667
28.7
289.066667
115.8
21.966667
6.6
147.566667
153.433333
142.166667
5.0
5.133333
142.9
137.0
147.1
199.3
5.066667
5.366667
420.6
827.0
415.933333
137.033333
182.666667
239.633333
5.0
274.033333
39.8
15.3
15.033333
11.533333
137.033333
20.066667
21.033333
60.233333
279.066667
20.133333
20.133333
20.4
293.566667
28.733333
274.233333
289.833333
831.866667
137.066667
279.0
10.0
165.733333
137.0
329.233333
8.1
5.0
285.4
233.266667
147.366667
274.0
5.033333
157.033333
289.166667
302.333333
167.133333
137.0
152.133333
174.733333
64.533333
26.5
284.033333
8.6
5.1
15.0
157.066667
138.233333
167.266667
9.8
20.1
279.066667
435.666667
152.133333
142.066667
148.933333
5.133333
15.133333
37.866667
223.8
10.066667
137.033333
162.766667
17.266667
137.1
376.7
136.7
20.066667
30.3
5.0
144.3
212.733333
152.133333
8.9
548.066667
5.033333
5.1
557.866667
136.933333
151.966667
141.933333
162.0
157.9
379.566667
5.066667
147.833333
141.933333
203.0
296.666667
293.7
157.066667
5.066667
5.066667
186.933333
137.033333
15.033333
413.4
137.033333
589.133333
172.166667
79.433333
350.233333
609.233333
111.033333
538.8
15.966667
278.966667
318.9
184.9
563.533333
157.033333
288.966667
442.666667
5.033333
5.0
38.333333
249.266667
690.0
10.0
10.0
114.933333
20.866667
15.7
498.933333
5.0
151.966667
10.1
137.1
136.966667
23.3
449.366667
321.933333
257.0
28.433333
5.066667
153.1
276.3
136.933333
161.5
25.5
41.033333
65.2
5.1
137.1
152.3
26.466667
239.733333
157.0
142.0
5.066667
15.066667
136.7
146.966667
23.7
451.366667
172.233333
5.066667
20.066667
64.6
92.166667
5.1
278.866667
289.0
8.366667
391.133333
137.033333
311.433333
78.533333
10.033333
49.766667
10.0
5.066667
96.133333
159.333333
122.9
5.033333
237.833333
241.133333
136.966667
147.0
142.066667
20.166667
21.0
162.166667
234.766667
280.466667
195.133333
42.8
5.033333
274.0
142.2
273.933333
288.933333
552.9
324.8
5.8
253.0
420.9
5.0
120.366667
228.2
131.366667
5.033333
284.333333
284.233333
202.433333
136.966667
172.4
5.0
5.1
72.7
100.233333
23.5
20.166667
5.033333
5.133333
165.333333
5.033333
10.066667
430.966667
10.0
5.033333
10.166667
139.4
12.866667
100.066667
91.366667
147.2
351.566667
151.933333
638.433333
142.1
827.066667
606.0
5.066667
283.966667
403.733333
832.1
159.133333
367.433333
25.166667
71.766667
294.0
5.2
416.0
5.0
821.466667
268.033333
10.0
144.3
10.133333
291.3
136.966667
142.0
134.766667
274.1
273.933333
10.0
142.066667
5.066667
5.1
68.9
15.133333
5.966667
293.9
274.0
295.566667
5.166667
303.966667
137.233333
195.3
274.0
272.833333
133.566667
137.1
216.433333
202.533333
172.533333
5.133333
162.133333
5.066667
147.133333
155.966667
10.033333
5.033333
16.1
93.733333
5.033333
10.0
5.0
413.0
137.0
5.033333
20.066667
236.366667
5.1
157.033333
212.5
558.166667
141.1
137.066667
256.4
142.066667
534.166667
5.066667
235.5
428.9
288.933333
284.1
20.333333
608.6
420.333333
6.666667
426.033333
137.033333
274.1
136.9
566.933333
136.966667
274.066667
5.066667
274.066667
141.933333
290.133333
224.166667
279.066667
10.0
137.033333
329.333333
273.966667
10.1
5.0
521.133333
289.0
585.0
5.2
146.933333
5.033333
162.066667
75.2
157.2
5.033333
9.4
10.033333
57.833333
5.133333
5.1
183.933333
5.3
143.033333
273.966667
20.6
5.033333
5.033333
5.1
166.166667
141.9
5.0
160.566667
5.066667
7.066667
137.1
5.066667
289.0
137.0
8.466667
95.866667
5.033333
5.133333
251.433333
142.033333
15.2
29.4
6.833333
20.0
294.0
158.466667
364.666667
23.866667
5.866667
152.133333
794.7
5.033333
375.233333
344.1
283.9
431.0
512.2
167.1
274.066667
557.8
416.066667
421.033333
557.166667
5.0
147.1
548.933333
548.8
289.0
5.066667
5.0
238.733333
5.0
5.2
827.0
128.733333
10.066667
10.0
284.033333
147.1
181.633333
212.3
419.666667
136.9
323.266667
74.466667
162.6
5.066667
20.933333
289.1
10.166667
5.133333
5.033333
157.2
28.566667
278.8
5.133333
19.533333
15.066667
133.033333
30.3
5.133333
5.0
63.3
162.0
14.266667
538.2
167.366667
317.933333
15.0
274.466667
5.1
142.066667
47.833333
26.133333
205.9
10.066667
10.066667
162.066667
13.866667
284.033333
5.0
219.966667
157.033333
288.8
137.0
137.2
284.066667
86.8
289.0
20.033333
137.7
27.333333
137.0
162.0
137.033333
207.633333
156.966667
17.633333
133.0
289.033333
10.1
157.0
296.6
273.9
116.3
15.1
5.0
5.6
20.2
151.966667
67.533333
18.433333
5.066667
5.066667
136.9
273.933333
5.266667
179.533333
5.066667
5.0
5.1
7.2
938.166667
10.0
69.133333
5.066667
164.1
25.1
5.0
16.8
256.133333
57.566667
35.6
452.066667
5.066667
278.966667
10.3
147.033333
288.966667
690.366667
304.1
5.033333
157.166667
706.0
6.333333
142.1
279.0
409.766667
10.0
431.033333
406.066667
10.0
5.033333
5.033333
278.9
5.033333
161.4
5.033333
10.1
206.066667
5.033333
294.2
5.166667
21.666667
141.2
154.4
147.133333
25.0
20.0
5.0
30.066667
61.133333
15.066667
5.7
41.6
284.033333
20.166667
6.0
5.1
23.766667
30.466667
26.166667
42.433333
5.066667
137.033333
152.133333
12.9
35.233333
5.1
49.9
142.0
15.133333
5.033333
5.033333
8.6
135.533333
157.0
17.0
288.766667
196.2
279.066667
147.166667
186.633333
5.033333
5.0
10.0
5.1
147.0
5.0
10.033333
5.066667
10.0
14.0
10.0
14.133333
10.0
143.166667
10.2
5.266667
142.0
10.1
25.033333
15.1
21.266667
10.066667
5.166667
96.0
137.133333
174.566667
61.4
269.466667
434.066667
137.1
15.066667
22.9
5.1
142.133333
5.0
193.0
136.833333
142.1
274.0
157.033333
137.133333
137.033333
157.466667
5.033333
142.033333
10.133333
5.1
24.366667
10.033333
423.566667
137.0
24.133333
5.033333
5.033333
15.766667
116.633333
5.033333
165.6
5.133333
10.133333
8.466667
233.766667
137.066667
21.233333
10.2
212.033333
78.8
5.1
272.0
15.033333
10.133333
85.2
15.2
249.066667
5.0
273.833333
137.1
15.033333
5.033333
143.066667
14.366667
5.066667
299.666667
10.033333
154.033333
15.033333
25.166667
284.033333
51.866667
15.133333
5.0
44.433333
29.033333
136.933333
8.8
11.433333
15.0
40.833333
260.566667
137.033333
574.866667
393.7
278.833333
137.0
285.433333
247.766667
10.066667
163.8
5.033333
142.033333
137.166667
5.033333
5.066667
10.0
5.066667
5.0
25.3
14.5
13.566667
162.033333
27.7
15.1
137.0
5.033333
10.133333
152.1
10.066667
147.1
190.633333
6.5
440.066667
234.233333
137.0
5.166667
15.133333
10.066667
147.033333
91.633333
20.066667
426.066667
177.066667
81.366667
5.0
137.0
288.3
168.233333
18.366667
31.166667
5.066667
100.933333
147.166667
137.033333
407.333333
10.0
5.066667
137.066667
293.833333
10.133333
273.933333
279.066667
557.366667
20.033333
415.966667
5.0
731.033333
280.833333
292.3
5.066667
136.9
294.8
326.433333
841.2
157.1
490.2
552.833333
5.1
572.166667
10.0
128.266667
5.066667
167.1
40.833333
137.1
5.133333
236.366667
142.133333
163.7
5.0
5.033333
5.666667
157.433333
15.166667
12.3
16.9
5.066667
5.033333
77.333333
11.466667
10.166667
393.666667
501.4
142.1
136.933333
415.966667
5.1
415.933333
137.0
5.2
5.1
5.033333
832.1
15.033333
15.133333
15.166667
5.133333
973.9
5.033333
10.1
17.833333
5.1
171.566667
5.066667
10.0
23.966667
15.2
97.666667
191.6
144.266667
424.833333
30.666667
153.166667
40.133333
29.733333
390.766667
148.2
166.5
270.6
52.733333
118.966667
830.9
156.966667
142.0
67.466667
159.6
165.5
252.433333
50.533333
185.433333
8.933333
7.466667
152.1
137.033333
288.166667
181.533333
151.933333
415.233333
162.1
136.966667
152.966667
5.066667
5.1
7.7
184.6
359.6
278.9
685.133333
16.3
5.166667
294.133333
121.633333
165.9
538.633333
10.366667
5.066667
192.5
142.466667
5.033333
15.066667
5.033333
87.166667
5.2
25.033333
11.733333
21.733333
5.0
192.733333
146.966667
21.966667
5.066667
152.133333
144.666667
10.033333
157.066667
151.866667
24.0
311.466667
222.533333
5.033333
109.3
147.1
20.533333
20.0
20.2
10.033333
5.133333
5.0
15.1
5.0
146.933333
16.166667
23.666667
20.033333
23.566667
167.133333
150.566667
152.033333
5.133333
291.466667
15.1
92.033333
5.1
5.0
15.166667
192.833333
5.0
263.6
13.0
215.166667
273.966667
137.0
137.0
300.433333
20.066667
152.066667
5.066667
25.133333
137.066667
156.633333
142.066667
115.833333
63.733333
90.833333
20.066667
157.533333
162.033333
20.0
274.066667
25.9
15.0
35.5
351.4
248.966667
5.033333
105.566667
5.066667
295.133333
15.0
5.033333
5.2
283.933333
147.2
5.033333
137.0
21.3
248.7
745.366667
700.266667
152.033333
152.1
5.066667
267.933333
5.133333
637.633333
232.4
36.333333
152.0
152.166667
137.0
153.466667
393.0
440.433333
137.033333
208.333333
213.266667
5.1
156.133333
5.066667
10.066667
284.966667
136.933333
25.2
147.0
137.0
5.033333
137.066667
20.0
264.1
5.0
142.033333
147.133333
142.033333
136.866667
15.0
137.0
25.2
137.1
157.833333
303.9
15.033333
5.066667
368.266667
426.033333
148.066667
5.033333
142.033333
72.9
5.033333
405.866667
115.966667
20.1
136.033333
23.866667
157.133333
300.433333
5.0
5.0
220.666667
112.466667
166.5
137.033333
62.433333
5.033333
273.966667
6.633333
5.033333
15.066667
137.0
147.4
165.366667
152.033333
151.933333
137.1
5.0
278.0
312.1
142.066667
258.5
122.733333
10.133333
142.0
170.6
15.033333
5.133333
200.666667
546.0
150.766667
326.833333
5.1
279.166667
6.766667
216.966667
60.366667
20.2
227.933333
10.866667
149.3
81.466667
142.133333
147.066667
7.7
10.466667
29.0
191.566667
147.2
147.4
137.0
389.166667
17.4
5.0
5.1
193.466667
263.233333
10.033333
284.033333
116.8
183.066667
158.9
10.133333
288.766667
156.9
5.066667
5.1
5.033333
163.1
15.066667
166.766667
221.866667
15.1
147.133333
137.066667
242.5
196.7
10.066667
161.066667
142.1
23.566667
30.1
283.666667
28.733333
5.066667
5.033333
157.066667
5.1
10.766667
5.033333
642.633333
34.166667
25.133333
278.766667
5.133333
91.466667
370.8
473.266667
5.0
152.133333
157.133333
5.033333
151.933333
17.4
701.8
147.1
72.066667
10.133333
279.0
10.033333
5.066667
352.866667
15.1
444.1
16.933333
137.0
182.333333
5.033333
278.8
137.366667
147.1
147.333333
731.766667
590.833333
10.133333
420.933333
149.2
274.0
558.1
287.3
421.066667
156.333333
