0.0
0.0
0.0
0.166667
0.0
0.0
0.0
0.0
0.0
0.166667
0.0
0.0
0.375
0.375
0.0
0.166667
0.0
0.0
0.0
0.166667
0.0
0.0
0.0
0.0
0.166667
0.285714
0.0
0.285714
0.285714
0.444444
0.166667
0.0
0.166667
0.0
0.0
0.444444
0.0
0.0
0.0
0.0
0.0
0.0
0.0
0.285714
0.166667
0.0
0.166667
0.0
0.0
0.0
0.0
0.0
0.0
0.0
0.0
0.0
0.166667
0.285714
0.166667
0.0
0.0
0.0
0.666667
0.0
0.0
0.0
0.0
0.0
0.0
0.0
0.0
0.375
0.166667
0.0
0.0
0.444444
0.0
0.0
0.0
0.0
0.0
0.166667
0.166667
0.285714
0.0
0.166667
0.0
0.0
0.0
0.0
0.0
0.0
0.0
0.0
0.0
0.6875
0.285714
0.0
0.0
0.375
0.0
0.0
0.0
0.0
0.0
0.0
0.166667
0.0
0.0
0.0
0.0
0.0
0.166667
0.166667
0.0
0.444444
0.0
0.0
0.0
0.0
0.285714
0.285714
0.0
0.0
0.0
0.0
0.0
0.0
0.166667
0.0
0.0
0.0
0.0
0.0
0.0
0.0
0.444444
0.0
0.0
0.0
0.0
0.166667
0.0
0.375
0.5
0.285714
0.0
0.375
0.0
0.375
0.0
0.166667
0.285714
0.166667
0.285714
0.5
0.0
0.0
0.0
0.375
0.0
0.0
0.0
0.0
0.0
0.0
0.0
0.545455
0.5
0.0
0.444444
0.5
0.0
0.0
0.0
0.0
0.666667
0.0
0.0
0.166667
0.0
0.0
0.375
0.5
0.0
0.375
0.0
0.0
0.545455
0.545455
0.166667
0.285714
0.0
0.444444
0.166667
0.5
0.0
0.705882
0.166667
0.960938
0.583333
0.615385
0.615385
0.0
0.5
0.0
0.0
0.0
0.444444
0.444444
0.0
0.0
0.545455
0.0
0.0
0.0
0.375
0.285714
0.166667
0.5
0.375
0.5
0.0
0.0
0.0
0.166667
0.166667
0.0
0.0
0.0
0.0
0.166667
0.0
0.0
0.0
0.0
0.444444
0.0
0.0
0.0
0.444444
0.0
0.0
0.0
0.285714
0.0
0.444444
0.375
0.375
0.285714
0.0
0.0
0.0
0.375
0.0
0.0
0.0
0.375
0.0
0.0
0.0
0.0
0.375
0.375
0.285714
0.166667
0.0
0.285714
0.0
0.0
0.0
0.0
0.0
0.0
0.5
0.285714
0.0
0.0
0.0
0.444444
0.0
0.285714
0.0
0.0
0.0
0.0
0.0
0.0
0.375
0.0
0.0
0.166667
0.444444
0.285714
0.0
0.285714
0.285714
0.375
0.583333
0.0
0.0
0.0
0.5
0.375
0.0
0.583333
0.285714
0.444444
0.0
0.0
0.0
0.0
0.6875
0.5
0.0
0.615385
0.0
0.0
0.0
0.375
0.545455
0.285714
0.0
0.166667
0.0
0.375
0.666667
0.545455
0.285714
0.0
0.642857
0.375
0.545455
0.0
0.285714
0.166667
0.615385
0.0
0.444444
0.0
0.0
0.444444
0.0
0.0
0.166667
0.0
0.0
0.0
0.375
0.0
0.0
0.166667
0.285714
0.166667
0.0
0.0
0.545455
0.0
0.0
0.375
0.0
0.0
0.0
0.166667
0.0
0.0
0.166667
0.0
0.0
0.0
0.375
0.0
0.285714
0.285714
0.0
0.285714
0.166667
0.0
0.0
0.0
0.166667
0.0
0.0
0.0
0.0
0.0
0.375
0.0
0.166667
0.285714
0.736842
0.0
0.166667
0.0
0.0
0.0
0.375
0.285714
0.5
0.375
0.444444
0.285714
0.5
0.0
0.166667
0.0
0.285714
0.0
0.0
0.0
0.0
0.0
0.0
0.0
0.0
0.166667
0.285714
0.0
0.0
0.0
0.0
0.0
0.0
0.166667
0.0
0.166667
0.285714
0.444444
0.285714
0.0
0.166667
0.0
0.827586
0.0
0.0
0.444444
0.0
0.0
0.0
0.0
0.0
0.0
0.0
0.0
0.166667
0.0
0.0
0.0
0.0
0.0
0.0
0.0
0.0
0.772727
0.0
0.0
0.375
0.0
0.285714
0.444444
0.0
0.615385
0.375
0.444444
0.285714
0.583333
0.545455
0.0
0.545455
0.166667
0.642857
0.166667
0.545455
0.0
0.5
0.166667
0.285714
0.285714
0.0
0.0
0.0
0.0
0.375
0.166667
0.166667
0.0
0.0
0.0
0.0
0.285714
0.0
0.0
0.375
0.583333
0.166667
0.0
0.0
0.0
0.166667
0.0
0.285714
0.0
0.285714
0.166667
0.166667
0.444444
0.0
0.0
0.666667
0.0
0.722222
0.444444
0.6875
0.285714
0.0
0.0
0.0
0.166667
0.5
0.0
0.0
0.285714
0.166667
0.0
0.0
0.0
0.0
0.5
0.166667
0.0
0.0
0.0
0.0
0.444444
0.166667
0.0
0.166667
0.0
0.375
0.0
0.0
0.285714
0.0
0.0
0.0
0.444444
0.166667
0.166667
0.375
0.0
0.166667
0.0
0.0
0.0
0.285714
0.0
0.0
0.0
0.5
0.0
0.0
0.0
0.285714
0.0
0.0
0.444444
0.0
0.0
0.0
0.0
0.5
0.166667
0.0
0.0
0.0
0.166667
0.5
0.5
0.444444
0.722222
0.0
0.0
0.545455
0.0
0.0
0.166667
0.166667
0.285714
0.285714
0.285714
0.0
0.0
0.285714
0.0
0.0
0.0
0.285714
0.0
0.0
0.5
0.0
0.0
0.0
0.0
0.166667
0.0
0.0
0.0
0.0
0.0
0.0
0.0
0.0
0.0
0.0
0.0
0.0
0.0
0.166667
0.166667
0.0
0.166667
0.0
0.0
0.0
0.615385
0.375
0.0
0.0
0.0
0.285714
0.0
0.0
0.0
0.0
0.0
0.0
0.0
0.0
0.0
0.166667
0.0
0.0
0.0
0.0
0.0
0.0
0.0
0.0
0.0
0.0
0.166667
0.0
0.0
0.0
0.0
0.0
0.0
0.444444
0.0
0.0
0.0
0.0
0.0
0.166667
0.0
0.375
0.166667
0.0
0.0
0.0
0.0
0.0
0.285714
0.166667
0.0
0.0
0.0
0.285714
0.0
0.545455
0.5
0.166667
0.285714
0.0
0.375
0.0
0.285714
0.285714
0.0
0.545455
0.285714
0.5
0.0
0.5
0.166667
0.444444
0.0
0.0
0.0
0.285714
0.0
0.0
0.545455
0.5
0.0
0.0
0.0
0.0
0.0
0.166667
0.0
0.0
0.285714
0.0
0.0
0.285714
0.0
0.0
0.0
0.0
0.166667
0.0
0.0
0.0
0.0
0.0
0.0
0.0
0.0
0.0
0.0
0.0
0.0
0.444444
0.166667
0.0
0.722222
0.0
0.375
0.545455
0.166667
0.0
0.375
0.0
0.166667
0.0
0.0
0.0
0.545455
0.0
0.0
0.0
0.166667
0.761905
0.0
0.852941
0.166667
0.166667
0.0
0.0
0.0
0.285714
0.375
0.0
0.0
0.6875
0.166667
0.375
0.0
0.0
0.0
0.166667
0.166667
0.0
0.0
0.0
0.0
0.583333
0.0
0.814815
0.0
0.0
0.444444
0.166667
0.0
0.166667
0.0
0.166667
0.0
0.0
0.166667
0.0
0.375
0.166667
0.166667
0.166667
0.166667
0.0
0.166667
0.285714
0.285714
0.0
0.166667
0.642857
0.166667
0.615385
0.0
0.0
0.166667
0.285714
0.0
0.0
0.0
0.0
0.0
0.444444
0.0
0.0
0.375
0.0
0.0
0.0
0.0
0.0
0.285714
0.0
0.285714
0.166667
0.166667
0.285714
0.375
0.0
0.0
0.166667
0.375
0.0
0.166667
0.0
0.0
0.0
0.0
0.0
0.0
0.0
0.0
0.0
0.0
0.0
0.0
0.0
0.0
0.166667
0.0
0.0
0.0
0.166667
0.0
0.0
0.0
0.0
0.0
0.444444
0.0
0.285714
0.0
0.0
0.0
0.0
0.0
0.166667
0.444444
0.0
0.166667
0.0
0.666667
0.166667
0.0
0.0
0.285714
0.285714
0.166667
0.0
0.375
0.0
0.0
0.0
0.0
0.0
0.444444
0.166667
0.5
0.5
0.166667
0.0
0.0
0.0
0.444444
0.0
0.0
0.0
0.0
0.375
0.166667
0.0
0.0
0.0
0.444444
0.0
0.910714
0.0
0.0
0.0
0.166667
0.5
0.166667
0.0
0.166667
0.375
0.0
0.5
0.0
0.0
0.0
0.166667
0.0
0.0
0.166667
0.0
0.0
0.0
0.0
0.0
0.285714
0.0
0.0
0.0
0.0
0.0
0.285714
0.0
0.0
0.0
0.0
0.0
0.0
0.285714
0.0
0.285714
0.0
0.0
0.0
0.0
0.0
0.0
0.285714
0.166667
0.375
0.0
0.166667
0.285714
0.375
0.166667
0.5
0.0
0.166667
0.0
0.375
0.166667
0.5
0.0
0.0
0.0
0.0
0.375
0.285714
0.0
0.166667
0.0
0.0
0.0
0.0
0.0
0.0
0.0
0.0
0.0
0.0
0.285714
0.545455
0.285714
0.0
0.0
0.0
0.166667
0.285714
0.0
0.0
0.0
0.0
0.666667
0.375
0.166667
0.705882
0.615385
0.6875
0.444444
0.444444
