0.0
0.0
0.0
0.0
0.206349
0.0
0.0
0.0
0.0
0.0
0.074074
0.39759
0.0
0.275362
0.285714
0.0
0.0
0.295775
0.0
0.509804
0.0
0.418605
0.193548
0.0
0.0
0.305556
0.418605
0.0
0.0
0.0
0.0
0.0
0.0
0.0
0.0
0.0
0.0
0.137931
0.230769
0.404762
0.056604
0.166667
0.206349
0.0
0.180328
0.0
0.0
0.0
0.734043
0.21875
0.0
0.0
0.390244
0.275362
0.230769
0.0
0.152542
0.0
0.107143
0.206349
0.242424
0.275362
0.0
0.090909
0.367089
0.090909
0.0
0.0
0.0
0.166667
0.122807
0.0
0.166667
0.090909
0.056604
0.0
0.679487
0.576271
0.0
0.0
0.275362
0.206349
0.0
0.0
0.0
0.180328
0.367089
0.0
0.0
0.358974
0.0
0.074074
0.431818
0.074074
0.0
0.180328
0.0
0.0
0.0
0.180328
0.107143
0.137931
0.285714
0.5
0.382716
0.230769
0.0
0.137931
0.0
0.0
0.0
0.193548
0.0
0.0
0.122807
0.152542
0.0
0.0
0.0
0.0
0.285714
0.0
0.090909
0.019608
0.0
0.382716
0.090909
0.375
0.0
0.0
0.206349
0.180328
0.0
0.242424
0.0
0.0
0.0
0.0
0.0
0.230769
0.0
0.0
0.0
0.0
0.0
0.0
0.0
0.0
0.0
0.253731
0.107143
0.090909
0.0
0.285714
0.056604
0.0
0.0
0.0
0.0
0.342105
0.0
0.411765
0.137931
0.0
0.056604
0.152542
0.0
0.305556
0.0
0.166667
0.0
0.0
0.479167
0.206349
0.0
0.180328
0.019608
0.742268
0.253731
0.358974
0.57265
0.295775
0.0
0.315068
0.411765
0.0
0.107143
0.0
0.242424
0.411765
0.0
0.0
0.0
0.0
0.425287
0.0
0.0
0.074074
0.668874
0.206349
0.0
0.166667
0.019608
0.0
0.0
0.367089
0.0
0.0
0.0
0.038462
0.253731
0.230769
0.0
0.180328
0.090909
0.0
0.333333
0.074074
0.0
0.0
0.0
0.295775
0.0
0.056604
0.275362
0.0
0.166667
0.450549
0.137931
0.0
0.107143
0.39759
0.0
0.275362
0.462366
0.0
0.285714
0.0
0.0
0.0
0.411765
0.090909
0.193548
0.545455
0.0
0.528302
0.557522
0.479167
0.673203
0.333333
0.230769
0.0
0.479167
0.484536
0.456522
0.358974
0.0
0.122807
0.0
0.0
0.0
0.0
0.0
0.0
0.0
0.090909
0.056604
0.0
0.242424
0.107143
0.038462
0.056604
0.324324
0.056604
0.50495
0.509804
0.411765
0.0
0.275362
0.484536
0.038462
0.107143
0.358974
0.519231
0.484536
0.0
0.0
0.0
0.019608
0.0
0.166667
0.0
0.438202
0.375
0.404762
0.0
0.0
0.350649
0.438202
0.390244
0.390244
0.342105
0.166667
0.0
0.707602
0.367089
0.0
0.382716
0.418605
0.0
0.431818
0.0
0.541284
0.0
0.0
0.0
0.056604
0.107143
0.056604
0.122807
0.0
0.0
0.0
0.295775
0.122807
0.0
0.264706
0.0
0.242424
0.137931
0.0
0.0
0.21875
0.0
0.0
0.350649
0.285714
0.056604
0.193548
0.333333
0.090909
0.404762
0.39759
0.090909
0.0
0.0
0.431818
0.0
0.0
0.0
0.193548
0.0
0.0
0.0
0.0
0.0
0.0
0.431818
0.122807
0.0
0.285714
0.342105
0.295775
0.206349
0.0
0.0
0.0
0.0
0.193548
0.375
0.404762
0.541284
0.788136
0.358974
0.090909
0.652778
0.0
0.230769
0.275362
0.152542
0.0
0.122807
0.0
0.107143
0.0
0.479167
0.107143
0.090909
0.0
0.285714
0.206349
0.038462
0.019608
0.122807
0.0
0.0
0.275362
0.0
0.484536
0.829352
0.0
0.519231
0.242424
0.0
0.0
0.0
0.456522
0.0
0.193548
0.324324
0.0
0.074074
0.342105
0.576271
0.590164
0.019608
0.21875
0.734043
0.0
0.358974
0.242424
0.242424
0.0
0.107143
0.0
0.0
0.152542
0.315068
0.0
0.0
0.0
0.0
0.0
0.0
0.0
0.367089
0.0
0.0
0.0
0.242424
0.553571
0.0
0.618321
0.382716
0.315068
0.324324
0.315068
0.264706
0.479167
0.411765
0.50495
0.489796
0.242424
0.305556
0.0
0.0
0.295775
0.0
0.0
0.107143
0.0
0.537037
0.137931
0.484536
0.333333
0.0
0.0
0.375
0.137931
0.342105
0.0
0.0
0.444444
0.074074
0.137931
0.019608
0.0
0.537037
0.0
0.0
0.0
0.166667
0.305556
0.0
0.0
0.253731
0.0
0.0
0.0
0.038462
0.038462
0.0
0.0
0.137931
0.632353
0.342105
0.528302
0.253731
0.603175
0.0
0.808429
0.528302
0.0
0.090909
0.180328
0.450549
0.456522
0.425287
0.0
0.137931
0.107143
0.275362
0.350649
0.285714
0.0
0.0
0.462366
0.0
0.0
0.456522
0.438202
0.0
0.0
0.0
0.0
0.358974
0.21875
0.382716
0.305556
0.0
0.404762
0.0
0.152542
0.375
0.0
0.0
0.315068
0.230769
0.0
0.090909
0.242424
0.0
0.0
0.0
0.107143
0.0
0.0
0.056604
0.553571
0.0
0.479167
0.038462
0.019608
0.264706
0.0
0.0
0.0
0.473684
0.514563
0.0
0.038462
0.0
0.0
0.0
0.038462
0.484536
0.818182
0.0
0.0
0.0
0.431818
0.537037
0.456522
0.576271
0.324324
0.418605
0.618321
0.090909
0.479167
0.418605
0.275362
0.275362
0.382716
0.295775
0.62406
0.0
0.568966
0.0
0.230769
0.324324
0.0
0.0
0.0
0.0
0.0
0.0
0.0
0.019608
0.074074
0.0
0.0
0.0
0.0
0.107143
0.315068
0.0
0.0
0.0
0.382716
0.0
0.193548
0.0
0.418605
0.0
0.0
0.0
0.137931
0.579832
0.305556
0.0
0.166667
0.333333
0.0
0.122807
0.019608
0.0
0.0
0.0
0.0
0.264706
0.0
0.264706
0.0
0.0
0.0
0.0
0.0
0.0
0.0
0.0
0.0
0.0
0.090909
0.0
0.0
0.0
0.0
0.0
0.0
0.0
0.305556
0.0
0.305556
0.0
0.528302
0.438202
0.0
0.0
0.107143
0.056604
0.5
0.0
0.193548
0.0
0.180328
0.056604
0.632353
0.0
0.794239
0.0
0.333333
0.0
0.0
0.0
0.0
0.0
0.0
0.285714
0.0
0.0
0.0
0.0
0.0
0.090909
0.0
0.456522
0.0
0.090909
0.333333
0.350649
0.21875
0.295775
0.21875
0.358974
0.468085
0.5
0.193548
0.39759
0.0
0.418605
0.0
0.180328
0.0
0.166667
0.0
0.275362
0.21875
0.206349
0.418605
0.166667
0.766355
0.747475
0.668874
0.0
0.152542
0.0
0.305556
0.0
0.253731
0.390244
0.425287
0.0
0.0
0.305556
0.0
0.0
0.193548
0.0
0.193548
0.056604
0.0
0.0
0.206349
0.0
0.0
0.0
0.0
0.358974
0.375
0.0
0.0
0.0
0.21875
0.583333
0.0
0.324324
0.0
0.0
0.056604
0.0
0.468085
0.375
0.444444
0.0
0.0
0.418605
0.0
0.545455
0.295775
0.0
0.295775
0.315068
0.367089
0.206349
0.0
0.107143
0.107143
0.315068
0.0
0.166667
0.152542
0.411765
0.425287
0.579832
0.342105
0.358974
0.0
0.074074
0.489796
0.0
0.0
0.152542
0.0
0.242424
0.180328
0.206349
0.456522
0.0
0.0
0.0
0.0
0.074074
0.0
0.0
0.242424
0.0
0.583333
0.438202
0.0
0.230769
0.0
0.39759
0.545455
0.382716
0.206349
0.193548
0.0
0.230769
0.264706
0.0
0.0
0.0
0.0
0.0
0.166667
0.152542
0.0
0.0
0.180328
0.0
0.038462
0.074074
0.0
0.305556
0.122807
0.0
0.0
0.0
0.0
0.253731
0.0
0.107143
0.0
0.411765
0.152542
0.0
0.122807
0.0
0.0
0.0
0.152542
0.0
0.0
0.074074
0.074074
0.0
0.0
0.0
0.0
0.305556
0.0
0.0
0.107143
0.0
0.0
0.0
0.0
0.0
0.0
0.107143
0.137931
0.056604
0.0
0.0
0.0
0.0
0.107143
0.122807
0.0
0.264706
0.0
0.0
0.0
0.0
0.253731
0.122807
0.375
0.074074
0.152542
0.0
0.019608
0.0
0.0
0.324324
0.0
0.038462
0.242424
0.50495
0.0
0.206349
0.122807
0.662162
0.0
0.0
0.0
0.0
0.0
0.0
0.333333
0.0
0.0
0.019608
0.618321
0.295775
0.0
0.0
0.425287
0.0
0.0
0.728261
0.0
0.315068
0.264706
0.0
0.0
0.090909
0.541284
0.107143
0.0
0.152542
0.0
0.0
0.444444
0.107143
0.557522
0.0
0.107143
0.0
0.0
0.0
0.0
0.137931
0.122807
0.21875
0.350649
0.342105
0.230769
0.350649
0.21875
0.090909
0.305556
0.0
0.375
0.39759
0.152542
0.0
0.519231
0.21875
0.0
0.180328
0.0
0.0
0.0
0.315068
0.264706
0.193548
0.230769
0.056604
0.456522
0.0
0.0
0.0
0.090909
0.606299
0.0
0.438202
0.056604
0.0
0.019608
0.21875
0.382716
0.0
0.0
0.21875
0.0
0.137931
0.0
0.0
0.0
0.0
0.295775
0.180328
0.152542
0.0
0.0
0.107143
0.390244
0.137931
0.0
0.0
0.324324
0.679487
0.418605
0.21875
0.0
0.0
0.0
0.411765
0.0
0.375
0.0
0.0
