0.0
0.0
0.0
0.0
0.0
0.0
0.117647
0.0
0.0
0.0
0.0
0.0
0.0
0.0
0.0
0.0
0.0
0.0
0.0
0.0
0.0
0.210526
0.0
0.684211
0.0
0.0
0.230769
0.0
0.0
0.0
0.0
0.142857
0.464286
0.189189
0.166667
0.642857
0.0
0.210526
0.189189
0.361702
0.61039
0.210526
0.189189
0.268293
0.189189
0.142857
0.93228
0.0
0.583333
0.666667
0.0
0.387755
0.767442
0.62963
0.285714
0.210526
0.53125
0.230769
0.0
0.0
0.0
0.0
0.0
0.0
0.090909
0.166667
0.0
0.0
0.0
0.0
0.0
0.0
0.268293
0.0
0.0
0.0
0.142857
0.0
0.0
0.0
0.0
0.318182
0.25
0.0
0.032258
0.0
0.210526
0.0
0.444444
0.0
0.0
0.508197
0.0
0.0
0.0
0.0
0.0625
0.0
0.0
0.0
0.0
0.659091
0.361702
0.0
0.0
0.552239
0.032258
0.142857
0.0
0.538462
0.0
0.387755
0.0
0.361702
0.0
0.117647
0.61039
0.25
0.347826
0.0
0.0
0.0
0.53125
0.516129
0.230769
0.724771
0.0
0.0
0.0
0.285714
0.387755
0.0
0.0
0.0
0.491525
0.117647
0.684211
0.0
0.0
0.0
0.0
0.0
0.0
0.0
0.0
0.0
0.375
0.0
0.0
0.0
0.0
0.210526
0.361702
0.0625
0.032258
0.0
0.347826
0.0
0.5
0.454545
0.0
0.583333
0.230769
0.0
0.0
0.361702
0.61039
0.0
0.0
0.53125
0.0
0.0
0.0
0.0
0.0
0.4
0.0
0.117647
0.0
0.285714
0.230769
0.117647
0.0
0.0
0.0
0.302326
0.0
0.0
0.0
0.189189
0.117647
0.0
0.0
0.0
0.0
0.0
0.0
0.0
0.0
0.0
0.0
0.0
0.0
0.0
0.387755
0.0625
0.210526
0.0
0.090909
0.0
0.423077
0.0
0.210526
0.6
0.538462
0.411765
0.230769
0.5
0.117647
0.727273
0.210526
0.25
0.0
0.482759
0.166667
0.0
0.0
0.577465
0.545455
0.0
0.846154
0.0
0.0
0.268293
0.117647
0.0
0.166667
0.0
0.0
0.0
0.0
0.0
0.0
0.411765
0.0
0.0
0.0625
0.0
0.268293
0.090909
0.142857
0.0625
0.166667
0.302326
0.423077
0.411765
0.74359
0.0625
0.302326
0.090909
0.0
0.189189
0.6
0.62963
0.0
0.411765
0.302326
0.0
0.0
0.210526
0.0625
0.189189
0.0
0.268293
0.4
0.032258
0.482759
0.0
0.571429
0.090909
0.0
0.0
0.508197
0.411765
0.0
0.210526
0.896194
0.0
0.0
0.090909
0.693878
0.0
0.0
0.0
0.0
0.0
0.347826
0.0
0.0
0.0
0.0
0.117647
0.375
0.0
0.25
0.032258
0.0
0.166667
0.0625
0.142857
0.117647
0.491525
0.482759
0.53125
0.0
0.647059
0.0
0.444444
0.0
0.545455
0.142857
0.347826
0.032258
0.625
0.230769
0.347826
0.0
0.0625
0.615385
0.464286
0.189189
0.387755
0.0
0.0
0.444444
0.375
0.0
0.0625
0.189189
0.0
0.0
0.0
0.0
0.0
0.0
0.0
0.0
0.25
0.0
0.0
0.0625
0.090909
0.0
0.230769
0.189189
0.142857
0.210526
0.0
0.0
0.0
0.0
0.0
0.0625
0.0
0.0
0.117647
0.0625
0.0
0.387755
0.61039
0.0
0.0
0.0
0.0
0.0
0.0
0.285714
0.0
0.166667
0.0
0.0
0.0
0.0
0.361702
0.333333
0.0
0.0
0.333333
0.0
0.166667
0.0
0.0
0.361702
0.4
0.0
0.0
0.651163
0.25
0.642857
0.4
0.0
0.0
0.347826
0.734513
0.25
0.166667
0.387755
0.142857
0.0
0.423077
0.0
0.0
0.0
0.0
0.0625
0.0
0.0625
0.0
0.375
0.0
0.0
0.0
0.210526
0.0
0.142857
0.464286
0.516129
0.090909
0.491525
0.0
0.387755
0.166667
0.732143
0.0
0.0
0.189189
0.473684
0.166667
0.032258
0.0
0.508197
0.473684
0.347826
0.318182
0.268293
0.387755
0.347826
0.0
0.032258
0.285714
0.0
0.0
0.0
0.583333
0.0
0.473684
0.0
0.0
0.6
0.347826
0.482759
0.166667
0.642857
0.0
0.0
0.0
0.285714
0.090909
0.0625
0.210526
0.032258
0.758065
0.032258
0.0
0.0
0.0
0.0
0.52381
0.464286
0.210526
0.0
0.634146
0.0
0.0
0.552239
0.285714
0.0
0.032258
0.25
0.411765
0.361702
0.0
0.032258
0.0625
0.268293
0.61039
0.230769
0.0
0.0
0.0
0.166667
0.302326
0.0
0.61039
0.117647
0.473684
0.142857
0.0
0.0
0.491525
0.0
0.189189
0.0
0.508197
0.508197
0.0
0.230769
0.491525
0.285714
0.508197
0.0
0.0
0.0
0.25
0.647059
0.0
0.0
0.0
0.0
0.0
0.558824
0.0
0.0
0.0
0.53125
0.230769
0.142857
0.090909
0.411765
0.0
0.0
0.0
0.032258
0.032258
0.189189
0.25
0.0
0.0
0.0
0.0
0.454545
0.318182
0.0
0.0
0.142857
0.62963
0.0
0.0
0.0
0.166667
0.0
0.53125
0.577465
0.0
0.0
0.0
0.0
0.0
0.0
0.090909
0.0
0.032258
0.090909
0.558824
0.0
0.0
0.0
0.0
0.0
0.0
0.583333
0.0
0.0
0.090909
0.142857
0.142857
0.361702
0.25
0.0
0.0
0.558824
0.166667
0.268293
0.5
0.0
0.0
0.433962
0.411765
0.189189
0.558824
0.943715
0.444444
0.0
0.0
0.454545
0.0
0.0
0.285714
0.0
0.0
0.032258
0.189189
0.444444
0.090909
0.0
0.0
0.0
0.0
0.0
0.0625
0.0
0.0
0.0
0.090909
0.0
0.0
0.268293
0.0
0.0
0.0
0.0
0.0
0.0
0.0
0.433962
0.318182
0.142857
0.659091
0.538462
0.794521
0.444444
0.0
0.655172
0.090909
0.798658
0.142857
0.361702
0.0
0.0
0.117647
0.0
0.565217
0.0
0.651163
0.189189
0.0
0.0
0.0
0.230769
0.25
0.25
0.0
0.268293
0.565217
0.0
0.210526
0.0
0.0
0.0
0.0
0.0
0.166667
0.142857
0.333333
0.0
0.387755
0.375
0.090909
0.4
0.464286
0.0
0.375
0.032258
0.032258
0.268293
0.0
0.302326
0.0
0.333333
0.0
0.0
0.0
0.0
0.0
0.0
0.0
0.0
0.583333
0.268293
0.0
0.0
0.032258
0.0
0.333333
0.423077
0.302326
0.0
0.268293
0.25
0.25
0.268293
0.0
0.189189
0.361702
0.482759
0.268293
0.0
0.516129
0.847716
0.0
0.552239
0.571429
0.722222
0.166667
0.684211
0.558824
0.577465
0.0
0.423077
0.189189
0.473684
0.166667
0.189189
0.0
0.285714
0.117647
0.117647
0.0
0.0
0.142857
0.61039
0.473684
0.0
0.0
0.0
0.508197
0.0
0.361702
0.0
0.0
0.0
0.0
0.0
0.0
0.032258
0.0
0.0
0.4
0.0
0.0
0.0
0.0
0.117647
0.032258
0.0
0.302326
0.0
0.0
0.558824
0.0
0.0625
0.387755
0.0
0.0
0.0
0.0
0.210526
0.230769
0.142857
0.0
0.0
0.0
0.375
0.210526
0.464286
0.0
0.0
0.318182
0.482759
0.0
0.302326
0.347826
0.423077
0.387755
0.433962
0.516129
0.347826
0.634146
0.756098
0.268293
0.347826
0.0
0.62963
0.776119
0.25
0.210526
0.0
0.0
0.166667
0.0
0.0
0.638554
0.0
0.0
0.0
0.230769
0.53125
0.25
0.142857
0.333333
0.090909
0.482759
0.0
0.0625
0.0
0.0
0.4
0.0
0.0
0.0
0.318182
0.0
0.142857
0.0
0.0
0.0
0.0
0.0
0.0
0.0
0.0
0.166667
0.0
0.090909
0.032258
0.482759
0.0
0.230769
0.0
0.53125
0.166667
0.0
0.166667
0.0
0.0
0.166667
0.0
0.433962
0.0
0.166667
0.361702
0.25
0.230769
0.142857
0.508197
0.0
0.375
0.0
0.0
0.0
0.72973
0.423077
0.577465
0.387755
0.032258
0.0
0.0
0.4
0.0
0.4
0.285714
0.032258
0.0
0.0
0.0
0.0
0.0
0.268293
0.0
0.0
0.0
0.0
0.032258
0.444444
0.0
0.090909
0.0
0.0
0.0
0.0
0.834254
0.0
0.0
0.0
0.302326
0.0
0.0
0.0
0.781022
0.0
0.0
0.516129
0.0
0.558824
0.0
0.090909
0.361702
0.705882
0.577465
0.0
0.433962
0.680851
0.0625
0.285714
0.464286
0.268293
0.0
0.571429
0.491525
0.0
0.0
0.0
0.142857
0.0
0.0
0.0
0.0
0.0
0.0
0.268293
0.0
0.0625
0.0625
0.268293
0.25
0.0
0.0
0.0
0.0
0.0
0.0
0.0
0.0
0.0625
0.0
0.0
0.0
0.0625
0.0
0.0
0.0
0.0
0.361702
0.142857
0.0
0.0
0.0
0.0
0.302326
0.0
0.0
0.0
0.0
0.0
0.0
0.0
0.302326
0.090909
0.268293
0.117647
0.090909
0.0
0.0
0.0
0.0
0.333333
0.166667
0.0
0.0
0.0
0.0
0.0
0.0
0.0
0.0
0.0
0.0
0.0625
0.0
0.0
0.0
0.0
0.0
0.0
0.117647
0.473684
0.230769
0.0
0.25
0.411765
0.333333
0.0
0.0
0.0
0.0
0.0
0.0
0.090909
0.166667
0.142857
0.318182
0.6
0.423077
0.189189
0.0
0.347826
0.0
0.0
0.189189
0.0
0.166667
0.0625
0.0
0.210526
0.0
0.0
0.0
0.0
0.0
0.0
0.0
0.0
0.189189
0.142857
0.0
0.0
0.210526
0.032258
0.0
0.347826
0.0
0.0
0.0
0.0
0.423077
0.0
0.117647
0.210526
0.0
0.0
0.615385
0.0
0.0
0.565217
0.0
0.230769
0.0
0.032258
0.732143
0.0
0.0
0.0
0.0
0.0
0.142857
0.0
0.0
0.0
0.0
0.318182
0.333333
0.423077
0.387755
0.5
0.0625
0.25
0.285714
0.0
0.361702
0.0
0.638554
0.558824
0.0
0.0
0.0
0.0
0.0
0.0
0.0
0.0
0.268293
0.0
0.0
0.166667
0.0
0.0
0.387755
0.0
0.285714
0.0
0.0
0.333333
0.4
0.302326
0.0
0.0
0.0
0.230769
0.0
0.0
0.647059
0.142857
0.0
0.0
0.032258
0.142857
0.387755
0.0
0.0
0.0
0.032258
0.545455
0.318182
0.268293
0.0
0.0
0.117647
0.347826
0.0
0.538462
0.0625
0.361702
0.0
0.230769
0.0
0.589041
0.375
0.347826
0.0
0.117647
0.032258
0.302326
0.752066
0.189189
0.61039
0.7
0.0
0.433962
0.0
0.0
0.0
0.090909
0.0
0.285714
0.0
0.210526
0.888476
0.347826
0.0
0.0
0.0
0.318182
0.0
0.090909
0.0
0.0
0.0
0.0
0.0
0.0
0.4
0.210526
0.285714
0.25
0.347826
0.0
0.52381
0.361702
0.0
0.0
0.0
0.84375
0.0
0.0
0.0
0.0
0.565217
0.0
0.0
0.0
0.0
0.230769
0.0
0.0
0.0
0.0
0.0
0.302326
0.0
0.302326
0.0
0.0
0.0625
0.0
0.333333
0.0625
0.0
0.25
0.0
0.0
0.605263
0.032258
0.387755
0.0
0.538462
0.0
0.0
0.0
0.25
0.0
0.0
0.361702
0.268293
0.302326
0.318182
0.210526
0.318182
0.090909
0.210526
0.0
0.0
0.0
0.0
0.565217
0.0625
0.516129
0.464286
0.0
0.0
0.67033
0.0
0.423077
0.375
0.0
0.0
0.268293
0.090909
0.0
0.0
0.0
0.0
0.0
0.0
0.0
0.0
0.0
0.0
0.285714
0.142857
0.0
0.302326
0.0
0.0
0.571429
0.0625
0.0
0.032258
0.0625
0.0
0.0
0.032258
0.0
0.210526
0.0
0.0
0.0
0.0
0.0
0.0
0.166667
0.0
0.0
0.0625
0.0
0.210526
0.0
0.52381
0.0
0.117647
0.0
0.0
0.0
0.0
0.0
0.166667
0.0
0.25
0.0
0.0625
0.651163
0.625
0.0625
0.454545
0.0
0.318182
0.0
0.0
0.117647
0.189189
0.6
0.0
0.0
0.090909
0.0
0.166667
0.302326
0.0
0.516129
0.0
0.0
0.0625
0.0
0.142857
0.0
0.0
0.0
0.285714
0.0
0.0
0.0
0.210526
0.777778
0.0
0.210526
0.0
0.210526
0.508197
0.482759
0.142857
0.411765
0.0
0.230769
0.0
0.571429
0.647059
0.0
0.491525
0.090909
0.142857
0.508197
0.268293
0.347826
0.508197
0.0625
0.0
0.0
0.25
0.0
0.0
0.230769
0.189189
0.0
0.347826
0.444444
0.0
0.659091
0.0
0.0
0.0
0.25
0.032258
0.0625
0.090909
0.0
0.142857
0.189189
0.117647
0.0625
0.210526
0.0
0.0
0.375
0.142857
0.538462
0.0
0.454545
0.0
0.0
0.032258
0.0
0.0
0.0
0.0
0.333333
0.411765
0.0
0.0
0.166667
0.0
0.5
0.318182
0.0
0.0
0.090909
0.0
0.0
0.032258
0.411765
0.117647
0.5
0.032258
0.0625
0.210526
0.0
0.0625
0.423077
0.090909
0.142857
0.0
0.0
0.142857
0.230769
0.0
0.0
0.032258
0.285714
0.0
0.387755
0.0
0.758065
0.0
0.032258
0.0
0.0
0.0
0.0
0.0625
0.0
0.4
0.166667
0.0
0.0
0.0
0.0
0.347826
0.333333
0.166667
0.538462
0.0
0.0
0.0
0.142857
0.117647
0.0
0.117647
0.0
0.0
0.0625
0.0
0.032258
0.0
0.0
0.0
0.0
0.090909
0.0
0.142857
0.347826
0.032258
0.0625
0.52381
0.142857
0.166667
0.0
0.375
0.473684
0.0
0.0
0.189189
0.0
0.0
0.0
0.189189
0.0
0.0
0.0
0.230769
0.0
0.0
0.189189
0.0
0.0
0.090909
0.761905
0.0
0.464286
0.347826
0.0
0.090909
0.0
0.473684
0.302326
0.0
0.0
0.189189
0.0
0.0
0.285714
0.0
0.589041
0.0
0.166667
0.117647
0.0
0.565217
0.5
0.230769
0.361702
0.594595
0.375
0.0
0.647059
0.189189
0.285714
0.52381
0.166667
0.752066
0.285714
