0.0
0.0
0.0
0.0
0.0
0.0
0.0625
0.0
0.0
0.0
0.0
0.0
0.0
0.0
0.0
0.0
0.0
0.0
0.0
0.0
0.117647
0.166667
0.0
0.565217
0.0
0.142857
0.0
0.0
0.189189
0.361702
0.0
0.189189
0.571429
0.032258
0.032258
0.0
0.117647
0.333333
0.482759
0.142857
0.333333
0.302326
0.0
0.117647
0.387755
0.662921
0.0
0.690722
0.0
0.268293
0.655172
0.0
0.0
0.0
0.0
0.0
0.210526
0.62963
0.0
0.0
0.0
0.142857
0.387755
0.491525
0.0
0.0
0.166667
0.142857
0.0
0.0
0.0
0.0
0.0
0.0
0.0
0.032258
0.0
0.0
0.0
0.0
0.0
0.117647
0.0
0.0625
0.433962
0.268293
0.423077
0.230769
0.347826
0.0
0.411765
0.318182
0.318182
0.577465
0.433962
0.0
0.464286
0.473684
0.268293
0.361702
0.0625
0.333333
0.4
0.210526
0.0
0.0
0.0
0.189189
0.0
0.0
0.0
0.0
0.189189
0.0
0.090909
0.230769
0.166667
0.166667
0.0
0.0
0.0
0.0
0.0
0.0
0.0
0.0
0.0
0.142857
0.0
0.0
0.0
0.0625
0.0
0.0
0.302326
0.0
0.117647
0.0625
0.0
0.0
0.0
0.0
0.189189
0.0
0.508197
0.0
0.318182
0.662921
0.433962
0.387755
0.0
0.0
0.0
0.444444
0.0
0.0
0.285714
0.0
0.0
0.0
0.0
0.0
0.210526
0.302326
0.0
0.142857
0.0
0.0
0.0
0.0
0.0
0.0
0.0
0.0
0.0
0.0
0.0
0.0
0.318182
0.318182
0.361702
0.0
0.142857
0.0
0.25
0.545455
0.0
0.4
0.333333
0.0625
0.189189
0.0
0.285714
0.423077
0.577465
0.666667
0.0
0.25
0.538462
0.0
0.189189
0.333333
0.0
0.0
0.0
0.285714
0.714286
0.545455
0.166667
0.0
0.0
0.090909
0.0625
0.333333
0.0
0.0
0.0
0.538462
0.375
0.189189
0.508197
0.0
0.0
0.347826
0.642857
0.347826
0.0
0.0
0.444444
0.0
0.117647
0.0
0.0
0.285714
0.0
0.189189
0.210526
0.0
0.210526
0.0
0.387755
0.090909
0.0
0.0
0.302326
0.268293
0.25
0.090909
0.791667
0.565217
0.88417
0.189189
0.090909
0.5
0.347826
0.0
0.754098
0.0
0.4
0.375
0.0
0.189189
0.444444
0.0
0.552239
0.423077
0.589041
0.230769
0.0
0.142857
0.347826
0.189189
0.491525
0.117647
0.53125
0.0
0.0
0.268293
0.0
0.571429
0.0
0.0
0.4
0.0
0.708738
0.090909
0.318182
0.444444
0.117647
0.0
0.516129
0.444444
0.387755
0.0
0.0
0.61039
0.565217
0.0
0.0625
0.0625
0.0
0.0
0.0
0.142857
0.70297
0.0
0.117647
0.166667
0.285714
0.142857
0.5
0.0
0.032258
0.0
0.0
0.482759
0.0
0.268293
0.4
0.0625
0.0
0.0
0.090909
0.0
0.0
0.166667
0.285714
0.411765
0.117647
0.711538
0.411765
0.090909
0.230769
0.0
0.361702
0.0
0.0
0.25
0.0
0.0
0.0
0.0
0.0
0.491525
0.142857
0.032258
0.0
0.333333
0.684211
0.032258
0.25
0.230769
0.0
0.166667
0.032258
0.230769
0.444444
0.0
0.0
0.0
0.0
0.032258
0.0
0.0
0.0
0.0
0.0
0.423077
0.387755
0.285714
0.318182
0.230769
0.25
0.411765
0.375
0.0625
0.589041
0.0
0.117647
0.411765
0.464286
0.268293
0.285714
0.516129
0.0
0.361702
0.268293
0.0
0.0
0.0
0.268293
0.0
0.0
0.0
0.0625
0.0625
0.0
0.0
0.0
0.0
0.0
0.0
0.433962
0.0
0.0625
0.464286
0.583333
0.0
0.210526
0.0
0.411765
0.473684
0.0
0.090909
0.0
0.0625
0.758065
0.464286
0.0
0.516129
0.347826
0.625
0.0
0.433962
0.0
0.189189
0.25
0.0
0.545455
0.210526
0.0
0.189189
0.0
0.6
0.0
0.0625
0.491525
0.0
0.82659
0.0
0.361702
0.333333
0.0
0.0
0.516129
0.302326
0.0
0.0
0.491525
0.0
0.0
0.0625
0.0
0.0
0.0
0.0
0.0
0.0
0.210526
0.423077
0.411765
0.361702
0.268293
0.747899
0.0
0.552239
0.0
0.0
0.0
0.0
0.0
0.090909
0.0
0.285714
0.0
0.189189
0.52381
0.0
0.375
0.0
0.423077
0.0
0.090909
0.0
0.0
0.0625
0.0
0.516129
0.52381
0.558824
0.62963
0.032258
0.464286
0.545455
0.090909
0.230769
0.333333
0.0
0.0
0.583333
0.558824
0.583333
0.0
0.0
0.642857
0.25
0.589041
0.0
0.0
0.0
0.756098
0.0
0.347826
0.387755
0.0625
0.454545
0.0
0.0625
0.0
0.0
0.0
0.285714
0.0
0.285714
0.0
0.333333
0.0
0.189189
0.0
0.411765
0.0
0.0
0.0
0.473684
0.0
0.0
0.166667
0.538462
0.0625
0.090909
0.117647
0.0
0.625
0.0
0.375
0.711538
0.491525
0.0
0.0
0.0
0.090909
0.0
0.0
0.0
0.318182
0.0
0.189189
0.411765
0.142857
0.0
0.210526
0.423077
0.189189
0.0
0.433962
0.0
0.444444
0.0
0.0
0.210526
0.210526
0.0
0.0
0.0
0.032258
0.0
0.659091
0.0
0.0
0.0
0.0
0.0
0.0
0.0
0.0
0.0
0.230769
0.454545
0.411765
0.347826
0.0
0.142857
0.464286
0.210526
0.776119
0.0
0.0
0.0
0.444444
0.5
0.605263
0.117647
0.0
0.0
0.318182
0.268293
0.482759
0.387755
0.090909
0.0
0.0
0.0625
0.0
0.0
0.090909
0.0
0.0625
0.0
0.0
0.0625
0.0
0.0
0.0
0.0
0.333333
0.0
0.52381
0.090909
0.117647
0.375
0.423077
0.361702
0.722222
0.25
0.032258
0.4
0.0
0.0
0.142857
0.0
0.0
0.558824
0.090909
0.634146
0.0
0.285714
0.0
0.605263
0.666667
0.210526
0.0
0.0
0.0
0.0
0.117647
0.0
0.0
0.61039
0.454545
0.210526
0.347826
0.0
0.444444
0.230769
0.0
0.53125
0.571429
0.166667
0.189189
0.189189
0.0
0.0
0.444444
0.318182
0.0
0.577465
0.0
0.0
0.0
0.0
0.268293
0.0
0.0
0.0
0.0
0.361702
0.0
0.0
0.302326
0.0
0.090909
0.0
0.090909
0.0
0.0
0.0
0.0
0.444444
0.25
0.0
0.361702
0.0
0.0
0.0
0.142857
0.0
0.0
0.285714
0.0
0.210526
0.347826
0.638554
0.347826
0.545455
0.444444
0.0
0.0
0.61039
0.552239
0.333333
0.142857
0.302326
0.605263
0.876543
0.375
0.837838
0.0
0.62963
0.090909
0.0
0.268293
0.117647
0.0
0.117647
0.53125
0.375
0.0
0.318182
0.166667
0.090909
0.268293
0.302326
0.0
0.302326
0.302326
0.0
0.0
0.090909
0.0
0.230769
0.577465
0.423077
0.0
0.032258
0.0
0.375
0.142857
0.142857
0.189189
0.285714
0.117647
0.0
0.318182
0.647059
0.0
0.0
0.0
0.473684
0.0
0.0
0.142857
0.0
0.25
0.0
0.0
0.0
0.090909
0.0
0.0
0.0
0.0
0.0
0.0
0.318182
0.117647
0.0
0.0
0.0
0.210526
0.318182
0.708738
0.0
0.0
0.189189
0.166667
0.361702
0.5
0.6
0.52381
0.734513
0.752066
0.0
0.851485
0.0
0.774436
0.189189
0.552239
0.433962
0.0
0.0
0.210526
0.803922
0.0
0.444444
0.0
0.361702
0.52381
0.0
0.166667
0.0
0.0
0.0
0.0
0.0
0.0
0.0
0.0
0.0
0.230769
0.538462
0.0
0.482759
0.0625
0.0
0.0
0.347826
0.318182
0.0
0.473684
0.0
0.347826
0.090909
0.0
0.0
0.117647
0.0
0.0
0.0
0.0
0.189189
0.0
0.347826
0.4
0.5
0.423077
0.0
0.0
0.0
0.333333
0.0
0.0
0.0625
0.0
0.189189
0.285714
0.361702
0.25
0.285714
0.558824
0.210526
0.545455
0.516129
0.142857
0.032258
0.0625
0.0
0.302326
0.387755
0.53125
0.0
0.361702
0.117647
0.0
0.318182
0.0
0.0
0.473684
0.52381
0.6
0.0
0.4
0.677419
0.0
0.0
0.117647
0.62963
0.347826
0.0
0.0
0.117647
0.230769
0.0
0.0
0.090909
0.0
0.0
0.0
0.0
0.0
0.0
0.0
0.0
0.491525
0.268293
0.0
0.0
0.0
0.0
0.0
0.0
0.0
0.090909
0.0
0.210526
0.0
0.142857
0.0
0.142857
0.0
0.0
0.0
0.0
0.0
0.0
0.0
0.318182
0.142857
0.0625
0.0
0.142857
0.387755
0.0
0.473684
0.0
0.032258
0.0
0.268293
0.0
0.0
0.189189
0.210526
0.375
0.0
0.0
0.0
0.0
0.0
0.0
0.0
0.0
0.0
0.0
0.0
0.210526
0.0
0.0
0.230769
0.25
0.0
0.0625
0.0
0.0
0.0
0.0
0.25
0.0
0.0
0.0
0.482759
0.375
0.166667
0.347826
0.387755
0.0
0.0
0.473684
0.0
0.0
0.0
0.0
0.0
0.0
0.0
0.0625
0.0
0.0
0.0
0.117647
0.625
0.0
0.117647
0.0
0.0
0.655172
0.565217
0.583333
0.433962
0.0
0.0
0.0
0.230769
0.0
0.25
0.0
0.52381
0.0
0.117647
0.333333
0.0
0.0
0.347826
0.347826
0.0
0.0
0.0
0.4
0.142857
0.454545
0.0
0.0
0.464286
0.0
0.387755
0.347826
0.318182
0.285714
0.0
0.0
0.594595
0.268293
0.423077
0.210526
0.166667
0.0
0.0
0.189189
0.4
0.0
0.117647
0.375
0.0625
0.333333
0.0
0.0
0.0
0.0
0.0
0.375
0.285714
0.0
0.0
0.0
0.0
0.166667
0.0
0.0
0.333333
0.0
0.0
0.0
0.827586
0.0
0.734513
0.0625
0.0
0.0
0.0
0.785714
0.318182
0.0
0.594595
0.0
0.361702
0.230769
0.189189
0.0
0.0625
0.117647
0.0
0.423077
0.6
0.0
0.859155
0.0
0.268293
0.375
0.0
0.879032
0.93135
0.0
0.268293
0.0
0.387755
0.70297
0.6
0.318182
0.375
0.482759
0.142857
0.0
0.0
0.268293
0.0
0.25
0.67033
0.0
0.230769
0.0
0.0
0.552239
0.0
0.25
0.333333
0.0
0.0
0.0625
0.0625
0.302326
0.361702
0.411765
0.387755
0.839572
0.0
0.0
0.0
0.0
0.210526
0.0
0.454545
0.0
0.0
0.166667
0.166667
0.0
0.0
0.0
0.0
0.0
0.0
0.0
0.5
0.4
0.0
0.0
0.0
0.0
0.361702
0.0
0.0
0.0
0.0
0.230769
0.189189
0.0
0.117647
0.117647
0.0
0.0
0.473684
0.52381
0.347826
0.0
0.0
0.0
0.375
0.538462
0.285714
0.647059
0.444444
0.0
0.210526
0.0
0.0
0.0
0.0
0.0625
0.565217
0.032258
0.333333
0.090909
0.0
0.0
0.166667
0.0
0.0
0.605263
0.0
0.516129
0.565217
0.0
0.0
0.189189
0.166667
0.25
0.0
0.0
0.189189
0.0
0.189189
0.0
0.117647
0.142857
0.67033
0.0
0.090909
0.268293
0.0625
0.142857
0.166667
0.411765
0.0
0.0
0.0
0.0
0.0
0.0
0.0
0.0
0.032258
0.0
0.0
0.0
0.0
0.0
0.0
0.0
0.0
0.0
0.0
0.0
0.0
0.0
0.0625
0.0
0.0
0.464286
0.347826
0.0
0.0
0.090909
0.361702
0.230769
0.724771
0.117647
0.491525
0.0
0.0
0.0
0.0
0.361702
0.491525
0.032258
0.333333
0.0
0.0
0.210526
0.0
0.0
0.318182
0.647059
0.0
0.166667
0.5
0.090909
0.0
0.117647
0.0
0.333333
0.0
0.0
0.230769
0.594595
0.464286
0.0
0.0
0.0
0.0
0.0
0.0
0.0
0.0
0.583333
0.268293
0.0
0.0
0.318182
0.0
0.0
0.189189
0.0
0.210526
0.454545
0.0
0.0
0.647059
0.565217
0.0
0.375
0.6
0.508197
0.117647
0.433962
0.0625
0.230769
0.090909
0.0
0.210526
0.0
0.0
0.302326
0.302326
0.0
0.25
0.0
0.285714
0.0
0.0
0.189189
0.25
0.268293
0.0
0.166667
0.230769
0.210526
0.142857
0.25
0.589041
0.117647
0.0
0.0
0.433962
0.210526
0.0
0.0
0.361702
0.0
0.032258
0.090909
0.0
0.268293
0.433962
0.0
0.142857
0.0
0.0
0.25
0.0
0.189189
0.552239
0.117647
0.090909
0.333333
0.166667
0.285714
0.0
0.268293
0.285714
0.0
0.727273
0.0
0.25
0.268293
0.0
0.302326
0.0
0.0
0.0625
0.0
0.142857
0.0625
0.142857
0.166667
0.0625
0.302326
0.117647
0.0
0.189189
0.0
0.0
0.0
0.142857
0.0
0.032258
0.0
0.473684
0.0
0.0
0.090909
0.285714
0.0
0.0
0.482759
0.0
0.0
0.0
0.142857
0.166667
0.0
0.166667
0.142857
0.0
0.0
0.0
0.0625
0.117647
0.090909
0.0
0.0
0.230769
0.0
0.0
0.25
0.333333
0.117647
0.210526
0.25
0.0
0.189189
0.387755
0.166667
0.680851
0.25
0.0
0.189189
0.797297
0.210526
0.166667
0.411765
0.911765
0.0
0.117647
0.0
0.333333
0.52381
0.0
0.0
0.0
0.166667
0.210526
0.347826
0.5
0.090909
