0.9799596826666666
0.9756632733333332
1.007510596
1.024171904
1.0306478606666667
0.9946543686666667
0.8605424353333333
1.0100933186666665
0.9775285739999999
1.005682276
1.0146630666666667
1.0068846813333332
0.9982028253333333
0.970361894
1.0037784646666668
0.9906281246666667
0.934806246
1.0189116413333332
1.0278975913333335
0.7830387046666667
0.7177898413333333
0.4855539306666667
0.8648310686666667
0.3219844966666667
0.9978549546666666
0.9218250546666666
0.5663344626666666
1.0031688926666666
0.8502865253333333
1.0047764786666666
1.0040131133333332
0.8503875373333334
0.5357859453333333
0.8267502013333333
0.835637394
0.33065934466666663
1.0084568486666667
0.7961088233333333
0.7838103686666666
0.6311765833333333
0.39058650200000006
0.7791182553333333
0.814744676
0.7129759786666667
0.726513688
0.6561910526666667
0.06782575066666667
0.9732644366666666
0.41645139000000003
0.3344885906666667
1.01450728
0.617084136
0.23176451533333334
0.37283835
0.7161501499999999
0.7877855253333333
0.4702124233333333
0.783881896
1.0103665800000001
1.0076287806666666
0.890887222
1.0100576866666666
0.9649660286666667
0.986963094
0.7414064033333334
0.7306540713333334
0.8853138393333334
1.0123670706666668
0.8652056353333334
0.9781407886666666
1.020194372
0.9651395013333334
0.740218068
0.7158099873333333
0.8705279546666668
0.9843504946666667
0.7162875006666667
0.8220190426666666
0.6231092293333333
0.9724160693333334
0.8907394120000001
0.67983622
0.7597879466666667
1.0062241813333332
1.102234588
0.7156251220000001
0.7731227186666667
0.65656722
0.2987792946666667
1.0047882313333334
0.936293882
0.4983659153333333
0.8793144153333333
0.9890882346666667
0.990730954
0.9743684239999999
0.5753511139999999
1.000504868
1.008160954
1.0098202053333334
1.01084217
0.3390540593333333
0.639341346
0.8408232686666667
1.0009012366666665
0.449104638
0.7555775586666666
0.8215944786666667
0.799703446
0.46005594600000005
0.8421999913333335
0.608085302
0.7631223926666667
0.6527752346666666
0.983527742
0.6991986093333333
0.388250896
0.7515187613333333
0.6472028113333333
1.0064245986666667
0.9353762866666666
0.992883846
0.4686475453333333
0.48544417
0.7757479473333333
0.27379673866666665
0.869998946
1.0022208393333334
1.013992326
0.6475589773333333
0.5888154773333333
0.9902969293333334
1.0103071633333334
1.0001321013333333
0.4199861433333333
0.9023704046666666
0.313305732
1.01016459
0.9476352613333333
1.030981852
0.822144924
0.9230236066666666
0.999027086
1.0381338333333334
1.0130117686666666
0.8446014506666667
0.6307872486666667
0.9234006546666667
0.989236312
1.0086581566666668
1.0036260026666668
0.7873306253333333
0.6371220693333333
0.9359878173333334
0.9191716253333334
0.89579262
0.650348616
0.9303111086666667
0.4967462346666667
0.5417158833333334
0.83069179
0.3458829786666667
0.7640387260000001
1.0052585833333332
1.0153947060000001
0.6558904286666667
0.388187732
1.0056234086666667
1.0009595526666666
0.32723560333333335
1.0047764786666666
0.996604626
0.8267024613333332
1.0047059653333335
0.974014876
0.5983848773333333
1.0081846193333335
0.8754787233333333
0.8133021446666666
0.5581467693333333
0.7406456853333334
0.8857063633333334
0.7917574193333333
0.8282488613333333
0.98767803
0.7016372686666666
1.0055527766666668
0.9857059606666667
0.9652804946666667
0.8204957966666666
0.906445902
1.0082437866666667
1.0177165293333335
0.965020232
0.9988063753333333
1.006990914
0.9843279353333334
1.0114491966666666
1.0049528046666667
1.007676062
1.0068846813333332
0.787085342
1.0033915353333334
0.8707750453333333
0.6130894226666667
0.8359789586666667
0.7834815113333334
0.816813224
0.5339940193333333
0.8900010973333333
0.5797428993333333
0.9034143426666666
0.82898423
0.40568887800000003
0.4614498226666666
0.5919520500000001
0.7749221546666666
0.3246102793333333
0.8932867373333333
0.27472230400000003
0.7828888353333333
0.7332611666666666
0.9764063193333333
0.5230047486666667
0.8215551893333333
1.0066958786666667
0.9116310353333333
0.39656223599999996
0.468908488
0.9775285739999999
0.15465126866666667
1.0088239993333332
1.0110801326666667
0.7331234873333333
0.754701288
0.9973683433333334
0.8641959186666667
0.9976579360000001
0.93596742
1.005847142
1.0240864333333335
0.9276787973333334
0.7880023293333334
0.5935513566666667
1.0016014773333333
0.7832600453333333
0.5664465
0.8845389440000001
0.7259672246666667
0.9070010233333334
0.7476204420000001
0.8277540226666666
0.850168708
0.69233466
0.57728443
0.5914100033333334
0.25243947133333333
0.9352540766666666
0.6924909380000001
0.90819972
1.008149122
0.8006874026666666
0.397590122
0.33591829133333334
1.0080899653333333
0.5936949386666667
0.6929154773333333
0.922974018
0.9242948933333334
0.8047154053333334
0.9604989926666667
0.6988175
0.6862669346666667
0.6912204353333333
0.5862476173333334
0.9307949839999999
0.4324917346666667
0.8958299879999999
0.42733229133333334
0.9017641319999999
1.0064599746666667
1.0111039353333333
0.4934957226666667
0.591141386
1.01723445
0.7784686606666668
0.10404903533333333
0.9649226699999999
1.0005514833333333
0.8953071159999999
0.29779631133333334
1.0089187913333333
0.8740178253333334
1.012021182
1.0071562093333333
0.974888164
0.6476322106666667
1.0065425286666667
0.7788074446666666
1.0055292346666667
0.999526948
0.607715326
0.6175011206666666
0.7876555006666668
0.7515516373333333
0.5841863553333333
0.9746558713333334
0.8360521873333334
0.82200331
0.8505054153333333
0.817699628
0.510409376
0.5138350446666666
0.369226106
1.0085752553333334
0.3528592326666667
1.0079716726666668
0.553567904
0.8636137926666667
0.3793956386666667
0.8453661566666666
0.6126172
0.732948334
0.2547196013333333
0.6180120286666667
0.6417199266666667
0.860775264
0.8264558906666666
0.41173845
0.5357592113333334
0.8106006033333333
0.6168625653333334
0.8309167813333334
0.8748456626666666
0.4360350753333333
0.5343893413333334
1.0027239033333333
0.9716461093333334
0.8006127753333333
1.0109373413333334
1.0099864306666666
1.0045649686666667
0.7919034026666667
0.9728015073333333
1.015887056
0.9926773126666667
1.007404254
0.7259794959999999
0.9969053446666667
0.8448589686666665
0.9409811466666667
0.80553796
0.82164949
0.6959300820000001
0.80848726
0.8540994693333334
0.8006500873333333
0.8966622399999999
0.9989225266666667
1.041380912
1.0100101813333333
1.007829758
0.9304824239999999
0.995588154
0.9980752446666667
0.9105583799999999
0.8309007060000001
1.009808334
0.4735485866666667
0.2688647993333333
0.978675712
0.9786088146666666
0.9028446226666667
0.9820547386666667
0.9974725773333333
0.9961885460000001
0.7090329833333333
0.941177038
0.8256773773333332
0.8190797053333334
0.9944470986666667
1.0274549773333332
1.0066604860000001
0.6331164893333333
0.6585353106666666
0.9279293293333334
0.8499752220000001
0.6683213720000001
0.8796475846666667
0.799703446
0.9294454219999999
0.7296114593333334
0.636480038
0.602519138
1.0068846813333332
1.0316876560000001
0.37231960733333336
0.7519068813333333
0.35764719599999995
0.44524735466666665
0.9975189099999999
0.9551376113333334
0.63050019
0.2669007766666667
0.7536220273333334
0.8404366186666666
0.5104579060000001
0.7021764033333334
1.005682276
0.5842221146666666
0.996523694
1.0007962846666667
1.0204246366666667
0.929535942
0.9358450553333334
1.0130595566666667
0.870281004
0.7627429286666667
0.6232674693333333
1.0035204786666667
1.0079716726666668
0.9745563513333333
0.631213688
0.8265751806666667
0.8603872866666668
0.5178527693333334
0.4672353266666667
0.9180909753333334
0.5000544066666667
1.0052585833333332
0.5735302486666667
0.8498911253333334
0.257236042
0.8647178913333334
1.017861242
0.7835815686666666
0.479234034
0.791480198
0.9661273173333333
1.00275902
0.500724838
0.520895692
0.6861408553333334
0.6829224046666666
0.7370550686666667
0.6077239253333333
0.661899612
0.8304508633333333
0.7833957673333333
0.7160009159999999
0.901177582
1.0335994073333332
1.0071325919999998
0.41520335399999997
0.9301700733333333
0.5281725700000001
0.9011303126666667
1.0035204786666667
0.40074339133333337
0.5000427626666667
0.5190669166666667
0.83312493
0.3543658533333333
1.0253822346666668
1.0124386626666666
0.9716351186666667
0.83964797
0.9058436953333333
0.9366205719999999
0.7625736473333333
0.6237789086666666
0.24220810266666667
0.870395642
1.0039779093333334
1.013609444
0.8457823393333334
1.0091914180000001
0.4855539306666667
0.296698798
0.7832600453333333
0.8435895146666667
0.366421016
1.009250704
0.9986786406666667
0.464483986
0.7157443793333333
1.0053056426666667
0.9413008013333333
0.7482847326666666
0.557954622
0.4615316406666667
1.004259612
0.97211894
0.930855504
0.5339375926666666
0.36808063533333335
0.6258467639999999
1.0103428126666667
1.0305242146666667
1.0019636526666666
0.458957192
0.6861353746666667
1.0147589593333333
0.398786204
0.8799629766666667
0.4715754026666667
0.7632919186666667
0.86991084
0.7965591526666667
0.44302905200000003
0.8310936453333334
0.48430559333333334
0.9292041226666666
0.49024550066666667
0.403840728
0.9894984033333334
0.6921784519999999
0.5015375886666666
0.7094546153333334
0.4762370113333333
1.001683236
1.0024430613333335
0.9985625459999999
0.6928595873333334
0.3567678246666667
1.0069318926666666
0.9768060353333333
0.9975420786666667
0.8366547766666665
0.80848726
0.395412198
1.0061888220000001
0.96674709
1.0055292346666667
0.47026390799999995
0.75519228
0.6451709146666667
0.6232584253333333
0.5320591026666667
0.8129634673333334
0.8691362793333333
0.9832462933333332
0.8745784473333333
0.692228654
0.8005157813333333
0.7021993633333333
0.8910905406666667
0.8408232686666667
0.7363474313333332
1.0063302746666667
0.5467256420000001
0.6835201626666667
0.8404530646666667
0.7959760366666666
0.8700165693333334
0.366427268
0.989133792
1.0072270666666667
0.9396738566666666
0.840502406
0.8752378740000001
0.445330454
0.4258472186666667
1.0081136266666668
1.0239399446666666
0.7448587526666667
0.726046994
1.00275902
0.8692330239999999
0.9348164186666666
0.8749347706666667
0.7297354233333334
0.9077582313333334
0.42230695399999996
0.9021808566666667
1.01016459
0.9593511866666666
1.0090847206666667
1.0067902706666667
0.985445874
0.40530030133333333
0.9361204206666667
1.0070027186666666
0.8536920319999999
0.7725178146666667
0.8561083740000001
0.6280247840000001
0.7526381606666667
1.0069200893333334
0.8223180733333334
0.44244032133333333
0.8957739373333333
0.7063684320000001
0.3996787
0.9256395033333333
1.0064481826666667
0.57287618
0.57746683
0.813009634
0.4358536553333333
0.05627050533333334
0.5640770533333334
0.9408059440000001
0.7845763886666667
0.5537784606666667
0.9979592906666667
0.929284542
0.7829173773333333
0.8700958826666667
0.9910967439999999
0.7958949106666667
0.8221921393333333
0.5401421479999999
0.9070584886666667
0.8805944406666667
1.0099745553333335
1.0066722833333333
0.9471754980000001
0.8043009919999999
0.6797877993333333
0.8406669206666667
1.009938932
1.016440018
0.7992569913333334
1.0038840433333334
0.99955021
0.7227664406666666
0.988735306
1.0043418053333333
1.0092269886666667
0.7706327126666667
0.8433990113333333
0.8507749726666666
0.8307882
0.5639659513333334
0.6333592326666667
0.840551754
0.32492092866666666
0.46705241399999997
0.20496781333333336
0.45442416733333335
0.9792670366666666
0.34423214799999996
0.5490635546666667
0.20086695200000002
0.7365810540000001
0.603136798
1.0074160686666667
0.8903424153333334
0.8802334933333333
0.9413008013333333
0.438485686
0.9915314706666667
0.34695591666666664
0.722955014
0.994677404
0.845349518
1.006990914
0.633728372
0.7631495119999999
0.740869264
0.82655132
0.7365936866666666
0.4371890713333333
1.0110563313333334
0.8005829286666667
0.998179626
1.0096184333333333
0.8316730013333334
1.002653678
0.9109639526666666
0.8420101153333334
0.8650488006666667
0.47298276533333333
0.989350248
0.6197465146666666
0.617972014
0.7795354146666666
0.603009778
0.5583753426666667
0.8350119166666666
0.6186618793333334
0.8089288526666666
0.8748189340000001
0.7197324313333333
1.0080899653333333
0.7021649233333332
1.0158149753333334
0.6650100326666667
0.8802244733333333
1.013920514
1.005411542
0.9377964993333333
1.218033066
0.9722289666666667
1.005800032
0.9973567626666666
0.37481987933333333
0.7332924646666666
1.0029814806666666
0.9963156446666667
0.9356513766666666
1.0135855233333333
0.6620577586666666
0.38517813333333334
0.69549621
0.8747565726666666
0.7368148246666666
0.7443359493333334
0.7568957866666667
0.7442972526666667
1.0038840433333334
0.6736146953333334
0.5867962726666667
0.5176436846666667
0.7445488546666668
1.0061534646666668
0.37288366666666667
0.15202589933333333
0.924195448
0.44634630266666664
0.43590895
0.278826084
0.8363370873333333
0.277791832
0.44257937599999997
0.42334551933333336
1.0071444006666668
0.579473046
0.822262972
0.5054894926666667
0.7953569493333332
0.8263366353333332
1.0089661939999999
0.7198711593333335
0.8321644766666667
0.8907671226666667
0.9989109106666666
1.0082437866666667
0.549516664
0.3893348893333333
0.4505249833333333
0.9841926
1.0120688766666668
0.96767279
0.49816937866666666
0.8653276573333333
0.6362537473333334
0.9989573773333333
0.8802425133333333
1.0058118086666668
1.024892868
0.9730770073333334
1.0072270666666667
0.7841681359999999
0.9836403666666667
0.861967246
0.607337212
0.9509187773333333
1.0394780293333332
1.009381158
1.007877058
0.7555509753333334
0.964521788
1.0031103186666666
0.4983370033333333
1.0215532239999998
0.9067616633333334
0.44006939666666667
1.006813872
0.9350402853333334
0.605402472
0.8852134826666667
0.9752312746666667
1.012331278
1.0073569980000001
0.8250508666666666
0.775061996
0.828664344
0.8403790626666667
0.901205946
1.009559104
0.620673468
0.6766925
0.52459538
0.8322934839999999
0.9735070993333333
0.6994662026666667
0.4733528733333333
1.0087647633333332
0.5363044406666667
0.582178992
0.5814027273333333
0.6180520486666666
0.45173092600000003
0.47643776000000004
0.65464079
0.3619664573333334
0.24268094133333334
0.7339816966666667
0.634247764
1.0281805726666666
0.3709593446666667
0.193083438
0.381330832
0.7913926953333333
1.0158029626666667
1.009843948
0.8453911159999999
0.9767727126666667
0.9981680273333333
0.36289160466666665
0.8708633266666668
1.016921344
1.001286248
0.7920640473333332
0.47007861666666667
0.5750160386666666
0.655840352
0.6182789253333334
0.9125995573333333
0.32275029666666666
1.060184712
0.610826762
1.0010762046666668
0.9901028826666667
0.607895956
1.0052938773333333
1.008504208
0.9981680273333333
0.685511152
0.8569710073333334
0.8602321933333332
0.9737278066666666
1.0905360793333332
1.0073569980000001
0.8310856046666666
1.0008429273333332
1.0066958786666667
1.0079361900000001
0.75954609
0.8221527926666666
0.8694441780000001
0.647549214
0.9522575653333333
0.49344185999999995
1.006625096
0.45857496866666664
0.9890085193333332
0.471888866
0.539717924
0.8177930453333333
0.6531077666666667
1.0316628746666667
0.989031294
0.8564498033333333
0.9289026746666667
0.566569792
1.0118304486666665
0.712272456
0.6355288166666667
0.7403648060000001
0.759183592
0.8547028506666667
0.493484382
0.8457740113333333
0.615157378
0.995818988
0.9299988733333333
0.907365092
0.2678612286666667
0.5800012553333334
0.42470604533333334
0.5556447593333333
0.9795350413333334
0.9283404940000001
0.9121150393333334
0.6034673
1.0085752553333334
0.6013717953333333
0.5621979286666666
0.9695404626666667
0.8969243920000001
1.0033446546666667
1.0219907666666666
0.9414555506666668
0.9972409753333333
0.7189673733333334
0.8135024046666668
0.880630552
1.006365644
1.025516892
0.971536214
0.5557454159999999
0.980664504
0.450255772
1.002478158
1.0054350786666668
0.9973104446666666
0.9294353653333333
0.15499226133333333
1.0070263293333335
0.792875566
1.00171828
0.535832736
1.0156708433333332
1.0024196646666665
0.9185818646666667
0.202750598
0.7755658413333334
0.8598963506666667
0.4644111606666667
1.0092862793333333
0.43955371866666665
1.00021362
0.9181694826666666
0.6335974886666667
0.29192938533333335
0.4222052453333333
1.0001553913333334
0.56848583
0.27462042266666664
0.7852577559999999
0.7305173693333333
0.5321118366666667
0.7054808306666667
0.9700112466666666
0.4322610386666667
0.503879408
1.0076524206666666
0.9989341433333334
0.9729778093333332
0.8749704193333334
1.0092744206666666
0.8474929793333335
0.9909938386666666
1.000190328
0.8280971546666667
1.0381589266666666
0.7332361306666667
1.003907508
0.8856150473333334
0.8600685446666666
0.6708580326666667
0.755351658
0.973275464
1.0059295953333334
1.000190328
1.0109849340000001
0.9062546386666667
1.0105805399999999
0.9653130373333333
0.8959608020000001
0.9354475906666666
0.9740701006666667
0.9598764766666666
1.0032977786666668
0.8013895766666667
0.8357105626666667
0.8215237606666667
0.894533266
1.00021362
0.6420988786666667
0.8731028006666667
0.8976554806666667
0.9925511406666666
1.0056351813333333
0.7711238920000001
0.6923067606666666
1.010544874
1.0353809593333334
1.0041774326666666
0.8753092233333334
0.7999715580000001
1.0115921326666666
0.9224189886666666
0.6931111640000001
0.7599022106666666
0.7329045586666666
0.8803417466666666
0.766643574
1.0039192406666666
1.0127848366666667
1.01167553
1.005411542
0.6703502073333333
0.8477271653333334
0.9785865173333333
1.0146390966666665
1.0117351086666666
0.855026138
1.007168018
0.8139957726666667
1.009665902
0.827283676
1.0114730166666666
0.9928035173333333
0.9228946873333332
0.99140559
0.8448506593333334
0.9634940206666667
0.941228602
1.005282112
1.0082201193333333
0.6920892226666666
0.5321184293333333
0.6675111973333333
0.8492441366666666
0.6183011773333333
0.4199799833333333
0.6616294073333333
1.0003999993333335
0.8500845726666666
1.0108778573333335
0.7265444126666666
1.0060827586666665
0.8323418726666667
0.8949433326666667
0.826718374
0.835661782
0.6961782513333332
0.40403637733333336
0.58897293
0.7960055406666667
1.0068256726666667
0.6472613319999999
1.0059295953333334
1.0074987793333332
0.6827649880000001
1.006837474
0.7587410093333333
0.9547235940000001
0.845399436
0.7888417613333333
0.9990387046666667
0.9292744886666666
0.728918036
1.0145671926666666
0.7403967133333333
1.03600533
0.997171516
0.890277822
0.6962854706666667
0.8764702766666665
0.906704236
0.98304375
0.7517423746666667
0.8811635339999999
1.0062831193333333
0.6445077313333334
1.0066958786666667
1.0127609546666665
0.8497481986666666
1.008018986
0.4761129486666667
0.9934120426666667
0.8700606306666667
0.7960940666666667
0.9902855126666666
1.0239887693333334
0.382630262
0.8602235786666667
0.9688624626666666
0.364063582
1.0119496486666666
0.6232493806666667
1.010925444
0.6335601033333333
0.26408628466666667
0.679481296
1.009808334
1.0253455153333333
0.7192442933333334
0.9617033799999999
0.8360033666666666
0.840551754
0.9843730553333333
1.0015430866666668
0.8130173293333334
0.5302199653333333
0.6589141713333333
0.5053616153333333
0.5601376286666667
0.49349855733333337
0.9350708213333334
0.726089954
0.6412983286666667
1.012999822
0.6155805846666667
1.0076406006666667
0.360316048
0.44233096266666666
0.9989109106666666
1.0022559206666666
1.0109373413333334
1.0363303
1.0056234086666667
1.001052872
0.8554859666666667
0.9018966846666667
0.7221527373333333
0.8999784793333333
1.0033446546666667
0.8174895166666667
0.9988876786666666
1.0089543433333332
0.6083092266666666
1.009381158
0.7095190753333332
0.8049944326666667
0.9225378673333333
0.33075483466666666
0.650422482
0.6931055719999999
1.0075224133333334
1.0084568486666667
1.009559104
0.7754398186666667
0.715273546
1.017017664
0.353591288
0.8343225413333333
0.8761037660000001
1.0171501333333335
0.971712058
0.7912250346666666
0.6005015586666667
0.8694529786666667
0.7753628246666667
1.0413935373333334
0.634168162
0.453273174
0.6768577953333333
0.47359036
1.0070853613333333
1.0009828806666665
0.8750149833333333
0.6505308486666667
1.0104735486666667
0.46005841000000003
0.94112548
0.58639169
0.9930789833333333
0.7560364193333333
1.0043652913333334
0.3728885226666666
0.6177320353333333
0.631167308
1.0049528046666667
0.902285098
0.775041016
0.6106530693333333
0.202341302
0.8219325220000001
0.3794593253333333
0.29831133666666665
1.000737988
0.43593549666666664
1.0086818446666665
0.8212096053333333
1.0270495826666668
0.9083437766666665
0.9351522593333335
0.71252651
1.0387866533333332
0.7023428993333334
0.11143443533333335
0.6081757133333333
0.9750984293333332
1.0288702213333332
0.9348876373333332
0.656657564
0.9923103553333333
0.6942371086666667
0.9177280546666666
1.0091321386666667
1.005211528
0.9867250120000001
0.9226171366666668
1.001893534
0.5552460873333334
0.6958567926666667
0.7120894133333333
0.7579242593333333
0.656040706
1.0052703473333333
0.47315992800000006
0.6447738086666667
0.9590512793333333
1.005505694
1.0127490146666667
0.156316482
0.9977274626666667
1.0062713313333334
0.976472916
1.0064599746666667
0.44220799866666666
0.9980404553333333
1.006896484
0.8855602673333333
0.9970904926666667
0.5119425113333333
1.0047412206666666
1.0037315486666667
0.808746066
1.0042009106666665
0.8591051426666666
0.6364375959999999
0.8816700120000001
0.517085912
0.9650527573333334
0.7662469306666667
0.5841227953333333
0.8492945159999999
0.5558533019999999
0.9120278806666667
0.9372337313333334
0.5985433193333334
0.9185131086666667
0.722644832
0.3566730166666667
0.9664969106666668
0.6054920873333333
0.7829173773333333
0.4151531866666667
0.79992686
0.7127156906666667
0.7784968813333333
0.7568424353333333
0.8702457366666666
0.8546348213333333
0.6280615193333333
0.7480306000000001
0.5623488286666667
0.6009594853333333
0.7747963406666666
0.6111048766666667
0.9021240079999999
0.7997406726666666
0.935977618
1.0004349526666667
1.020303432
0.9235495746666668
0.29247408399999997
0.9110992240000001
0.531742916
0.5341766586666666
0.9452784786666666
0.9675528940000001
0.33010405066666665
0.8591481059999999
0.615170594
0.6231182693333334
0.9480431526666666
1.0066486886666666
0.6061030306666667
0.9010452406666667
1.0020337813333333
0.9957612693333334
0.9884622439999999
0.7995992286666667
1.0037667353333333
1.0082437866666667
0.9415793873333334
0.9065894026666667
1.0022208393333334
0.821680928
0.7159054393333333
0.7786027273333334
1.0061888220000001
0.6959639126666666
0.8089593246666666
0.9768393593333333
0.43235676933333334
0.8791164346666667
0.8544477966666667
0.712260644
0.8129326926666666
1.0591781246666667
0.9637318353333333
0.9783747453333334
0.9710200413333334
0.7988630379999999
0.974888164
0.998318836
1.0016131566666666
1.008480528
0.8596639973333334
1.0085160486666667
0.84622394
0.9529125166666667
0.875202204
0.9368248693333333
0.9135507073333333
0.5525210713333334
0.852040806
0.4773273126666666
1.0083976559999999
0.8190250373333333
1.0078534073333334
0.7959686606666667
1.003696364
1.006625096
1.007404254
0.7196841906666667
1.0234885366666668
0.782953058
0.8704485620000001
0.786897876
0.34683964066666667
0.3719633053333334
0.9415174653333334
0.5228455793333333
0.996835932
0.6736675233333334
1.0027356086666668
1.0143874766666665
0.8896323993333334
0.689157488
0.39958388
0.8283287293333332
0.9069244146666666
0.7076894539999999
1.0053644726666666
0.690010008
0.6926137773333333
1.013238802
0.4856912013333333
0.8701046960000001
1.0104141193333334
0.6128182426666666
0.8409138119999999
0.6758353273333333
0.999492058
0.6925691033333332
0.988997132
0.686672896
1.0126893166666666
1.0004466046666667
0.9750984293333332
0.7936154206666667
0.22106075466666666
1.008622626
0.791480198
0.9233708766666667
0.636583808
0.39546499
0.5094830153333333
0.8702721866666667
0.580240244
1.0038723113333334
0.7221345240000001
1.0077351706666666
0.3517754593333333
0.29136200333333334
0.8093480500000001
0.5140718266666667
0.912541388
0.8406916033333334
0.457181346
0.8309810866666667
0.6152719386666666
0.49180047266666665
0.7673215533333334
0.9017357326666667
0.9796355813333333
0.49170757133333337
1.0054821539999999
1.0153466973333334
0.8227985506666667
0.800299494
1.0542125366666668
0.6560156553333334
0.5519636686666667
1.0010645386666668
0.3452490553333334
1.013071504
0.7193647593333333
1.012999822
0.7471912346666666
0.9414968260000001
0.94112548
0.9007995673333333
1.002782432
0.8453162426666666
0.8182058953333333
0.87026337
0.8918862233333332
0.7157920933333333
1.006530734
1.0246483593333333
0.620489648
0.8851587519999999
0.447487984
1.0063892253333333
0.5458015906666667
0.885624178
1.0012979193333333
0.8500172766666666
0.8849307806666667
1.0138367453333335
0.9400234833333334
0.8449337613333334
0.6578242313333333
0.551860832
1.0057764786666668
1.0078652326666666
0.5934160433333333
0.9127353146666666
0.483743754
0.6767404806666667
1.0462897953333332
1.0099745553333335
0.9107804346666667
0.8961103499999999
1.0244406193333333
0.9624792253333333
0.5911007073333333
0.7226022793333333
0.544276474
0.9710639493333333
0.9459759473333333
0.7919691133333334
0.9978201806666666
0.7513215653333334
0.4852494673333333
0.9071734406666666
0.730374508
0.9131331220000001
0.990868094
0.8513483513333334
0.44526581866666665
1.0082792913333334
1.0328164713333334
0.8699196499999999
0.5426227126666667
0.8845389440000001
0.465639682
1.0195647046666667
0.24179153933333336
0.9180909753333334
0.7262495640000001
0.8260029033333334
1.0128206613333333
0.7089803146666667
0.9350606426666667
0.8260346753333333
0.7952391373333333
0.6048908926666666
0.8513483513333334
0.8451415886666667
0.9322698713333333
0.9651828793333334
0.890296276
0.650245232
0.6434215146666666
0.8273872653333333
0.3083017646666667
0.9083053573333333
1.0019987160000001
0.9911424866666666
0.8457823393333334
0.752130726
0.9953458933333333
0.9064841646666667
0.7516502826666667
0.775972194
0.8601977359999999
1.0320099226666666
0.9780071493333333
0.9771838453333334
1.0058942566666667
1.001683236
1.0019636526666666
0.8648136553333333
1.005188002
0.8165492299999999
0.5959810586666666
0.966660056
0.9301398566666667
0.47786902133333337
0.7130529186666666
0.7829958793333334
1.0005165213333334
0.5500268673333333
0.529922306
0.874881304
1.0089424926666668
0.6735301866666668
0.8920622053333334
0.9985741546666667
0.9726142566666668
0.8090659966666667
1.0068020713333334
0.9325330126666667
1.004964562
0.6081240466666666
0.8227433853333334
1.005458616
0.8075751493333334
1.009440466
0.8553837400000001
0.5112782406666667
0.19434285133333332
1.0072506879999998
0.5432438413333334
0.656451816
0.999794522
0.9078253866666667
0.8963254126666668
0.47307393533333336
0.6959413586666666
0.8307640953333333
1.0171380893333333
0.8170307593333334
1.008978046
1.0063066966666667
0.7083080126666667
1.0071444006666668
0.3765566326666667
0.8002249393333333
0.8260902833333333
0.8460655773333333
1.0063184853333333
0.434816712
0.503448242
0.766862588
0.644865778
0.265026552
0.4627250126666667
0.8668645899999999
0.355154098
0.7301696313333333
0.726525978
0.47932763
0.7413232240000001
0.247368902
0.6310606593333333
