0.99236309
0.9917673
0.99430666
0.81817628
0.98407308
0.99848594
0.99241812
0.99333163
0.99162533
0.7785194599999999
0.99127745
0.99316165
0.6096649
0.62070307
0.99166654
0.82884665
0.99352924
0.9939799100000001
0.99377752
0.82669291
0.98474545
0.9942928499999999
0.99328109
0.99335001
0.7387183
0.70893701
0.98619711
0.71169766
0.9726539
0.55254666
0.83441169
0.97938762
0.8246073300000001
0.9608083999999999
0.9665773900000001
0.56002515
0.99329487
0.9758494799999999
0.99356142
0.99995048
0.99324434
1.0441912100000001
0.94631569
0.67227563
0.7884695899999999
0.9531112899999999
0.82876028
0.99123627
0.9953297499999999
0.95560089
0.99220261
0.9941685699999999
0.97337693
0.9932673099999999
0.9913049100000001
1.05279644
0.8304492600000001
0.70647881
0.83048137
0.9813793099999999
0.99298255
0.99412255
0.32887635000000004
0.99354763
1.03518631
0.99542202
0.99361199
0.99363497
0.9942053900000001
0.9934924700000001
0.99517292
0.61936579
0.83085409
0.98353675
0.9968637
0.5535165400000001
0.99784104
0.9945553300000001
0.99987599
1.0266739599999999
0.9857218
0.82784975
0.82663563
0.70629525
0.9966323800000001
0.91156912
0.99211094
0.9940535199999999
1.10581602
0.9939247
0.99464746
0.9939247
0.98110581
0.9910258500000001
0.90516788
0.30999179
0.71044978
0.8669345800000001
1.04113352
0.61934793
0.99403052
0.9934143400000001
0.98906318
0.98925454
0.99296419
0.99407193
0.81535253
0.99190014
0.86077354
0.9531662900000001
0.92985995
0.9911127500000001
0.81621715
0.8267374700000001
0.99185433
0.55018117
0.9933408199999999
0.9949285600000001
0.953742
0.99337758
0.70218903
0.70920158
0.97381833
0.99486864
0.9931249099999999
0.98677262
0.9938787000000001
0.99409954
0.82706861
0.9929182799999999
0.9931984
1.08966178
0.99357521
0.99047278
1.00590368
0.99215677
0.55223406
1.00215302
0.99303765
1.07697274
0.97384482
0.82496529
0.9884213
0.61857545
0.4682868
0.7733022900000001
0.9924685700000001
0.61873764
0.99400291
0.62088612
0.9933729800000001
0.82866754
0.70764981
0.8268075
0.4624241
0.49299554
0.99019876
0.99495622
0.9927025500000001
0.62039106
0.9865097
0.99322137
0.99324893
0.9930101
0.99299633
0.99281729
0.9927254999999999
0.45064363
0.40351064000000003
0.87783173
0.5527130499999999
0.49691519999999995
0.9707632599999999
0.99183143
0.9627122199999999
0.9923126499999999
0.33147188
0.99254655
0.9954174100000001
0.82340902
0.9933362200000001
0.9943895399999999
0.61845075
0.49614486
1.15698081
0.61970002
0.99357061
1.19811182
0.45032328
0.45012506
1.03836474
0.70632777
0.98935936
0.55181971
0.82662609
0.44264780000000004
0.99275762
0.28519532000000003
0.79535548
0.0390662
0.41366653999999997
0.37997195
0.38155645
1.0072625
0.49642012
0.89822055
0.9885168400000001
0.9931203200000001
0.55182538
0.5825943800000001
0.9884440499999999
0.99303306
0.45283207
0.9920880200000001
0.82999669
0.9958420800000001
0.61960704
0.69845271
0.83198071
0.49691865
0.61962849
0.49804921999999996
0.9897287
0.98876717
0.9925649
0.8323709100000001
0.82706543
0.99411795
0.99201469
1.05329216
1.04671563
0.90085814
0.9814421
1.27104635
0.94357143
0.99149714
0.59544152
0.99426523
0.99339136
0.9919368
0.5512361299999999
0.95098826
0.9923401599999999
1.0024290200000001
0.7488836000000001
0.9931249099999999
0.53315879
0.6237191200000001
0.61546238
0.70647649
0.99300551
1.24675386
0.98623787
0.62204794
0.99664625
0.99372693
0.9662468599999999
0.58290274
0.9115459
0.97583618
0.98346919
0.97311228
0.6187447699999999
0.5940694
0.70514957
0.80184141
1.15743602
0.70901894
0.99323515
0.95853545
0.9931984
0.99464746
0.99138728
1.0073806299999999
0.48886443
0.70747962
0.99199636
0.99577743
0.99309276
0.62070845
0.99283106
0.70924842
0.99264749
0.9939569
0.99407653
0.9926429
0.97627093
0.87098872
0.61880717
0.99239978
0.9941685699999999
0.8265783600000001
0.5462264
0.70921094
0.9929458200000001
0.70861653
0.71047798
0.62165718
0.41459134
0.99461982
0.99325812
0.9934143400000001
0.49947288
0.62173457
0.98859876
0.40787914000000003
0.7102970399999999
0.55162693
0.98900396
0.9943342900000001
0.9814017300000001
0.99144221
0.32562941
0.49747811
0.9942284100000001
0.36983941000000004
1.18716342
0.98729887
0.9943342900000001
0.61659158
0.45026191
0.71049679
0.9296546499999999
0.80413836
0.976302
0.60074514
0.33092533
0.45289128
0.7039568199999999
0.9938603
0.35377594
0.6225438400000001
0.451262
0.9941685699999999
0.7104521300000001
0.82664518
0.39656443
1.0075271399999999
0.54051534
0.91388116
1.00208755
0.55197573
1.0130261
0.98879904
0.8287986700000001
0.99323974
1.01262008
0.99277598
0.62058827
0.9939385000000001
0.99317543
0.83032403
0.93193812
0.8308766
0.99304684
0.9948916800000001
0.4510118
0.99354763
0.9930101
0.61868238
0.99353843
0.9929458200000001
0.9880393
0.83029193
0.9937821200000001
0.9827221
0.80700309
0.99383271
0.99009832
0.99376372
0.55330262
1.02368369
0.70915708
0.61540947
1.01124201
0.68623733
0.82679795
0.9934143400000001
0.9934556999999999
1.0801471
0.83063556
1.10331622
0.98870344
0.99355682
0.9920742699999999
0.9939523
0.6194569099999999
0.9941271500000001
0.82686162
0.71023831
0.26159794000000003
0.9732093
0.82861319
0.9917306600000001
0.98104755
0.9938832999999999
0.75039089
0.70914537
0.52833565
0.62092382
0.55086565
0.7133881
0.5486434299999999
0.88577578
0.82513329
0.9609416799999999
0.71055791
1.29792611
0.95585609
0.91996506
0.98636018
1.02970149
0.99459678
0.93210801
1.00349234
0.79342776
0.69984802
0.99461982
0.9857263199999999
1.01544992
0.9906007099999999
0.98645986
0.9996804899999999
0.8140821699999999
1.0241719
0.8250540399999999
0.65065404
0.55095469
0.7488679399999999
0.99274385
0.8323902699999999
0.9991827999999999
0.16975659
1.00775882
0.99289991
0.55289093
0.9936579600000001
0.94925215
0.99418238
1.00581888
0.99157039
0.9911584999999999
0.99221637
0.99302388
0.83214513
0.9943527
0.9874078199999999
1.10905983
0.9937177300000001
0.99415937
0.99223929
0.99121797
1.03229517
0.22541122000000002
0.9928448299999999
0.99875528
0.62077663
0.99130033
0.71051795
0.55100417
0.99173524
0.37177495
0.62168058
0.62473706
0.70995889
0.4133743
0.45184023
0.96603822
0.41919705999999995
0.83380261
0.35511093000000005
0.87542697
0.4928937
1.03802846
0.56430903
0.80481342
0.69702449
0.70656714
1.0210213799999999
1.05858292
1.05450761
0.92258146
0.57395102
1.04133041
0.82882426
0.99383271
1.13548375
0.9922622099999999
0.9927071399999999
0.70619538
0.99593906
0.99304225
0.6123962000000001
0.41467941
0.7575699899999999
0.99193221
0.9866003499999999
1.07007148
0.74272441
0.9951360300000001
0.68715079
1.07737797
0.68682773
0.8285012999999999
0.74146016
0.49411968
0.99259702
0.99638267
0.33085395
0.9563115500000001
0.27462271
0.55177292
0.30974275
0.70773843
0.99316165
0.85717625
0.9928723700000001
0.8223338200000001
0.51900796
0.94621978
0.99399831
0.70869604
0.83050707
0.99236767
0.9256594499999999
0.78833065
0.99722014
0.49836013
0.8303144
0.99275762
0.9927254999999999
0.99261537
0.99229889
0.5485691500000001
0.8158481500000001
0.9911584999999999
0.84185333
0.9932627100000001
0.61936043
0.99274385
0.99346489
0.6570242199999999
0.98110133
0.99495622
0.9935936
0.55853654
0.82880826
0.85139223
0.61776402
1.27536414
0.8324193099999999
0.99179936
0.99262913
0.97769769
0.7106096399999999
0.99084295
0.99154749
0.9934143400000001
0.49684621999999995
0.99087495
0.99372233
0.97815638
0.70630454
0.9939753100000001
0.9939477
0.55182822
0.97049564
0.9584926699999999
1.13070683
1.08319268
0.49355186
0.8301250299999999
0.993589
0.99238602
0.9992153500000001
0.97599584
0.40421472
0.49562385999999997
0.5701627100000001
0.27407839
0.98935936
0.99180852
0.45336742999999996
0.95345406
0.99253279
0.82670564
0.79218092
0.71187461
0.7049343
0.7090681
0.99181768
0.9920926
0.8395527800000001
0.99303765
0.9839964299999999
0.8712572799999999
0.9341637500000001
1.1993631200000001
0.99317543
0.49621021
0.99282188
0.98622428
0.99212469
0.99423301
0.7915735599999999
0.93927519
0.99341894
0.99323056
0.85122349
0.99318921
0.84163557
0.99248692
0.99362578
0.92770685
0.9933867700000001
1.02924746
0.9931249099999999
0.99423301
0.82629848
0.82644158
0.9939661
0.8100441100000001
1.11977581
1.19818535
0.99220261
0.38105409
0.62066001
1.16512237
1.1277793699999998
0.9932673099999999
0.7115161000000001
0.9965491299999999
0.9929045000000001
0.99445401
0.9656776600000001
0.9942698400000001
0.9926658399999999
0.99308817
0.99359819
0.9931432800000001
0.82879227
0.9913506700000001
1.03008675
0.99344651
0.99303306
0.99261078
0.99242271
0.97058337
0.99217052
0.99273926
0.9927805700000001
0.83023094
0.9944448
0.99108531
0.9914101700000001
0.9914330499999999
0.99297337
0.9942698400000001
0.53920161
1.00191924
0.9933408199999999
1.29671917
0.9943434999999999
0.8649477600000001
0.8213807900000001
0.99639192
0.61857545
0.79984642
0.9965213799999999
0.99174898
1.1460764399999999
0.9915200299999999
0.9932075899999999
0.71054145
0.8306195
0.99206969
0.99301929
0.9940535199999999
1.06827227
0.98830303
0.45169292
1.02184731
0.82849171
0.71617642
1.0267034099999999
0.59878531
1.01841636
0.68536129
0.71193597
0.99665088
0.45007695
0.73114538
0.4967991
1.3156263000000001
0.51964972
0.88168087
0.5534837300000001
0.99696551
1.0241719
0.93213229
0.7078714100000001
0.99483638
0.9938419000000001
0.45055098
0.49682093
0.99282647
0.9920971900000001
0.99294123
0.9271941499999999
0.9927346699999999
0.82527281
0.9755170200000001
0.98393782
0.7086516
0.98121788
0.9935016600000001
0.71065197
0.87523787
0.96587311
0.96424678
1.0100291799999999
0.82725659
0.99354763
0.99354303
0.9938648999999999
0.99368095
0.98145107
0.9936579600000001
0.9942698400000001
0.99167112
0.9964289100000001
0.9946428500000001
0.99033575
0.99284024
0.55021641
0.8265783600000001
0.9934373200000001
0.27553248
0.99334541
0.62082688
0.45063607
0.82645748
0.9923722600000001
0.6135334499999999
0.99277139
0.8196314800000001
0.99152918
0.9933408199999999
0.99235392
0.45112644
0.9931249099999999
0.9933408199999999
1.00483995
0.8304588900000001
0.20441187
0.9929917399999999
0.14020757
0.8318163599999999
0.8302790899999999
0.99194596
0.99474421
0.983744
0.70799977
0.61866455
0.9931984
0.9819088
0.31073504
0.83077052
0.61990216
0.99332244
0.9936027900000001
0.99083838
0.93926286
0.8303657699999999
0.85208476
0.99317543
0.95589438
0.9931295
0.41473627
0.99734055
0.18381284999999997
0.9090570499999999
0.9925144400000001
0.65557407
0.8290578399999999
0.9923585
0.82816262
0.99948043
0.83142024
0.99042253
0.99549585
0.80214691
0.99348328
0.62417052
0.78112754
0.8250286800000001
0.8268425100000001
0.82665473
0.9936763500000001
0.7690431
0.7104239200000001
0.66718975
0.9939063
0.70367771
0.35404541
0.8251967
0.38271516
0.9884440499999999
0.98033546
0.8305423999999999
0.72706097
0.8712572799999999
0.99330866
0.9989689900000001
0.9933867700000001
0.99271173
0.54994728
0.9829560100000001
1.20520566
0.62193444
0.9928769599999999
1.0209146
0.99695163
0.9963595599999999
0.9922530399999999
0.70699748
0.99303765
0.77993036
0.89220489
0.82866115
0.66983688
0.59589589
0.9907423799999999
0.99379591
0.8285044899999999
0.64413752
0.99424222
0.8346971000000001
1.01860475
1.01308345
1.0103951
0.99362578
0.98904496
0.99254655
0.99268878
0.9927071399999999
0.9644243299999999
0.9933408199999999
0.9934511100000001
0.99256949
0.99296419
0.99279893
0.7592654600000001
0.98873986
0.9932719
0.99536204
0.8268839
0.9687532
0.8964582400000001
0.99289991
0.9925511400000001
0.99296419
0.55012198
0.99424222
0.7102970399999999
0.90932265
0.9942468200000001
0.96123417
0.9905001900000001
0.85701205
0.80368995
0.55438104
0.99107616
0.82679476
0.9920788500000001
0.33117488
0.82770617
0.99306521
0.9922072
0.7105626100000001
0.7090048899999999
0.82669291
0.99292746
0.61999522
0.99382811
0.98964204
0.99267961
0.9930101
0.99281729
0.55132387
1.02107479
0.5278266
0.49565359999999997
0.85577915
0.99235392
0.98137483
1.0101004500000001
0.53000732
0.99344651
0.99257408
1.08088648
0.99289073
0.6269622499999999
0.83432092
0.99324893
0.99416397
0.97629756
0.55429232
0.9920742699999999
0.08992974999999999
0.99267502
0.97549929
1.06804912
0.81945946
0.49682552999999996
0.82119861
0.94396545
0.82930436
0.62166618
1.04772677
0.49605891
0.9913643999999999
0.9919505399999999
0.99277139
0.8303754000000001
0.99417778
1.02350805
0.82697625
0.9248501899999999
0.9989689900000001
0.99324434
0.98873531
0.99239978
0.762915
0.9632088
1.03025971
0.9940167099999999
0.9911219
0.99316165
0.71059318
0.9932075899999999
1.0320372
0.9934786800000001
1.11599333
0.98887645
0.86927877
0.71046153
0.9934924700000001
0.71003635
0.9916024400000001
0.9914834
0.99200553
0.99667863
1.02136131
0.99790132
0.7023015499999999
0.84733414
0.61868951
0.9947119600000001
0.56954575
0.70918987
0.62169677
0.8269985400000001
0.51963589
0.99144678
0.9632865700000001
0.95558813
0.62071922
0.8212677100000001
0.48768208
1.00008553
0.99306521
0.91954356
0.99284024
0.61730942
0.69266963
0.97349165
0.8269189299999999
0.9940167099999999
0.99213385
0.8485528600000001
0.92983579
0.9914650899999999
0.9926429
0.99325352
0.9734431100000001
0.8695075400000001
0.99417778
0.7103064299999999
0.45949337999999995
0.70634636
0.9916940200000001
0.9939799100000001
0.93713148
0.84026891
0.71059083
0.99377292
0.9661208000000001
0.9920742699999999
0.99178104
0.3802983
0.62058468
0.82674384
0.29204392
0.38115283
0.30998777
0.55288381
0.55120075
