1.0140402066666667
1.0040835293333332
1.0037784646666668
1.0107589093333333
0.9991084246666666
0.9352031653333334
0.91787515
0.9944125619999999
1.0087529173333334
0.9954612406666666
0.9912568626666666
0.999526948
1.0088358473333332
1.0172946853333333
0.9408677726666667
1.0074515146666665
1.009938932
1.014399456
0.9696170706666667
0.7875977253333334
0.901291048
0.751571364
0.9690264080000001
0.4363828506666667
0.8746407826666667
0.8000609679999999
0.9956573926666666
1.0066132993333334
0.8227591466666666
0.647876442
0.8352392546666667
0.41076188
0.42603730666666667
0.9714373300000001
0.9817404700000001
1.0056705019999999
0.8745428306666666
0.656667604
0.526673202
0.8594317693333334
0.6585605546666666
0.6932901746666666
1.0360678079999999
0.558883954
0.5190700533333333
0.33557709133333335
0.8646308526666666
0.3096598973333333
0.8360521873333334
0.7296796346666666
0.3446561673333333
0.9177084453333334
0.9425195406666667
0.9962232059999999
1.0098202053333334
0.9469875413333333
0.8050623333333333
0.372995388
0.809897474
0.864552532
0.7334114213333334
0.836320802
0.620256668
0.49832833
0.9474889246666667
1.007510596
0.8406586933333333
0.846507474
0.929465536
0.908180516
1.0052938773333333
1.0128206613333333
0.814505186
0.9587087573333333
0.7749221546666666
0.8709074733333334
0.9174732013333334
1.0157308933333333
1.0040717926666667
1.0032977786666668
1.0128803746666668
0.8772669293333334
0.9070297553333333
0.92621839
0.5665847406666666
0.6338686646666667
0.5157323333333333
0.6174833653333334
0.6598353539999999
1.006566118
0.586275626
0.679739386
0.6830255793333334
0.4223900173333333
0.5576141586666666
1.011425378
0.4384767333333333
0.5279615606666667
0.5795864319999999
0.645301776
0.9403836653333333
0.5439524933333333
0.5980557533333333
0.7973577086666666
0.8209898393333332
0.8135717486666667
0.8550601826666666
0.7449944139999999
1.001893534
0.8079169493333334
0.9660838546666667
0.9895439986666666
0.6000694793333333
1.002665382
0.528640638
0.6392128906666666
0.4732563806666667
0.715893506
1.0064599746666667
1.0069791093333333
1.0152746926666667
1.008847696
1.0355806760000001
1.0058589199999999
0.911311874
0.714630876
1.0290057966666666
0.8312544966666666
0.9877688893333334
1.0114372873333333
0.8950365826666666
0.729592868
0.8457157226666666
1.0133941993333333
0.64428053
0.9956458526666667
0.737004478
0.942044064
0.8362963753333333
0.9715691799999999
0.9706469813333333
1.0094760546666666
0.8263207373333333
1.0047294686666668
0.498065392
0.983291314
0.6959188053333334
0.33898314533333335
0.5683955500000001
0.6212390586666667
1.01084217
1.0324316526666666
0.7795071186666668
0.5520665433333334
0.9510767059999999
0.9982260253333334
0.6931670953333334
1.011758942
1.011854286
1.0112943953333333
1.005352706
0.8871791406666666
0.689102202
0.6924016273333333
1.0020454706666666
0.8701575806666666
0.92955606
0.9177868873333334
0.9536107140000001
0.9233708766666667
0.9873034106666667
0.9011019533333333
0.8405106306666666
0.8864558619999999
0.8553241186666667
0.901480222
0.9339829500000001
0.971931952
0.6966694720000001
0.6685658486666667
0.5408495366666667
0.9437310720000001
0.8443191913333333
0.82172809
0.7551723626666667
0.45595826733333333
1.008160954
0.6005645346666667
0.6311765833333333
0.9345621553333334
0.794863844
1.0277500113333333
0.7148985146666668
0.5710785153333334
0.4187433993333333
0.3271010246666667
1.0277008266666667
0.7404605366666667
0.46156636
0.999166532
0.6229601053333333
0.4008761753333333
1.0276393533333332
0.9285010473333334
1.0087884573333334
0.61786089
0.2852367946666667
0.422140924
0.82211345
1.010259634
1.0256148473333333
0.6386093666666667
0.9217162499999999
0.676921802
1.0080308153333333
0.990810948
0.9138325506666667
0.45701351333333334
0.6130150433333333
0.8131866546666667
0.4924094193333334
1.0196978386666666
0.9714483159999999
0.34297865
0.34051639133333333
0.6182655746666667
1.0054703846666666
0.7329420799999999
0.6449384033333333
1.0400066093333333
0.8803146806666667
0.9015937646666666
0.9014329213333334
0.7116351653333333
0.9186309826666668
0.79931649
0.7960276706666667
1.0169093053333333
0.69259144
1.0255413793333334
0.5476528273333333
0.873635592
0.7866312506666666
0.8556563993333333
0.6993010673333333
0.7406967766666667
0.7556440259999999
0.6288155333333333
0.14883340066666667
0.22918165199999999
0.10803359266666666
0.7084715859999999
0.8699020306666666
0.501807138
0.6504963646666667
1.0005631373333335
0.24688260466666667
1.006530734
0.600623324
0.60317915
0.9806421133333333
0.7403520440000001
0.5664315586666666
0.9818639086666667
0.4115845693333333
0.5776027346666667
0.4102263466666667
0.7553915133333333
0.9352235293333333
0.8129249993333333
0.613133184
0.7831457893333333
0.5119821786666666
0.9008656966666667
0.46712861066666667
0.9364367806666667
1.0044709933333333
0.7521702413333334
0.994331986
0.378661432
0.903176872
0.7222923993333333
0.5983431960000001
0.9681744973333333
0.29306980466666666
0.892701882
0.7022395473333333
0.5504251306666667
0.8496053206666667
1.008196452
0.48710962
0.6447834886666667
0.6174522953333333
1.0036729093333334
0.9729006693333334
0.39250150066666667
0.43106797266666663
1.0075342306666666
0.8504464719999999
0.923311326
0.9413008013333333
1.0153466973333334
0.7330671793333333
0.840428396
0.26415693933333334
1.0014146506666666
0.8225149226666667
0.8650488006666667
0.5663755373333333
0.8754162686666667
0.5068824773333334
1.0064599746666667
0.9606708633333333
0.9964080999999999
0.796167854
0.4717074726666666
0.995738184
0.728868556
0.5937441826666666
0.940816248
0.8264558906666666
0.9025695153333333
0.7871718953333334
0.9913255000000001
0.9107128413333333
0.6420268913333333
0.612459954
0.49949901999999996
0.6098033986666667
0.27677057466666666
0.5434775613333334
0.9161521946666666
0.7750969639999999
1.0062831193333333
0.639170084
1.0244650546666667
0.997426248
0.7368021846666667
0.8653189406666667
0.9699126726666667
0.7718722393333334
0.712396506
0.8042106313333334
0.503088518
0.8452330646666666
0.972768458
1.0188028786666667
0.6654737053333333
0.3167029673333333
0.8554774466666666
0.6449335606666667
0.7637330373333333
0.9987831486666667
0.8284325813333333
0.9604775133333333
0.7663563086666666
0.553714206
1.0014380006666668
0.7792666846666666
0.9250513779999999
0.8392788
0.968523818
1.0293387246666665
0.9599515653333333
0.9034238440000001
0.7671365306666666
0.8044365706666667
0.53604005
0.5063177973333333
0.695597586
0.6774182666666666
0.46707527066666665
0.7588147373333333
0.59092992
0.61811876
0.8180734266666667
0.4104498066666667
1.0096777693333334
0.655760244
0.5842539033333334
0.5341069086666667
0.6500926779999999
0.72634782
0.485526486
1.0112824893333332
0.6377085813333333
0.6616701786666667
1.0122835586666667
0.9909023846666667
0.7441618446666667
0.679970758
1.0112943953333333
1.0075342306666666
0.989350248
0.8747387566666667
0.9219338853333333
1.0146630666666667
1.0097133746666667
0.9062259560000001
0.6888148599999999
0.969660852
0.9668667866666666
0.5639918713333333
0.91880785
0.6823311113333334
0.5342863019999999
0.5579183826666666
1.0062006079999999
0.702394586
0.9863624413333334
0.5774318933333333
0.5566493593333333
0.991542916
0.9051755140000001
0.8647353013333333
1.0624926826666667
0.24303179800000002
0.5415246393333334
1.0124386626666666
0.48099170133333335
0.6558804126666666
0.37748662266666666
1.02601911
0.5663755373333333
1.000365048
0.7229489293333333
0.7224260406666667
1.0010295406666667
0.45592922666666663
0.7999417586666667
1.027959096
0.80428593
0.8424560466666666
0.36547314399999997
0.8317213173333333
0.623036918
0.5106672966666667
0.998318836
0.17377275
0.9853780473333333
0.6781509466666666
0.563958546
0.947384426
0.7156608953333333
0.48070368999999996
0.6989767186666667
1.03515637
0.9334653226666666
0.516110372
1.0040835293333332
0.998411664
0.8549240206666666
0.9909481093333333
0.9490801466666666
1.0110206313333334
0.9871786006666666
1.1340296766666667
0.925529796
0.789784632
0.5751546426666666
0.5783766673333334
0.7090212786666666
0.733267426
0.25077318666666665
1.0090847206666667
0.45528642933333335
1.0130237153333335
0.9868270333333333
0.8215944786666667
0.9806980926666666
1.0105567626666665
0.912541388
0.9872920626666667
0.5942206306666666
0.9424988579999999
0.6804986606666666
0.481126404
0.988883278
0.6156114659999999
0.9189651233333334
0.5773503913333333
1.0148308906666665
0.8458156513333334
1.0038723113333334
0.9229541840000001
0.935977618
0.9361204206666667
0.46151428266666666
0.4773352706666667
0.4449406186666667
0.3739159873333333
0.9550208006666667
0.5416612286666667
0.45013543933333333
0.7261145046666667
0.7595662386666666
0.6675526966666666
0.8640046866666666
0.8651620646666667
0.331720464
0.4409481533333333
0.418720946
1.0140641486666666
0.959694168
0.333611718
0.7516108213333333
0.38632318266666665
0.999480428
0.9869857746666667
1.0064245986666667
0.24332024466666666
0.8234374306666666
0.6618486126666666
0.6050314906666666
0.869673044
0.5440317293333333
0.892034414
0.9235992246666667
1.009843948
0.8262333086666666
0.8139186446666666
0.7293574633333333
1.0213224493333333
0.6106487279999999
1.0184163553333332
0.685204932
1.011925806
0.8042031019999999
1.1678247013333334
0.591129182
0.8864192713333333
0.8850310733333334
0.9840685753333334
0.5229888273333333
1.0054703846666666
1.00431832
0.7228880900000001
0.4572519213333333
0.9470188626666667
0.5664390293333333
0.8818781986666666
1.03188595
0.37583171866666665
0.9855137093333333
0.6365177686666667
0.32219222133333336
0.405338552
1.0053880066666667
1.0035439266666668
1.0252965613333334
0.9008656966666667
0.9801721406666667
0.9986438093333333
1.0049410473333333
0.6898105286666667
1.0100576866666666
0.6127351873333333
0.5819265773333333
0.712940474
0.9182480026666667
0.562312016
0.577462948
0.8085100893333333
1.0099626806666666
0.5685121673333333
0.97024133
0.43720687266666663
0.9598443000000001
0.8653189406666667
0.7974983606666667
0.7372132093333333
1.016644526
0.9592119206666666
0.969923624
0.8834472800000001
0.787143042
0.325648918
0.9375099146666667
0.9179045746666668
1.006813872
0.8820864833333334
0.8805583326666666
1.0061181106666666
1.0038488479999998
0.9968937753333333
0.9246829346666666
0.7546813966666667
0.5478728846666667
0.5910559679999999
0.5425233266666667
1.0109492393333332
0.834955102
0.5342696866666666
0.7328920526666668
0.22406732466666665
0.7674586640000001
0.9944816373333333
0.9985045093333333
0.555820932
0.4934163506666666
0.3978202893333333
0.8269252960000001
1.0079953286666667
1.0041187406666667
0.476337364
0.7332048373333334
0.42472074466666665
0.60751332
0.8207074566666667
1.0089424926666668
1.0124625293333334
0.984790612
1.0042478713333334
0.7194732133333334
0.8458572953333334
0.9125898619999999
0.9354475906666666
0.74612037
0.9915658079999999
0.5663904753333334
0.9994106566666666
0.9832575480000001
0.8603959046666667
0.684800704
0.512195876
1.0038957753333333
0.4657255173333333
0.756256072
0.488625274
0.6213154479999999
0.3096398053333333
0.6182789253333334
0.27660480600000004
0.755723802
0.9351013586666667
0.5913570746666666
1.0039896433333333
0.8696114146666667
0.6446189733333333
1.009345576
0.9927346746666668
0.4395514693333334
0.9145817373333333
0.3637306
0.7332799453333334
0.7190817273333334
0.667697986
0.28733106533333336
0.371977802
0.71947924
0.8848669693333333
1.009262562
1.007120784
0.8749704193333334
0.912725616
0.9713824033333334
0.9594476253333334
0.39343632333333334
0.5441489033333333
0.7915312506666667
0.6257783746666666
1.0061063259999998
0.5522333533333333
0.7672393099999999
0.709161762
0.47493625600000006
0.38358881933333333
0.845848966
0.7873739266666666
0.6796909786666667
0.8407821186666666
0.8168675973333334
0.5863796813333333
0.6967146766666666
0.8703427286666666
0.291836156
0.8212645653333334
0.7329358266666667
1.028057518
1.0247461486666667
0.7259856313333333
1.0130476093333334
0.8835563253333333
1.0045297260000001
0.855162332
0.5868965026666666
0.9179928606666667
0.7706811106666668
0.6954793166666666
0.838304114
0.8462989746666667
0.840502406
0.850353864
0.9116600606666666
1.0056705019999999
0.8547453746666667
1.0068256726666667
0.560323972
0.7513478526666666
1.0009128993333334
0.5643105106666667
0.9977274626666667
0.87959354
0.9021524313333332
0.8500761600000001
0.7670748766666667
0.8811996913333334
0.7190636693333332
0.7633665333333334
0.7027681086666666
0.6642335420000001
0.3618566713333333
0.647666392
0.410716708
0.45881010733333333
1.0200974493333332
1.0107113380000001
0.3902865873333333
0.44891921933333334
0.48541673799999996
0.855792794
0.46143990733333334
0.39757724066666666
0.12550567333333335
0.6234348393333333
0.16172972266666666
0.822656712
0.369050026
0.8763093313333333
0.9793786873333333
0.7331672893333333
0.8266945046666666
1.0059884986666665
0.8851131480000001
0.4603814166666667
0.6203820973333333
0.99116536
0.6795296726666666
0.8226094433333333
0.9284307986666666
0.7477180579999999
0.6956708206666667
0.8312786299999999
0.6988686693333334
0.6953329440000001
0.9683927933333333
0.9140562046666667
0.907844576
0.990525316
0.7346408093333333
0.42331631133333336
0.5550774526666666
0.7440007093333334
0.612599724
0.99955021
0.6335320673333333
0.8494456893333333
0.8594231706666666
0.7597207486666666
0.7093315873333332
0.8906285866666667
0.9040608946666666
0.430793418
0.35257246866666664
0.9233808026666667
1.0085752553333334
1.0323944273333334
0.517821552
0.9137547833333333
1.0046824633333333
0.7404413886666666
1.006365644
0.6258330853333334
0.9893274586666666
1.0031806079999999
0.9733526633333333
0.9001576693333333
1.009143994
0.8270367586666666
0.9972872873333334
0.9844745906666666
0.8000386140000001
0.9911767966666666
0.683166816
0.8731471746666666
1.0102239906666668
1.06309756
1.036517876
0.7996885560000001
0.6366215513333333
0.28960855666666663
1.005140954
0.875148704
0.7714355266666666
0.8264002340000001
0.619979112
0.47473677
0.4040230746666667
0.46597310399999997
0.27275694866666667
0.24748792333333333
1.0160552853333333
0.14883726866666666
1.0094048806666667
0.227817092
0.8222787146666666
0.4516003066666666
0.5580887486666667
0.9927690946666666
1.0095828346666667
0.7558567986666667
0.13513772
0.7754258186666666
0.5176031353333334
1.007723348
0.639241432
0.4793142566666667
0.8855785266666667
0.5326034273333333
0.9172674606666666
1.0203761513333334
0.99862059
1.0542384133333333
1.0095709693333332
0.9411976633333333
1.0178974266666667
0.9951498633333334
0.9874396026666666
0.840987908
0.46742347
1.0008196053333334
0.5157137553333334
0.8227433853333334
0.8175128566666667
1.0120331053333333
0.6588434173333333
0.6867442633333334
0.8360684620000001
0.5286113593333334
1.0059767173333334
0.5230493333333333
0.9084974873333334
1.009262562
0.8906932313333333
0.890877982
1.0092862793333333
1.0047059653333335
1.0110087319999999
0.8749347706666667
0.9354170306666667
1.0230375266666667
0.6050655853333333
0.6005183506666666
0.5017104186666667
0.5749121286666666
1.0055292346666667
1.009381158
0.9792893646666666
0.6655458906666667
1.0344458133333332
0.9845761466666666
0.9380013093333334
0.9751316373333334
0.7522163486666666
0.5753395526666667
0.6476419766666667
0.5189446186666666
0.708611852
0.4423172966666667
0.7788568753333334
0.452924236
0.4852522086666667
0.7954968966666667
0.8774999326666666
0.9436274006666666
0.948231528
0.6670757626666667
0.5104184746666667
0.4688035646666666
0.5888033693333333
0.6451369960000001
0.912318474
1.012176206
0.6829767033333333
0.87542519
0.7753278326666667
0.5340338573333333
0.5100517533333333
0.39963407333333334
0.9901142953333333
0.6030182446666666
0.3221873873333333
1.009143994
0.9625007946666666
0.880441002
0.30618958933333335
0.661665082
0.9480640793333334
1.0088832426666665
0.8798187693333333
0.7874172326666666
1.0152506933333334
0.9849712866666667
0.5747313386666666
0.9962809779999999
1.0013796286666667
1.0066840806666668
0.9233708766666667
0.994677404
1.0066958786666667
1.0091084293333332
0.8552900533333333
0.5070081326666667
0.8217595346666667
1.0110801326666667
0.9069244146666666
0.8501771226666667
1.0195647046666667
0.9007712286666667
0.7483694820000001
1.009559104
0.9378681726666667
1.0048117386666666
0.7913708226666666
0.7057706506666667
0.8803688139999999
0.880549306
0.8499836326666667
0.8312866746666667
0.9969400546666667
1.00813729
0.6587625746666667
0.9986902513333333
0.796404064
0.8554859666666667
0.6794597973333334
0.80971425
0.9387598866666668
0.88741744
0.8565266626666667
0.6153689086666667
0.9975304939999999
0.35752959733333334
1.0053644726666666
0.9665730386666668
1.002337786
0.7331297446666667
1.0070381353333333
1.0100576866666666
0.7072699166666666
0.800165306
0.634097942
1.0061888220000001
1.0128087193333335
1.004894022
1.0106756626666666
1.0018351093333333
1.00517624
1.0114134686666667
1.0088239993333332
1.0049528046666667
1.0100933186666665
1.013310518
0.780505796
1.013202948
1.0030049033333333
0.77126929
0.7528030593333332
1.0043887786666665
0.7674723779999999
0.8361986833333334
0.9994455413333333
0.7871502553333333
1.0036025506666666
0.7167656513333333
1.0084450093333333
0.9977042859999999
0.9179536199999999
0.29953568466666664
0.6341400726666666
0.8405846553333334
0.6360605846666667
0.623204164
1.004694214
0.7679801333333334
0.5302526953333333
1.002700494
1.018078388
0.982998752
1.0118423673333334
0.9223397533333333
0.8749347706666667
0.8909981113333333
0.8263366353333332
0.9067712353333333
1.0071089766666668
1.004306578
0.584098964
0.3200112726666667
0.9916344886666667
0.8754698006666666
0.715172308
0.9967549626666667
0.3484534306666667
0.43327270133333334
0.4178715433333333
0.49988853333333333
0.7218068493333334
0.7080044339999999
1.0082792913333334
0.6989824066666667
0.890887222
0.7515582126666667
0.8911275173333334
0.37552447466666666
0.7957327086666666
0.8841747560000001
0.667775846
0.946872716
0.7636515620000001
0.5772301206666667
0.6991815353333333
0.9942399146666666
0.9610255406666667
0.8309569706666666
0.6055347706666666
0.8404530646666667
0.5377716793333334
0.998736698
0.8745517346666667
0.5099639393333334
1.0057882553333335
0.6186886146666667
0.647554096
0.6928484106666667
0.7055040073333333
0.9332929073333333
0.99748416
0.4052754426666667
0.7334051593333334
0.5758062079999999
0.7747963406666666
0.8313671293333333
1.00600028
0.7750759826666668
0.8310212826666666
0.6083738513333333
1.0038840433333334
0.8698315606666667
0.6287234833333334
0.8692682093333333
0.6733717913333334
0.8747565726666666
1.008125458
1.0106637713333333
0.7412720453333334
0.9934465100000001
0.639769904
0.5862436166666667
1.0383722686666668
0.9178457273333334
0.8698315606666667
1.017861242
0.8224755453333333
0.9225775006666667
0.88668462
0.6710414573333333
1.0011345413333332
0.6859709953333333
0.9066276773333334
0.17256938666666669
1.0082911259999998
0.26550986933333337
0.9357736906666667
0.7920421373333334
1.0104260046666667
1.0060827586666665
0.21470649733333336
0.6928316453333333
1.0066958786666667
0.403950876
0.984587432
0.650348616
0.7549732453333333
0.593104646
0.9773951019999999
0.8762288813333333
0.7557636959999999
0.8321322306666666
0.5799346873333333
0.33359098866666664
0.8175361986666667
0.14131831066666667
1.0085160486666667
0.667874494
0.5069841939999999
1.0106043193333334
0.14988177933333333
0.06787532466666667
0.9089877873333333
0.7089803146666667
1.00245476
0.6177631333333333
0.3166551013333333
0.35263760133333333
0.675707736
0.6284337026666666
0.522937886
0.7954453313333334
1.0189479006666666
0.995069168
0.741880244
1.00813729
0.7595998226666667
0.32942928866666665
1.0111277386666668
0.7790970560000001
1.002630272
1.0090847206666667
0.40206014533333334
0.9407647293333333
0.7544494053333333
0.6505160693333333
0.854949548
0.7790263993333333
0.9029585093333333
0.689157488
0.6773755313333334
0.550136068
0.5742280346666666
0.4829224393333333
0.160334158
0.9743684239999999
1.0063538539999999
1.0095472386666666
1.0018117406666667
0.7846838946666667
0.9182283713333333
0.497042292
1.0031337473333333
1.0121881333333334
0.855792794
0.7597879466666667
1.009381158
0.9928608933333333
0.6766551860000001
0.8219482513333334
0.8558013200000001
1.0073924393333333
1.0102358713333333
0.5000631393333334
0.6050059226666666
0.9409296093333334
0.9986438093333333
0.8812087313333333
0.9691904086666667
0.448928604
1.01084217
0.9011586733333333
0.6960710653333334
1.0065071466666666
0.7756638880000001
0.8046174146666667
0.97359537
0.8133637526666666
0.794165712
1.012629626
1.0085278893333334
0.5153950446666666
0.471598704
0.6472028113333333
0.8816066699999999
1.0119019653333332
0.6365083353333334
0.633588142
0.46294696266666663
0.618292276
0.331445274
0.55801624
0.9712396226666666
0.6333265446666667
1.0047294686666668
1.0131192980000001
1.009843948
1.00871738
0.9292443306666668
0.307413576
0.7832386199999999
0.5498825066666667
0.9307949839999999
0.6566224273333333
0.8312705853333333
0.6489434446666666
0.8904808626666666
1.0021156106666667
0.3882754646666666
1.0287839646666666
0.4822311126666667
0.4258978926666667
0.8856150473333334
0.8849763653333332
0.8037290500000001
0.7753488279999999
0.75200562
0.8964844386666667
1.020812686
0.8076434866666666
1.0088003046666667
0.7228150953333333
0.8592426393333333
0.6448851426666666
0.5842817220000001
0.28251810066666666
1.020582246
0.8305070666666667
0.7156608953333333
0.8137644319999999
0.8701487666666667
0.6204403493333334
0.5845481180000001
1.0072506879999998
0.8262650986666666
0.9065894026666667
1.0098320766666666
1.006625096
0.9252805586666667
0.9967665286666667
0.8130327193333332
0.8230981486666666
0.9868497073333333
1.0130356619999998
1.0091914180000001
0.9777288506666667
1.0059295953333334
0.9995618406666668
1.0155747786666667
1.0087529173333334
1.014399456
1.008066304
1.0023494819999998
0.978452756
0.7479394146666667
0.875683996
1.002291004
1.0109849340000001
0.5420919346666667
0.6470663033333334
1.00343842
1.0078534073333334
0.774670568
0.5684406866666667
0.7264276733333332
0.26082269333333336
0.8541759073333333
0.5034305386666666
1.0090847206666667
0.864552532
0.9142410453333334
1.012176206
0.63093551
0.5083734053333333
0.9717560286666667
0.5580742453333333
1.021480336
1.0074278833333332
0.66521603
0.8316246906666667
1.0110206313333334
0.6837813306666667
0.35416860800000005
1.0069200893333334
0.8001280393333333
0.49024550066666667
0.4920511986666667
1.03583043
0.7919691133333334
1.025492406
0.6650151813333334
1.0076524206666666
1.018066322
0.5119516646666666
0.38148833066666665
0.5416578126666667
1.0046237126666666
1.0053644726666666
1.0036025506666666
1.0029229286666668
1.0108897533333334
0.8046852513333334
0.9783858893333333
0.8047681793333333
0.35351270799999995
0.7337622553333334
0.974191618
0.9292041226666666
0.6897772933333334
1.0068492753333333
1.01751159
0.8904439393333333
0.7999045126666666
0.5840711626666667
0.5122203093333333
1.022355672
1.0047999853333334
0.338077258
0.435893466
0.8170307593333334
0.526753944
0.3784262193333333
0.4950828273333333
0.8792064146666667
0.38344669866666664
0.8427039913333333
0.7792030653333333
0.9064937306666667
1.0108540653333333
0.8006351620000001
1.0041891713333333
1.010747016
0.6990904913333333
0.6957271653333333
0.7836602039999999
0.6919052586666666
0.8233663953333333
0.6737626353333334
0.8216652086666666
0.7594722193333334
0.7473602573333332
0.7087463253333334
0.729958666
0.9774618333333333
0.7760633313333333
0.7085709353333334
0.7157145613333333
0.8782356013333333
0.4450697193333333
0.24579961600000003
0.8761127013333333
1.0222461733333332
0.9990154673333334
0.5664390293333333
0.7835243900000001
0.9171401446666667
1.0079480173333333
0.6309864906666667
0.7711585053333333
0.850236028
0.9002708793333333
0.9069148393333333
0.7373271126666667
0.5639770593333333
1.011377744
0.8134638853333332
0.7960055406666667
0.7598282713333333
0.6709156693333334
1.0102477526666667
0.8215944786666667
0.4413922506666667
0.5121928213333333
0.9073171720000001
0.6760746906666667
0.8502781086666668
0.6101065806666667
0.9680872066666667
0.7160009159999999
0.7191058066666666
1.0140162659999998
0.27590914466666666
1.0111396406666666
0.57728831
0.7298160233333333
0.9951152780000001
0.6954849479999999
1.0234031799999999
0.83559675
0.8040450226666667
1.0085397306666668
0.826718374
0.93516244
0.5497522953333333
0.6923569813333333
0.8535563053333334
0.6801538153333333
0.7717196806666667
0.8181279673333334
0.5244032253333333
1.0053291739999999
0.9698141186666667
0.8643698393333334
0.6501369606666666
1.0067784706666667
0.9653455820000001
1.008421332
0.5101062733333334
0.9301297853333333
0.9638832326666668
0.612936308
0.7058634440000001
0.9016789399999999
0.8850128366666666
0.5106672966666667
0.8960823059999999
0.980093856
1.005764702
0.7181919313333333
0.6336302046666666
1.0090847206666667
0.8231139233333333
0.8752289566666667
0.9242451680000001
0.9456947539999999
1.0125580066666666
0.7331735466666667
0.7742585980000001
0.7667941326666667
1.0059767173333334
1.032915826
0.765352572
0.9101338819999999
0.8609219240000001
0.7395234466666667
0.6280707033333333
0.747919878
0.809172696
0.7286027166666666
0.9936878466666667
0.7913343706666667
0.602920896
0.6972462693333333
0.31992545933333333
0.756609114
1.0041891713333333
0.804738022
0.20086742133333332
0.8001802133333333
0.8406669206666667
0.5931415053333333
0.089577954
1.01295204
0.8692330239999999
0.9966508786666667
0.647637094
0.4745794
0.7788074446666666
0.8366629259999999
0.8911460073333333
0.7266304553333333
0.7522031746666666
0.6006905260000001
0.44493140000000003
0.9070201773333333
