0.989924884
1.007758816
0.99684056
1.002700494
0.800359148
1.006759592
1.006573194
1.002066512
1.006184108
1.003175922
0.924647102
0.600513312
1.046488644
0.83504601
0.707453986
1.001241898
1.0509493600000002
0.7042084439999999
1.0152434940000001
0.49059157
1.06897952
0.57997071
0.80190429
1.00604034
1.010906408
0.700286198
0.7561575460000001
0.9388912239999999
1.00355096
1.004988078
0.94575098
0.926190428
1.000155392
1.012154738
1.07963664
1.00336575
1.002955716
0.7048764519999999
0.7616608220000001
0.5933881679999999
0.64907388
0.820969438
0.784663824
0.90892046
0.833813946
1.0069555000000001
1.002993192
1.005477446
0.237667866
0.776759486
0.95547121
1.00235884
0.6103129159999999
0.7191491539999999
0.6791621800000001
0.950533652
0.71756319
0.8224991700000001
0.8770716599999999
0.79073267
0.753704022
0.71921057
0.9938580020000001
0.915018194
0.6332126299999999
1.080005858
1.059708632
0.8248147840000001
1.004459248
0.844986956
0.880002642
1.006535452
0.825490118
0.983088752
0.967716396
1.000784624
0.31979111
0.423252902
1.005946088
1.001468356
0.868821568
0.8042919540000001
0.964194828
0.949432612
0.996375738
0.827339452
0.628355554
1.018022886
1.005409188
0.643123808
1.004391128
0.93040986
0.56640392
0.924808372
1.005477446
0.820274846
1.00633499
0.955345816
0.999394378
0.8147771340000001
0.901098172
0.859910124
0.7075612099999999
0.498930954
0.595354026
0.73830179
0.996456646
0.911122418
0.9921292700000001
0.85388212
0.986000136
0.8041684699999999
1.00314312
0.98923859
0.889558696
0.8385201520000001
1.004362942
0.985834924
1.011508748
0.988550972
0.7198253120000001
0.994921644
0.888737734
1.015421112
1.026141676
0.6163491320000001
0.9052365640000001
0.61795512
0.9984975460000001
1.004463946
0.793445352
0.8129049979999999
0.995805136
0.753999086
1.054525728
0.980729444
1.192023318
0.8920510880000001
1.006021488
0.6761577099999999
1.005825942
1.000821938
0.93285911
1.0068374740000001
1.005800032
1.007720984
1.002592824
1.00430423
0.9765239800000001
0.7382116919999999
0.778199256
0.9091340179999999
1.005249172
0.747862576
0.8051272279999999
0.9582852239999999
1.0056445999999999
1.005388006
1.0048281940000001
0.6641934820000001
1.008094698
0.58588215
0.861681906
1.001856142
1.255977944
0.8453628280000001
0.9578471120000001
0.689559128
1.0451110080000001
0.83121267
1.108965336
1.007073554
0.525042364
0.78973816
1.017114002
0.820191824
0.96535643
0.25689355
0.7390208199999999
0.6418848840000001
0.42538875000000004
0.7069020659999999
1.004611964
0.772752712
0.5882557900000001
0.986595816
0.8294436980000001
0.865692186
0.752363928
0.587346758
1.006908286
1.005778834
1.0178322960000001
1.009056272
0.592940884
1.004666012
1.00635857
0.908916614
0.331574492
0.7897918939999999
1.003363406
0.9484870019999999
0.954377794
1.0029721120000001
1.006320844
0.626717072
1.006231254
1.003281374
1.003757352
0.95065568
0.7509524320000001
0.66467453
0.93627143
0.71566805
0.7981905
0.9386962839999999
0.615893072
0.932593758
1.04507032
1.0541995979999998
0.982068212
0.728198766
0.9767505
0.92935492
0.72247708
0.800163816
0.836765618
0.550504852
0.861778728
1.00600735
0.89211038
0.600631724
1.002550698
0.7199387319999999
0.536718618
1.0080213519999999
0.709574168
0.933978888
0.853944936
0.9592204900000001
0.586364472
0.9246132619999999
0.811240592
0.45111364400000004
1.00977747
0.473539712
0.44569969600000003
0.518844942
0.32762301000000005
0.665874014
0.896901916
1.013535294
0.522335618
0.517825922
0.546586486
0.64559374
1.005823586
0.883283762
0.942321022
1.006445824
1.007645328
1.006464692
1.04512881
1.002754338
1.006210038
0.907848414
0.729806102
1.00442636
0.80935415
0.89054364
0.888024764
0.768620588
0.677405446
0.925898914
0.5010402700000001
0.45548101
0.5841084959999999
0.9751825599999999
1.02196888
0.515059432
0.971604346
0.8930322780000001
0.64178705
0.406908814
0.513413068
0.956950768
1.00811126
1.006424598
0.87181613
1.0053291739999999
0.900329382
1.00371982
0.646410894
0.61900516
0.59631701
0.9990689159999999
1.0033587179999999
0.629949956
0.564306062
0.610908432
0.609513492
0.6866114219999999
0.841665254
1.010024432
0.289215596
0.634725794
1.0171694039999999
0.61675361
0.5813177399999999
1.004948102
0.5643794719999999
0.9065319980000001
0.453343504
1.012135656
1.003616622
1.04042482
0.895906604
0.812047376
0.94812268
0.882169824
1.003274342
1.015255494
0.9567546499999999
0.7016246599999999
0.869812184
1.00271688
0.7332837019999999
0.994801814
0.6848411059999999
0.789033054
1.011518278
0.98439336
0.778259892
1.007664242
1.0055998640000001
0.650694452
0.70960465
0.96291295
0.817617126
0.6724619340000001
0.909761808
0.59530039
0.60163041
0.90717344
1.138804576
0.999990058
0.55897051
1.0066274560000001
1.00539742
1.0064859179999999
0.7999208999999999
0.995018452
1.000481562
1.110355806
0.95436931
0.908868528
1.016076918
0.573343438
0.881279248
1.00604034
0.719648014
0.66274632
0.698207454
0.787320522
0.967930122
1.005411542
1.004990428
0.952992864
0.811321812
0.627779688
0.597662946
0.357605506
0.21149421000000002
0.6441230339999999
0.852722538
0.34714184
1.00486581
0.7663139200000001
0.727477218
0.8854233460000001
0.925202824
0.934901882
1.012517426
0.9133933399999999
1.022504142
0.523142986
0.78493916
0.91009531
1.003447798
0.7204834059999999
0.7958565660000001
0.9602778
0.811020004
0.866675672
1.021599392
1.012813496
0.714859248
1.006144036
0.513091678
0.176380566
0.984659664
0.483536258
0.753291584
1.00904679
1.003576756
1.00164586
0.5413308019999999
1.003921588
0.802619098
0.60397987
1.006426956
0.919990682
0.6468674959999999
0.42533904
0.38925937800000004
0.986036356
0.788867842
0.26348668199999997
1.0036635280000001
0.64252922
0.91128867
0.784792864
1.004494486
0.89814917
1.000793952
0.797295542
0.86175452
0.680435054
1.018013234
0.95554561
1.004503882
1.0180253
0.994935472
1.010364204
1.0135329020000001
0.6236720259999999
1.005293878
0.903471354
1.072302258
0.52679077
0.444583216
1.016444828
0.382323718
0.6070118959999999
0.669691704
0.677434294
0.6973674059999999
0.739787122
0.51878603
0.596278926
0.49142233199999996
0.510684906
0.75470394
0.692783592
1.003407944
0.994479334
0.672413504
1.00324622
1.00478353
0.893643596
0.950895618
0.465196868
0.860808042
0.51456269
0.6694516220000001
1.005623408
1.007437336
0.624717972
0.857758288
0.6748753239999999
0.844530038
0.957765946
0.5600419480000001
0.91249292
0.8617683540000001
0.96523277
1.007742264
0.463617094
1.005138602
1.0067265539999999
1.004102308
0.85311041
0.7021683679999999
0.99706966
1.009428604
0.752428514
1.012799166
1.002705176
1.003079864
0.964173184
0.897738038
0.914462954
0.99642197
0.8597999519999999
0.36930134800000003
0.659283348
0.468340416
0.74568641
0.398436974
1.003961482
0.19084969000000002
0.471391664
0.92819805
0.9016865119999999
0.820118216
0.554141422
0.546965154
0.575117676
1.005409188
0.8606821179999999
0.83569918
0.734719982
0.64455706
0.717004966
1.003733894
1.030969478
0.5149316079999999
0.995943684
0.93643474
0.541314426
0.560412438
1.004097614
1.000873248
0.815728834
1.012858876
0.639556506
0.779313346
0.66956016
0.6940677040000001
0.857843948
0.5947711379999999
0.993715436
0.789002616
0.51063269
1.003658836
0.996845186
0.6905058820000001
0.765493074
1.002871408
1.111936854
0.7102864640000001
1.018783546
1.007666606
1.007976404
0.8274271139999999
0.9831382599999999
0.985769306
0.9544689919999999
0.44705248000000003
1.004285442
0.5232054399999999
1.067369628
0.983028
0.732495826
1.0148213
1.005411542
1.004306578
0.52571266
0.487637228
1.0054986320000001
0.964108254
1.004130478
1.00937167
1.013731456
0.922520034
0.489619564
0.181450018
1.024929554
1.010799348
1.02942014
0.567261222
0.51028203
0.492810002
0.422527976
0.682267162
0.586081222
0.37975357000000004
0.898072172
0.49771504800000005
0.568117368
0.730261502
0.73834875
0.618292276
0.708908932
0.375182006
1.006224182
0.435103472
1.01361662
0.702930284
0.6694391000000001
1.006063906
1.011518278
0.98693361
0.987312488
1.00499278
1.005675212
1.00426196
0.9203652560000001
0.92802958
0.893850036
1.0054986320000001
0.968989242
1.007215256
0.89787504
0.8682174
1.004135174
1.009810708
1.007071194
0.624250356
0.859865362
0.804959732
1.003464208
0.58414504
1.016129804
1.005778834
0.913587628
0.8619084340000001
0.41969722000000004
0.651431688
1.012049798
0.713580106
0.663435292
1.005936664
0.858768462
0.988184786
1.0023143939999999
1.019417088
1.004534424
1.00281287
0.730319864
0.95322129
0.9679563000000001
0.9976973339999999
1.002365858
1.0907825740000001
1.0626793319999999
1.00519506
1.004964562
1.005129192
1.007711526
1.002744974
1.0050727419999999
0.9083034360000001
1.0016481959999999
0.9947580359999999
1.005654018
1.0051433060000001
1.003328248
1.032173612
0.966529536
0.701472254
1.005140954
0.692379304
1.004851704
0.47223805199999996
0.560931362
1.005117432
1.005009242
0.894932144
0.943760104
0.49577947
1.003618966
0.7888707399999999
1.004116394
0.8423023940000001
0.9487027960000001
0.35104860000000004
1.045042348
0.205907224
1.004466294
0.668809462
1.005235056
0.9493885400000001
0.997162256
0.9820345300000001
1.104837474
0.964838132
0.7135492819999999
1.007562594
1.001916906
1.002052484
1.005621054
1.0114992200000001
0.911178472
1.003839462
0.55012127
0.936922964
0.909488246
0.670017658
0.655111094
0.635692488
0.705476196
0.79736215
0.640768286
0.533974766
0.49703424
0.51014808
0.5966516820000001
1.144189576
0.577251068
1.001769682
0.9100528859999999
0.967825428
0.6937033699999999
1.000234584
0.717747858
0.719054038
0.691789356
0.579677956
0.7561894979999999
0.23335847
0.25218704399999997
0.331997394
1.005359766
0.84622394
1.006679362
0.696189536
1.017294686
0.74126437
0.6073604
0.46316413
1.00499278
1.002997876
0.698240372
1.000397668
1.006339706
0.806860584
1.0096397940000001
0.817475512
0.9586659580000001
0.93976638
0.996297156
0.790544918
1.0063232020000001
1.0062194660000001
1.001111206
1.003445452
0.644042864
0.627715464
0.9808683079999999
0.97787132
1.008624994
0.760606028
0.35845490999999996
1.003916894
0.6798771140000001
1.006061548
1.03053905
0.944521796
1.005623408
0.56690557
0.65756741
0.560031724
0.9492542479999999
0.986623012
0.5920091660000001
1.006825672
0.45296388200000004
0.705619914
1.0137697399999999
0.707807246
0.6881251119999999
0.6320869020000001
0.789696052
1.000069224
0.716969058
0.878000412
0.671771958
1.052357912
0.823027172
0.9292543839999999
0.5850633080000001
0.5684692760000001
0.41874911400000003
0.662342612
0.6429572520000001
1.004569668
0.9090108739999999
0.5020171179999999
1.001825762
1.005489216
0.848432176
0.996754962
0.762401734
0.8195548420000001
0.7647025740000001
0.457355634
0.9895827580000001
1.0847137040000001
1.00557161
0.959100536
0.906752092
1.004684814
1.005776478
0.7522927660000001
1.003243876
0.41876953
0.564332014
0.992347038
0.76540713
0.9997084180000001
0.60345119
0.434909174
0.586774628
0.792745318
0.7967290819999999
1.00574115
0.76024521
0.7398584859999999
1.005482154
0.942172188
1.006769032
1.003855886
0.911743278
0.834212348
0.856820562
1.007321558
1.0046143140000001
0.820878432
1.005298584
0.9245455899999999
0.915642424
1.000379028
0.6892758280000001
0.878983298
1.1714431079999998
1.004616662
1.004894022
1.0153707
0.7389394459999999
1.025088558
0.747807886
0.92480638
0.584847406
0.802721104
1.019170348
0.8648519659999999
1.0038113100000001
1.011870974
1.005762346
0.8385005059999999
0.998274748
1.006915368
0.853164638
0.926062618
0.847188732
1.007728076
1.24593286
0.882445326
0.6886138620000001
0.98960784
1.116861036
0.8937719120000001
0.918018368
1.005420956
1.003328248
0.944440796
1.0070145240000001
1.0063467799999999
0.891615902
0.8346532999999999
0.895012336
1.003975562
1.029338724
0.901296722
1.004219694
0.892625814
0.879103838
0.995802826
0.737442316
1.004649562
0.952046482
0.935064714
0.872893414
0.727541298
0.8738826719999999
0.627303814
0.87845834
0.916650794
0.953763184
0.95063043
1.005159772
1.001900546
0.6878815479999999
0.953308036
0.889573436
0.751395174
0.49708141
1.006662846
0.800034142
0.8791470259999999
0.337574248
0.98678849
0.9831472619999999
1.006405732
1.1640297960000001
0.971815396
0.7485559980000001
0.68663118
1.004550872
0.970370664
0.911222936
0.372010022
0.710866038
0.922488332
1.000563138
0.5768177
0.920103022
1.00509391
0.27045167400000003
0.8791884179999999
0.681695394
0.841276182
0.999096804
0.962921586
0.979906024
0.46234146800000003
0.905799756
1.001996378
0.8453245620000001
1.006403374
1.118449028
0.5579915919999999
0.8798908679999999
0.44465593999999997
1.000330098
0.8728703520000001
1.004043626
0.95300555
0.98140622
1.005237408
0.859679484
0.717775446
0.774293494
0.642383146
0.65087096
0.7624477500000001
0.6438989980000001
0.7718583680000001
0.911145612
0.694351588
0.99892485
0.622518574
0.6025089960000001
0.845144914
1.004400522
0.44572606200000003
0.775045212
0.939807506
0.940826552
0.974154054
1.0057199540000001
0.980523458
0.679082716
0.729763942
0.795682588
0.736886882
1.1818029300000001
0.546079866
1.007328646
1.011301538
0.818544276
0.9111533439999999
0.39357044
1.003956788
0.5595538259999999
0.946762092
1.0797832120000002
0.898167952
0.7799232779999999
0.6153592099999999
1.006306696
1.00603327
0.7248657500000001
1.005418602
0.856157864
1.007094808
0.893777492
1.00539036
1.015766926
0.6695100599999999
0.811324878
0.8451366
1.004809388
1.001687908
0.89501793
0.602619738
0.871968348
1.006547246
0.998989906
0.670215266
0.320766986
0.581794936
0.7758124040000001
0.9833858719999999
0.943447066
1.006014418
0.569172896
1.005788256
0.592916328
1.004872862
1.006089828
