10.0
10.2
10.2
5.2
20.2
136.8
20.2
118.6
507.4
279.0
137.0
5.0
274.2
142.0
19.0
5.2
558.2
152.0
137.6
5.0
558.4
5.0
10.0
5.0
15.2
141.8
5.0
142.0
141.6
284.0
137.2
225.0
5.0
5.0
115.6
5.0
49.2
5.0
5.0
142.0
5.0
66.2
137.0
20.0
15.2
279.4
10.0
5.0
137.2
147.0
5.0
279.4
15.2
10.0
137.0
685.0
15.0
10.2
10.0
562.6
152.2
136.6
10.0
5.0
558.4
5.2
695.2
563.2
5.2
558.2
10.0
5.2
15.0
5.0
10.2
147.4
116.0
10.0
347.8
20.0
690.6
5.0
548.4
137.0
137.0
15.2
5.0
141.8
15.0
5.2
152.0
25.2
35.0
207.4
5.2
5.2
15.0
5.2
694.6
5.0
558.2
147.0
5.2
151.8
141.8
142.0
274.4
142.0
137.0
684.8
553.6
142.0
152.0
5.0
142.4
10.0
147.0
20.0
81.2
5.0
548.2
20.4
5.0
553.4
15.0
5.0
10.0
41.6
10.0
5.0
20.4
10.0
284.0
20.0
5.0
142.0
147.2
137.0
136.8
15.0
548.4
142.4
5.2
10.0
142.0
146.8
254.8
5.2
10.0
65.8
685.4
15.0
10.4
152.0
5.0
5.0
553.2
590.8
147.2
5.0
10.0
5.0
25.0
142.2
147.0
5.0
10.0
548.4
5.0
6.8
553.4
108.2
10.0
20.0
745.8
822.2
5.0
415.8
685.4
5.0
137.0
152.2
5.2
5.0
5.0
163.4
5.0
136.8
157.0
152.2
5.0
5.4
5.0
10.0
10.2
5.2
5.0
137.0
157.0
695.2
5.0
5.0
5.0
15.0
695.4
10.0
20.0
5.0
613.6
10.0
5.0
558.2
563.2
142.4
25.2
20.2
5.2
25.0
5.0
20.6
147.0
152.4
147.0
142.2
10.0
20.4
10.2
5.4
10.0
10.4
5.0
152.4
25.2
5.0
54.6
279.0
685.2
10.0
690.0
10.0
157.0
5.0
142.0
5.2
822.4
289.2
5.2
5.0
137.0
152.0
685.0
576.0
5.0
15.2
137.0
5.0
5.0
685.2
5.0
147.0
15.0
167.6
5.0
13.6
15.2
147.2
10.2
15.0
5.0
10.2
690.0
5.2
127.8
548.4
5.8
137.0
77.0
5.4
147.2
152.2
147.0
5.2
563.6
563.0
5.4
5.2
5.2
10.0
10.2
563.4
548.6
5.2
137.0
5.4
137.2
142.2
15.0
142.0
10.0
137.0
5.2
5.0
10.0
10.0
10.2
959.0
5.0
136.8
137.0
5.0
274.0
147.2
284.0
5.0
5.2
147.0
663.4
5.2
157.2
10.0
137.2
5.2
5.0
15.0
5.2
10.6
10.0
142.0
5.2
20.0
34.0
10.2
152.2
558.4
10.0
563.4
10.0
10.2
15.2
10.0
15.0
10.0
5.0
10.2
563.2
553.6
10.0
558.0
137.0
5.0
827.2
5.4
142.0
137.2
87.4
117.8
25.2
5.0
137.2
5.0
5.0
142.0
548.2
5.0
690.4
279.0
182.6
5.0
284.0
147.0
142.0
267.6
137.2
141.8
5.2
147.0
5.0
691.8
558.4
15.0
5.0
5.0
695.4
10.0
20.0
15.0
5.0
5.0
5.0
20.2
558.2
47.2
5.0
5.0
10.0
20.0
390.2
10.4
5.2
15.0
38.6
5.0
15.0
20.0
5.2
5.0
553.0
284.0
147.4
5.0
5.0
5.2
279.0
5.0
695.0
10.0
5.0
273.6
142.0
5.2
685.4
15.0
10.0
15.0
5.0
6.0
5.2
553.4
5.0
10.2
563.4
563.0
152.0
142.0
563.2
5.0
12.4
146.8
137.0
274.0
5.0
10.0
280.4
134.8
147.4
273.8
163.4
5.0
20.0
142.0
5.2
250.8
137.0
5.2
959.4
142.0
10.0
5.2
213.2
827.2
5.4
15.2
15.2
104.4
34.2
553.2
5.0
142.2
7.6
5.2
15.0
151.6
5.0
88.6
190.2
10.0
10.0
125.6
5.2
578.4
5.0
5.0
137.0
51.0
563.2
5.2
5.0
142.0
278.8
5.2
553.6
20.0
10.0
5.2
5.2
10.0
10.2
15.0
10.0
5.0
283.8
695.4
5.2
5.0
98.4
199.6
34.0
257.8
690.4
142.2
5.0
10.0
284.0
137.0
548.2
695.2
25.8
10.2
10.2
155.8
10.2
5.0
10.0
15.2
137.0
10.0
5.2
152.0
5.0
5.0
5.0
553.4
5.0
15.0
563.2
5.2
147.4
20.2
10.0
15.0
112.4
5.0
152.0
15.2
10.2
5.2
108.6
5.0
10.0
5.2
5.0
5.0
15.2
15.0
553.2
15.0
141.8
137.0
143.6
5.0
274.2
279.0
108.2
5.0
548.0
10.0
137.0
137.0
136.8
558.4
10.0
553.4
15.2
33.4
5.2
5.0
142.0
10.0
685.0
137.0
548.2
157.2
137.2
142.0
5.2
95.0
563.0
20.2
289.0
15.8
147.0
49.8
5.0
558.4
5.0
137.2
5.2
553.4
163.8
5.2
5.0
123.2
695.4
121.4
5.2
690.6
137.0
548.2
151.8
695.2
152.0
152.2
553.2
10.0
5.2
278.0
10.0
117.4
616.8
15.2
15.0
563.4
137.4
553.2
553.2
15.0
563.6
10.2
5.2
20.2
685.0
10.2
10.0
137.0
137.2
5.0
147.0
10.0
142.0
5.2
645.6
685.0
137.2
136.8
147.0
152.2
10.0
147.0
147.0
152.0
560.2
548.2
553.2
147.0
5.0
563.4
152.2
553.4
137.0
48.4
5.2
5.2
142.2
142.2
142.0
137.0
5.2
5.2
685.4
5.2
5.0
5.0
93.0
15.0
124.2
5.0
137.0
526.4
5.0
62.4
137.0
10.0
10.2
553.2
284.0
5.0
402.0
137.2
5.2
137.2
137.0
5.2
274.0
548.6
15.2
10.0
92.2
15.2
5.0
15.0
137.0
548.0
152.2
5.2
5.0
54.4
20.0
5.0
5.0
5.0
5.0
5.2
5.0
553.2
685.2
140.0
5.0
10.0
553.4
5.4
5.0
20.0
5.4
10.2
10.2
142.2
553.4
137.0
5.0
47.2
118.6
5.2
5.0
142.2
147.0
5.2
10.0
88.0
827.2
142.0
20.2
51.4
5.0
15.2
146.8
10.0
645.0
5.0
20.0
10.0
10.2
5.0
152.8
10.0
15.0
20.0
53.6
54.0
5.0
10.4
685.2
548.2
5.0
5.0
10.6
10.0
15.0
20.2
10.0
20.2
22.4
260.0
111.8
128.8
5.0
137.2
5.0
590.6
5.2
146.0
5.0
20.2
5.0
690.0
695.2
279.0
186.4
5.0
289.0
15.4
5.0
136.8
137.4
137.2
5.2
20.2
690.4
59.6
10.0
136.8
10.2
690.2
15.8
147.0
5.0
137.0
67.2
10.0
152.2
10.2
278.2
5.4
147.4
157.2
5.0
279.0
142.0
152.0
5.2
553.6
44.2
5.0
15.0
137.0
553.0
137.0
15.0
142.0
147.0
152.0
142.0
147.0
42.0
137.0
5.0
152.2
142.0
22.8
563.4
15.2
5.0
100.4
5.0
142.2
152.2
142.0
20.0
685.2
142.0
142.2
142.2
157.0
685.2
25.2
152.0
284.0
20.0
152.2
20.0
10.4
10.2
152.0
142.0
278.8
548.0
548.2
553.2
284.0
553.0
10.0
237.4
5.0
553.2
10.2
152.2
142.2
10.0
5.2
15.0
5.0
137.2
5.2
5.0
148.8
10.0
15.4
5.0
137.0
5.0
553.2
5.0
5.0
137.0
152.0
152.0
10.2
6.2
152.0
5.0
10.0
557.2
15.0
5.4
5.0
5.0
10.0
28.0
690.4
85.0
116.2
553.4
284.0
136.8
147.0
5.0
147.0
137.0
553.4
5.2
152.0
88.2
5.0
10.0
563.2
10.0
200.4
140.2
10.0
5.2
15.0
685.2
464.2
15.0
147.2
5.2
10.0
20.0
615.0
5.0
55.6
284.2
279.0
274.0
5.2
147.0
142.2
371.8
152.2
558.2
10.2
15.2
10.2
157.0
553.2
5.2
558.2
136.8
20.0
15.0
52.2
20.4
5.0
563.2
107.6
10.0
5.0
28.8
142.2
126.0
690.4
15.0
15.2
15.0
170.0
5.2
15.0
416.2
137.4
5.0
10.0
553.6
553.4
20.0
15.0
70.0
142.0
10.4
5.0
110.4
604.8
10.0
10.0
5.0
142.2
5.0
31.8
152.0
