20.133333
10.133333
10.166667
15.133333
10.0
5.1
15.066667
15.0
10.0
16.633333
10.966667
151.4
5.033333
564.333333
23.666667
166.766667
137.0
146.933333
354.833333
157.133333
11.0
143.333333
124.866667
15.033333
5.033333
10.1
5.0
5.2
5.0
15.0
11.6
5.133333
21.8
152.033333
10.1
5.133333
10.066667
5.1
5.133333
10.1
21.933333
10.033333
12.166667
10.1
142.033333
164.766667
460.833333
5.0
5.133333
142.066667
5.0
5.166667
10.033333
5.0
685.2
10.0
20.1
10.033333
10.1
12.266667
189.366667
142.0
10.1
10.033333
10.033333
157.066667
137.066667
5.266667
6.766667
8.4
147.133333
7.0
137.0
157.233333
5.1
5.133333
8.766667
136.9
94.0
152.133333
129.266667
152.133333
695.266667
10.0
5.0
5.066667
5.2
137.1
20.066667
6.8
15.166667
284.033333
147.066667
157.1
685.366667
17.4
20.0
13.933333
21.066667
137.1
284.166667
11.033333
5.0
136.966667
137.0
137.0
137.033333
37.166667
139.933333
10.1
142.2
15.0
157.166667
20.166667
5.133333
148.566667
137.133333
5.066667
147.1
10.033333
5.1
5.0
174.5
137.066667
5.0
46.2
51.166667
152.1
15.633333
283.933333
10.066667
152.166667
142.2
31.633333
5.1
136.966667
24.366667
144.633333
278.833333
15.1
152.166667
15.0
5.1
15.033333
142.133333
136.833333
15.133333
142.066667
397.666667
142.0
142.0
5.0
5.0
152.066667
9.433333
563.033333
5.0
20.166667
690.233333
10.033333
87.6
10.066667
288.833333
20.0
10.066667
152.066667
5.033333
5.066667
5.1
6.566667
154.833333
563.433333
195.266667
46.6
98.9
5.2
5.033333
151.366667
169.1
5.0
14.0
20.066667
5000
137.133333
827.6
10.066667
222.966667
5.066667
14.833333
959.4
553.166667
822.2
5.033333
136.966667
142.066667
15.266667
220.166667
11.066667
553.366667
284.033333
181.166667
136.833333
15.2
20.0
18.833333
147.1
142.033333
553.333333
558.2
151.9
5.1
240.333333
137.033333
136.866667
5.033333
137.1
5.033333
142.0
10.133333
539.666667
25.133333
152.2
685.3
147.066667
157.8
21.166667
70.9
5.0
548.2
50.9
5.133333
157.166667
5.166667
185.8
15.133333
137.166667
44.466667
650.5
142.066667
558.233333
10.033333
142.033333
185.533333
142.166667
84.866667
5.0
147.0
142.033333
26.1
705.833333
186.966667
17.966667
284.133333
5.033333
5.033333
50.333333
25.966667
283.866667
20.1
279.7
5.0
10.1
5.0
292.4
283.966667
285.933333
279.0
274.033333
10.0
6.466667
286.966667
142.633333
146.866667
137.066667
147.033333
20.0
24.133333
10.166667
10.033333
5.1
152.2
137.033333
36.8
137.0
15.933333
827.2
147.066667
5.066667
137.066667
5.1
137.166667
10.166667
152.033333
5.2
5.033333
15.133333
137.0
23.666667
685.066667
5.066667
20.133333
20.0
5.133333
5.033333
162.833333
589.5
15.133333
553.066667
14.1
5.1
10.433333
142.066667
45.1
35.666667
563.733333
124.8
151.966667
253.666667
136.933333
5.066667
10.133333
157.1
5.133333
210.1
136.966667
697.3
157.133333
705.733333
142.033333
136.966667
5.133333
5.066667
152.233333
15.0
146.966667
142.266667
22.8
827.033333
190.8
15.6
5.2
685.1
11.2
15.866667
10.1
5.0
34.066667
685.266667
278.866667
289.166667
10.1
284.033333
5.033333
821.966667
15.033333
284.066667
685.333333
685.333333
284.066667
696.866667
10.066667
151.866667
152.0
16.033333
690.333333
5.0
119.866667
157.7
147.0
695.2
10.066667
24.8
5.2
5.033333
250.833333
5.0
6.666667
5.2
5.066667
20.0
147.033333
10.0
5.0
140.666667
25.1
5.0
152.0
147.033333
695.266667
847.3
147.266667
152.166667
157.066667
7.333333
11.3
5.033333
152.2
279.1
5.033333
5.233333
5.2
5.1
15.066667
15.433333
10.033333
284.066667
5.1
284.133333
137.166667
16.333333
186.466667
20.033333
571.866667
5.133333
137.066667
284.1
558.266667
14.1
5.066667
279.0
10.2
5.133333
144.233333
558.266667
553.333333
553.166667
5.1
13.033333
5.0
553.166667
137.033333
5.066667
13.6
10.133333
76.966667
119.366667
20.033333
5.1
635.3
147.166667
5.033333
393.6
148.833333
5.033333
27.733333
283.933333
5.0
10.0
105.133333
96.033333
697.466667
765.8
152.033333
60.0
157.266667
5.166667
685.466667
5.1
172.733333
875.1
5.1
7.966667
685.433333
5.066667
959.0
74.666667
152.033333
10.133333
20.066667
690.366667
685.133333
416.066667
137.066667
5.133333
5.033333
7.2
10.0
5.1
563.3
142.133333
20.133333
5.066667
137.0
5.066667
5.0
15.0
5.1
15.066667
5.1
10.1
5.0
5.033333
5.133333
5.0
7.966667
548.266667
146.933333
548.2
558.233333
51.133333
20.1
5.033333
5.1
563.666667
15.033333
5.066667
5.1
5.066667
10.0
20.133333
20.333333
10.033333
5.066667
10.066667
95.333333
603.333333
8.8
5.2
147.066667
10.033333
12.666667
157.166667
5.1
20.433333
176.766667
137.033333
10.166667
5.0
558.266667
553.366667
5.033333
558.333333
15.033333
24.266667
553.2
151.966667
558.166667
25.033333
5.133333
137.066667
16.233333
15.033333
23.933333
141.9
5.033333
10.066667
558.133333
5.066667
30.766667
685.133333
5.133333
152.033333
141.933333
10.033333
283.9
152.166667
5.0
10.033333
147.233333
5.066667
137.166667
144.866667
11.166667
8.0
152.233333
15.133333
12.066667
76.9
558.4
10.0
152.133333
10.033333
93.333333
15.066667
5.1
18.433333
65.733333
10.233333
10.066667
15.1
10.033333
5.066667
10.233333
165.866667
5.033333
15.133333
15.533333
5.033333
10.066667
5.033333
19.566667
137.0
7.233333
147.033333
110.966667
5.1
15.033333
5.033333
221.8
284.433333
284.166667
5.033333
15.133333
6.766667
685.233333
10.0
147.066667
26.4
5.0
548.266667
10.166667
5.066667
5.033333
17.6
685.033333
142.033333
279.033333
5.0
690.0
272.4
10.066667
67.366667
5.0
152.033333
137.066667
142.2
255.4
5.066667
10.166667
5.166667
563.233333
548.6
147.133333
5.033333
553.233333
5.1
157.033333
558.333333
5.033333
147.233333
558.566667
5.033333
558.3
10.1
5.033333
10.166667
5.066667
10.533333
80.966667
158.533333
278.9
7.133333
563.3
16.3
283.933333
283.966667
10.7
13.333333
15.2
156.933333
152.0
5.0
283.933333
160.066667
158.233333
152.066667
137.0
183.933333
184.266667
5.033333
137.266667
132.366667
11.7
5.033333
284.1
10.133333
435.066667
137.033333
747.833333
137.066667
5.066667
844.5
5.1
142.0
142.9
142.066667
5.066667
284.1
822.3
364.533333
5.533333
25.133333
5.166667
142.0
17.133333
137.033333
5.0
5.0
553.333333
5.1
701.566667
16.5
157.066667
5.033333
5.066667
142.233333
553.333333
274.033333
136.966667
15.1
558.233333
23.5
105.5
558.233333
563.2
10.033333
563.233333
64.433333
5.0
154.7
5.033333
553.4
5.0
96.733333
142.166667
147.033333
141.966667
152.066667
553.133333
11.633333
152.066667
142.1
20.066667
460.366667
5.033333
22.566667
142.033333
5.0
5.1
5.0
5.0
685.3
574.966667
10.166667
10.066667
5.033333
15.133333
563.566667
464.866667
130.0
5.066667
5.066667
16.266667
148.266667
137.033333
695.166667
15.033333
152.0
9.233333
5.0
10.1
20.1
147.0
141.666667
690.233333
7.166667
5.033333
179.2
152.066667
5.233333
168.9
141.933333
10.066667
185.033333
15.133333
553.266667
5.033333
141.966667
155.6
319.933333
10.066667
168.533333
137.033333
279.0
5.133333
393.866667
273.933333
685.2
151.866667
15.133333
558.5
5.133333
5.0
141.966667
8.433333
15.166667
137.1
18.233333
23.933333
5.1
558.233333
27.266667
25.433333
5.033333
61.666667
548.3
157.066667
10.066667
5.033333
9.133333
40.666667
239.033333
5.033333
548.333333
15.1
15.1
290.966667
685.166667
16.166667
124.666667
10.033333
10.1
5.033333
137.0
5.1
739.533333
685.166667
10.033333
10.0
558.3
25.233333
137.1
5.066667
20.0
5.166667
548.233333
5.1
745.866667
146.966667
827.333333
685.333333
827.9
10.2
5.1
5.1
10.1
553.2
22.033333
112.6
56.533333
5.133333
11.166667
10.033333
10.3
15.1
279.133333
283.866667
5.1
152.133333
5.0
119.066667
137.033333
15.0
146.5
207.8
10.066667
20.2
38.033333
20.0
561.533333
16.3
21.166667
558.266667
5.0
20.133333
563.533333
15.0
135.633333
15.166667
20.233333
5.033333
558.233333
15.0
17.3
10.1
5.066667
553.266667
25.2
5.033333
20.266667
21.833333
10.133333
136.966667
8.366667
563.366667
146.3
137.0
685.166667
25.133333
157.066667
137.033333
5.0
15.1
147.233333
142.4
5.066667
136.9
178.033333
685.1
142.066667
5.1
10.0
531.7
152.2
5.133333
147.133333
10.033333
147.166667
563.1
6.4
5.0
670.4
5.033333
142.0
10.166667
147.6
10.033333
695.233333
10.0
157.3
20.133333
137.133333
5.033333
201.866667
20.066667
5.066667
8.866667
5.133333
548.333333
175.533333
278.933333
142.066667
5.0
13.5
144.766667
152.1
5.1
15.0
142.066667
5.1
5.1
5.0
10.2
15.033333
136.333333
685.4
59.866667
5.1
8.233333
5.033333
685.066667
142.166667
558.3
5.1
152.233333
152.033333
558.266667
5.0
15.166667
5.066667
215.733333
146.833333
5.066667
689.966667
636.133333
10.2
25.033333
118.766667
5.0
152.033333
158.9
137.066667
457.133333
10.066667
5.366667
283.966667
677.366667
695.166667
99.0
147.0
5.0
10.133333
5.033333
149.766667
17.7
137.033333
21.766667
18.633333
10.1
15.1
23.466667
15.066667
273.5
553.3
685.466667
142.1
273.9
153.666667
147.1
10.1
5.033333
5.0
20.0
157.2
5.033333
152.233333
47.366667
137.133333
624.633333
694.9
147.066667
20.0
284.066667
142.0
685.166667
10.133333
25.133333
137.066667
157.166667
123.8
5.1
19.9
5.033333
415.433333
553.233333
137.1
10.166667
141.966667
416.066667
5.1
134.766667
273.9
142.066667
685.166667
36.366667
284.0
136.833333
5.066667
410.8
8.1
685.333333
121.633333
80.9
25.2
563.166667
20.233333
16.933333
636.133333
376.0
136.9
15.1
137.2
254.433333
10.2
5.1
10.2
136.933333
20.166667
5.033333
142.166667
48.933333
148.4
20.066667
18.9
5.1
5.066667
5.4
45.2
10.033333
570.366667
136.866667
5.1
106.7
15.0
7.133333
10.033333
126.666667
5.033333
10.1
553.1
140.7
5.033333
5.033333
5.033333
10.1
10.233333
553.4
558.133333
112.633333
569.3
143.6
724.066667
511.9
115.466667
10.066667
152.066667
137.033333
5.0
5.066667
137.066667
278.866667
283.933333
141.933333
137.066667
21.7
136.966667
148.733333
22.333333
527.9
160.133333
690.1
10.0
5.066667
25.066667
5.066667
5.066667
26.633333
10.066667
690.433333
15.1
695.266667
20.133333
5.0
5.033333
15.0
20.1
10.066667
10.1
5.066667
137.033333
136.833333
553.2
25.066667
5.033333
5.0
5.0
59.266667
137.0
5.1
20.066667
10.0
10.066667
10.033333
5.033333
5.1
151.9
10.033333
20.233333
8.433333
188.733333
128.9
30.866667
125.733333
218.366667
183.1
18.033333
146.933333
15.433333
278.866667
137.1
5.0
21.8
152.433333
5.033333
677.433333
695.3
10.033333
581.666667
142.066667
10.0
137.066667
5.133333
698.066667
20.4
29.866667
548.333333
142.0
137.066667
5.1
16.466667
5.066667
22.366667
136.933333
312.333333
137.266667
5.1
193.166667
10.0
85.7
147.033333
10.066667
10.1
144.5
166.066667
15.0
47.733333
567.233333
695.3
284.1
289.0
5.066667
157.133333
152.066667
152.1
273.966667
17.966667
5.233333
142.1
147.166667
5.066667
10.033333
20.133333
146.9
141.9
15.066667
557.266667
10.066667
152.133333
15.866667
142.433333
744.333333
10.066667
142.1
137.033333
5.0
15.066667
152.1
5.033333
553.333333
685.233333
142.033333
5.066667
152.2
5.166667
130.333333
274.033333
16.566667
5.066667
142.1
5.0
5.1
5.0
5.066667
123.133333
261.3
10.033333
15.0
20.366667
15.033333
10.1
10.1
148.1
5.066667
15.2
5.033333
20.066667
5.033333
553.333333
15.2
21.266667
568.933333
152.0
23.233333
230.0
147.033333
40.766667
548.133333
5.033333
137.066667
10.066667
5.133333
5.1
5.166667
5.0
10.066667
151.966667
72.5
157.0
157.0
60.9
199.6
30.5
142.066667
10.066667
5.1
6.3
6.6
10.033333
128.433333
553.266667
137.033333
122.866667
558.166667
142.033333
141.933333
147.1
142.033333
167.933333
137.1
142.033333
10.0
152.133333
10.0
10.0
20.1
5.066667
558.2
15.033333
548.266667
416.1
5.0
15.066667
278.933333
5.166667
137.0
248.033333
5.066667
685.3
553.266667
5.033333
5.1
685.4
152.166667
57.3
10.033333
15.133333
137.133333
5.066667
5.0
5.066667
147.066667
553.233333
15.033333
5.0
567.433333
137.033333
152.133333
10.3
15.0
6.1
22.733333
279.166667
10.1
5.066667
20.1
15.1
157.066667
685.333333
46.3
137.0
152.266667
5.0
21.266667
558.266667
685.1
21.2
152.033333
10.0
553.366667
142.033333
20.0
15.666667
10.9
5.0
5.066667
27.733333
553.266667
26.833333
10.033333
127.266667
15.266667
20.066667
17.5
5.0
11.466667
142.0
558.233333
659.066667
5.133333
5.0
695.4
31.166667
284.1
5.0
201.266667
10.066667
137.0
142.0
136.966667
10.0
10.066667
13.633333
19.133333
15.0
117.266667
152.3
10.133333
151.4
5.033333
137.233333
165.7
182.333333
20.266667
558.166667
152.0
12.633333
137.066667
13.433333
5.0
135.666667
142.033333
792.866667
32.2
25.266667
5.0
61.6
19.1
10.233333
5.066667
5.033333
10.066667
10.3
152.133333
106.4
137.266667
18.833333
5.066667
147.3
302.266667
38.2
10.033333
5.0
18.433333
5.0
10.166667
30.666667
5.1
152.133333
559.733333
553.3
10.133333
558.4
15.066667
5.0
571.233333
28.933333
130.533333
5.1
5.066667
142.0
822.4
15.1
141.933333
827.5
416.166667
279.066667
279.0
5.0
5.1
5.066667
5.033333
5.1
20.2
36.4
548.366667
416.033333
15.033333
5.0
5.066667
6.666667
120.666667
558.366667
685.2
10.033333
5.0
10.1
107.6
15.133333
5.133333
5.133333
152.633333
137.2
223.7
142.0
6.466667
571.166667
137.033333
137.0
28.2
5.033333
10.0
10.1
5.166667
198.6
5.133333
18.5
15.1
137.0
25.233333
553.233333
76.066667
147.0
15.133333
