5.04
5.12
5.06
5.06
20.06
10.04
36.96
95.1
137.0
5.1
147.06
165.7
5.06
10.02
5.14
10.12
10.06
5.04
129.96
100.5
10.06
557.92
5.06
563.18
5.0
137.06
553.16
5.06
147.28
121.1
5.06
137.08
10.06
15.08
548.28
152.0
5.1
20.12
15.06
15.08
283.98
15.06
142.14
197.96
15.06
279.08
5.08
10.06
5.08
152.08
152.14
5.04
278.82
5.04
5.04
147.02
141.94
5.02
5.06
5.06
146.36
224.2
5.02
15.14
10.06
10.1
5.04
5.02
15.08
5.04
152.08
137.0
137.08
142.06
137.02
273.52
10.08
147.04
137.06
151.98
5.12
152.1
523.1
5.02
15.08
5.1
137.02
5.02
10.08
5.08
10.1
650.62
5.06
274.04
5.14
5.0
20.1
10.06
5.06
152.04
5.08
10.1
548.32
137.0
236.16
137.04
147.06
558.48
15.1
5.06
5.06
15.08
142.04
147.02
5.08
10.08
553.42
113.98
129.06
5.1
5000
137.04
279.04
136.96
142.04
101.78
15.1
10.06
415.94
395.72
10.06
196.08
5.06
137.04
553.36
5.08
20.1
136.58
10.04
157.06
136.98
5.08
140.84
686.96
10.0
40.26
141.9
558.24
5.08
142.04
5.02
5.06
147.12
5.04
152.02
157.5
5.08
5.08
32.92
20.1
136.94
127.12
5.1
279.18
248.32
685.22
152.36
5.06
10.02
685.42
142.04
694.56
10.08
5.06
5.02
10.06
152.12
15.06
5.02
137.02
157.08
84.96
15.08
684.62
10.08
5.04
10.06
152.14
137.02
21.9
137.02
152.08
5.04
10.08
142.0
685.2
12.04
5.04
5.0
553.28
147.14
553.4
5.08
274.04
152.0
685.02
435.84
5.06
91.16
5.08
112.74
5.12
685.3
147.04
166.54
558.24
10.12
5.06
5.06
157.14
142.04
5.14
142.08
146.96
10.12
15.06
146.88
283.84
552.54
283.98
147.1
690.3
20.1
10.06
25.18
25.12
5.06
5.04
136.94
10.08
142.08
5.12
287.92
5.04
279.32
5.04
152.16
26.98
137.06
20.14
5.1
5.08
5.0
10.08
5.08
279.3
10.12
5.06
85.98
5.06
5.08
152.04
15.06
563.3
583.92
548.38
548.38
690.2
147.08
5.1
137.04
5.06
5.06
142.04
852.34
599.08
5.1
10.12
88.08
67.06
171.68
5.08
522.38
5.08
21.28
695.28
306.36
548.36
5.08
5.02
101.84
147.0
20.1
5.08
548.3
151.9
10.08
10.06
147.88
80.82
5.02
152.04
5.06
5.02
10.1
153.4
10.12
142.06
5.08
284.1
147.02
5.06
152.06
5.08
137.02
5.04
152.02
85.8
5.06
101.34
137.12
10.08
19.28
10.04
5.1
5.08
5.02
157.08
5.06
15.12
5.08
283.92
41.3
21.8
10.06
10.1
10.08
5.14
15.12
10.02
685.24
10.08
5.02
5.06
10.04
5.08
13.3
5.1
5.04
114.44
5.06
79.18
10.04
63.24
20.12
15.08
222.48
5.06
5.04
137.0
10.06
15.06
5.04
67.28
15.06
15.02
673.96
15.02
15.02
142.1
56.94
5.08
827.06
279.06
5.08
152.02
10.12
142.14
5.0
10.06
142.06
283.82
279.06
135.72
117.62
73.04
137.06
10.06
142.0
5.02
10.12
5.06
558.24
5.04
5.02
10.1
5.06
137.08
558.26
15.14
5.1
137.02
10.06
5.1
10.08
5.1
90.58
278.96
38.24
5.04
685.08
10.06
5.04
5.1
553.16
274.06
5.02
20.12
283.94
142.06
20.2
15.02
10.08
10.08
5.02
124.5
142.02
5.12
10.1
5.1
10.06
5.04
142.06
5.08
548.3
10.08
41.08
152.14
5.06
5.04
10.08
558.12
558.28
5.0
5.16
5.02
10.08
10.06
20.1
5.04
10.06
5.02
20.1
284.0
10.04
5.04
11.24
10.08
10.08
283.32
278.7
141.98
15.1
503.9
5.0
10.1
10.06
827.2
137.0
5.04
10.1
144.66
279.08
15.42
20.1
548.44
10.08
10.04
20.04
136.98
5.04
558.3
5.14
57.7
5.12
142.04
137.0
152.06
147.02
136.94
5.06
15.2
137.02
142.08
558.28
152.18
20.08
137.04
142.08
558.42
15.08
10.04
5.06
695.2
10.06
136.92
5.1
20.14
20.06
15.14
5.08
558.46
5.12
5.08
142.06
695.26
10.16
162.54
238.8
5.06
548.38
553.38
20.08
136.96
10.02
553.56
152.04
10.06
137.04
5.04
151.96
5.06
135.08
141.9
5.1
10.06
5.02
5.06
107.58
5.04
10.08
279.68
137.0
5.04
5.02
20.14
312.84
25.1
10.04
548.2
5.04
553.28
147.06
5.02
5.04
10.06
5.06
10.08
152.06
5.0
106.28
5.1
690.22
553.14
142.02
5.06
10.02
140.98
25.06
10.02
66.42
147.06
10.12
10.08
5.02
5.04
10.06
5.1
5.06
20.18
10.06
76.72
20.1
10.06
5.04
15.16
20.14
5.04
15.18
685.46
157.08
5.1
157.08
142.06
5.06
141.96
100.56
30.96
5.04
90.56
137.12
141.92
142.08
142.1
5.1
15.04
685.38
38.48
5.04
5.06
148.38
5.04
10.12
15.06
142.12
5.06
10.04
553.34
5.1
5.02
5.02
142.1
136.96
15.06
10.08
558.14
558.2
5.06
5.02
5.1
5.06
72.9
5.04
23.12
5.08
10.06
108.38
15.08
132.84
74.44
70.14
5.02
10.06
10.06
152.06
5.08
5.04
10.1
158.34
5.04
10.04
284.04
25.1
10.02
10.12
5.04
553.18
10.04
558.34
5.06
25.12
15.1
25.76
5.08
553.3
685.38
5.06
5.06
147.14
563.24
137.0
10.08
20.06
15.1
152.08
10.04
176.24
5000
5.16
137.04
136.96
283.96
5.02
5.1
20.02
558.36
15.08
547.84
142.1
563.44
142.06
15.1
695.28
150.28
15.08
274.72
5.04
137.0
232.1
5.04
137.14
136.96
15.1
138.5
5.04
5.06
182.32
20.08
10.06
155.98
146.98
695.08
5.04
524.34
136.86
5.04
562.96
5.02
5.02
109.78
5.06
123.68
42.1
5.06
20.14
20.08
5.08
20.1
10.06
25.8
142.02
152.36
234.74
137.08
5.04
137.0
10.08
553.2
285.1
553.24
152.06
147.0
5.08
5.04
15.08
5.1
685.38
20.06
20.1
5.04
548.34
10.04
10.14
15.14
5.04
156.64
49.1
263.62
5.08
690.2
137.1
5.08
5.1
5.12
5.06
5.06
31.46
5.26
10.08
48.22
5.06
10.02
152.08
99.92
38.3
5.04
10.14
5.04
33.76
553.38
5.04
15.14
685.3
279.18
685.48
142.18
690.3
5.08
5.06
553.16
25.34
684.86
10.06
20.1
5.06
147.1
152.14
289.08
10.04
284.08
10.1
142.0
5.04
5.04
5.08
558.32
685.38
5.02
20.02
137.1
137.0
141.96
5.04
284.08
137.04
10.06
5.12
5.06
10.04
141.94
17.66
15.1
5.08
15.1
137.02
278.92
15.16
10.06
5.1
5.08
553.48
152.12
695.32
5.16
10.06
695.3
413.46
819.66
137.08
5.12
10.08
152.04
146.94
147.02
137.02
152.1
15.06
25.26
5.06
10.06
268.8
15.06
141.98
25.12
142.12
302.6
466.46
685.26
25.12
558.18
5.06
137.0
10.08
278.96
137.02
695.4
284.12
685.34
15.1
685.24
5.12
15.1
826.1
5.12
5.04
689.74
54.4
185.72
137.12
152.02
15.06
5.04
10.02
5.02
5.08
152.08
5.06
5.08
15.12
147.14
24.32
5.14
48.94
136.98
15.08
5.14
157.1
141.96
10.04
152.08
659.64
548.28
553.32
252.98
231.72
149.14
15.08
53.7
278.86
75.98
5.06
553.4
141.98
137.08
157.06
273.94
553.26
137.04
380.52
695.44
5.08
20.06
20.18
137.0
5.1
137.04
10.08
152.06
147.06
157.82
5.0
93.84
137.22
685.14
278.98
10.08
5.04
5.04
5.04
498.62
558.2
152.08
6.8
87.32
10.1
5.06
5.02
553.16
5.08
34.56
38.36
10.08
20.1
690.26
10.12
5.04
553.2
15.02
137.02
553.18
695.36
553.18
5.04
10.1
5.1
10.04
134.0
137.1
10.1
10.04
10.02
142.28
5.12
137.06
10.06
5.06
10.02
553.12
553.28
548.38
137.02
5.08
10.14
142.26
10.12
553.24
30.74
553.32
152.08
5.02
5.06
66.96
10.02
10.12
10.06
553.26
