10.1
5.066667
20.033333
15.133333
25.0
20.1
20.0
5.133333
5.0
5.033333
20.133333
20.0
10.0
23.133333
22.166667
208.933333
5.1
147.0
10.7
283.8
5.1
26.3
146.966667
286.033333
284.1
145.333333
559.166667
5.0
142.066667
553.233333
147.066667
15.133333
157.066667
10.0
152.166667
5.1
147.033333
152.066667
5.0
20.066667
5.0
10.1
10.066667
151.8
283.966667
279.166667
5.0
50.733333
279.966667
152.033333
137.166667
5.033333
137.0
15.0
716.333333
147.166667
142.066667
152.6
15.166667
10.033333
16.566667
16.2
57.533333
8.3
132.933333
5.033333
136.433333
5.0
10.166667
5.066667
5.066667
30.866667
10.133333
10.0
137.0
261.466667
143.4
283.966667
82.6
99.033333
5.0
15.1
25.133333
558.133333
136.966667
142.066667
16.666667
142.066667
685.0
25.0
5.133333
5.033333
152.066667
142.133333
10.0
131.4
5.033333
12.466667
558.366667
10.066667
137.0
5.033333
176.0
142.033333
685.266667
685.166667
152.033333
5.0
15.0
147.1
25.033333
5.066667
15.033333
15.2
29.466667
110.066667
5.033333
152.066667
13.233333
5.166667
5.066667
241.5
137.1
10.0
13.633333
137.0
26.733333
274.066667
137.0
5.1
16.533333
152.166667
35.233333
136.966667
20.233333
136.866667
137.033333
284.066667
137.1
10.033333
141.866667
142.033333
152.233333
24.6
10.2
10.066667
25.033333
11.566667
147.066667
10.2
142.0
20.0
5.533333
284.066667
10.166667
142.166667
295.766667
5.0
10.033333
10.033333
5.0
5.1
289.133333
274.166667
157.166667
137.066667
358.1
273.9
5.0
5.066667
15.133333
10.133333
149.266667
10.1
137.0
16.033333
6.166667
15.066667
20.0
5.033333
10.066667
548.233333
5.066667
20.2
278.933333
548.4
573.5
142.0
553.4
699.0
10.133333
105.3
5.066667
5.066667
10.033333
563.766667
16.466667
5.0
15.066667
142.266667
142.2
10.066667
6.466667
690.633333
152.133333
152.2
137.066667
270.033333
5.0
5.166667
5.033333
152.1
137.0
19.2
558.233333
268.566667
5.1
147.066667
283.966667
553.266667
144.233333
5.133333
23.866667
137.0
60.1
11.2
10.033333
92.366667
15.066667
10.033333
20.0
10.933333
16.733333
548.2
8.966667
137.5
152.0
5.0
5.033333
10.066667
5.133333
558.166667
10.033333
421.1
5.0
695.233333
561.766667
23.7
5.1
15.066667
11.766667
5.0
20.1
10.066667
29.1
553.4
142.066667
5.0
156.7
5.033333
10.166667
15.166667
553.233333
10.066667
5.1
147.066667
149.2
558.2
10.1
10.0
155.133333
15.1
696.1
5.066667
553.233333
9.0
15.066667
157.166667
548.166667
269.866667
5.133333
495.1
230.666667
5.166667
142.1
386.633333
5.0
5.033333
5.0
5.1
279.066667
137.0
20.2
305.1
274.033333
151.9
168.966667
279.1
142.066667
55.933333
10.1
152.133333
5.0
141.833333
416.066667
142.2
5.0
142.133333
10.0
7.666667
137.0
759.866667
152.0
137.066667
819.733333
685.3
5.0
685.333333
5.033333
5.1
152.166667
5.0
10.033333
152.1
137.133333
5.066667
5.1
5.0
166.1
5.1
558.2
284.0
5.0
15.0
157.633333
20.133333
20.2
10.0
5.066667
5.0
5.0
6.0
5.0
5.0
157.133333
15.133333
157.0
5.3
5.766667
20.133333
685.233333
283.4
15.066667
5.066667
10.0
147.066667
141.933333
137.066667
10.1
5.1
15.066667
15.166667
12.2
5.0
111.0
11.0
10.0
5.066667
283.866667
431.033333
10.066667
278.933333
5.066667
147.066667
5.066667
279.033333
5.133333
147.066667
152.066667
5.066667
5.0
5.033333
279.266667
279.1
5.033333
5.066667
157.266667
5.0
152.033333
10.033333
5.033333
176.266667
5.266667
10.166667
85.833333
5.033333
193.3
19.333333
5.033333
77.666667
143.9
5.2
284.033333
145.666667
278.966667
36.233333
142.066667
137.1
14.4
152.666667
20.166667
5.0
5.0
10.0
137.1
5.0
684.966667
142.066667
142.1
283.933333
100.033333
695.3
20.3
234.566667
158.866667
667.133333
152.133333
9.0
137.0
20.2
141.9
690.166667
695.466667
22.166667
5.0
5.333333
150.233333
152.233333
13.8
15.166667
225.266667
5.133333
273.966667
5.1
147.066667
5.0
685.366667
5.0
5.133333
13.366667
5.066667
684.966667
10.5
10.0
10.1
7.0
36.1
5.066667
20.233333
5.066667
695.033333
279.233333
10.066667
5.033333
22.366667
5.0
15.133333
553.366667
147.033333
558.166667
10.033333
122.266667
558.2
54.366667
26.333333
125.066667
16.333333
87.133333
152.0
558.266667
16.833333
43.866667
685.333333
10.033333
8.733333
157.066667
152.0
568.3
283.966667
192.4
5.1
152.066667
421.033333
5.133333
137.066667
142.066667
137.1
5.0
5.0
5.333333
690.3
5.133333
685.133333
142.0
548.533333
137.0
147.133333
13.233333
147.033333
149.566667
152.1
24.6
38.2
5.0
99.6
142.0
137.166667
10.066667
563.2
137.066667
5.6
37.7
15.0
5.033333
8.333333
685.333333
13.5
5.066667
152.1
10.033333
685.466667
32.6
558.533333
141.966667
5.066667
147.133333
137.033333
5.233333
20.2
15.233333
15.066667
20.066667
16.3
15.0
141.933333
5.033333
5.066667
5.0
5.033333
5.033333
15.133333
5.0
604.033333
10.166667
5.133333
10.0
5.066667
5.066667
32.066667
5.0
13.133333
137.066667
19.2
141.933333
20.3
8.166667
152.066667
156.033333
142.2
142.033333
32.3
5.0
152.066667
548.3
558.266667
23.866667
5.033333
15.4
5.033333
558.2
690.333333
20.033333
10.066667
157.233333
157.1
173.166667
284.133333
553.3
136.966667
279.033333
142.133333
152.133333
152.1
152.033333
5.033333
20.1
137.033333
12.666667
16.133333
157.133333
5.0
136.966667
142.1
10.066667
10.166667
5.1
5.0
10.1
16.6
5.066667
138.3
137.0
558.466667
10.233333
15.133333
5.033333
136.933333
5.066667
152.066667
10.0
5.1
10.433333
548.033333
147.066667
695.1
23.966667
137.066667
10.066667
5.066667
157.0
5.066667
5.066667
5.0
5.033333
10.1
15.133333
16.966667
137.1
5.133333
291.6
11.133333
5.1
10.1
137.0
558.266667
284.033333
142.033333
10.066667
5.633333
5.0
137.033333
157.066667
5.033333
10.066667
36.933333
31.766667
690.033333
690.166667
385.7
5.933333
278.866667
5.166667
237.666667
137.033333
15.166667
147.1
157.1
548.233333
15.1
558.333333
553.233333
5.0
5.0
5.0
685.233333
5.066667
15.033333
15.133333
147.033333
5.133333
10.166667
20.1
5.033333
5.066667
20.066667
563.266667
25.1
581.566667
20.066667
136.933333
61.2
142.0
153.233333
273.866667
147.166667
274.0
9.2
20.1
205.8
10.1
420.766667
10.033333
10.033333
152.066667
5.0
15.1
152.033333
137.033333
10.133333
137.2
160.966667
144.566667
10.1
10.0
5.066667
822.266667
20.166667
822.533333
151.966667
10.566667
5.033333
959.333333
16.366667
20.066667
10.033333
16.366667
10.233333
137.033333
93.433333
5.1
252.033333
69.6
137.066667
10.066667
273.933333
20.4
27.1
140.833333
137.033333
137.133333
15.066667
553.3
149.9
15.066667
5.066667
10.066667
10.2
22.6
5.0
10.066667
11.2
553.3
77.866667
5.0
123.833333
36.333333
10.033333
137.0
83.9
10.066667
137.066667
563.333333
15.133333
10.133333
5.033333
10.2
142.1
548.3
5.0
234.3
5.033333
565.6
142.0
281.033333
5.066667
5.0
14.3
142.0
5.033333
584.7
26.7
146.4
141.8
150.2
15.033333
5.0
142.1
192.7
5.0
15.1
27.166667
10.033333
5.033333
147.133333
215.2
703.566667
88.466667
18.8
151.966667
5.033333
5.0
5.066667
548.433333
5.066667
553.1
15.133333
5.0
690.366667
568.5
152.766667
553.4
194.866667
5.166667
104.8
15.1
5.0
548.566667
137.033333
15.166667
152.1
10.1
575.833333
10.233333
10.033333
5.066667
735.366667
15.766667
109.8
115.966667
5.1
155.166667
5.033333
63.1
5.066667
147.066667
10.133333
5.033333
157.0
141.933333
554.966667
11.9
137.133333
137.1
5.066667
10.133333
548.3
10.1
5.033333
135.733333
10.0
5.1
139.5
10.033333
6.433333
10.133333
10.166667
191.6
25.0
10.066667
20.133333
142.133333
473.466667
122.8
558.266667
18.833333
256.533333
10.033333
553.3
5.066667
177.166667
5.066667
558.3
6.666667
6.533333
5.066667
553.533333
5.1
10.033333
5.0
5.066667
137.033333
10.033333
141.833333
553.3
136.966667
10.1
137.133333
10.066667
25.033333
18.2
147.066667
132.666667
15.033333
141.966667
20.066667
90.966667
228.666667
20.066667
5.0
291.833333
685.266667
5.066667
27.966667
5.033333
685.133333
5.066667
147.066667
137.1
137.033333
140.0
137.1
5.033333
147.0
13.366667
65.533333
134.0
5.0
685.1
10.0
142.2
147.066667
5.033333
5.033333
10.033333
685.066667
137.0
18.066667
147.033333
10.033333
15.066667
10.066667
558.3
141.9
146.833333
17.833333
5.0
20.1
103.433333
553.4
20.9
563.333333
11.133333
23.866667
147.033333
15.066667
15.7
5.1
27.266667
5.066667
5.0
5.066667
5.033333
5.0
17.9
142.0
5.2
10.0
94.4
283.933333
20.1
5.066667
27.4
137.0
28.566667
5.066667
156.366667
5.033333
5.0
704.766667
284.0
5.133333
157.033333
822.6
548.166667
10.2
28.4
274.066667
553.1
5.0
10.033333
142.133333
284.1
564.366667
5.1
553.333333
137.033333
147.133333
20.1
5.0
5.033333
11.4
10.066667
5.1
10.033333
25.0
5.0
147.566667
19.4
137.033333
5.0
25.1
137.0
5.0
146.933333
84.0
5.1
369.3
391.133333
5.066667
137.0
25.066667
5.0
142.0
6.8
5.0
153.8
12.833333
269.366667
10.066667
275.933333
151.5
317.733333
5.0
142.033333
161.766667
137.066667
257.2
20.1
548.2
137.033333
278.933333
7.333333
5.033333
25.033333
15.1
5.033333
6.1
5.0
147.8
137.1
137.1
40.266667
5.133333
15.366667
416.0
157.5
251.333333
29.633333
553.2
137.1
10.0
15.133333
5.0
10.033333
137.066667
5.133333
15.033333
5.166667
5.166667
71.3
20.0
10.066667
275.633333
10.0
5.033333
5.0
548.133333
119.166667
5.033333
15.033333
563.1
29.066667
670.2
20.133333
565.366667
10.066667
10.033333
61.0
5.0
259.666667
625.233333
5.033333
5.166667
690.233333
5.033333
15.066667
142.0
269.1
13.266667
5.0
284.133333
10.066667
142.033333
5.0
284.066667
5.1
685.166667
142.033333
558.233333
152.066667
5.066667
5.1
153.866667
5.0
137.066667
548.233333
15.066667
6.8
827.466667
5.033333
5.0
5.0
5.166667
22.4
15.066667
5.033333
97.666667
152.0
20.033333
5.066667
99.433333
147.0
5.0
74.9
142.133333
20.0
5.033333
15.166667
151.866667
553.2
5.066667
5.033333
5.033333
5.033333
15.1
11.9
25.166667
12.4
332.133333
5.1
142.033333
5.0
137.033333
558.3
17.866667
5.066667
553.333333
278.933333
5.0
142.1
5.1
5.0
558.266667
17.533333
5.0
203.966667
553.1
15.766667
553.266667
25.2
15.033333
25.166667
145.866667
156.1
5.033333
827.433333
15.133333
690.333333
147.033333
10.466667
5.066667
15.066667
26.8
198.533333
685.066667
10.033333
10.1
698.166667
147.0
137.133333
10.1
10.033333
5.1
548.233333
137.166667
10.0
548.133333
5.033333
5.066667
5.2
14.1
144.4
23.266667
289.066667
685.233333
141.866667
689.533333
137.033333
147.066667
576.666667
142.233333
10.0
137.1
142.033333
152.2
137.133333
111.366667
5.066667
5.033333
5.0
147.1
20.033333
142.1
5.066667
7.5
10.033333
142.2
157.0
10.066667
142.1
142.0
13.266667
137.166667
137.033333
5.1
137.066667
288.866667
15.033333
142.066667
160.9
5.133333
141.0
137.0
5.033333
147.8
10.133333
563.366667
5.0
21.566667
10.1
15.033333
29.433333
5.1
6.366667
15.533333
137.033333
152.266667
136.966667
5.0
141.966667
5.1
263.2
141.966667
21.266667
10.133333
5.1
152.0
15.1
5.1
151.9
15.2
5.0
10.033333
288.8
153.333333
22.066667
10.033333
146.933333
15.133333
5.033333
5.033333
14.6
5.0
5.033333
117.8
136.9
5.0
5.0
5.033333
5.4
685.266667
157.1
279.1
279.133333
141.966667
5000
5.0
20.2
137.166667
147.0
15.066667
153.0
154.8
14.933333
142.033333
279.1
5.066667
231.7
548.333333
137.0
142.466667
553.5
10.1
6.866667
695.466667
147.1
558.2
97.166667
25.1
137.1
15.033333
10.133333
20.133333
147.0
5.033333
5.066667
5.0
5.166667
20.066667
22.3
657.133333
5.1
152.0
6.5
21.466667
5.266667
154.066667
10.1
279.066667
553.266667
5.133333
5.066667
273.866667
553.433333
5.066667
14.133333
5.1
137.1
25.066667
5.0
558.233333
141.966667
5.066667
147.0
553.5
136.966667
5.133333
137.0
15.266667
5.066667
54.8
171.2
5.266667
11.8
8.166667
20.1
5.0
10.0
26.733333
157.633333
15.0
23.833333
548.233333
142.033333
157.033333
22.9
152.7
708.366667
416.033333
15.0
273.833333
141.933333
273.666667
563.233333
5.1
558.066667
152.066667
558.033333
20.0
126.0
553.2
157.233333
5.0
5.033333
5.1
137.066667
553.266667
11.833333
5.033333
147.066667
10.1
68.033333
15.166667
5.1
154.9
253.1
10.1
20.0
33.933333
142.0
289.466667
137.033333
136.866667
5.1
10.0
151.966667
559.9
141.933333
137.033333
568.1
142.033333
157.133333
142.066667
702.1
15.133333
136.933333
273.8
5.133333
94.166667
283.9
695.133333
145.2
5.1
5.333333
10.0
5.0
10.033333
5.033333
558.166667
5.066667
5.033333
14.1
700.833333
553.366667
20.066667
22.1
558.366667
548.3
822.266667
25.133333
137.0
15.033333
24.5
5.066667
136.966667
404.733333
5.0
10.133333
790.1
136.933333
553.166667
141.966667
5.066667
137.0
154.133333
5.033333
82.666667
15.066667
101.7
15.133333
136.933333
142.0
10.033333
5.166667
5.0
56.133333
26.366667
585.266667
10.066667
20.133333
10.133333
20.333333
235.333333
5.0
5.1
690.166667
137.066667
15.2
10.133333
20.1
11.166667
553.3
198.666667
553.233333
10.0
15.1
5.033333
555.6
553.566667
136.966667
13.566667
685.2
5.033333
5.033333
