0.0
0.117647
0.0
0.0
0.0
0.0
0.0
0.0
0.0
0.0
0.0
0.516129
0.0
0.67033
0.0
0.0
0.166667
0.454545
0.411765
0.0625
0.0
0.0
0.0
0.0
0.0
0.0
0.0
0.0
0.0
0.0
0.0
0.0
0.0
0.642857
0.0
0.0
0.0
0.0
0.0
0.0
0.0
0.0
0.0
0.0
0.4
0.090909
0.090909
0.0
0.0
0.558824
0.0
0.0
0.0
0.0
0.754098
0.0
0.0
0.0
0.0
0.0
0.210526
0.268293
0.0
0.0
0.0
0.230769
0.142857
0.0
0.0
0.0
0.25
0.0
0.433962
0.724771
0.0
0.0
0.0
0.090909
0.090909
0.0625
0.0
0.0625
0.61039
0.0
0.0
0.0
0.0
0.620253
0.0
0.0
0.0
0.347826
0.736842
0.189189
0.916898
0.0
0.0
0.0
0.142857
0.722222
0.387755
0.0
0.0
0.166667
0.464286
0.375
0.375
0.142857
0.0
0.0
0.142857
0.0
0.189189
0.0
0.0
0.090909
0.444444
0.0
0.454545
0.0
0.0
0.0
0.230769
0.318182
0.0
0.0
0.0
0.302326
0.0
0.318182
0.0
0.318182
0.6875
0.189189
0.0
0.142857
0.0
0.4
0.552239
0.0
0.285714
0.0
0.0
0.0
0.142857
0.032258
0.0
0.285714
0.032258
0.090909
0.210526
0.0
0.0
0.285714
0.0
0.210526
0.0
0.0
0.433962
0.0
0.0
0.0
0.347826
0.0
0.0
0.25
0.0
0.0
0.0
0.0
0.0
0.693878
0.318182
0.0
0.0
0.0
0.0
0.189189
0.0
0.0
0.142857
0.0
1.0
0.268293
0.793103
0.0
0.0
0.0
0.0
0.85
0.117647
0.962825
0.0
0.318182
0.625
0.0
0.268293
0.0
0.655172
0.25
0.347826
0.0
0.0
0.0
0.0
0.565217
0.166667
0.840426
0.819277
0.0625
0.0
0.4
0.285714
0.0
0.0
0.166667
0.0
0.285714
0.0
0.347826
0.0
0.361702
0.73913
0.285714
0.583333
0.0
0.0
0.0
0.727273
0.0
0.0
0.677419
0.0
0.285714
0.0
0.268293
0.0
0.615385
0.52381
0.444444
0.0
0.333333
0.965318
0.302326
0.0
0.0
0.0
0.387755
0.0625
0.647059
0.268293
0.0
0.625
0.0
0.0
0.0
0.0
0.454545
0.0
0.189189
0.0
0.0
0.0
0.117647
0.545455
0.0625
0.423077
0.805195
0.0
0.0
0.727273
0.411765
0.166667
0.620253
0.361702
0.0
0.166667
0.0
0.0
0.0
0.642857
0.090909
0.0
0.552239
0.0
0.887218
0.189189
0.0
0.302326
0.0
0.545455
0.0
0.189189
0.0
0.0
0.090909
0.552239
0.0
0.794521
0.0
0.0
0.0
0.0
0.0
0.0
0.387755
0.0
0.268293
0.0
0.0
0.0
0.92268
0.0
0.0
0.772727
0.0
0.25
0.189189
0.0
0.0
0.0
0.666667
0.0
0.454545
0.210526
0.347826
0.411765
0.482759
0.117647
0.210526
0.0
0.0
0.647059
0.0
0.090909
0.347826
0.032258
0.73913
0.268293
0.0
0.0
0.758065
0.0
0.0
0.0
0.0
0.0
0.73913
0.302326
0.25
0.0
0.318182
0.0
0.871795
0.0
0.268293
0.74359
0.845361
0.142857
0.802632
0.0
0.189189
0.361702
0.0
0.620253
0.0
0.0
0.444444
0.444444
0.82659
0.0
0.0
0.0
0.0
0.268293
0.0
0.0
0.0
0.0
0.0
0.454545
0.0
0.0
0.0
0.0
0.0
0.032258
0.302326
0.824561
0.836066
0.032258
0.411765
0.333333
0.0
0.0
0.0
0.73913
0.25
0.0
0.0
0.0
0.0
0.0
0.0
0.0
0.117647
0.090909
0.302326
0.166667
0.0
0.117647
0.0
0.67033
0.0
0.375
0.5
0.444444
0.0
0.0
0.25
0.0
0.0
0.0625
0.230769
0.558824
0.839572
0.0
0.0
0.0
0.747899
0.090909
0.0
0.0
0.0
0.0
0.0
0.0
0.0
0.74359
0.4
0.0
0.620253
0.0
0.0
0.0
0.347826
0.0
0.0
0.0
0.166667
0.655172
0.625
0.473684
0.0
0.756098
0.0
0.863636
0.0
0.0
0.70297
0.0
0.0
0.87069
0.0
0.741379
0.0
0.166667
0.0
0.0
0.690722
0.852217
0.210526
0.210526
0.0
0.0
0.0
0.0
0.0
0.828571
0.375
0.0
0.0
0.4
0.0
0.0
0.0
0.0
0.0
0.0
0.0
0.0
0.0
0.0
0.0
0.0
0.53125
0.387755
0.423077
0.769231
0.142857
0.0
0.0
0.0
0.62963
0.0
0.0
0.0
0.0
0.0
0.0
0.0
0.0
0.0
0.0
0.117647
0.230769
0.0
0.0
0.454545
0.0
0.0
0.361702
0.0
0.189189
0.090909
0.565217
0.0
0.0
0.634146
0.693878
0.0
0.811321
0.0
0.0
0.842932
0.268293
0.828571
0.0
0.0
0.333333
0.0
0.0
0.0
0.142857
0.0
0.0
0.76378
0.0
0.0
0.62963
0.0
0.189189
0.090909
0.0
0.333333
0.651163
0.0
0.0
0.361702
0.0
0.76378
0.673913
0.0
0.0
0.662921
0.0
0.117647
0.166667
0.758065
0.117647
0.605263
0.0
0.0
0.0
0.0
0.0
0.0
0.0
0.0
0.0
0.0
0.0
0.0
0.268293
0.0
0.0
0.0
0.0
0.0
0.0
0.0
0.142857
0.0
0.558824
0.0
0.0
0.0
0.0
0.090909
0.032258
0.806452
0.0
0.0
0.0
0.931818
0.0
0.361702
0.090909
0.0
0.655172
0.0
0.0
0.0
0.0
0.716981
0.090909
0.464286
0.0
0.67033
0.166667
0.0
0.0
0.0
0.411765
0.375
0.25
0.142857
0.0
0.0
0.0
0.433962
0.794521
0.25
0.0
0.552239
0.0
0.638554
0.745763
0.0
0.166667
0.849246
0.0
0.769231
0.0
0.0
0.0
0.0
0.0
0.0
0.333333
0.210526
0.0
0.785714
0.0
0.090909
0.433962
0.0
0.0
0.0
0.0
0.117647
0.0
0.090909
0.117647
0.433962
0.142857
0.454545
0.5
0.594595
0.0
0.482759
0.0
0.0
0.0
0.25
0.0
0.538462
0.25
0.693878
0.387755
0.0
0.761905
0.0
0.189189
0.285714
0.761905
0.0
0.52381
0.842932
0.473684
0.0
0.0
0.0
0.473684
0.0
0.444444
0.166667
0.0
0.781022
0.0
0.74359
0.0
0.166667
0.0
0.0
0.423077
0.538462
0.090909
0.189189
0.0
0.577465
0.0
0.0
0.673913
0.571429
0.0
0.817073
0.0
0.0
0.166667
0.0
0.684211
0.0
0.0
0.333333
0.473684
0.444444
0.444444
0.840426
0.0
0.285714
0.268293
0.0
0.032258
0.0
0.0
0.361702
0.0
0.0
0.0
0.0
0.863636
0.72973
0.0
0.0
0.0
0.0
0.877049
0.0
0.0
0.0
0.0
0.0
0.032258
0.302326
0.770992
0.0
0.302326
0.0
0.0
0.0
0.0
0.333333
0.0
0.473684
0.0
0.0
0.0
0.0
0.0
0.333333
0.032258
0.0
0.75
0.0
0.848485
0.0
0.189189
0.117647
0.117647
0.0
0.189189
0.090909
0.491525
0.0
0.361702
0.210526
0.855769
0.142857
0.0
0.813665
0.0
0.0
0.268293
0.0
0.0
0.387755
0.0
0.0
0.0
0.69697
0.090909
0.0
0.0
0.0
0.716981
0.142857
0.0
0.0
0.0
0.0
0.117647
0.0
0.433962
0.0
0.0
0.210526
0.302326
0.0
0.0
0.0
0.0
0.0
0.464286
0.0
0.693878
0.785714
0.0
0.0
0.708738
0.0
0.538462
0.0
0.0
0.0
0.5
0.0
0.854369
0.25
0.880478
0.833333
0.795918
0.0
0.0
0.0
0.0
0.659091
0.0
0.0
0.0
0.0
0.0
0.0
0.0
0.0
0.189189
0.423077
0.0
0.333333
0.0
0.0
0.032258
0.032258
0.117647
0.166667
0.0
0.0
0.0
0.0
0.454545
0.0
0.0
0.558824
0.0
0.0
0.655172
0.0
0.0
0.0
0.0
0.0
0.6875
0.0
0.0
0.0
0.0
0.605263
0.0
0.0
0.0
0.0
0.0
0.230769
0.0
0.6875
0.117647
0.166667
0.647059
0.0
0.210526
0.565217
0.0
0.0
0.583333
0.375
0.0
0.0625
0.0
0.552239
0.464286
0.0
0.0
0.142857
0.433962
0.0
0.552239
0.0
0.565217
0.605263
0.0
0.0
0.659091
0.0
0.347826
0.0
0.347826
0.0
0.920213
0.0
0.189189
0.0
0.62963
0.0
0.25
0.0
0.0
0.0
0.0
0.754098
0.0625
0.0625
0.571429
0.0
0.0
0.0
0.210526
0.0
0.0
0.166667
0.0
0.0
0.0
0.0
0.0
0.0
0.714286
0.0625
0.0
0.0
0.0
0.711538
0.361702
0.7
0.0
0.117647
0.090909
0.724771
0.0
0.0
0.0
0.302326
0.0625
0.0
0.387755
0.577465
0.0
0.0
0.0
0.0
0.0625
0.482759
0.347826
0.464286
0.0
0.0
0.166667
0.361702
0.411765
0.0
0.142857
0.0
0.0
0.0
0.0625
0.0
0.166667
0.117647
0.142857
0.0
0.0
0.0
0.0
0.230769
0.87234
0.85782
0.53125
0.781022
0.032258
0.433962
0.0
0.0
0.0
0.0
0.76
0.0
0.411765
0.0
0.615385
0.210526
0.444444
0.268293
0.0
0.117647
0.454545
0.724771
0.0
0.0
0.268293
0.210526
0.0
0.0
0.0
0.0
0.680851
0.769231
0.920844
0.0
0.0625
0.117647
0.0
0.0
0.347826
0.333333
0.433962
0.0
0.361702
0.032258
0.0
0.565217
0.0
0.716981
0.0
0.0
0.0
0.625
0.0
0.0
0.73913
0.117647
0.117647
0.0
0.387755
0.0625
0.0
0.0
0.0
0.25
0.166667
0.0
0.680851
0.032258
0.444444
0.0
0.0
0.090909
0.0
0.0
0.0
0.0
0.819277
0.0
0.0
0.0
0.0
0.0
0.0
0.0
0.0
0.0
0.375
0.0
0.0
0.0
0.0
0.0
0.0
0.605263
0.375
0.0
0.708738
0.361702
0.851485
0.516129
0.0
0.0
0.464286
0.285714
0.0
0.0
0.166667
0.6
0.032258
0.0625
0.5
0.142857
0.032258
0.032258
0.210526
0.0
0.090909
0.791667
0.0
0.0
0.0
0.0
0.0
0.0
0.0
0.745763
0.0
0.638554
0.0
0.0
0.0
0.090909
0.0
0.0
0.0
0.0
0.117647
0.0625
0.444444
0.0
0.0
0.0
0.0
0.0
0.347826
0.0
0.0
0.0
0.032258
0.0
0.0
0.0
0.210526
0.0
0.0
0.0
0.347826
0.0
0.032258
0.0625
0.117647
0.0
0.0
0.142857
0.0
0.473684
0.444444
0.0
0.0
0.117647
0.0
0.516129
0.79021
0.0
0.693878
0.210526
0.0
0.347826
0.0
0.680851
0.0
0.0
0.754098
0.142857
0.318182
0.0
0.0
0.0
0.0
0.166667
0.375
0.558824
0.0
0.0
0.0
0.0
0.210526
0.0
0.0
0.0
0.230769
0.0
0.0
0.508197
0.708738
0.594595
0.577465
0.0
0.375
0.5
0.464286
0.268293
0.0
0.0
0.302326
0.166667
0.0
0.0
0.0
0.032258
0.032258
0.117647
0.806452
0.0
0.166667
0.090909
0.333333
0.711538
0.0
0.0625
0.25
0.0
0.0
0.693878
0.0
0.615385
0.74359
0.482759
0.0
0.090909
0.0
0.0
0.571429
0.0
0.0
0.347826
0.0
0.0
0.0
0.0
0.0
0.473684
0.0
0.0
0.0
0.0
0.0
0.0
0.0
0.0
0.0
0.0
0.0
0.0
0.642857
0.0
0.0
0.716981
0.032258
0.0
0.032258
0.090909
0.0
0.805195
0.0
0.508197
0.0
0.0
0.0
0.0
0.0
0.0
0.0625
0.0
0.142857
0.189189
0.0
0.318182
0.032258
0.0625
0.0
0.0
0.0
0.0
0.0
0.0
0.67033
0.032258
0.0
0.347826
0.0
0.142857
0.387755
0.166667
0.361702
0.375
0.538462
0.0
0.117647
0.0
0.0
0.0
0.0
0.594595
0.0
0.677419
0.333333
0.0
0.032258
0.361702
0.0
0.268293
0.571429
0.0
0.732143
0.776119
0.0
0.0
0.925926
0.361702
0.0
0.0
0.0
0.52381
0.0
0.0
0.0
0.25
0.482759
0.0
0.0
0.473684
0.5
0.4
0.0
0.0
0.0
0.0
0.62963
0.0
0.0
0.0
0.0
0.361702
0.76
0.0
0.090909
0.741379
0.0
0.0
0.464286
0.4
0.0
0.166667
0.0
0.787234
0.25
0.0
0.0
0.0
0.0
0.0
0.0
0.822485
0.0
0.0
0.0
0.0
0.0
0.0
0.0
0.0
0.230769
0.736842
0.268293
0.0
0.0
0.76378
0.0
0.589041
0.0
0.268293
0.0
0.142857
0.189189
0.375
0.0
0.0
0.0
0.0
0.0
0.0
0.189189
0.0
0.0
0.0
0.516129
0.285714
0.516129
0.0
0.361702
0.285714
0.0
0.285714
0.0
0.0
0.0
0.268293
0.545455
0.0
0.0
0.0
0.0
0.0
0.0
0.0
0.0
0.0
0.0
0.142857
0.0
0.0
0.0
0.0
0.589041
0.361702
0.0
0.0
0.0
0.117647
0.0
0.0
0.142857
0.0
0.906542
0.666667
0.770992
0.0
0.845361
0.0
0.0
0.594595
0.0
0.0
0.0
0.0
0.0625
0.808917
0.0
0.090909
0.770992
0.210526
0.347826
0.714286
0.0
0.0
0.0
0.0
0.0
0.0
0.0
0.76
0.189189
0.0
0.0
0.0
0.0
0.0
0.70297
0.538462
0.0
0.0
0.0
0.0
0.0
0.0
0.0
0.117647
0.684211
0.0625
0.4
0.0
0.734513
0.508197
0.625
0.090909
0.0
0.0
0.0
0.0
0.361702
0.0
0.0
0.0
0.268293
0.0
0.423077
0.0
0.0625
0.0
