0.0
0.0
0.0
0.0
0.0
0.0
0.074074
0.0
0.275362
0.0
0.390244
0.242424
0.0
0.0
0.0
0.0
0.0
0.0
0.0
0.0
0.0
0.230769
0.0
0.557522
0.0
0.180328
0.54955
0.0
0.122807
0.0
0.0
0.5
0.0
0.0
0.514563
0.122807
0.0
0.0
0.090909
0.0
0.39759
0.019608
0.418605
0.193548
0.0
0.657534
0.0
0.107143
0.0
0.230769
0.382716
0.0
0.367089
0.0
0.0
0.333333
0.152542
0.0
0.0
0.0
0.074074
0.038462
0.0
0.0
0.193548
0.0
0.0
0.0
0.0
0.0
0.537037
0.166667
0.80695
0.122807
0.295775
0.456522
0.074074
0.568966
0.50495
0.324324
0.0
0.285714
0.404762
0.0
0.0
0.0
0.242424
0.0
0.0
0.0
0.0
0.53271
0.0
0.107143
0.0
0.0
0.0
0.0
0.0
0.264706
0.0
0.0
0.677419
0.090909
0.253731
0.152542
0.275362
0.734043
0.0
0.0
0.0
0.0
0.315068
0.367089
0.0
0.0
0.865952
0.0
0.0
0.0
1.0
0.264706
0.450549
0.166667
0.305556
0.0
0.0
0.0
0.704142
0.668874
0.0
0.295775
0.0
0.489796
0.693252
0.0
0.0
0.038462
0.0
0.122807
0.152542
0.0
0.0
0.640288
0.0
0.0
0.166667
0.6
0.0
0.333333
0.0
0.0
0.367089
0.0
0.342105
0.21875
0.0
0.0
0.0
0.0
0.137931
0.0
0.0
0.626866
0.166667
0.794239
0.206349
0.0
0.0
0.795918
0.431818
0.565217
0.0
0.0
0.0
0.0
0.411765
0.056604
0.0
0.450549
0.671053
0.0
0.038462
0.514563
0.0
0.0
0.0
0.494949
0.382716
0.0
0.193548
0.568966
0.0
0.0
0.537037
0.873737
0.0
0.0
0.0
0.698795
0.883991
0.685535
0.0
0.137931
0.411765
0.642857
0.122807
0.0
0.0
0.0
0.0
0.0
0.731183
0.367089
0.39759
0.626866
0.0
0.0
0.0
0.450549
0.295775
0.0
0.315068
0.056604
0.0
0.0
0.074074
0.494949
0.350649
0.5
0.609375
0.857955
0.0
0.0
0.0
0.0
0.0
0.0
0.122807
0.0
0.350649
0.0
0.557522
0.0
0.537037
0.0
0.411765
0.0
0.056604
0.0
0.0
0.0
0.0
0.0
0.0
0.295775
0.0
0.0
0.0
0.0
0.0
0.50495
0.074074
0.609375
0.6875
0.736842
0.681529
0.714286
0.122807
0.0
0.438202
0.0
0.0
0.285714
0.787234
0.742268
0.0
0.0
0.0
0.0
0.0
0.0
0.122807
0.0
0.0
0.769585
0.462366
0.66443
0.0
0.0
0.0
0.285714
0.0
0.0
0.802372
0.074074
0.0
0.0
0.137931
0.0
0.0
0.305556
0.0
0.0
0.0
0.090909
0.0
0.425287
0.0
0.583333
0.152542
0.0
0.230769
0.0
0.193548
0.0
0.230769
0.0
0.0
0.0
0.375
0.0
0.0
0.0
0.0
0.0
0.0
0.375
0.0
0.0
0.0
0.152542
0.0
0.0
0.0
0.137931
0.0
0.0
0.0
0.0
0.80315
0.0
0.0
0.0
0.0
0.0
0.038462
0.0
0.0
0.0
0.0
0.0
0.0
0.0
0.0
0.0
0.056604
0.0
0.0
0.122807
0.0
0.0
0.0
0.0
0.0
0.0
0.792531
0.0
0.0
0.242424
0.0
0.0
0.719101
0.342105
0.0
0.5
0.0
0.489796
0.0
0.0
0.5
0.647887
0.305556
0.0
0.0
0.0
0.64539
0.137931
0.152542
0.0
0.0
0.0
0.698795
0.0
0.0
0.0
0.0
0.425287
0.66443
0.0
0.0
0.21875
0.0
0.0
0.0
0.0
0.0
0.456522
0.0
0.0
0.618321
0.0
0.0
0.0
0.519231
0.494949
0.0
0.0
0.166667
0.295775
0.0
0.0
0.0
0.0
0.0
0.0
0.275362
0.0
0.0
0.0
0.0
0.0
0.390244
0.0
0.62406
0.090909
0.107143
0.553571
0.0
0.0
0.0
0.431818
0.418605
0.0
0.0
0.0
0.0
0.0
0.0
0.0
0.0
0.0
0.0
0.137931
0.0
0.0
0.0
0.0
0.0
0.509804
0.57265
0.193548
0.0
0.52381
0.0
0.0
0.0
0.84985
0.350649
0.0
0.0
0.0
0.411765
0.0
0.0
0.685535
0.0
0.0
0.0
0.152542
0.0
0.723757
0.0
0.0
0.0
0.074074
0.137931
0.122807
0.166667
0.038462
0.0
0.0
0.137931
0.295775
0.715909
0.350649
0.0
0.333333
0.253731
0.691358
0.0
0.0
0.0
0.719101
0.0
0.056604
0.0
0.0
0.0
0.0
0.0
0.717514
0.0
0.0
0.350649
0.799197
0.0
0.152542
0.019608
0.0
0.710983
0.710983
0.0
0.107143
0.0
0.81203
0.21875
0.0
0.275362
0.0
0.152542
0.0
0.0
0.038462
0.0
0.0
0.0
0.0
0.107143
0.0
0.0
0.206349
0.090909
0.0
0.0
0.0
0.54955
0.0
0.0
0.5
0.0
0.473684
0.367089
0.0
0.0
0.0
0.0
0.0
0.333333
0.0
0.0
0.0
0.756098
0.489796
0.074074
0.0
0.0
0.056604
0.0
0.0
0.0
0.166667
0.0
0.0
0.0
0.0
0.0
0.0
0.0
0.0
0.0
0.0
0.0
0.0
0.0
0.0
0.0
0.0
0.0
0.6875
0.382716
0.0
0.456522
0.468085
0.0
0.090909
0.0
0.0
0.0
0.0
0.541284
0.137931
0.431818
0.411765
0.0
0.0
0.759615
0.0
0.0
0.0
0.206349
0.0
0.0
0.0
0.671053
0.0
0.0
0.662162
0.0
0.0
0.0
0.324324
0.137931
0.0
0.0
0.54955
0.717514
0.0
0.0
0.0
0.0
0.0
0.0
0.0
0.0
0.0
0.0
0.0
0.0
0.0
0.0
0.0
0.0
0.0
0.230769
0.0
0.0
0.0
0.700599
0.0
0.0
0.264706
0.0
0.0
0.0
0.0
0.528302
0.0
0.509804
0.0
0.0
0.0
0.0
0.0
0.816176
0.874687
0.0
0.0
0.603175
0.66443
0.324324
0.0
0.090909
0.0
0.637681
0.0
0.038462
1.0
0.0
0.375
0.090909
0.350649
0.0
0.0
0.0
0.553571
0.0
0.431818
0.5
0.618321
0.494949
0.0
0.787234
0.090909
0.0
0.242424
0.0
0.275362
0.295775
0.122807
0.39759
0.152542
0.0
0.0
0.0
0.0
0.107143
0.0
0.0
0.074074
0.166667
0.774775
0.0
0.090909
0.090909
0.0
0.230769
0.0
0.0
0.0
0.0
0.0
0.0
0.0
0.0
0.0
0.0
0.0
0.0
0.0
0.285714
0.152542
0.0
0.438202
0.0
0.333333
0.0
0.5
0.166667
0.673203
0.122807
0.180328
0.0
0.0
0.0
0.0
0.759615
0.0
0.0
0.0
0.681529
0.0
0.0
0.0
0.0
0.137931
0.0
0.056604
0.0
0.528302
0.264706
0.0
0.0
0.0
0.0
0.0
0.0
0.0
0.0
0.0
0.0
0.0
0.324324
0.0
0.0
0.0
0.0
0.0
0.0
0.768519
0.0
0.0
0.905838
0.180328
0.890591
0.333333
0.740933
0.0
0.0
0.565217
0.0
0.557522
0.0
0.0
0.0
0.358974
0.230769
0.375
0.107143
0.685535
0.0
0.107143
0.0
0.0
0.0
0.606299
0.794239
0.0
0.0
0.342105
0.418605
0.107143
0.0
0.615385
0.390244
0.0
0.0
0.0
0.0
0.253731
0.107143
0.074074
0.0
0.0
0.230769
0.358974
0.0
0.0
0.0
0.0
0.675325
0.206349
0.736842
0.0
0.0
0.809886
0.193548
0.83165
0.350649
0.0
0.0
0.137931
0.180328
0.074074
0.411765
0.242424
0.038462
0.0
0.0
0.0
0.324324
0.0
0.074074
0.0
0.275362
0.305556
0.137931
0.568966
0.0
0.642857
0.0
0.468085
0.0
0.350649
0.166667
0.91119
0.425287
0.681529
0.0
0.677419
0.0
0.0
0.668874
0.0
0.0
0.666667
0.0
0.333333
0.54955
0.462366
0.0
0.0
0.0
0.0
0.0
0.390244
0.0
0.0
0.0
0.479167
0.0
0.0
0.0
0.137931
0.0
0.0
0.193548
0.206349
0.0
0.295775
0.744898
0.777778
0.795082
0.206349
0.107143
0.0
0.0
0.0
0.019608
0.0
0.0
0.693252
0.367089
0.285714
0.479167
0.305556
0.593496
0.494949
0.333333
0.691358
0.0
0.0
0.0
0.404762
0.0
0.193548
0.0
0.295775
0.180328
0.21875
0.0
0.0
0.5
0.655172
0.39759
0.0
0.0
0.0
0.0
0.275362
0.6
0.404762
0.0
0.0
0.0
0.0
0.0
0.431818
0.0
0.0
0.0
0.0
0.0
0.747475
0.0
0.0
0.666667
0.074074
0.367089
0.6
0.767442
0.484536
0.0
0.0
0.0
0.0
0.074074
0.264706
0.0
0.0
0.0
0.57265
0.0
0.295775
0.0
0.0
0.0
0.537037
0.593496
0.760766
0.450549
0.0
0.0
0.390244
0.0
0.770642
0.0
0.62963
0.411765
0.0
0.0
0.0
0.0
0.0
0.0
0.541284
