0.0
0.0
0.166667
0.0
0.0
0.166667
0.0
0.0
0.166667
0.375
0.166667
0.0
0.0
0.166667
0.0
0.0
0.615385
0.285714
0.0
0.0
0.375
0.0
0.0
0.0
0.0
0.166667
0.0
0.545455
0.166667
0.0
0.375
0.0
0.0
0.0
0.0
0.0
0.0
0.0
0.0
0.375
0.0
0.0
0.285714
0.0
0.0
0.166667
0.0
0.0
0.285714
0.0
0.0
0.285714
0.166667
0.0
0.0
0.6875
0.0
0.0
0.0
0.5
0.5
0.0
0.0
0.0
0.736842
0.0
0.166667
0.83871
0.0
0.615385
0.0
0.0
0.0
0.0
0.0
0.583333
0.0
0.0
0.736842
0.0
0.444444
0.0
0.75
0.0
0.545455
0.0
0.0
0.0
0.166667
0.0
0.166667
0.0
0.0
0.166667
0.0
0.0
0.0
0.0
0.285714
0.0
0.583333
0.5
0.0
0.166667
0.0
0.166667
0.285714
0.0
0.0
0.5
0.583333
0.0
0.285714
0.0
0.285714
0.0
0.0
0.0
0.0
0.0
0.5
0.0
0.0
0.821429
0.0
0.0
0.0
0.0
0.0
0.0
0.0
0.0
0.166667
0.0
0.0
0.0
0.285714
0.375
0.444444
0.0
0.583333
0.166667
0.0
0.0
0.285714
0.444444
0.375
0.0
0.0
0.0
0.583333
0.0
0.0
0.166667
0.0
0.0
0.6875
0.666667
0.285714
0.0
0.0
0.0
0.0
0.285714
0.444444
0.0
0.0
0.615385
0.0
0.0
0.545455
0.0
0.0
0.0
0.0
0.895833
0.0
0.642857
0.814815
0.0
0.0
0.444444
0.0
0.0
0.0
0.0
0.0
0.0
0.285714
0.545455
0.0
0.0
0.0
0.0
0.0
0.0
0.0
0.166667
0.705882
0.891304
0.0
0.0
0.0
0.0
0.285714
0.0
0.0
0.0
0.642857
0.0
0.0
0.6875
0.6875
0.166667
0.0
0.0
0.0
0.0
0.0
0.0
0.285714
0.285714
0.444444
0.444444
0.0
0.0
0.0
0.0
0.0
0.0
0.0
0.166667
0.0
0.0
0.0
0.375
0.868421
0.0
0.444444
0.0
0.545455
0.0
0.5
0.0
0.444444
0.166667
0.0
0.0
0.444444
0.166667
0.615385
0.642857
0.0
0.0
0.285714
0.0
0.0
0.722222
0.0
0.5
0.0
0.166667
0.0
0.0
0.0
0.827586
0.0
0.0
0.0
0.0
0.375
0.0
0.0
0.736842
0.0
0.5
0.0
0.0
0.444444
0.375
0.444444
0.0
0.821429
0.722222
0.0
0.0
0.0
0.0
0.0
0.772727
0.722222
0.0
0.285714
0.0
0.0
0.0
0.166667
0.583333
0.0
0.285714
0.0
0.0
0.0
0.0
0.0
0.6875
0.0
0.0
0.375
0.0
0.166667
0.0
0.0
0.0
0.0
0.375
0.166667
0.0
0.285714
0.0
0.285714
0.0
0.0
0.0
0.0
0.0
0.0
0.444444
0.0
0.0
0.0
0.0
0.0
0.545455
0.0
0.5
0.0
0.0
0.0
0.0
0.0
0.0
0.0
0.0
0.761905
0.791667
0.0
0.545455
0.166667
0.0
0.5
0.0
0.444444
0.166667
0.0
0.0
0.0
0.0
0.166667
0.0
0.0
0.0
0.772727
0.0
0.375
0.444444
0.545455
0.0
0.166667
0.166667
0.166667
0.705882
0.6875
0.0
0.0
0.375
0.0
0.772727
0.75
0.0
0.0
0.0
0.705882
0.0
0.0
0.0
0.0
0.0
0.0
0.0
0.5
0.0
0.0
0.0
0.0
0.0
0.166667
0.0
0.0
0.0
0.0
0.0
0.0
0.0
0.0
0.0
0.615385
0.285714
0.0
0.0
0.0
0.0
0.285714
0.0
0.583333
0.0
0.0
0.166667
0.375
0.0
0.880952
0.0
0.0
0.0
0.0
0.0
0.0
0.807692
0.0
0.0
0.75
0.878049
0.0
0.0
0.642857
0.0
0.0
0.0
0.166667
0.5
0.0
0.0
0.444444
0.0
0.0
0.166667
0.0
0.0
0.0
0.5
0.0
0.285714
0.0
0.0
0.868421
0.285714
0.0
0.0
0.375
0.642857
0.0
0.0
0.0
0.0
0.0
0.642857
0.0
0.444444
0.0
0.0
0.0
0.285714
0.0
0.0
0.166667
0.0
0.0
0.0
0.0
0.166667
0.0
0.0
0.166667
0.166667
0.705882
0.0
0.0
0.285714
0.166667
0.0
0.772727
0.0
0.0
0.0
0.0
0.0
0.0
0.0
0.0
0.0
0.583333
0.583333
0.0
0.0
0.0
0.444444
0.0
0.0
0.848485
0.444444
0.0
0.0
0.5
0.5
0.857143
0.722222
0.0
0.0
0.0
0.166667
0.0
0.0
0.0
0.0
0.285714
0.0
0.0
0.166667
0.0
0.0
0.0
0.545455
0.0
0.0
0.5
0.0
0.444444
0.0
0.0
0.0
0.0
0.0
0.285714
0.0
0.0
0.0
0.0
0.0
0.0
0.0
0.0
0.0
0.0
0.0
0.666667
0.0
0.166667
0.0
0.0
0.0
0.375
0.0
0.0
0.0
0.545455
0.0
0.285714
0.166667
0.0
0.666667
0.0
0.6875
0.0
0.0
0.0
0.0
0.375
0.0
0.886364
0.166667
0.615385
0.285714
0.444444
0.375
0.0
0.0
0.166667
0.0
0.285714
0.0
0.285714
0.0
0.0
0.615385
0.0
0.166667
0.0
0.761905
0.5
0.0
0.0
0.0
0.807692
0.0
0.0
0.888889
0.375
0.736842
0.0
0.83871
0.0
0.0
0.444444
0.0
0.0
0.0
0.0
0.0
0.6875
0.0
0.0
0.583333
0.166667
0.444444
0.666667
0.0
0.666667
0.0
0.0
0.0
0.705882
0.0
0.0
0.0
0.0
0.0
0.375
0.0
0.375
0.0
0.375
0.782609
0.285714
0.0
0.166667
0.807692
0.0
0.5
0.285714
0.0
0.791667
0.722222
0.545455
0.5
0.0
0.583333
0.444444
0.6875
0.444444
0.0
0.0
0.0
0.285714
0.166667
0.0
0.0
0.0
0.0
0.827586
0.0
0.0
0.0
0.0
0.0
0.0
0.0
0.166667
0.285714
0.0
0.0
0.5
0.0
0.0
0.545455
0.0
0.0
0.166667
0.444444
0.0
0.375
0.545455
0.0
0.285714
0.0
0.0
0.0
0.0
0.0
0.0
0.0
0.375
0.722222
0.375
0.0
0.0
0.0
0.0
0.0
0.0
0.0
0.0
0.0
0.0
0.545455
0.705882
0.0
0.0
0.0
0.444444
0.0
0.0
0.0
0.0
0.0
0.0
0.0
0.791667
0.583333
0.0
0.0
0.0
0.0
0.0
0.285714
0.166667
0.0
0.0
0.0
0.915254
0.0
0.0
0.0
0.0
0.0
0.0
0.0
0.545455
0.0
0.0
0.0
0.0
0.0
0.166667
0.0
0.0
0.0
0.0
0.0
0.0
0.0
0.285714
0.705882
0.0
0.0
0.0
0.0
0.0
0.0
0.0
0.0
0.0
0.166667
0.0
0.0
0.0
0.5
0.0
0.0
0.0
0.615385
0.0
0.0
0.0
0.705882
0.814815
0.166667
0.166667
0.0
0.166667
0.0
0.0
0.285714
0.166667
0.285714
0.0
0.0
0.375
0.0
0.0
0.0
0.0
0.75
0.0
0.375
0.0
0.166667
0.0
0.0
0.166667
0.0
0.583333
0.0
0.166667
0.583333
0.0
0.375
0.0
0.5
0.0
0.545455
0.0
0.0
0.0
0.166667
0.642857
0.285714
0.0
0.166667
0.0
0.0
0.166667
0.5
0.0
0.0
0.0
0.375
0.375
0.0
0.772727
0.0
0.0
0.0
0.0
0.166667
0.5
0.166667
0.0
0.821429
0.166667
0.5
0.166667
0.166667
0.782609
0.0
0.375
0.285714
0.0
0.166667
0.0
0.0
0.0
0.375
0.375
0.166667
0.5
0.5
0.375
0.615385
0.583333
0.0
0.375
0.0
0.5
0.0
0.615385
0.444444
0.0
0.0
0.0
0.0
0.0
0.0
0.0
0.0
0.0
0.0
0.0
0.0
0.0
0.666667
0.0
0.0
0.285714
0.5
0.375
0.0
0.0
0.0
0.0
0.0
0.782609
0.166667
0.0
0.0
0.0
0.0
0.0
0.75
0.0
0.0
0.705882
0.583333
0.166667
0.545455
0.0
0.166667
0.166667
0.722222
0.0
0.375
0.0
0.0
0.0
0.545455
0.0
0.0
0.444444
0.0
0.0
0.0
0.642857
0.166667
0.0
0.166667
0.0
0.0
0.0
0.444444
0.0
0.375
0.705882
0.444444
0.375
0.0
0.444444
0.166667
0.444444
0.166667
0.583333
0.0
0.0
0.0
0.166667
0.5
0.0
0.545455
0.444444
0.0
0.0
0.0
0.0
0.0
0.545455
0.0
0.0
0.0
0.0
0.285714
0.0
0.666667
0.0
0.0
0.0
0.0
0.0
0.0
0.375
0.375
0.0
0.0
0.444444
0.583333
0.0
0.0
0.0
0.375
0.0
0.0
0.0
0.705882
0.0
0.0
0.0
0.375
0.0
0.0
0.615385
