0.0
0.0
0.090909
0.0
0.0
0.0
0.0
0.0
0.0
0.0
0.0
0.0
0.0
0.0625
0.0
0.0
0.0
0.230769
0.0
0.189189
0.0
0.0
0.0
0.302326
0.811321
0.0
0.615385
0.0
0.423077
0.638554
0.552239
0.0
0.0
0.0
0.318182
0.0
0.444444
0.268293
0.0
0.0
0.0
0.0
0.0
0.142857
0.473684
0.719626
0.0
0.0
0.433962
0.571429
0.411765
0.0
0.423077
0.142857
0.734513
0.318182
0.589041
0.090909
0.0
0.0
0.0
0.0
0.0
0.0
0.0
0.0
0.0
0.0
0.0
0.0
0.0
0.0
0.0
0.0
0.268293
0.166667
0.090909
0.423077
0.117647
0.0
0.0
0.0
0.0
0.454545
0.0625
0.189189
0.0
0.634146
0.785714
0.0
0.0
0.0
0.491525
0.333333
0.117647
0.0
0.0
0.0
0.620253
0.0
0.0625
0.0
0.230769
0.333333
0.577465
0.836066
0.090909
0.0
0.0
0.333333
0.0
0.0
0.0
0.0
0.0
0.0
0.0
0.708738
0.0
0.0
0.0
0.189189
0.285714
0.0
0.0
0.25
0.0
0.25
0.210526
0.0
0.0
0.847716
0.0
0.464286
0.0
0.090909
0.333333
0.491525
0.464286
0.0
0.0
0.117647
0.4
0.0
0.0
0.0
0.0
0.0
0.0
0.0
0.375
0.0
0.0
0.454545
0.090909
0.25
0.090909
0.0
0.0
0.0
0.0
0.0
0.302326
0.032258
0.473684
0.85782
0.090909
0.0625
0.0
0.0
0.117647
0.0
0.375
0.0
0.375
0.0625
0.0
0.0
0.0
0.0
0.0
0.5
0.0
0.0
0.285714
0.705882
0.784173
0.53125
0.850746
0.444444
0.0
0.0
0.0
0.0
0.0
0.813665
0.0
0.0
0.0
0.552239
0.491525
0.0
0.0
0.508197
0.896907
0.91404
0.25
0.090909
0.0
0.0
0.0
0.268293
0.625
0.117647
0.473684
0.318182
0.0
0.6
0.333333
0.714286
0.464286
0.0
0.0
0.577465
0.0
0.0
0.0
0.0
0.0
0.0
0.0
0.0
0.0
0.571429
0.0
0.0
0.230769
0.0
0.0
0.0
0.0
0.802632
0.0
0.333333
0.0
0.538462
0.693878
0.0
0.0
0.0
0.0
0.0
0.0
0.0
0.0
0.72973
0.210526
0.0
0.0
0.0
0.0
0.0
0.491525
0.0
0.0
0.375
0.142857
0.375
0.0
0.0
0.444444
0.0
0.651163
0.0
0.625
0.0
0.0
0.634146
0.662921
0.032258
0.0
0.0625
0.0625
0.0
0.090909
0.433962
0.0
0.0
0.0
0.0
0.491525
0.361702
0.0
0.53125
0.444444
0.032258
0.166667
0.302326
0.285714
0.0
0.0
0.638554
0.0
0.0625
0.4
0.705882
0.0
0.0625
0.0
0.0
0.090909
0.387755
0.166667
0.210526
0.67033
0.651163
0.0
0.902597
0.0
0.0
0.361702
0.0
0.0
0.659091
0.166667
0.0
0.0
0.0
0.423077
0.0
0.625
0.361702
0.0
0.0
0.090909
0.0
0.0
0.0
0.0
0.0
0.0
0.0
0.0
0.0
0.166667
0.0
0.0
0.0
0.032258
0.0
0.761905
0.0625
0.0
0.0
0.0
0.53125
0.482759
0.464286
0.0
0.0
0.0
0.0
0.0
0.0
0.0
0.0
0.0
0.0
0.142857
0.189189
0.0
0.61039
0.0
0.117647
0.0
0.454545
0.0
0.210526
0.090909
0.0
0.0
0.0
0.333333
0.433962
0.0
0.0
0.655172
0.0
0.210526
0.0
0.0
0.090909
0.0
0.0
0.0
0.0
0.5
0.0
0.0
0.0
0.032258
0.0
0.333333
0.464286
0.583333
0.0
0.25
0.090909
0.0
0.361702
0.0
0.0
0.0
0.0
0.444444
0.0
0.558824
0.285714
0.210526
0.210526
0.0
0.634146
0.0
0.0
0.0
0.677419
0.545455
0.0
0.423077
0.0
0.285714
0.680851
0.797297
0.0
0.0
0.0
0.142857
0.473684
0.0
0.0
0.0625
0.0
0.210526
0.0
0.912536
0.0
0.756098
0.0
0.0
0.0
0.0
0.508197
0.0
0.0
0.0
0.0
0.0
0.0
0.142857
0.0
0.745763
0.565217
0.0
0.0
0.0
0.0
0.0
0.831461
0.411765
0.777778
0.0
0.0
0.411765
0.0
0.0
0.0
0.0
0.0
0.0
0.577465
0.0
0.0
0.797297
0.0
0.0
0.166667
0.142857
0.73913
0.361702
0.268293
0.0
0.387755
0.464286
0.0
0.166667
0.464286
0.482759
0.0
0.0
0.0
0.67033
0.0
0.433962
0.333333
0.673913
0.142857
0.0
0.0
0.285714
0.387755
0.25
0.032258
0.0
0.0
0.0
0.302326
0.387755
0.0
0.53125
0.142857
0.0
0.0
0.0
0.0
0.0
0.925743
0.117647
0.0
0.433962
0.0
0.90566
0.0
0.871245
0.189189
0.0
0.53125
0.4
0.0
0.0
0.0
0.142857
0.0
0.0
0.0
0.032258
0.0
0.0
0.0
0.0
0.0
0.0
0.0
0.708738
0.0
0.0
0.0
0.0
0.0
0.0
0.0
0.0
0.302326
0.0
0.230769
0.0
0.0
0.473684
0.0625
0.52381
0.552239
0.0625
0.0
0.318182
0.829545
0.791667
0.0
0.0
0.0
0.0
0.61039
0.659091
0.0
0.0
0.090909
0.5
0.090909
0.454545
0.666667
0.117647
0.716981
0.142857
0.638554
0.4
0.142857
0.0
0.0
0.491525
0.0
0.0
0.142857
0.0
0.285714
0.620253
0.0
0.0
0.0
0.0
0.0
0.0
0.0
0.0
0.210526
0.756098
0.0
0.0
0.0
0.268293
0.0
0.638554
0.0625
0.0
0.0
0.25
0.142857
0.830508
0.090909
0.634146
0.0
0.0
0.189189
0.0
0.0
0.0
0.0
0.0
0.0
0.032258
0.375
0.0
0.387755
0.0
0.0
0.0
0.142857
0.473684
0.558824
0.347826
0.0
0.0
0.0
0.230769
0.189189
0.0
0.0
0.0
0.0
0.6
0.625
0.090909
0.0
0.142857
0.0
0.473684
0.4
0.0
0.4
0.52381
0.638554
0.0
0.836957
0.822485
0.0
0.0
0.0
0.819277
0.0
0.0
0.0
0.444444
0.0
0.0
0.0
0.0
0.0
0.0
0.74359
0.0
0.711538
0.0
0.0
0.0
0.387755
0.302326
0.268293
0.538462
0.302326
0.0
0.0
0.090909
0.0
0.615385
0.0
0.0
0.166667
0.117647
0.0
0.454545
0.705882
0.0
0.577465
0.090909
0.032258
0.0
0.0
0.117647
0.651163
0.0
0.856459
0.0625
0.0
0.0
0.868996
0.0
0.0
0.0
0.0
0.0
0.166667
0.0
0.0
0.117647
0.0
0.491525
0.0
0.210526
0.0
0.032258
0.0
0.444444
0.423077
0.0
0.558824
0.0
0.0
0.0
0.0
0.0
0.0
0.0
0.0
0.0
0.655172
0.0
0.0
0.0
0.0
0.0
0.444444
0.0
0.0
0.142857
0.545455
0.0
0.0
0.0
0.0
0.189189
0.6875
0.0
0.302326
0.0
0.781022
0.25
0.0625
0.0
0.0
0.0
0.210526
0.0
0.76
0.0625
0.142857
0.090909
0.0
0.0
0.0
0.53125
0.166667
0.0
0.0
0.0
0.0
0.0
0.318182
0.0
0.727273
0.0
0.0
0.0625
0.0
0.0
0.0
0.88189
0.0
0.268293
0.0
0.0
0.758065
0.719626
0.333333
0.76378
0.0
0.0
0.0
0.0
0.0
0.714286
0.117647
0.0
0.189189
0.0
0.829545
0.0
0.0
0.0
0.677419
0.0
0.090909
0.0
0.0
0.318182
0.0
0.0
0.0
0.4
0.0
0.0
0.53125
0.142857
0.347826
0.0
0.545455
0.423077
0.0
0.0
0.638554
0.0
0.0
0.0
0.0
0.0
0.0
0.0
0.0
0.0
0.0
0.0
0.0
0.0
0.0
0.210526
0.0625
0.0
0.53125
0.090909
0.230769
0.0
0.552239
0.0
0.0
0.0
0.333333
0.0
0.0
0.0
0.714286
0.0
0.0
0.0
0.0
0.318182
0.0
0.117647
0.74359
0.166667
0.0
0.508197
0.0
0.0
0.0
0.318182
0.0
0.0
0.166667
0.0
0.0
0.0
0.0
0.0
0.423077
0.655172
0.142857
0.0
0.0
0.69697
0.0
0.142857
0.117647
0.5
0.0
0.189189
0.0
0.189189
0.0
0.0
0.117647
0.0
0.754098
0.0
0.6
0.361702
0.0
0.0
0.0
0.53125
0.655172
0.090909
0.166667
0.0
0.0
0.0
0.673913
0.0
0.0
0.0
0.0
0.0
0.0
0.722222
0.0
0.545455
0.0
0.0
0.166667
0.0
0.0
0.0
0.0
0.0
0.0
0.0
0.0
0.0
0.0
0.189189
0.0
0.0
0.0
0.268293
0.0
0.0
0.142857
0.615385
0.0
0.0
0.0625
0.0
0.0
0.756098
0.302326
0.0
0.230769
0.827586
0.834254
0.0
0.0
0.302326
0.411765
0.0
0.0
0.318182
0.772727
0.638554
0.0
0.791667
0.387755
0.444444
0.0
0.0
0.0
0.0
0.0
0.0
0.0
0.0
0.0
0.090909
0.0
0.302326
0.0
0.0
0.52381
0.0
0.318182
0.0
0.0
0.347826
0.090909
0.0
0.166667
0.0
0.0
0.230769
0.0
0.0
0.268293
0.0
0.210526
0.0
0.268293
0.166667
0.858491
0.0
0.433962
0.142857
0.423077
0.318182
0.0
0.552239
0.722222
0.545455
0.0
0.0
0.0
0.0
0.0
0.0
0.0
0.189189
0.090909
0.166667
0.0
0.0
0.0
0.142857
0.545455
0.0625
0.0
0.734513
0.4
0.0
0.0
0.0
0.0
0.090909
0.0
0.0
0.0
0.0
0.0
0.0
0.0
0.210526
0.0
0.0
0.0
0.361702
0.0
0.0
0.0
0.375
0.0
0.67033
0.0
0.727273
0.0
0.0
0.0
0.0
0.117647
0.662921
0.0
0.0
0.774436
0.0
0.0
0.117647
0.117647
0.0
0.0
0.827586
0.0
0.268293
0.0
0.473684
0.0
0.662921
0.411765
0.142857
0.268293
0.0
0.0
0.230769
0.0
0.142857
0.752066
0.0
0.0
0.876543
0.0
0.0
0.0
0.0
0.0
0.0
0.0
0.0
0.142857
0.0
0.0
0.0
0.166667
0.0
0.166667
0.166667
0.0
0.0
0.0
0.0
0.722222
0.0
0.0
0.0
0.0
0.0
0.0
0.0
0.0
0.0625
0.0
0.230769
0.0
0.210526
0.620253
0.0
0.0
0.62963
0.5
0.0
0.117647
0.0
0.0
0.666667
0.0
0.0
0.0
0.5
0.0
0.516129
0.0
0.0
0.0
0.0
0.0
0.0
0.821429
0.0
0.571429
0.210526
0.0
0.0
0.0
0.0
0.0
0.625
0.0
0.0
0.770992
0.268293
0.0625
0.0
0.0
0.0
0.732143
0.538462
0.0
0.76378
0.0
0.0
0.0
0.0
0.0
0.0
0.4
0.583333
0.189189
0.620253
0.4
0.090909
0.662921
0.571429
0.0
0.5
0.583333
0.538462
0.605263
0.0
0.0
0.0
0.0
0.302326
0.0
0.4
0.0
0.0
0.0
0.423077
0.117647
0.0
0.4
0.0625
0.0
0.53125
0.142857
0.0
0.230769
0.189189
0.0
0.210526
0.268293
0.0
0.0625
0.411765
0.0
0.333333
0.0
0.444444
0.0
0.032258
0.0
0.0
0.0
0.0
0.0
0.0
0.25
0.375
0.25
0.0
0.0625
0.0
0.230769
0.032258
0.0625
0.0
0.0
0.0625
0.0
0.0
0.0625
0.0
0.0
0.0
0.25
0.230769
0.0
0.0
0.0
0.166667
0.0
0.0
0.090909
0.0
0.0
0.0
0.0625
0.0
0.0
0.0
0.0
0.638554
0.333333
0.482759
0.684211
0.454545
1.0
0.0
0.0
0.72973
0.508197
0.0
0.210526
0.032258
0.090909
0.166667
0.516129
0.0
0.0625
0.850746
0.375
0.583333
0.825581
0.0
0.0
0.7
0.090909
0.361702
0.0
0.0
0.594595
0.0
0.0
0.0
0.268293
0.0
0.0
0.0
0.0
0.0
0.0
0.411765
0.0
0.189189
0.0
0.0
0.0
0.464286
0.0
0.454545
0.482759
0.0
0.0
0.333333
0.73913
0.0
0.0
0.0
0.347826
0.0
0.0
0.708738
0.117647
0.0
0.347826
0.817073
0.230769
0.0
0.4
0.0
0.0
0.0
0.090909
0.0
0.0625
0.0
0.0
0.0
0.0
0.0
0.166667
0.0
0.0
0.714286
0.52381
0.230769
0.0
0.090909
0.6875
0.732143
0.0
0.482759
0.142857
0.0625
0.433962
0.0
0.411765
0.333333
0.347826
0.0
0.0
0.673913
0.516129
0.0
0.0
0.0
0.302326
0.4
0.0
0.0
0.189189
0.0
0.0
0.0
0.0
0.166667
0.444444
0.0
0.0
0.0
0.444444
0.117647
0.387755
0.142857
0.0
0.0
0.032258
0.482759
0.189189
0.25
0.6
0.318182
0.594595
0.318182
0.708738
0.0
0.090909
0.117647
0.0
0.0
0.508197
0.677419
0.230769
0.0
0.0
0.0
0.0
0.0
0.0
0.793103
0.0
0.0
0.0
0.73913
0.798658
0.0
0.0
0.779412
0.781022
0.869565
0.0
0.545455
0.0
0.0
0.0
0.117647
0.0625
0.0
0.0
0.83871
0.230769
0.423077
0.189189
0.0
0.302326
0.117647
0.0
0.0
0.0
0.0
0.0
0.210526
0.302326
0.0
0.0
0.0
0.0
0.0
0.605263
0.0
0.0
0.0
0.0
0.032258
0.0
0.0
0.722222
0.189189
0.0
0.0
0.0
0.0
0.647059
0.25
0.807692
0.0
0.0
0.0
0.758065
0.754098
0.117647
0.0
0.855072
0.0
0.0
