1.0138367453333335
1.0089543433333332
0.9046893166666667
0.9983536446666667
1.008978046
1.0097371126666668
1.0114849266666668
1.0111277386666668
0.9742358133333334
1.0240498073333333
0.991520026
1.010925444
1.0116993606666667
0.5834998433333334
0.9121053539999999
0.7192683833333334
1.0089187913333333
0.7558701013333333
0.845590844
0.799949208
1.0036142766666667
0.9292141746666667
0.9657580066666666
0.676825796
0.18867159266666667
0.8850766686666666
0.34931639133333336
1.0008079453333334
0.5798329066666666
0.35934383000000003
0.446383414
1.072535222
1.003497032
1.009808334
0.6797017353333333
1.0476552093333333
0.5538534433333333
0.7338688246666667
1.020061108
1.0028175526666667
0.9989109106666666
0.9707127946666666
0.9748439093333333
0.706246472
0.5230875546666667
0.2815135186666667
1.0008545886666667
0.7913562413333334
0.56851593
0.4327488373333333
0.5820488133333334
1.0009945453333333
0.5751700473333333
0.8608874113333334
0.222377584
0.7013622853333333
0.41067154600000005
0.8748723933333334
1.0080071573333333
1.0040131133333332
0.9626518053333333
0.9408471620000001
0.7867249093333333
0.8605855426666666
0.7372321906666666
1.0028526753333333
0.9318248926666667
0.9772171953333333
0.985875656
1.0116397866666667
0.9689389633333334
0.818260454
1.012092726
1.0060474086666666
0.736707398
0.6012118526666667
0.8442279133333334
0.5778047686666666
0.5267054959999999
0.783402912
1.0269267986666668
1.0084331706666667
1.00245476
0.5417568819999999
0.9352235293333333
0.8126096973333333
0.8966435206666666
0.36640851199999996
0.21351000666666667
1.012021182
1.0051527153333333
1.0041539546666667
0.5069004246666666
0.6679523946666667
0.8748991253333334
0.9125898619999999
0.9956804746666666
0.90114922
0.381513746
1.0014847026666667
0.9345316526666667
1.00614168
0.48064989466666663
0.664907082
0.424401786
0.16312686733333334
0.908228528
1.0176200766666665
1.012701256
0.66759939
0.9919780346666667
1.0049410473333333
1.0123074173333333
1.0127251346666666
0.9411873506666667
0.7884362953333333
1.0016014773333333
0.29069251
0.984722876
1.0093574366666667
1.007723348
0.7556506733333334
0.712899056
1.0068846813333332
0.8858251013333334
0.7518871366666667
0.8096074073333333
0.7478482519999999
0.7788851240000001
1.0083266333333332
0.9409811466666667
0.15189283266666667
0.9239171146666666
0.5297229626666666
1.01050921
0.9111378800000001
0.6615580693333333
0.5121836593333333
0.5378592280000001
1.0049998353333334
1.0113182073333333
0.8751576206666667
0.6025402693333333
0.9471023953333333
1.0060827586666665
1.0083503066666668
1.0000971686666666
0.900506824
0.971250604
1.0108778573333335
0.6155629393333334
1.0343337093333334
0.960219834
0.5454446193333333
0.9062068353333333
0.7368653893333333
0.5120890046666666
1.009701506
1.0068846813333332
1.0076997046666667
1.0083976559999999
1.0079835006666666
0.7059736666666666
0.9713494500000001
0.5227151326666666
0.14229779733333334
0.7051449366666668
0.9349385146666667
1.0056469546666666
1.00952351
0.8686880173333333
1.0051997653333333
0.59744014
0.9951613926666667
0.620606204
0.6336629233333333
1.01782506
1.0001088126666666
1.0337113519999999
1.004658962
1.0038840433333334
0.4981636
1.00600028
1.0064599746666667
0.7131298746666667
0.29195617533333335
0.19666816866666667
0.466096996
0.14942472933333334
0.519324244
1.0056234086666667
0.7716295606666665
1.0067784706666667
1.0076287806666666
1.0053056426666667
0.18677343933333335
0.9110895600000001
1.0068020713333334
1.007829758
0.45301261466666665
0.512223364
0.9906623986666667
0.9239767433333334
0.4854524006666666
0.10289873066666666
0.08616568399999999
0.7561828399999999
0.8050925153333333
0.9883598846666667
0.9528913753333333
0.9882575459999999
0.733398898
0.374924582
0.6336675979999999
0.5193996080000001
0.6793899360000001
1.006636892
0.3985364273333333
0.6649739960000001
0.28519039133333335
0.48543594
1.01043789
0.8748456626666666
0.423410208
0.8754787233333333
0.9649768686666667
1.0095353740000002
0.8654758733333333
1.0075342306666666
1.0067902706666667
1.0085278893333334
0.9528173873333333
0.930673968
0.42964495733333335
0.885715496
0.8403872846666667
0.7555642666666667
1.0029931920000001
0.9931593566666667
1.0152026986666667
1.013382244
0.19670194466666666
1.0079243633333335
0.6652314846666666
0.9758295286666666
0.461420078
0.2874349033333333
0.8600341006666666
1.0079953286666667
0.9908452346666666
0.9293448653333333
1.0029346386666667
1.0185250353333333
1.01167553
0.8269651006666666
0.26880338066666665
0.7990116540000001
0.9982376253333334
0.8842657753333333
1.01334638
1.008267456
1.0092744206666666
0.5117076866666667
1.0047647253333334
1.0100339333333332
0.6361783526666667
0.7823255546666666
0.6226981806666667
1.0039661746666668
1.0037432773333332
0.5176093733333333
1.0074278833333332
0.3221813453333333
1.0056234086666667
0.37395505533333334
0.850025688
1.0063774346666667
0.363886224
0.339682878
0.8399846073333334
1.0130237153333335
0.5846515606666667
0.7833100426666667
1.0079361900000001
0.8963628253333333
0.520870424
1.0112943953333333
1.008267456
1.009381158
1.0057175999999999
0.5053229673333334
0.6309169733333333
1.0127490146666667
0.36828736866666667
0.5580887486666667
0.9631375193333334
0.6828246893333333
0.69952886
0.7159173726666667
0.818361796
1.0047059653333335
0.3618566713333333
1.0356930506666666
0.9294051966666665
0.6082316959999999
0.29364687533333333
1.011806612
0.935406844
1.0101883493333332
0.8913032
0.8954471113333334
0.593699042
0.8177074120000001
0.7960350473333333
0.3089537786666667
0.3492397
1.0085752553333334
0.09726946533333333
0.9935039606666666
1.006094542
0.6503781606666666
1.012999822
0.9718989613333333
0.3396976546666667
0.8484221193333333
0.9779737453333334
1.001052872
1.002162376
0.47899619666666665
1.0090254539999999
0.37367037533333336
0.6309633166666667
1.0143395633333332
0.9726142566666668
0.861448588
1.0075696846666666
1.0059767173333334
0.9984000593333333
1.0069673046666667
1.0103784646666667
1.0054821539999999
0.9338712566666666
1.007510596
1.0022793093333333
0.821806706
1.00210392
0.9979476966666666
0.9780851013333333
0.8933146066666666
0.9810341013333334
0.23958026
0.5485446273333333
1.03536848
1.0214560426666668
1.009120284
0.4699474566666667
0.5253364926666666
0.5319668426666666
0.9983304386666667
1.000143746
0.9996781680000001
0.9726913513333334
0.9185622193333334
0.9822568746666668
0.7751529193333334
0.912163468
1.0071916366666667
1.0006563833333333
0.8749169473333334
0.6677187466666666
1.005752926
0.38962627333333333
1.029782964
0.8855785266666667
1.0083029620000001
0.5434259880000001
1.00343842
0.7793798113333333
0.9067138066666667
0.9784973393333333
1.0031806079999999
1.0074396986666667
0.673847202
0.575540006
1.0114491966666666
1.0035439266666668
0.34683823999999996
0.997565248
0.7876482779999999
1.0005514833333333
1.0069082866666665
0.813749014
1.0262397513333334
1.0035556506666667
0.7671228293333333
0.9991316666666666
0.493317172
0.8381568793333333
0.99357291
0.9126092526666666
0.892516374
1.0251130246666667
0.6621138933333334
0.495359764
0.415384056
0.7909481866666667
0.7551192546666666
0.891293952
0.8654671533333333
0.6415617619999999
1.0092151313333333
1.0099745553333335
0.997797
0.9972062446666667
0.557722772
0.9982608273333333
0.435213256
0.7124201393333333
0.7856384013333333
0.7964631380000001
0.8951485073333333
0.36636163000000005
1.0357679806666666
0.8070061246666668
0.9656385846666667
0.296528778
0.4543088046666667
0.8839745806666667
0.5773309893333334
1.007782462
0.7225597306666667
0.31928332
0.20195169533333335
0.9126480373333333
1.009143994
0.9785307793333333
0.7912687653333333
0.52289332
0.8801793766666667
1.0105686513333334
0.8096074073333333
1.0007496466666665
0.7959391593333333
1.0237202913333334
0.087530922
1.0276393533333332
0.24419734333333334
1.03196033
1.0308333846666666
0.8540315359999999
0.9918062320000001
0.47305569799999997
0.9970557720000001
1.0296224999999999
1.0008079453333334
0.9179438106666666
0.9528068186666666
1.0113539286666668
0.6230188426666667
1.005906036
0.2581552306666667
0.43348916466666665
1.0026887893333332
1.0033329353333333
0.9189356306666667
1.001157878
0.9974957433333334
0.16905626133333335
0.5934324413333333
0.22240694800000002
0.9993641473333333
0.8506149026666667
0.574493024
0.737187902
0.9409605313333333
0.7629732726666666
0.9411976633333333
1.0540831726666666
0.9872693680000001
0.41993892
0.9173458273333334
0.769824668
0.203100068
1.0035673753333334
0.889245594
0.85242975
0.866034318
0.233503354
0.644967458
0.461382902
1.0043418053333333
0.6031876213333334
0.5113482426666667
0.9791330893333334
0.8194547666666667
0.5393180679999999
0.5140595206666667
1.0072506879999998
1.000236914
0.9096905113333333
0.333723182
0.9982376253333334
0.5745890946666666
0.65643175
0.327875116
0.8502528600000001
1.0071562093333333
0.8648484833333333
0.711935966
0.541920938
0.7513807133333333
0.633938834
0.9402395593333334
0.9720749366666667
0.77095087
0.689030344
0.6205658526666666
1.0072743106666666
0.4668569573333333
0.8827754293333334
0.9354679653333333
0.7922612906666666
1.0100933186666665
1.0343212553333332
0.896138396
0.07440232666666666
0.6128313586666666
1.00404832
0.5667193093333334
0.9928264666666667
0.09433828266666666
0.8084796506666666
0.128828084
0.7989150473333334
1.0083029620000001
0.4686040833333333
0.6102886346666667
1.0107589093333333
0.9739707006666666
0.988268916
0.8523874566666667
1.0015781206666667
0.9471441666666667
0.9539072286666667
0.9402395593333334
1.0045767173333333
1.0034149766666667
1.000621414
1.0270004653333333
1.0070027186666666
1.0105924293333335
1.0110801326666667
0.24105466
1.0089661939999999
1.0091914180000001
1.0208976113333332
1.025247612
1.009416742
0.8313429913333332
1.0010062100000001
0.9076143606666667
0.702394586
0.8488916486666667
0.7553649426666665
1.0076878833333334
0.8707838726666667
0.521164322
0.8653712453333333
0.47629510533333336
0.44631383466666663
0.49844688733333337
1.0144593553333334
0.680417806
0.171388388
0.20869161266666666
0.880549306
0.9834939593333334
1.01579095
1.0070027186666666
0.38920611266666666
0.339829356
0.8555456106666667
1.0052938773333333
0.8907024673333334
0.5067897713333334
0.747913366
0.5436977166666667
0.33297804799999997
0.9027782019999999
0.28287442733333334
0.840790348
0.36189478399999997
0.6002539806666667
0.8270686106666667
0.9763508286666667
1.005564548
0.5070171106666667
0.9010452406666667
0.9109639526666666
0.855707542
0.9722619800000001
0.7054286879999999
0.38244287066666666
1.0107232306666667
1.0106756626666666
1.0261049039999999
1.0029463486666668
1.0027239033333333
0.9069627173333333
1.008480528
0.791254188
0.8002249393333333
0.244239698
1.0095947006666668
1.009891438
0.9806197233333334
0.7372638286666667
1.0023728753333334
0.36273223466666665
0.937336002
1.0086700006666667
0.9771838453333334
0.7475228513333333
0.8502276126666667
0.17060039466666665
0.5599769613333334
0.36636788000000003
1.0052585833333332
1.0071444006666668
0.8220819786666665
0.997032626
1.031972728
1.005211528
1.0316257046666666
1.0103665800000001
1.0011462093333332
0.61299317
0.61799869
1.010259634
0.519805062
0.926588058
0.9930101026666667
0.9972293986666667
0.8751843699999999
0.534465816
0.44500054866666666
0.6478715553333333
1.0104260046666667
0.9414452326666666
1.0106994459999998
0.7686879940000001
0.8139880593333334
0.9696499066666667
1.0049880773333333
0.9846212893333333
0.8804771006666666
0.3976250906666667
0.37756792533333333
0.6005351440000001
0.9649226699999999
0.85543485
0.9803846919999999
0.5557885653333333
0.5812453626666667
1.0120569526666667
0.605236114
0.47769894133333335
0.362997418
1.0289564926666668
0.16313895
0.17789700133333333
1.0139564186666667
0.999166532
1.0021974533333333
0.18135233266666667
1.0062123946666668
0.999724706
1.0090017493333334
0.5579654946666667
0.9856041713333334
0.99955021
1.005352706
1.0044944853333333
1.0023728753333334
1.010925444
0.2559445613333333
1.0323075786666667
0.24262062199999998
0.9997130713333333
1.004635462
0.803323164
0.6125647753333333
0.6478178093333333
0.733505362
0.46445887133333336
0.6961500413333334
0.868749516
1.0045767173333333
0.9483362139999999
0.9984696900000001
0.3825569873333333
1.009808334
1.0020922293333334
0.8219718473333334
0.8719063926666666
1.0089187913333333
0.5419756453333333
0.294820004
0.9847002993333334
0.421197042
0.5139733973333334
0.8552304453333333
0.9968706373333333
1.0112943953333333
0.873911122
0.34936043333333333
0.9998527086666666
0.14367226066666666
0.9354679653333333
0.9947349966666668
0.994193886
0.13097367399999998
0.9407132159999999
1.0041422166666667
1.0075224133333334
0.8950645613333332
1.0257985633333333
0.8261220626666667
0.8647701233333334
1.0304129593333333
0.74878699
0.866855842
0.5120340600000001
1.010271516
0.7729905326666667
1.04630254
0.6153997686666667
0.7404924519999999
0.557911136
0.57728831
1.0003300986666666
0.434521976
0.9014613013333332
1.0042126506666667
1.0010645386666668
0.9939063006666667
1.0023143946666668
0.859285616
0.9896352019999999
0.9993525206666667
0.9175908079999999
0.346094804
0.8443025940000001
1.014902832
0.9180615386666666
0.92761869
0.9831112553333334
0.553932018
0.8652317806666666
1.0050351113333333
0.8512808546666667
0.4554119466666667
1.014100064
1.003461864
1.0049763193333334
1.0100814413333332
0.7958801619999999
0.31406405600000004
1.008978046
0.4106322826666667
1.0022208393333334
0.21227535666666666
0.7586002960000001
0.9132107833333333
1.0089424926666668
0.9799596826666666
0.8694265780000001
0.796647802
1.0078534073333334
0.20757358399999998
0.6128575926666666
0.3892114033333333
0.9349690439999999
0.86078389
1.008054474
1.0306478606666667
0.46879077199999997
0.6723756086666667
1.0145552093333334
0.9687094966666667
0.8740445053333333
1.0041070033333335
0.9749102933333333
0.6861956666666666
0.7334928353333333
0.25079075866666667
0.8261220626666667
0.8742135166666667
0.9340540420000001
1.0007729653333335
1.0004233013333335
1.0067430726666666
0.11781381133333334
0.9968822060000001
0.732873294
1.0070735546666667
1.0109373413333334
0.242567182
0.2559430366666667
0.5646926113333333
0.23495251933333336
0.82211345
1.0021506846666666
0.9766505513333333
0.8879494920000001
1.007510596
0.285239636
0.8803778366666667
1.0072979340000001
0.79546743
1.0034266980000002
0.16848955666666665
1.0110206313333334
0.9999807446666668
0.9963387566666667
0.3001469153333333
0.9597906759999999
0.5931374093333333
0.8809647193333333
1.00871738
0.6363763013333333
1.0182352733333333
0.7088984006666667
0.9924479326666666
0.5912390366666667
0.9807540779999999
0.9930101026666667
0.46860919600000006
0.8555030066666667
0.47915918333333335
0.9294856506666667
0.4557550573333333
0.5863676733333333
1.0090373066666667
1.005505694
0.36076246133333334
0.98081007
0.9822568746666668
0.8947009753333334
0.9759293093333334
0.9934005539999999
0.8690659333333333
0.988997132
0.923529716
1.005752926
1.0101051966666668
0.6588535240000001
1.0120331053333333
1.0082437866666667
1.006896484
0.7708194253333333
0.5580778713333333
0.9849825813333334
0.473269418
0.6229510693333333
0.7056257106666667
0.9889174313333333
0.44557300333333333
0.9785865173333333
0.9360082153333333
1.0085278893333334
0.65537
0.9351929833333333
0.9240662013333334
1.0072270666666667
0.28534196733333334
1.002782432
0.994285948
0.9733747226666666
1.0029112193333334
0.6799492286666667
0.9982144253333333
0.8747654806666666
0.25592092266666666
0.8179176353333334
1.0119138853333334
0.4918398953333334
1.008018986
1.0137649546666667
0.8853047153333333
0.707473796
0.971854978
1.0023728753333334
0.8504801526666667
0.9694748086666667
0.9122700286666666
0.8130481106666666
1.0305242146666667
1.0085870973333333
0.56676418
0.34312524333333333
0.8755768853333334
0.8863552453333333
0.9960268306666666
0.306300954
1.0147229973333334
0.875898296
0.8755322633333333
0.5087527820000001
0.9006862246666666
0.7935640993333333
0.9854345686666667
0.8316327419999999
0.8751665366666667
0.8085100893333333
0.6650563706666667
0.9678581433333334
0.24579609933333332
1.0221731866666668
0.4008593386666666
0.6363291593333333
0.961735682
1.0080308153333333
0.988394002
0.4673115826666666
0.346797632
0.7181378926666666
0.8472254973333333
1.0048234926666668
1.0026770853333333
0.9784861933333333
0.32794521466666665
1.0111515433333333
1.0042361306666667
0.830426778
0.9977274626666667
1.0134061553333333
0.8442776986666666
0.2767242106666667
0.9476875353333333
0.45605994066666666
0.960703096
0.5931578886666667
0.8455825206666667
1.0239399446666666
0.951940976
0.9722619800000001
0.9583878646666667
0.9982144253333333
1.002665382
1.0215653726666667
1.0035439266666668
1.0036494553333333
0.9069722933333334
0.8174428393333333
1.0117112766666667
0.8448008053333333
0.875086296
0.743858968
0.9887125453333333
1.0077469926666667
0.592801758
0.3844213986666667
0.8860992346666667
1.0125102659999998
0.8265115553333333
0.9887466866666667
1.0143515413333333
0.22239370466666666
0.6961782513333332
1.0083621433333332
0.763420808
0.17219819133333333
0.16603720066666666
1.0153827033333334
0.8807840566666667
0.6987265506666666
0.5941219926666667
1.0089661939999999
0.973981744
0.683982784
0.22678018733333333
0.35603290066666665
1.0092744206666666
0.20753948066666666
0.6073801560000001
0.5543395366666667
1.005682276
1.0175236426666667
1.0267672233333334
0.9182578186666667
1.0017065980000002
0.9949423866666666
1.0028175526666667
1.0061298953333333
1.006342064
0.8906193526666666
0.8700077573333334
0.6892459633333333
0.9998759853333332
1.005211528
0.47331896599999995
0.9715911586666666
0.6834929693333334
0.850294942
0.9841362213333333
0.6448076893333333
0.8910905406666667
1.006990914
0.8451000146666667
1.0115921326666666
1.0295237780000002
0.7798468066666666
0.9182381873333334
1.0072624993333334
0.696522598
0.8697346826666666
0.7342075446666666
1.0192864453333332
0.6286636653333333
0.7225597306666667
0.10778700666666667
1.0082082853333334
0.557893018
0.6062655866666666
0.5775871993333334
0.6738842066666667
0.9690482713333334
0.450291176
0.27927662533333336
0.46004362666666665
0.89600753
0.9689498933333333
1.008978046
1.0364553433333334
1.0090610133333333
0.9014234613333333
1.009654034
0.748578178
0.916034956
0.8293924426666668
0.883438194
1.009808334
1.012379002
0.821743812
0.3883509466666667
0.3592897213333333
0.8596209826666666
0.2631228413333333
0.59569588
1.014135982
1.0130356619999998
1.0096777693333334
1.007877058
0.9068382453333333
1.0080781346666665
1.0058942566666667
0.9963503133333333
1.0121523533333334
0.8318904680000001
1.0116278726666665
1.0364553433333334
0.46442873733333334
1.0147349846666667
0.9957728126666666
1.011854286
0.6234212653333333
0.9532932253333334
0.9952997613333333
1.0117470253333332
0.6232267713333333
0.8418533253333333
0.3050662906666667
1.009416742
0.25597049266666666
1.0052232913333334
0.9718769693333333
0.8170385306666667
1.0104973226666667
0.7184802726666667
0.29369808000000003
1.001928592
1.0051056706666666
0.226445402
1.004259612
1.01043789
0.8801974146666667
0.7519200446666667
0.8849581306666667
1.0192743506666668
0.17176983466666665
1.007203446
0.7331985793333333
1.0076524206666666
0.5241376433333333
1.0080308153333333
0.33674265
0.5818004520000001
0.8500004546666667
0.7338625546666667
1.028623812
1.029696554
0.7036316013333334
1.005282112
0.8624518913333333
0.2457475786666667
1.0014029766666666
0.9727023659999999
0.12329158866666667
1.0191655106666666
1.014794924
1.009843948
0.9894870053333334
0.8217359513333334
0.970625046
1.027663942
0.9794903640000001
0.8458323086666666
1.0092151313333333
1.0079007100000001
0.7710339106666667
0.8262492033333333
1.0073924393333333
0.5381793606666667
0.8500929853333333
1.0201337933333332
1.0049175346666666
1.008409494
1.0041656933333334
0.27685174933333334
0.9687531966666667
1.01043789
0.993389066
1.0083621433333332
0.98304375
0.9184836446666667
1.0094523286666666
0.8652579266666667
0.6132601266666666
0.9984812959999999
0.780349806
1.0111158366666666
0.7755238293333333
0.38136977133333333
0.897514794
1.0068846813333332
0.3700851153333333
0.4955626666666667
0.9964543346666666
0.8748367526666666
1.0088003046666667
1.0062123946666668
0.334613676
0.8552730213333333
1.010402234
0.618114312
0.4917357193333333
0.9314005366666667
0.4857269046666667
1.0046707126666667
1.001111206
1.009250704
0.8554689273333334
0.8755322633333333
1.009808334
0.178785262
0.972823542
0.4286073693333334
0.7806263773333333
1.1791262306666666
1.0055292346666667
1.0043418053333333
0.936191838
0.7965369933333333
0.3737532946666667
1.0096421666666666
1.000737988
0.21355778000000003
0.7478547626666667
0.9349995746666667
1.035867904
1.00431832
1.0080426446666666
0.2688631166666667
0.4614374286666667
1.0111396406666666
0.23641457866666668
1.0067430726666666
1.0336989126666667
1.0074160686666667
0.865118498
0.7262925480000001
0.9058054866666666
0.603569066
0.4156674726666667
0.8141114926666667
0.32756753866666666
0.6008712066666667
0.9066755253333334
0.29188474666666664
0.42475014666666666
1.011985414
0.4985423526666667
0.41403460733333336
0.46019396799999995
0.39255531200000005
0.8137644319999999
1.0060709753333335
1.0065071466666666
1.0036729093333334
0.699170154
1.0519403600000001
0.6088093466666666
1.007829758
0.9073459233333333
0.9907766633333334
0.5780225013333333
0.8811093026666668
1.0312046326666666
0.6009552806666666
0.9418168313333334
0.865066224
0.4702793553333333
0.8454660033333333
1.0168972666666667
0.7791041226666666
0.8175595413333334
1.0041774326666666
0.7710339106666667
0.6012034373333334
1.0214317506666666
0.528640638
0.5814460173333333
1.0316752653333332
0.5752971673333334
1.0105567626666665
0.5667492226666666
1.0054468466666666
0.6734245813333334
1.01967363
0.990354016
0.86002549
1.011758942
0.967040944
0.9325228886666667
0.7447425106666666
0.618773292
0.7635022346666667
1.0065071466666666
0.9383189426666666
1.0024664586666667
0.7408053706666666
0.9661381840000001
0.6345382453333334
1.0343835306666667
1.0040365839999998
0.9250912273333334
1.009487918
1.0047999853333334
0.959737058
0.9766727599999999
0.9832012766666667
1.0019636526666666
0.764127082
0.7361202646666667
0.8142426813333333
1.004905778
1.00404832
0.846098912
1.0370058906666666
1.0190204273333334
0.603094452
1.012904262
1.0053880066666667
1.012379002
0.9308050706666666
1.0063184853333333
1.0095828346666667
1.0025483586666666
0.970493452
0.35940246666666664
0.6739106406666666
0.5195346886666667
0.3153797286666667
0.5396602813333333
0.0
1.009487918
1.0109016499999999
0.270889546
0.49031545933333337
1.0025834626666665
0.7543036546666667
0.8761305733333333
0.63422435
0.8461489186666666
0.4854331966666667
0.9960614793333332
0.887298274
0.14944656666666667
0.6134922613333333
0.4166129733333333
0.17457158666666664
1.0085397306666668
0.8910535666666667
0.3020816926666667
0.9015369900000001
0.6343836013333334
0.9120763000000001
1.009772722
0.4062183853333333
1.0050468706666666
1.0408004886666666
1.008054474
0.741880244
0.9881665966666666
1.01366925
1.0009712166666667
0.9985857633333334
1.0059531560000001
0.9302909580000001
0.4752279113333333
1.0089661939999999
0.8048435826666667
0.9240860826666667
0.9239171146666666
0.9763064413333333
0.41998203666666667
1.0098202053333334
0.5441730339999999
0.512223364
1.0007496466666665
0.9928035173333333
0.6646189893333333
0.2595020966666667
1.0017065980000002
0.8616991946666667
1.0032626246666667
0.6532567713333334
1.0009712166666667
1.0075224133333334
0.29207927333333333
0.8753181426666666
1.007888884
0.6499205253333333
0.18223840066666666
0.7790899899999999
0.9691685386666666
0.6027305226666666
1.0138247793333333
1.0114134686666667
0.7559898433333333
0.8755679606666666
1.006990914
0.8907394120000001
0.8802334933333333
0.9722619800000001
0.9966855706666667
1.008149122
0.929968668
0.6031156246666667
1.0078061093333335
0.8801523206666667
0.2851648286666667
0.47753960133333334
0.7746426240000001
0.852565118
0.7962268933333333
0.2727881313333333
0.2673626633333333
1.0084450093333333
0.510369952
0.8556308300000001
0.9294253093333333
0.5664502353333333
0.9875077126666667
0.593621088
0.6745615779999999
0.6557702566666667
1.00086625
0.85426935
0.3306504353333333
0.48385819799999996
1.0098320766666666
1.016825042
1.0360178246666667
0.6986128966666667
0.6040911553333334
0.929113668
1.0044592473333334
0.8271562166666666
0.9733526633333333
0.8050698786666667
1.0094048806666667
1.0052350553333333
0.575320286
0.5773891993333333
1.0090965746666667
1.0086581566666668
0.8047304826666667
0.5470250646666667
0.8693825813333332
0.618287826
0.8755322633333333
1.008930642
1.0013212633333333
0.960219834
0.5120645833333333
0.8219639820000001
0.74411672
0.3853336413333333
0.6804016373333333
0.4041447306666667
0.6923402399999999
0.2650290053333333
1.0088713933333333
0.9018304033333334
0.890841026
1.0116278726666665
0.8409549746666667
0.49505714733333334
0.322372386
0.708986166
1.0069555006666666
0.9189159693333333
1.015154708
0.9989573773333333
1.0062595433333332
1.0007962846666667
0.20644315666666668
0.9723060006666666
1.0064599746666667
0.8493700959999999
0.241080368
0.20192606000000002
1.0146630666666667
0.907192602
0.21976954933333331
0.21849556399999998
0.13061360866666666
0.9910967439999999
0.45171429733333335
0.9788987693333333
0.9652262613333334
0.9907423813333334
0.8747743893333333
0.603403714
1.017379026
1.0124863966666666
0.15963780333333333
0.7747963406666666
0.5752509353333333
0.821060466
0.9986554193333333
0.7023601273333334
0.817691844
1.000574792
0.8966154433333333
1.008125458
0.977506326
0.9973567626666666
0.8003516906666667
0.6954793166666666
1.004600214
1.0008079453333334
0.996523694
0.8590707753333333
0.8973647773333334
0.322169262
1.008492368
1.0014963786666666
1.0095947006666668
0.9070201773333333
0.6338218933333334
1.012247772
1.028045214
0.276811602
0.8226961066666666
0.9707457046666667
1.000283504
1.0312417726666665
0.9187488866666665
0.34909776800000003
0.662037348
0.19264867266666666
1.0092269886666667
0.9658448780000001
1.0023728753333334
0.23205126733333334
0.24583056733333333
0.8705897140000001
0.8798458046666666
0.14534773066666665
0.9976926979999999
1.0091321386666667
