1.002001054
0.98900852
1.00768079
0.99981314
1.003250908
1.005451554
0.8587461399999999
0.8842202640000001
0.726091182
1.003557996
0.616900664
0.66715244
0.99287696
0.9979778420000001
1.005152716
1.0052068219999999
1.00129325
1.003182952
1.000274186
1.121641526
1.00534094
0.771916632
1.010207358
0.440468356
1.001685572
0.81593494
0.450000554
1.00112054
0.876391584
0.9023779879999999
1.006210038
0.501735034
0.996375738
1.010751774
0.488925642
0.868962194
0.990123426
0.9985555819999999
0.908812756
1.00451563
0.60206896
0.9645954379999999
0.5868876820000001
0.8296792319999999
1.003337622
0.34299535800000003
1.006743072
0.9076143600000001
1.019431606
0.7789642320000001
0.618424926
0.999399028
0.633223834
1.002602186
1.005778834
0.6611985560000001
0.8452264119999999
1.005946088
0.9997805580000001
1.003529858
0.887377104
0.8788969600000001
1.004283094
0.987991566
0.7996230480000001
1.005338586
0.9993804260000001
1.0032649679999999
1.006509506
1.003471242
0.463726216
0.835915504
0.192501798
0.876996442
0.71032523
0.5449449519999999
0.9290413160000001
0.430098006
0.493722072
0.67816915
0.990822376
0.708776736
0.59104214
0.989993338
0.9952513279999999
1.0002019739999999
0.752406106
1.003243876
1.003236846
1.007716254
1.0184622399999999
0.381135918
1.012102266
0.891527064
1.00570818
1.007035774
1.004315972
1.003930974
1.004151608
0.7427334
1.004114046
1.0340398640000001
0.322539672
0.91043292
0.726019994
0.84617059
0.720482198
0.264861154
1.002400948
1.00692481
1.004071792
0.984007702
0.681766812
0.63103099
1.004649562
1.008156222
0.133961192
0.99907124
0.9386203799999999
1.006339706
0.0
0.731725846
0.5484857839999999
0.833907844
0.700811822
1.020892758
1.002108596
1.0047224179999998
0.295953794
0.328349114
1.003872312
0.6226259639999999
1.0054986320000001
0.5131781200000001
0.305169468
1.004729468
1.001477698
0.967962844
1.016108168
0.892870762
0.844149926
1.011523042
0.826384334
0.343288698
1.0134013720000001
0.841559708
0.846035578
0.399886346
1.006764312
0.667587976
1.005420956
1.007224704
0.635494024
1.00387935
0.651394146
0.735342652
1.0054986320000001
1.005642246
0.900353918
0.999631634
0.861835794
0.897061146
1.008760026
0.37293871
0.633685362
0.205228238
0.788892474
1.006035626
1.00678083
0.204311422
0.568068526
0.43635757999999997
1.005861276
1.000507198
1.006769032
1.002443062
0.59337669
0.946674446
1.0073522719999999
0.553868442
0.330970464
1.079815788
0.955148232
0.48132050800000004
1.000367378
1.003959134
1.004597864
0.504442806
0.619982692
0.954239968
0.80405857
0.4303195
1.00806867
1.00503276
0.464345888
0.126173646
0.995009232
1.005223292
1.005124488
0.301204426
0.11611402800000001
0.315467986
1.004933994
0.861735502
0.5895339820000001
0.35573801
0.7156549320000001
1.00593902
0.985805508
0.995855932
1.158403764
1.003145462
0.26832644800000005
0.62678841
0.554191474
0.370565352
1.018730384
1.0027145400000002
0.998098438
0.547329
0.700232538
1.016480912
0.683578908
0.94462982
1.0084189639999999
1.018708636
0.927194152
0.504720234
0.662389602
0.501706316
0.39152184999999995
0.142230364
0.995565076
0.9969076579999999
1.002071188
0.985570246
1.008532626
1.01048068
0.892779818
1.011425378
0.648966978
0.9899226019999999
0.435141384
1.0099318080000002
0.468388936
0.9934534039999999
0.590631684
0.940968778
0.92819805
1.003595516
1.002471138
0.983631356
1.005861276
1.003457174
0.982090668
0.72186508
0.9960707200000001
1.00085692
1.06331601
1.00275902
1.003541582
0.493754992
0.939885658
0.39073147799999997
0.295026974
0.262277988
0.31869245999999996
0.286879858
0.871906392
1.004886968
0.56502468
1.00882637
1.00084526
0.70821808
0.211131056
0.254246438
1.00804501
0.995992184
1.000199644
0.8906045779999999
0.80069188
1.000011012
0.54058745
1.002117948
0.979336258
0.22975479999999998
0.50140819
0.33407127400000003
0.99373153
0.9997014359999999
0.933861104
0.717804236
1.0159231
1.005960224
0.197606132
0.9189729879999999
1.0036517999999999
1.000675034
0.8395215960000001
1.19213912
1.011718426
0.688529964
1.012517426
1.003255594
0.999659554
0.9204382339999999
1.00371982
0.574241086
0.9852492039999999
0.414965068
0.847009962
1.016233188
0.76088091
0.998762246
0.802406172
1.005197412
0.7623137759999999
0.876287876
0.999757286
0.991126476
0.625106218
1.0028316019999999
0.9922782600000001
0.9988156659999999
1.0032204420000002
1.008243786
1.01152066
0.621677876
1.005505694
1.009518764
0.98399192
0.8406471759999999
0.9273422960000001
0.982012076
1.00445455
0.859710458
1.008123092
1.00399199
1.00359317
1.003980256
0.19636138
0.997220136
1.017895014
1.007078278
1.0030962620000001
1.0031524920000001
0.908024992
1.006481202
1.0053856540000001
0.755648014
1.008189352
0.84165371
0.985292148
0.9016486539999999
1.002787114
1.003877004
0.9685085299999999
1.004323018
1.006747792
0.882844384
0.999824778
1.007092446
1.00702633
0.8201307440000001
0.9994199579999999
1.009665902
0.201459208
1.006757232
1.004353548
0.7608202559999999
0.8862894
1.0059955680000001
0.281778366
0.66120161
0.998636844
0.49608125200000003
1.00456027
0.507549762
1.000588778
1.004550872
0.498076366
0.39235198200000004
0.688018188
0.882048442
0.830208472
0.979291598
0.35488969
0.85978274
0.84526467
1.0004
1.00313609
1.002784774
0.30269206200000004
0.996935426
1.0089448619999999
1.003445452
1.003862926
0.576385758
0.3352672
0.985945814
1.0035791
0.787231052
1.002342464
1.013458764
0.983687676
0.9938258059999999
0.89275755
0.5457717679999999
0.91337003
1.003543926
0.38036229
1.00232609
1.0042455240000001
0.993363792
0.48133722999999995
0.506456908
1.010873098
1.004837598
0.83395642
0.69734023
0.99999937
1.007021608
1.00345952
1.002244226
1.00061442
1.0437217760000002
0.73029751
1.005159772
1.004823492
1.006660486
1.0043347599999999
0.99948508
0.6104005220000001
1.014859666
0.37728335399999996
0.908395648
0.756277378
0.449975096
1.005380946
1.002934638
1.007704434
0.56425639
0.583655258
1.0054986320000001
0.997456362
1.000968884
1.020310704
1.00533388
0.997852636
1.003844156
1.008942492
1.006556682
1.004966914
0.863671102
1.0069318919999999
1.002190438
0.9604839580000001
1.005771768
1.004421662
0.498357242
0.431370604
0.801676776
1.00289951
0.48703781199999996
1.005486862
1.001122874
1.004959858
0.15011159000000002
0.6412485400000001
1.00438643
0.997701968
0.828405418
0.58419907
1.005724664
1.0149507979999999
0.31548212200000003
0.988824084
1.0012535679999999
1.000227596
0.848891648
1.0049692639999999
0.276255916
1.002826918
0.918843232
1.003797232
0.923497944
0.861785644
0.873760004
0.828391038
0.946935344
0.99703957
0.9983907759999999
0.86048037
0.6995368359999999
0.284681896
0.643340558
1.016976726
0.663479362
0.75099051
0.30874367999999996
0.994495454
1.0157356979999999
1.0070027179999999
0.281268876
0.9869449499999999
0.947131634
1.005818876
1.003970868
1.004053014
0.99550508
1.007366448
0.282542262
0.997558296
1.006535452
0.650794034
0.200794268
1.001353948
0.832362842
0.9002784279999999
1.006120468
0.289994754
0.289988096
1.00222084
0.893799812
1.0056799220000001
0.18824613199999998
0.7879155940000001
1.0021273019999999
0.728905666
0.99828867
0.844320852
1.006108684
0.9779715179999999
0.955330942
1.002022092
0.986090688
0.998822636
0.9986322
1.043564546
1.011365836
1.00456027
0.787150256
0.916611668
1.006375076
0.997363712
1.00287375
0.452720856
1.000751978
1.00861552
0.49669798
0.997025682
0.5275795759999999
0.633660118
1.00593902
0.984996134
1.011618342
1.005075094
0.986047674
0.6588565559999999
1.0049057780000001
0.993786714
1.001391302
0.244186236
0.510370558
0.9290573940000001
1.012920984
1.0055551299999999
0.90563359
1.002850334
1.009208018
0.8810135099999999
0.8386413119999999
1.003966174
0.995258246
1.000020326
1.005835364
1.003054094
1.007874694
0.9880347500000001
1.001650532
1.007815568
0.87286503
1.005009242
1.004858756
1.00414926
0.999452518
1.00299085
1.00268879
0.9765595039999999
0.31126740799999997
0.61755173
1.00377612
0.54409927
0.535212422
1.00318998
0.9046169079999999
0.94089869
1.079598646
1.0171429060000001
0.940894568
0.4585265
0.862909342
0.56972934
0.5919830540000001
1.006592068
1.006457616
0.241287586
0.899162652
1.004762376
1.014699024
0.767697354
1.006995636
0.981940232
1.003417322
0.330271078
1.002681768
1.00679027
0.337750252
1.002602186
1.00477883
1.00164586
0.6748838060000001
0.8508845300000001
1.003916894
1.010999212
0.451084744
0.282947106
1.0076547839999999
1.00222084
1.017482664
1.004839948
0.84274533
1.005757636
0.9363959479999999
1.005265642
1.005583382
0.979805428
0.993837304
0.9174829999999999
1.0409997780000002
0.967993386
1.0013516120000001
0.9968613820000001
1.006393942
0.777455484
1.003051752
1.006264258
1.002864384
0.311267182
1.004475692
0.9996921280000001
0.73460437
0.99761159
1.010029184
1.008797934
1.0042455240000001
0.474016344
1.003260282
0.48644758
1.004818792
1.0001414180000001
1.005868342
0.994923948
1.004520328
0.183259444
0.125245894
0.983489456
1.004670712
0.39483278
0.334690598
0.6692492499999999
1.006492994
0.920278484
1.004877564
0.36279351400000004
1.005348
0.8927278599999999
0.0
1.0036517999999999
0.6217201720000001
0.910012394
0.650917322
1.005357412
1.004769426
0.98466418
0.445745952
1.005371532
0.566037404
0.503762388
0.37960085400000004
0.505092392
1.006056836
0.213670186
0.851890398
1.006318486
0.7251949839999999
0.991078448
0.719894084
0.626219066
0.876781604
0.60107723
0.843730376
1.0012372299999999
0.8781583879999999
1.00702633
1.008461584
0.886338784
1.00555984
1.00523976
0.867573764
0.8273792959999999
0.22487611000000002
1.0079101719999999
0.911190072
0.925902906
0.981612576
0.775050806
0.985620004
1.003586136
1.134119512
1.003862926
0.99063498
0.940904874
1.016028846
0.999357172
1.00598143
1.000546822
1.005668148
0.996683258
0.942376848
0.7170911579999999
0.8519563000000001
1.144262736
0.5591225940000001
1.0039474
0.667067474
1.001136874
0.500693316
0.8252807400000001
0.327631508
0.878931134
0.8267136
1.00401546
1.0047647259999999
1.00725305
1.006639252
0.23977085
0.994988486
1.002377554
1.0033587179999999
0.3197823
1.007335734
1.011189634
1.002801162
1.00517624
0.831087212
0.920128646
0.5429272660000001
1.00245476
0.467466204
0.745616504
1.007874694
1.005809454
1.003912202
1.004067098
1.003855886
1.079712634
1.001753326
1.00323919
0.86697483
0.982735594
1.005533942
0.6701974860000001
1.0338755819999998
0.903572092
1.005628118
1.004078834
1.010806486
0.933952486
0.231449656
1.001998716
1.002684108
0.094262918
0.817525306
0.10946217400000001
0.66658399
0.258578602
1.002941664
1.00700508
0.43438047
1.0305167960000001
0.443644554
0.99805901
1.01796739
0.9994408899999999
0.647444766
0.7736616719999999
0.6247561399999999
0.9068114399999999
0.31427916
1.018923728
0.89755981
1.00598143
1.003391536
1.005169182
0.395154268
0.205615638
1.000178682
1.001550094
0.660067574
0.5818895220000001
0.8908447220000001
1.004433408
0.386168612
0.609071806
1.004760024
1.001307258
1.0022933440000001
1.003893428
0.750937988
0.889687684
0.928081718
1.001879512
1.002712198
0.7767370100000001
0.6407549020000001
1.002038458
1.00668408
0.9785352380000001
1.002824576
0.32424587200000005
0.801676776
0.264529676
1.0045391240000001
0.998794762
0.189600678
0.760207532
0.164323422
0.6525897599999999
1.030694854
1.0030353539999999
0.863004706
0.8120673359999999
0.925940834
0.585170122
0.759503108
0.957146966
0.937771928
1.005456262
1.005284466
0.524367372
1.0051621259999999
0.9249398179999999
1.007227066
0.717815034
0.726841962
0.73552021
0.43237635599999996
1.003368094
0.35710450400000004
0.9970418839999999
0.536320514
1.001627172
0.6509044979999999
0.831349428
0.08874488
0.573919572
0.319283794
1.010654258
0.323102842
1.001935604
1.014770948
0.3231043
1.002632612
1.000297482
0.33260260599999997
0.839626632
0.618528236
0.449346616
0.539928256
1.005562194
1.0009385579999999
1.00653781
0.9996223280000001
1.014917222
0.6094763000000001
1.004626062
1.001844456
1.003351686
0.519856654
0.9765439619999999
1.011847134
0.88012166
0.858866346
1.00368229
1.003349342
0.8047983400000001
0.7980614659999999
1.000772966
0.701645292
0.239648972
0.222043952
0.20454056399999998
0.842290832
0.899113712
1.0688784279999999
1.005180944
0.9517975259999999
0.984361774
0.9293710079999999
1.005343294
0.306143756
0.632597084
0.70885979
0.5184297179999999
0.696108294
0.407777288
0.503059644
0.652841714
0.30935611599999996
1.0233154
1.004750622
1.059674644
0.595222014
1.000337088
0.813873916
1.0034431080000001
0.703613158
0.8165197359999999
0.7663535739999999
1.004757674
0.9172498299999999
0.501433948
0.34569951400000004
0.599621278
1.00557161
1.006264258
0.98321253
0.998950408
0.5202867720000001
0.399024802
0.5962292619999999
0.996297156
0.8291314599999999
1.005508048
1.011747026
1.004233782
0.565861406
1.001337606
1.061421376
0.89271487
0.984797386
0.9984905820000001
0.25279964
1.00619825
1.004013114
0.332957914
0.922571556
0.6327723
0.401614258
0.233420868
0.5146163279999999
1.009039678
1.007529504
0.99607303
1.007012164
0.831095254
0.730343458
1.00271688
1.014315608
1.0035462720000001
0.426651816
1.0037080919999999
0.701515792
1.0049363439999999
1.0088216300000001
1.003018958
0.46580128200000004
0.40512635399999997
0.238763164
0.548505398
1.012923372
0.996803542
0.6094296
0.974799658
0.23003980000000002
1.0365078699999999
0.371294144
0.5887250820000001
1.005931952
1.004433408
1.070562254
1.004762376
1.000330098
1.001031874
0.45994805
