0.9929595999999999
0.99247316
0.82752117
0.99308817
0.9925511400000001
0.8261331900000001
0.9710924900000001
0.8177245399999999
1.15007827
0.62040898
0.82492409
0.9941455600000001
0.99119967
0.82708772
0.95597949
0.9920513599999999
0.38281954
0.70496438
0.96134175
0.9931111300000001
0.6186200000000001
0.99381891
0.9937499200000001
0.99446782
0.9927484400000001
0.82868353
0.9901850600000001
0.45584358
0.82689346
0.99382811
0.62073177
0.9390698199999999
0.98487191
0.9938373
1.24149226
0.9945323
0.84331787
0.99429746
0.9931295
0.62053985
0.99185433
0.90705274
0.70755188
0.99274385
0.99203761
0.82843738
0.9932627100000001
0.9938005099999999
0.70868201
0.9887626199999999
0.99334541
0.70770345
0.82802531
0.9939569
0.98081007
0.31039235000000004
0.9923814299999999
0.99237685
0.9914834
0.5019126899999999
0.49523639
0.99914561
0.9937039400000001
0.99302388
0.26159698
0.9928723700000001
0.83046853
0.16016936999999998
0.97224437
0.38278679
0.99331325
0.9939109
0.99413175
0.99229431
0.9914101700000001
0.41325816000000004
0.93000491
0.99329487
0.26232172
0.98473191
0.54944496
0.98698577
0.24834095
0.99882496
0.45046025
0.9932765
0.99372233
0.9939799100000001
0.82684888
0.99369474
0.82659427
0.9930009200000001
0.91156912
0.8106679200000001
0.9927484400000001
0.99248233
0.9934143400000001
0.99376372
0.7066927
0.9943112700000001
0.41145603000000003
0.48973066000000004
0.99351545
0.8231091899999999
0.99403972
0.82906104
0.70768013
0.9939338999999999
0.99125457
0.49680484
0.41331066
0.9844069000000001
0.7101114900000001
0.99206969
0.7116222000000001
0.9911127500000001
0.9933362200000001
0.99373613
0.99888536
0.9939523
0.49682668
0.99695163
0.9942284100000001
0.17718263
0.9939017
0.99373613
0.99356601
1.09249449
0.99202844
0.99165738
0.9919872
0.99351085
0.82658473
0.99255573
0.99459218
0.99894111
0.70908917
0.61961955
0.55363355
0.9933546
0.41151122
0.83189369
0.9932627100000001
0.99242729
0.7104262699999999
0.5523121799999999
0.63966509
0.99416397
0.99268878
0.93450522
0.41329475000000004
0.9937683199999999
0.9934511100000001
0.82674065
0.99355222
0.9930698
0.30924764
0.37969783999999995
0.71122389
0.9938557
0.9927254999999999
0.9938925000000001
0.99611461
0.71170474
0.55206512
0.99309735
0.99363497
0.38119003999999995
0.99300551
0.9938143100000001
0.45295910999999994
1.0470422499999998
0.99353843
0.9915749599999999
1.08364088
0.10319628
0.99351085
0.35407341999999997
0.18380434999999998
0.9932994700000001
0.9964658900000001
0.55113285
0.9933592
0.99305143
0.99199636
0.97552588
0.9939201
0.99147425
0.71071077
0.45127812
0.99275762
0.99044994
0.9937683199999999
0.9926383099999999
0.99321218
0.99285401
0.99259702
0.8228726399999999
0.29207371
0.10803607
0.9945691499999999
0.99330866
0.99483177
0.9898016900000001
0.71329568
0.9938143100000001
0.99142847
0.9943481
0.32535807
0.99342353
0.99182226
0.31026724
0.31018746
0.82837346
0.99315247
0.9912866
0.99233558
0.97227519
0.9913094800000001
0.98514751
0.70484638
0.70895106
0.5517941900000001
0.55179844
0.9923264
0.99298714
0.98990207
0.99302388
0.98642814
0.9942468200000001
0.9769504600000001
0.82659427
0.97002658
0.99438033
0.9115846000000001
0.61861822
0.12998847
0.99167112
0.54953635
0.99412255
0.45120795
0.99100298
0.49780907999999996
0.99321218
0.5535679
0.82321963
0.9864372
0.99010745
0.55184949
0.8249335999999999
0.38121913999999996
0.37360667
0.99104872
0.9936717500000001
0.7090212800000001
0.99089781
0.99218428
0.27547487
0.9932673099999999
0.49609558
0.9932259600000001
0.78829593
0.99320299
0.99092525
0.98258271
0.17118556999999998
0.9853599599999999
0.9922347
0.99198262
0.9890950700000001
0.61862713
0.99033118
1.01346594
0.26086515
0.99017136
0.49657394
0.94116466
0.9914147400000001
0.55101265
0.61980733
0.55300768
0.98416328
0.17718585
0.27544201
0.9926842
0.99301469
0.9904956199999999
0.99152918
0.99163907
0.22556038
0.27544060000000004
0.99253738
0.70904703
0.99261996
0.99406273
0.99382351
0.82604103
0.41373906
0.97838366
0.70921094
0.98381611
0.9818863600000001
0.9914513599999999
0.9916070100000001
0.9724336800000001
0.30628676
0.9568015400000001
0.99097097
0.62152944
0.9901576599999999
0.82485439
0.9922072
0.9927025500000001
0.99164365
0.9914147400000001
0.61861643
0.7201922500000001
0.98872165
0.70901894
0.99486864
0.7091032199999999
0.99336839
0.99229889
0.9912728799999999
0.99519137
0.9407235199999999
0.99229431
0.55191189
0.99099384
0.99328109
1.03805354
0.97564111
0.9965999999999999
0.45115013
0.99340515
0.49160064
0.9937039400000001
0.99372233
0.99277139
0.99302847
0.9920467700000001
1.05072054
0.99311572
0.99286778
0.23640027
0.20704724
0.99214302
0.45129993
0.82852687
0.9939385000000001
0.49428004000000003
0.9926933699999999
0.55190054
0.8292883500000001
1.00526799
0.99689146
0.9931341
0.99302388
0.82159762
0.99339136
0.9935016600000001
0.9912866
0.2255971
0.9927805700000001
0.6187269400000001
0.5534067
0.43182774
0.9925052700000001
0.8124775
0.8122746700000001
0.82853007
0.24381502000000002
0.31019418000000004
0.9941501599999999
0.99363038
0.62085201
0.99227597
0.21356414999999998
0.24771817
0.99406273
0.9935016600000001
0.99284942
0.29182763
0.99323056
0.99324893
0.9981796300000001
0.99525594
0.99250068
0.9924685700000001
0.95777022
0.49157363
1.10103652
0.99706272
0.99254197
0.99404892
0.9938925000000001
0.7130327900000001
0.99403972
0.9935062600000001
0.99308358
0.93893843
0.9926933699999999
0.99030378
0.99279434
0.9945230899999999
0.99307898
0.38277586999999996
0.71036517
0.99180394
0.99295041
0.9939753100000001
0.9923401599999999
0.71072017
0.9939799100000001
0.40786597
0.99366716
0.99323056
0.83014108
0.62123097
0.99259243
0.11803421
0.99354763
0.9941133499999999
0.99242729
0.9942146
0.99304684
0.9921476
0.19054936
0.9927071399999999
1.02362026
0.24782737000000002
0.12064047
1.00060743
0.99690072
0.35515614999999995
0.99521904
0.9990479999999999
0.99448624
0.82497163
0.49941712000000005
0.99336839
0.99530207
0.57287924
1.0523991700000002
0.98845769
0.82337744
0.9735093100000001
0.99229889
0.98500743
0.4962664
0.9953205199999999
0.80720026
0.98904496
0.99181768
0.13063451
0.70921094
0.99267043
0.9920742699999999
0.8055983999999999
0.35370893000000003
0.9926383099999999
0.98856235
0.99315706
1.05246106
1.19750385
0.35377711
0.99190931
0.5518367200000001
0.97110127
0.9935062600000001
0.99190472
0.7077197700000001
0.99372693
0.89803649
0.90926875
0.9886442700000001
0.99355682
1.0408055299999999
0.99427444
1.08638188
0.98240741
0.9938511
0.8267374700000001
0.75923593
0.29085846
0.99199636
0.99442638
0.7103510799999999
0.82854605
0.9917031799999999
0.22475114000000002
0.9943665199999999
0.99469814
0.9933592
0.99252362
0.99333163
0.99503459
0.99512681
0.99247775
0.99263372
0.41362989
0.41317547
0.99375912
0.99181768
0.85324599
0.53835408
0.96713893
0.97294034
0.15035147000000001
0.55188494
0.9931708399999999
0.99324893
0.49746313000000003
0.49749885
0.13958213
0.27527289
0.9766128000000001
0.9962855999999999
0.9868361
0.8054654499999999
0.9940581199999999
0.9944770300000001
0.99351085
0.9934281300000001
0.70887617
0.99216594
0.99294123
0.82880506
0.99539434
0.99341894
0.99152918
0.45119373
0.99238602
0.9932994700000001
0.49719822
0.9936625600000001
0.55258221
0.9927254999999999
0.99261078
0.9922530399999999
0.96563424
0.9939569
0.71040042
1.00459082
0.99411795
0.9737256
0.9939201
0.99410414
0.9934143400000001
0.9930101
0.99300551
0.99408573
0.9927071399999999
0.99346949
0.33103448999999996
0.9931432800000001
0.82865155
0.99432508
1.04720053
0.9965306300000001
0.61656148
0.9807025699999999
1.0299286600000002
0.99574049
0.45329087
0.9942928499999999
0.71048974
0.82668018
0.9970534600000001
0.32887887
0.9928769599999999
0.31029907
0.99369934
0.97612449
0.9912134
0.99462903
0.61933185
0.99259243
0.112119
0.8267310999999999
0.38121778
0.70799043
0.54111869
0.59981891
0.99357981
0.9757076000000001
0.8341848000000001
0.9914834
0.70811883
0.99284942
0.71005279
0.9732931100000001
0.9930101
0.38132677000000004
0.99413175
0.82498114
0.99292287
0.2363961
0.47471316
0.9801609600000001
0.99285401
1.0354209
0.18920144
1.18389105
0.9940581199999999
0.11024406
0.6204950300000001
0.260836
0.9997735799999999
0.15988198
0.99416397
0.9916024400000001
0.55259642
0.99320299
0.99218886
1.0131073499999999
0.99198262
1.0863544
0.36839098
0.99146052
0.99195512
0.41330111
0.82542507
0.54948854
0.33120195
0.99013027
0.32886477
0.9934511100000001
0.99256032
0.99222095
0.29273463
0.99409954
0.99423301
0.99478568
0.9943158699999999
0.9935200500000001
0.6215888
0.9923264
0.62074792
0.9941271500000001
0.6400082399999999
0.21563462
0.71038632
0.9964566499999999
0.8264797500000001
0.19089134000000002
0.99353843
0.49762912
0.7089042499999999
0.9920834399999999
0.22502455999999998
0.27544695999999996
0.45117004
0.49623773
0.99277139
0.41331781999999995
0.55174457
0.31023631
0.55102679
0.85919967
0.99251903
0.99323515
0.7090400099999999
0.82473084
0.9844790999999999
0.9940167099999999
0.98768484
0.99401211
0.17104977000000002
0.9954404800000001
0.99369474
0.99244564
0.88294602
0.99283565
0.93737283
0.99302847
0.8284214
0.45619703
0.9941685699999999
0.9679061299999999
0.49616090999999996
0.99200553
0.9927071399999999
0.45141282
0.98900396
0.9982538700000001
0.83586995
0.55180695
0.99403972
0.6205990299999999
0.45116056
1.00144267
0.71041922
0.9857444200000001
0.99195971
0.99873205
0.8862912300000001
0.9944309800000001
0.99249151
0.99134609
0.62070845
0.27552223000000003
0.6164499800000001
0.994606
0.99273009
1.11243798
0.9939431000000001
0.99253279
0.9938465
0.9932994700000001
0.9928769599999999
0.9779871099999999
0.99225763
0.45342965
0.29228639
1.04431308
0.99325352
0.99031748
0.55262344
0.98468224
0.99279893
0.9939109
0.9675311000000001
1.0026068700000001
0.9939477
0.99142847
0.20658555
0.41321283999999997
0.99401211
0.8689727399999999
0.85135173
0.9923401599999999
0.99254655
0.70906108
0.82847253
0.99258325
0.99315247
0.9158533
0.08403919
0.99425603
0.99409954
1.1862191199999998
0.9939201
0.9934924700000001
0.9911081799999999
0.99289073
0.44559612000000004
0.99288614
0.99297796
0.9931019499999999
0.99289991
0.99307898
0.81792075
0.9923585
0.98596166
0.99180852
1.00198002
0.9917535599999999
0.9934143400000001
0.97810292
0.7025290099999999
0.292747
0.9934327199999999
0.9922805499999999
0.98968765
0.99404892
0.9939431000000001
0.9940213099999999
0.9937821200000001
0.99455072
0.97552145
0.73725244
1.05743616
1.00786287
0.989291
0.49044872
0.9913506700000001
1.0050845
0.99378671
0.37480908999999996
0.99406733
0.99332244
0.99223929
0.2918312
0.18378862
0.82672474
0.78697574
0.9931984
0.8256789600000001
0.9914696700000001
0.9914834
0.70250373
0.82626987
0.70915239
0.9901531
1.00404597
0.6148738
0.9001595600000001
0.9904819100000001
1.01743687
0.9931111300000001
0.24576572
0.94482516
0.60781681
0.99286319
0.8285971999999999
1.06327916
0.9897925700000001
0.83112742
0.99346949
0.42802177
0.99259243
0.8149935899999999
0.41424665
0.99155207
0.62099743
0.9946751
0.49554837
0.99227597
0.43564278
0.8918714099999999
0.99399831
0.9919505399999999
0.82424652
0.35257768
0.7102406600000001
0.99309276
0.82864836
0.99450006
0.99709975
0.82584408
0.49560098
0.91660776
0.9917444000000001
0.993589
0.62081612
0.61943547
1.03650537
0.22517627999999998
0.9955512299999999
0.99271173
1.02390821
0.99020332
0.82735539
0.49580464999999996
0.83060022
0.99217511
0.17718161
0.8283255300000001
0.49633291999999996
0.8261935699999999
0.82900023
0.21467794999999998
0.99282647
0.62088971
0.7095718200000001
0.99339136
0.82917628
0.99228514
0.99357981
0.99354303
0.62093638
0.62165538
0.82713551
0.49706127
0.4975807
0.6226882499999999
0.38213765
0.41337749
0.99332244
0.56118422
1.00165754
0.49684967
0.99317543
0.38105747
0.55114134
0.99284942
0.99228514
0.9927209100000001
0.99249151
1.01675283
0.9915749599999999
0.99267502
1.26295823
0.99426523
0.94024573
0.9955512299999999
0.98579419
0.99334541
0.33115496
0.99406273
0.9858485
0.7080021000000001
0.4974251
0.62166618
0.9917398199999999
0.97945462
0.9942053900000001
0.99299633
0.9939063
0.21126149000000002
0.82660382
0.9971738299999999
0.9942192
0.9949792700000001
0.99426063
0.97369469
0.24838403
0.91830887
1.13246584
0.29182565
0.41343638
0.8264256799999999
0.45127716999999995
0.9876803
0.82831275
0.82688072
0.27550526999999997
0.9926933699999999
0.61958201
1.05340582
0.99399831
0.99217511
0.4512914
0.99462442
0.88345818
0.55179277
0.9903996899999999
0.98739874
0.9931249099999999
0.35511446
0.83401958
0.9939523
0.82663563
0.9934419099999999
0.9922347
0.9942007900000001
0.48913278
0.9934281300000001
0.69572378
0.29154238
0.5517956
0.6196428
0.98473642
0.55192182
0.8287379
0.6635859700000001
0.82472451
0.41145445
0.99383271
0.98801202
0.99238602
0.8290226300000001
0.49669452999999997
0.99299633
0.45132553999999997
0.5517389
0.9927254999999999
0.9934281300000001
0.9471671399999999
0.99154749
0.9932719
0.45122312000000003
1.17949538
0.99408113
0.99372233
0.95387757
0.7049528100000001
1.0101004500000001
0.33153021000000005
0.9927254999999999
0.99299633
0.99267043
0.81780862
1.00699327
0.98666381
0.61997553
0.62060441
0.99318921
0.99113563
0.5495476
0.4405655
0.99403052
0.99369934
0.81787402
0.61913365
0.9915337599999999
0.9940581199999999
1.0072625
0.29482486
0.99364417
0.99181768
0.99308358
0.61975188
0.98233101
1.31156855
0.3816602
