0.9783747453333334
0.880883412
0.9855476306666666
1.006896484
0.9981564286666667
1.0084568486666667
0.99533436
0.9738271573333334
1.0115444826666666
0.9351929833333333
0.9418581380000001
0.4153679873333333
1.0040013779999999
0.330765024
0.883465452
0.8170540733333334
0.8506991426666667
0.5558497053333333
0.5518431053333334
0.9318754373333333
0.9298076066666666
0.9340743559999999
0.9013856253333333
0.9918291353333334
1.003051752
0.9938488033333333
1.0034853086666666
1.0130476093333334
1.0520305433333332
1.010925444
0.9311985986666667
1.0062123946666668
0.8270925013333333
0.35852642399999995
1.013609444
1.0250518606666665
1.0107945906666667
1.033748672
0.9964890133333333
0.9977274626666667
0.8853047153333333
1.001356282
0.9468622786666666
1.010485436
0.5979933026666667
0.7965887006666666
0.512223364
1.0053762400000001
1.0052938773333333
0.44374997866666666
1.0061181106666666
1.0126176886666667
0.9979013233333334
0.971338466
0.24749576733333334
0.9841136713333334
1.0194316053333334
0.9769171253333334
1.0025249573333335
0.8971492153333334
0.6863766066666667
0.7480501426666667
0.9877916066666667
0.9690154766666667
1.0185008826666666
0.7834457826666666
0.8697170706666667
1.009333716
0.9252705920000001
0.8503201933333333
0.7480175720000001
0.9363347059999999
0.568662712
0.27422678266666667
1.0097133746666667
0.9992013993333333
0.869514586
0.9184443626666666
0.5191861339999999
0.9421680553333334
0.9066659553333334
0.9350097519999999
0.38927666466666666
0.99874831
1.0044592473333334
0.9805413673333334
1.008125458
0.38145106133333334
1.0313160593333333
0.9062928846666667
1.009938932
0.6532915493333333
0.2626738686666667
0.8087765246666666
0.083185744
0.91213441
0.97024133
0.8307399919999999
0.8271641813333334
0.27832197466666664
0.6157438506666667
0.9065511313333333
1.00600028
0.8139649200000001
0.5360433953333333
0.6334433026666666
0.6202253186666666
0.5059062853333334
0.8403543986666667
1.037344016
0.8555370893333334
1.0368056233333334
0.821060466
0.9713274826666667
1.0151667053333333
0.8413091413333333
0.5361169973333333
1.007888884
0.5477680733333333
1.0014847026666667
0.9722399713333333
1.01050921
0.623172516
0.676937806
1.006012062
0.9723500253333334
0.8251459713333333
0.6972462693333333
0.926528092
0.683590876
1.0058118086666668
0.6945739206666667
0.31215580266666665
0.5337451666666667
1.0344084426666666
0.8546603313333333
0.8167044999999999
0.5536571033333333
0.448127636
0.9989341433333334
0.7153926853333334
0.9816058453333334
1.0007496466666665
1.0054468466666666
0.850143466
0.9532191746666667
1.0021857606666666
0.704936612
0.6029589853333334
0.904413084
0.8226094433333333
1.015562772
1.0097964626666667
0.6806334606666666
0.8648920226666668
0.7631969746666667
1.0023143946666668
1.014255726
0.556011612
1.009262562
0.8548899873333333
0.9987599226666666
0.6531276300000001
1.0091558493333335
1.0037315486666667
0.7561096226666667
1.0034735860000001
1.0049175346666666
1.007676062
0.95352603
0.906178156
0.3088515806666667
0.6587726786666667
0.6952035120000001
0.7157205246666667
1.010687554
0.999817796
0.6674385853333333
0.88619065
1.0053880066666667
0.7721705973333333
1.0036494553333333
0.0
0.7435499013333333
0.20643472266666668
0.9973336033333333
0.8696290219999999
1.005140954
0.9009412853333333
0.150016584
0.8774013393333333
0.037201566
0.9999458219999999
0.67696448
0.3775463513333333
1.0111039353333333
0.719033574
0.9351420786666665
0.34288007866666664
0.7475423673333333
0.49828207933333335
0.9980984386666667
1.0111039353333333
0.9726032440000001
0.8654409946666667
0.43713567533333336
0.8458656246666666
0.15964314333333335
0.18042593866666667
0.9238078153333332
1.0103428126666667
0.41506893333333333
0.7124910493333333
1.0114849266666668
1.0111515433333333
0.8226330773333334
0.9863850940000001
0.7148985146666668
1.01004581
0.5754513266666667
1.00245476
0.6315292526666666
0.261407674
0.7090154259999999
0.38353572599999997
0.821618054
0.7666914726666667
1.0091084293333332
0.2727257733333333
0.7382078853333334
1.003497032
0.3209019166666667
1.0109135473333335
0.6676253333333333
1.0090254539999999
0.7593245226666666
0.8177930453333333
0.2707196533333333
0.4779035833333333
0.55802349
1.008054474
0.6768417953333333
0.03408804333333333
0.6994377253333334
0.8263763833333334
1.0073924393333333
0.9921728166666667
0.6153292353333333
0.644401362
0.39756804
0.6770338433333333
0.8964002413333333
0.37278818999999996
0.98946421
1.00205716
0.8135178133333334
0.8133329473333333
0.5437390153333334
0.99743783
0.763984364
1.00232609
1.0116517006666665
0.9982144253333333
0.5602435733333333
0.4504942673333333
0.7260347206666667
0.5750583826666666
0.19483125266666665
1.0075224133333334
0.9188766506666666
0.24958188466666664
0.579754638
0.8354829686666667
0.37944088800000003
0.6415473873333334
1.0150347513333333
0.705312844
0.9900458253333333
1.0091914180000001
1.0078652326666666
0.35354035266666667
0.906178156
0.7227603593333334
0.44614229866666666
0.9355800413333333
0.11250659266666665
0.8212645653333334
1.01579095
0.6997340006666667
1.0134181106666666
0.45854559266666667
1.0117231919999998
0.826241256
0.986079368
1.0023728753333334
0.9158103320000001
0.45163117333333336
0.6445560926666667
0.204135852
1.029462086
1.00877661
1.001204554
0.995703558
0.9950461146666667
0.812917306
0.5795160493333333
1.008504208
0.7330233899999999
0.8545753046666666
1.0073688113333332
1.045805738
0.07749144666666667
0.8264558906666666
0.9384317026666666
0.21592515666666667
0.7331360020000001
0.7341447953333333
0.5921887426666667
1.0126415633333332
1.0127370746666666
1.0015080553333333
0.331633378
1.005352706
0.505394322
0.7741469533333334
0.5582918733333333
0.590885206
0.4617003273333333
0.9019345639999999
0.7793515266666666
1.0324564706666666
1.0081727866666668
0.35004521666666666
1.0074515146666665
0.885085788
0.64969932
0.902560032
0.2595616906666667
0.7551723626666667
0.655580074
1.0310313500000001
0.242589788
0.8351499286666667
0.9301902186666666
1.0085397306666668
1.0110801326666667
0.80854053
0.261916198
0.695608852
0.7366063193333333
0.9952190413333333
0.6956933573333334
1.006625096
0.12791530133333334
1.0036142766666667
0.7335116253333334
0.25607579733333335
0.15453942
0.8449836306666666
0.1938905853333333
1.0153346953333333
0.5127706893333334
0.6476126806666667
0.9308151566666667
0.381219138
1.0047529726666666
0.9242551126666667
0.5453338113333334
0.5501290213333333
0.173738306
1.0352062706666667
0.827084538
1.0011812153333333
1.015863028
0.6421372786666667
0.9871445666666667
0.9176104126666668
0.9996083686666666
1.0240253913333333
0.9716021479999999
0.545864022
1.0043300626666667
1.0352686526666666
0.864656962
1.0148908413333333
1.0109730353333333
0.9595119286666667
0.7004415173333334
0.17538066666666668
0.147077092
0.9663664333333333
0.601152948
0.6589293346666667
0.9473426333333334
0.941228602
1.0064245986666667
0.259529538
0.75184107
1.01016459
1.0013446086666666
1.0237080913333332
0.995969088
1.032555756
0.9785753693333333
1.026669048
0.886519902
0.9034998626666667
0.6959413586666666
0.8311740633333333
0.9243844126666666
0.819853646
0.9948041173333333
0.2735273386666667
0.99814483
0.6356746113333334
0.5018012753333333
0.5572958033333334
0.998829604
0.999922542
0.7324108859999999
0.9845761466666666
1.00534094
0.8651794926666666
0.7791465233333333
0.44498210666666665
0.160314708
0.982773822
0.8255345439999999
0.9945507226666667
0.2541205286666667
0.9065606993333334
1.0221610233333334
0.8799088933333334
1.0230862653333335
0.8085938073333333
0.800157852
0.9996781680000001
1.0295484566666668
0.23499429866666666
0.5937770166666667
1.0266322373333334
0.39655674399999996
0.9186702806666667
1.0199642106666666
0.7710615946666667
0.655680156
1.017583912
1.0024079673333335
0.9461322386666667
0.5836901586666667
0.339774244
0.30382327133333337
0.5229601713333333
0.990856664
0.24299467333333333
1.0079361900000001
0.13632133666666665
1.0244406193333333
0.8407492013333334
0.2925886486666667
1.0032509073333333
0.9122409639999999
0.129269922
1.0192259746666668
0.25993399
0.9599837493333333
0.8175595413333334
1.0084450093333333
1.0062241813333332
0.31147553466666666
0.14766416533333335
0.7790970560000001
0.7909627526666666
1.0056351813333333
1.040384496
0.979512702
1.0119496486666666
1.003075178
0.17136445399999997
0.6316825086666666
1.0038957753333333
1.0493702013333333
0.6029843806666667
1.0095709693333332
1.0125102659999998
1.0103784646666667
1.0156228086666668
1.0104616626666667
1.0057175999999999
1.0091558493333335
0.9920926026666667
1.0042948360000001
1.0380585606666666
1.0369057473333334
0.8851131480000001
0.47314689666666665
0.617865334
0.5751315373333333
0.23072924933333336
0.48509053
1.0018351093333333
0.9988760633333333
0.992470866
0.36647885733333335
1.0089661939999999
1.0134061553333333
1.005411542
1.0045767173333333
1.0051527153333333
0.9993060173333334
0.9466848793333333
1.0065425286666667
1.014327586
1.0069555006666666
0.9120956693333333
0.89589539
0.8904347086666666
1.0072388773333334
0.5457634453333333
0.9964543346666666
0.910877014
0.644493224
1.0108897533333334
0.5265408386666667
0.40190024933333335
0.43079773866666665
1.0113539286666668
1.018211134
0.366339756
0.3144710726666667
1.004259612
0.18870392133333333
1.0175236426666667
0.8905916506666668
0.15763488266666667
0.7338437466666666
0.17220406
0.9753420073333333
1.008847696
0.6674074706666667
0.929153868
1.0151787026666665
0.8403955066666667
0.8450750726666667
0.9938373046666668
1.0017299613333333
0.23652263866666665
1.0097133746666667
0.8253600373333334
0.3737337806666667
1.0039896433333333
0.8018384166666667
0.9015843013333333
1.0220150853333332
0.6835636773333333
0.3467612333333333
1.0342963473333333
0.9999458219999999
0.6135273153333334
0.997021054
0.23536388800000002
0.301295496
0.9233609513333334
0.8800350986666667
0.338071936
1.012092726
0.7058344433333333
0.47348333133333337
0.24262199266666667
0.8810460413333333
0.3912875046666666
1.0063538539999999
0.8803237026666667
0.9708883406666667
1.0075342306666666
0.897711768
0.8498574913333333
1.000831266
1.0052585833333332
1.0087410713333334
1.0038957753333333
1.00210392
0.9735291653333333
0.6105011686666667
1.0059178153333335
1.0083266333333332
0.97172305
1.0044357566666666
1.0074869626666667
1.027368958
0.855102742
0.8754965693333333
0.9177966933333334
0.44483693133333335
0.759519226
1.0132148986666667
0.9772950213333333
1.0099151846666667
0.6956651866666667
0.860464854
0.19382977133333334
1.0070381353333333
0.9805749466666667
0.9073363393333334
0.06828632266666666
1.0033915353333334
0.6282774240000001
0.5422596166666667
1.0109492393333332
0.3462650093333333
1.0118423673333334
0.9780739646666666
1.000190328
0.917463402
0.283046866
0.9068573926666667
0.528416252
1.0024430613333335
0.3306542533333333
0.7834457826666666
0.9944931513333333
0.7401224006666667
1.0112943953333333
0.588246928
0.6231453913333334
0.7368464266666667
0.4918398953333334
1.0033563746666667
1.0051997653333333
1.0006447266666667
0.575193156
0.20524893133333333
0.7509865706666666
1.0040365839999998
0.45106911
0.9835502646666667
0.362096152
0.2542423753333333
1.017391076
0.822806432
0.150624766
1.0046119633333332
0.23063818266666666
1.0070263293333335
1.002209146
1.0113063013333334
1.0051997653333333
0.9787537706666667
0.8695321893333333
0.46712353
0.8088526813333333
0.9839333113333334
0.2135450386666667
0.8081829946666667
0.9105583799999999
0.5665996893333334
0.9522364526666667
0.8749704193333334
1.010402234
1.0047412206666666
0.8725795226666667
1.00371982
0.9064745986666667
0.6102886346666667
0.5363948613333334
0.8385578053333334
0.5438181893333334
0.39649633933333334
0.36524626
1.0032274726666666
0.512006592
0.8868585546666666
0.8645960413333333
1.0325061113333334
0.7459454293333333
0.9920811446666666
0.38160526866666666
0.7521702413333334
0.17872500066666666
0.6154262226666667
1.0009828806666665
0.20530534533333333
0.9919894899999999
0.826917336
0.6929937386666667
0.23749373333333332
1.0044592473333334
0.48413090200000003
0.15695283666666668
0.42536852799999997
1.0107589093333333
1.0396038333333333
0.9641104180000001
0.5284325053333334
0.9691248013333333
0.555587258
0.8443274906666667
1.000073882
0.21976786266666667
0.9720419366666667
0.23499494133333335
0.9069148393333333
0.8496053206666667
1.005352706
0.985445874
0.608115436
0.4675761293333333
0.8961757926666667
0.8042256900000001
1.009120284
0.4200190006666667
0.8750328106666666
0.7959244093333333
0.32486440266666666
0.429902988
1.0055292346666667
0.183165972
0.791174022
1.01350181
0.751591092
1.0023026993333333
0.319233484
1.0107232306666667
0.854915512
0.6617313453333333
0.5287642946666666
0.5692053326666666
0.5601193666666666
0.15897806466666667
0.9122603406666667
0.7226630706666667
0.7327420106666667
1.0088595446666666
0.3627904493333333
1.0383722686666668
0.901224856
0.6424014026666667
1.0282790373333335
1.0073688113333332
0.977595324
1.001893534
0.13633669866666667
0.245793286
1.0029580586666667
1.0064953533333334
1.0020805393333334
1.0178491806666665
0.122899632
0.4448507533333333
0.9845648613333333
1.0227330146666667
1.0087410713333334
0.935681952
0.912163468
0.695637018
0.22920978333333336
1.033325866
0.6913817753333332
0.8458406373333334
1.0141479546666665
1.0027356086666668
1.0165362466666668
0.6647424273333333
0.9118245753333334
0.5269736873333333
0.9169051913333333
0.999934182
0.8744983139999999
0.9988179893333333
1.0109611373333334
0.5439697166666666
0.9656820073333333
1.005411542
0.17788815933333335
1.0003300986666666
0.15190062199999999
1.008054474
0.8044290373333334
0.7405690606666667
0.7788639373333334
0.9938948006666666
0.6839991233333333
0.9130263593333334
0.5033685866666666
1.0079125366666668
0.5668801286666667
0.805077424
0.14475937733333336
0.850109812
0.9968127966666666
0.186776282
1.0045767173333333
1.0115802193333334
0.7334552573333334
0.907480122
0.9990503239999999
0.6115007573333333
0.971767022
0.8222551013333333
1.0060474086666666
0.30376955066666667
0.526631226
0.9721409433333333
1.0211403326666666
0.779705234
0.28317003133333335
0.8507328433333333
1.0054703846666666
0.9918291353333334
0.8444187906666666
0.7592305633333334
0.740620142
1.0108778573333335
0.5666594933333333
1.0143515413333333
1.0065071466666666
0.7297230253333333
0.7087697173333333
0.96673621
0.9346333353333333
1.0421263166666666
0.9970673453333334
0.9974146666666667
0.5360367046666666
0.989658006
0.2788957913333333
0.21471937800000002
1.0350815286666666
0.9705373126666667
0.29426956533333337
1.0124744633333334
0.4586459746666667
1.0037667353333333
1.0130237153333335
1.0172464966666666
0.5052130020000001
0.9731872513333333
0.143106426
0.7593647980000001
0.11564916933333334
0.166778978
0.20300886933333334
1.007782462
1.0299311286666666
0.972779474
1.0066840806666668
0.33978634
0.8794404493333333
0.8451415886666667
0.9716790826666667
1.008812152
0.9404557346666668
1.0069200893333334
0.9877916066666667
1.0378704273333332
0.7947829453333334
0.5769936046666667
1.006342064
0.6795350480000001
1.0052703473333333
0.98422643
0.9719649446666667
0.9799708619999999
0.7516897479999999
0.6002875386666666
1.027663942
1.0105686513333334
0.870572068
1.0031688926666666
0.4672175373333334
0.94089869
0.9352438940000001
0.444952142
1.0131312473333334
1.0057058246666668
0.34292114333333334
1.0244528366666668
0.8698139446666667
1.0065071466666666
1.0098676926666668
1.0149268153333335
0.313981402
1.0039896433333333
0.8205271466666666
0.9730218953333333
1.0075342306666666
0.39753492199999996
0.9700222000000001
1.0079125366666668
0.9925282040000001
0.9186211586666667
1.0177647619999999
0.7508027786666667
0.8754698006666666
0.3114597233333333
0.7505469326666666
0.85103627
0.3526926206666667
1.003321216
0.7991454560000001
0.438682746
0.9791219286666666
0.9965930633333334
0.41904368466666664
0.6179453406666666
1.0079361900000001
0.929968668
0.8893744920000001
0.44507663733333336
0.543673628
1.0059884986666665
1.005505694
0.5754243426666666
0.5602764613333333
1.0115921326666666
0.4450950866666667
0.987348804
0.43743174133333335
0.3933678586666667
0.9285612693333334
1.011794694
0.321341286
1.0036142766666667
0.6472808413333333
1.009333716
0.639355622
1.0193711173333333
0.07990525333333333
1.0114730166666666
0.8039246226666668
1.0090610133333333
0.37096895733333335
1.0048470013333335
0.7323234686666666
1.005835364
1.0117231919999998
0.8645699353333333
0.9700988846666667
0.24577289133333333
0.7708609293333334
0.94311974
0.4298083406666666
1.004306578
0.8901302139999999
0.9028825813333333
0.8003144066666668
1.0135855233333333
1.0127609546666665
0.8263127886666666
1.007309746
1.0029112193333334
1.0136214046666667
1.0047412206666666
1.001987028
0.821806706
0.28516672200000004
0.5938344846666667
0.9859888193333333
0.8966622399999999
1.0311922533333333
0.289620274
0.6312693526666667
0.29892485733333335
1.0065189399999999
0.8795575139999999
0.9061590373333334
0.2747556953333333
0.9958305326666667
1.0009362253333334
1.0040013779999999
0.6473637693333334
0.8134715893333334
1.0075460486666665
0.6284474953333333
0.41062639399999995
1.0083266333333332
1.0127609546666665
0.8274749386666668
1.0031103186666666
0.9350809999999999
0.50514764
0.6599975866666667
0.52641822
1.0051174313333333
0.9234800726666668
0.9090647453333333
0.434682492
0.5842618513333333
0.9064554673333334
0.8495381000000001
1.0332140046666667
1.0103309293333333
1.0079125366666668
0.8600685446666666
0.8497481986666666
0.8500929853333333
0.6234846153333333
0.6346366946666667
1.0082911259999998
0.9353457313333333
0.7749710933333334
1.003192324
0.709273018
0.12751767066666667
0.142595196
0.45738096000000006
0.21947980066666667
0.9055285726666666
0.570267184
1.0073688113333332
1.0123909333333332
1.0098320766666666
1.0074869626666667
0.24094106866666667
1.0029463486666668
0.5798368206666666
0.8173728346666667
0.38225396266666667
0.4614250346666667
0.5479113253333333
0.7327357606666666
1.000271856
0.8803958833333333
0.5498508280000001
0.27476009
0.9969053446666667
1.0043770353333332
0.726059268
0.7787580206666667
0.9597906759999999
0.9729227086666666
0.7130884346666667
0.9913369406666668
0.3121002286666667
0.2305973186666667
0.079224156
1.008551572
0.9421680553333334
0.8800080513333334
1.0031806079999999
0.7629868266666667
0.662542872
0.6739212153333334
0.566752962
0.9015086053333333
0.645195144
0.9643160593333334
0.9903197626666667
0.434750692
0.8965218646666667
0.285171456
0.9675419959999999
0.748532516
1.0051174313333333
0.3774899406666667
1.0121881333333334
0.9412182886666666
0.241380476
0.7191840753333333
0.8747565726666666
1.0193832139999999
0.6032808186666667
0.8405435286666667
1.0095828346666667
0.9942514226666667
1.0120450286666667
0.7556440259999999
0.8239034126666667
1.0111158366666666
0.3215325346666667
0.55802349
0.48529058866666663
1.0025834626666665
0.8768012933333332
0.8976085800000001
1.0205216213333332
0.9528490953333333
0.8001876673333332
1.002384572
0.15697061933333334
0.9707786166666666
1.001624836
0.901565376
1.0073215586666666
0.9242451680000001
1.0030986046666668
0.9536848253333333
1.0116874453333333
1.0033915353333334
0.6231770366666667
0.822751266
1.0036494553333333
1.0036025506666666
1.0211403326666666
1.011854286
0.9900686473333333
0.3974889333333333
0.6129013206666667
0.7228150953333333
0.28799866533333335
0.583741724
0.12748190266666667
0.428466268
0.8091955639999999
0.9865436933333334
0.539924862
0.7124083226666666
1.007203446
1.0016481953333334
0.826654726
0.40188520666666666
0.9637534606666667
0.9357329153333334
0.5068077120000001
0.5840513066666666
0.9650419153333334
0.8971679559999999
0.614312708
0.450515532
0.7507371606666667
0.20976129
1.0104735486666667
1.0073569980000001
0.9758960466666667
1.0089543433333332
1.0199884333333333
0.9078253866666667
1.007168018
0.254223564
0.9353762866666666
0.35952732
0.9793228586666667
1.004694214
1.0084450093333333
0.9102785526666667
0.9985509386666666
0.9994106566666666
1.0053880066666667
1.00323919
0.870801528
0.9400131966666666
0.5665249526666667
1.0018351093333333
1.006813872
0.9971946679999999
1.0316257046666666
1.082878612
0.65005824
1.0096896373333335
1.0004466046666667
1.003461864
0.9635264433333334
0.9956573926666666
1.001239564
1.00171828
0.762885184
1.0042478713333334
1.0124983313333333
0.8803958833333333
0.532580312
0.771837562
0.643816956
0.43010963599999996
0.6482186746666666
0.8500172766666666
0.8854507266666666
0.8512133693333334
0.8273075786666667
0.52323731
0.5547154133333333
1.0080426446666666
0.8130942866666666
0.891552974
1.0094048806666667
0.3979290206666667
0.20995355066666666
1.0015080553333333
0.254230336
0.7950477673333333
0.9907195273333333
0.6449384033333333
0.9908452346666666
0.30640584266666665
1.0122358433333334
0.8430265366666666
0.247477228
0.875353822
0.68427701
1.0031103186666666
0.9241159073333334
1.00877661
0.9139103306666666
0.8607407626666667
0.598493276
0.44257709533333334
1.0171380893333333
0.7596535626666667
1.0231350086666666
0.9186997566666667
0.8005456233333332
0.997634762
1.0014496753333333
0.9024272846666667
0.6540177546666667
1.0034266980000002
0.9654757833333333
0.41522543133333334
0.2919889253333333
0.40724487
0.4186617633333334
1.002653678
0.633845278
0.500293224
0.5419311946666666
0.7302937853333333
0.8322531653333334
1.00534094
0.6935028693333334
0.8603959046666667
1.0305983986666667
1.0131909973333333
0.99915491
0.9661490506666667
0.9410017626666666
0.879719654
0.18874082333333334
1.007782462
0.8274908813333333
0.6136675733333333
0.6737467813333333
0.23956021533333335
1.0106756626666666
0.9372235053333334
0.7397017566666667
1.0120569526666667
1.0108778573333335
0.3057743233333334
1.0032274726666666
0.3856935166666666
0.25598117200000003
0.525060336
1.008492368
0.9071159606666667
0.9778624140000001
0.9366512113333333
0.42851115400000006
0.9308756793333334
0.9801609566666666
0.6620832726666667
1.007676062
1.0331891500000001
1.0160192313333334
0.9913026199999999
0.9258589959999999
0.48587801466666664
1.0266567773333333
0.975175918
0.8226330773333334
0.9985277233333333
0.9961769926666666
1.0088595446666666
0.8699372700000001
1.0077469926666667
1.0087410713333334
1.008267456
0.976472916
1.0010645386666668
0.3593498433333333
1.006625096
0.933120556
0.2559720186666667
0.9651178140000001
0.8506317493333333
0.8018908140000001
0.904156054
0.8182994286666667
0.19451844666666668
0.9970441986666666
0.4921526886666666
1.0039192406666666
0.999259518
0.9722509753333334
1.007014524
1.005682276
1.0092032746666668
0.9189454613333334
0.9591048206666666
0.8856333093333333
0.8171706646666667
0.87558581
0.6258422046666667
0.5498930673333333
0.9417445533333333
1.0044475019999999
1.0079007100000001
0.9358858400000001
0.9420647266666666
1.0029580586666667
0.7836959520000001
0.330740826
0.9538966353333334
0.8230744886666667
0.6349509993333333
0.998864448
0.861154958
0.615430632
0.8454826466666667
0.534692042
0.61562029
0.46752268733333335
1.0100695640000001
0.8807389026666667
0.9997363413333334
1.005682276
1.0077706386666667
0.9929412313333333
0.40623567466666666
1.0304624033333334
0.3222889286666667
0.6622568246666667
1.016379884
0.9396635773333334
0.6460880606666667
1.0131790466666666
0.7343016893333334
0.436032862
0.968436464
0.2689717186666667
0.22376031133333332
1.0008545886666667
1.0071562093333333
0.07411933733333334
0.6417343086666667
0.852311338
0.9997363413333334
1.0070499413333334
0.47638491466666666
1.0121404273333332
1.0102121099999999
1.0107232306666667
0.749296458
0.5275692073333333
1.003532202
1.0087292253333333
0.49835435
0.504969466
0.6048908926666666
0.9481268660000001
1.0251374926666668
0.8953351113333333
0.8086775426666667
0.37178460533333335
1.0046237126666666
1.0064363906666667
0.9993408946666666
1.0079125366666668
0.6310282086666666
0.24106548333333333
0.7294070100000001
0.9065798346666667
0.258100158
1.0099270580000002
0.9352642593333333
0.5340903046666666
0.5931701766666667
0.9314813366666668
0.8449088293333332
1.011508748
0.21348241399999998
0.7553184486666668
1.0130117686666666
0.9441874973333333
0.9832462933333332
1.0014496753333333
1.0038605793333333
0.9068669666666667
0.17792721666666667
0.8865565006666667
1.0118662053333334
0.8002174846666666
1.010319046
1.0094048806666667
0.7832671873333333
1.006625096
0.9905938526666667
0.7792313393333333
0.261290786
0.6334993613333334
1.0043887786666665
0.9862378693333334
0.23651873133333334
0.821468766
0.408278496
1.011270584
0.6054195393333334
1.0104616626666667
0.8505643660000001
0.827084538
0.6180787313333334
1.0054703846666666
1.01084217
0.8809376153333333
0.849487692
0.9700769733333333
0.9774618333333333
0.7603596106666667
1.0008545886666667
0.845241382
1.0046824633333333
0.485523742
0.6799061733333333
0.471945904
0.9618218313333333
0.633564776
0.7052317753333334
0.8956711946666666
0.7154761066666666
0.8313269
1.018645818
0.8745517346666667
0.7328607886666667
0.29654618066666666
0.8759340233333334
1.0014380006666668
1.0000156686666666
0.8082134106666667
0.8321402920000001
0.9986786406666667
1.0347947373333333
1.0044475019999999
1.0119734919999999
0.9922415813333334
0.8903147313333334
0.8647527119999999
0.7957253373333333
0.840675148
0.9821108786666667
0.41115313266666664
0.519459286
0.8177385493333333
1.0036377286666667
0.9965121333333333
0.7182339666666667
1.0287839646666666
1.009938932
0.5122142006666667
1.0102239906666668
0.09331611066666666
0.30879162666666665
0.227773598
1.0107113380000001
0.15435891333333332
1.0100695640000001
1.009891438
0.37352413733333334
0.8446512806666666
0.7790899899999999
1.0484480153333333
1.030821014
0.9236687446666666
0.19060787733333331
1.0029346386666667
0.9060825706666666
0.22924159133333336
0.8090736173333333
0.6656645139999999
0.284702654
1.0044122673333333
1.0027239033333333
1.0068846813333332
1.0029580586666667
1.014794924
0.9909023846666667
0.865458434
0.23950677933333334
0.8180033133333333
0.9970557720000001
1.008409494
1.0252231386666668
0.9179928606666667
0.855792794
0.2990372453333333
0.4613705113333333
1.0033563746666667
0.9948386813333333
0.9927002566666667
0.8259314240000001
1.009843948
1.003708092
1.0060474086666666
0.8956618553333333
0.31541447
0.7120539966666667
0.6052617013333333
0.8900748740000001
0.23980900533333332
0.49319254733333334
0.3755507433333333
0.603052112
1.0064128073333334
1.0028878006666666
1.0012512346666667
1.00871738
0.69234582
0.971701066
0.840806808
0.9996665339999999
0.7412208746666666
1.0144713360000002
0.5759606406666666
0.7920640473333332
0.9349486906666666
1.0037784646666668
