25.166667
30.1
35.166667
5.0
5.1
15.1
5.033333
27.966667
5.033333
137.066667
5.033333
257.533333
827.033333
16.933333
5.233333
5.066667
10.133333
150.5
136.966667
15.266667
228.5
137.0
157.366667
161.866667
5.166667
15.3
32.4
20.133333
137.033333
15.033333
172.833333
5.1
137.0
20.166667
148.466667
14.1
425.933333
20.066667
167.233333
281.2
11.966667
5.033333
30.166667
10.066667
23.266667
151.5
15.166667
9.566667
26.066667
225.1
137.066667
20.166667
66.5
142.1
179.133333
8.133333
296.633333
154.933333
420.833333
289.133333
5.1
260.433333
15.1
20.1
10.7
5.133333
152.0
15.2
163.466667
142.033333
143.166667
10.066667
18.733333
207.4
146.9
160.566667
258.866667
147.166667
159.833333
137.166667
294.166667
152.533333
137.033333
152.033333
121.633333
147.2
142.266667
157.133333
33.233333
27.866667
274.133333
374.133333
221.4
152.1
10.133333
10.066667
274.033333
294.033333
142.0
10.1
380.866667
5.066667
577.366667
284.166667
157.2
299.033333
435.033333
137.0
136.933333
415.933333
5.0
6.5
15.0
25.1
361.133333
959.233333
547.933333
710.5
10.1
363.233333
6.733333
10.0
837.3
5.166667
144.4
10.1
33.3
55.766667
577.966667
257.3
553.266667
137.066667
198.9
137.0
154.1
64.4
137.066667
137.066667
5.1
15.133333
160.8
374.966667
136.966667
147.133333
5.066667
141.966667
142.066667
141.966667
137.0
156.9
57.9
88.5
5.0
125.0
140.2
137.0
273.833333
17.8
148.233333
125.433333
97.966667
5.1
15.433333
5.0
160.733333
147.1
15.133333
42.766667
27.733333
152.0
283.866667
136.833333
158.833333
161.966667
325.866667
171.233333
258.9
347.5
141.966667
137.2
16.966667
5.066667
136.933333
15.1
10.1
832.066667
137.1
20.066667
20.1
426.033333
20.666667
5.066667
273.866667
619.933333
15.1
5.033333
425.933333
20.166667
5.066667
137.133333
563.7
25.1
152.2
146.966667
8.333333
5.566667
137.066667
5.133333
20.6
170.733333
5.033333
274.0
10.1
43.466667
10.0
20.2
229.733333
15.0
33.333333
178.466667
5.066667
463.066667
5000
147.1
141.266667
136.966667
5.0
5.166667
179.6
203.766667
10.033333
278.833333
136.866667
157.1
136.966667
137.133333
148.866667
196.766667
16.833333
147.133333
10.066667
158.5
355.733333
5.0
133.666667
5.0
162.133333
15.0
294.033333
10.0
162.033333
15.033333
294.166667
11.633333
50.533333
105.066667
42.066667
8.9
150.433333
283.866667
159.266667
82.733333
12.4
132.466667
5.0
5.0
142.066667
243.6
127.066667
553.666667
161.566667
456.833333
266.7
187.133333
151.166667
5.1
137.0
6.9
273.9
147.0
284.066667
10.0
160.233333
137.133333
152.1
137.133333
132.266667
5.166667
152.033333
279.033333
16.4
25.166667
136.966667
142.133333
415.9
11.066667
5.0
152.066667
5.0
20.066667
137.033333
137.066667
10.033333
30.233333
30.1
5.0
175.233333
283.966667
5.066667
30.2
5.066667
5.233333
90.3
20.166667
11.666667
158.8
154.466667
188.4
224.066667
644.766667
152.3
162.0
125.2
5.866667
10.066667
109.566667
20.133333
539.9
274.133333
20.066667
5.266667
214.633333
10.0
20.0
11.466667
21.966667
54.533333
293.866667
15.066667
142.066667
10.0
278.966667
355.533333
166.166667
76.233333
25.0
6.133333
426.066667
159.766667
289.0
426.1
137.1
5.033333
410.966667
293.866667
293.866667
695.1
20.033333
547.8
141.366667
137.0
289.2
360.633333
5.0
5.1
283.966667
415.933333
7.7
596.266667
5.033333
378.266667
685.233333
5.0
136.933333
279.066667
843.533333
548.4
6.366667
137.166667
10.166667
7.1
430.9
10.0
729.9
20.133333
121.4
75.8
5.266667
5.033333
137.033333
25.133333
161.266667
76.633333
30.166667
5.233333
159.166667
5.066667
132.8
122.266667
232.766667
24.166667
137.0
20.2
15.0
137.1
10.166667
15.733333
5.0
25.2
5.033333
5.066667
15.133333
25.033333
5.033333
25.2
15.0
15.0
7.666667
8.833333
22.266667
27.066667
39.4
5.0
15.066667
165.5
60.2
199.066667
393.166667
420.766667
137.133333
142.133333
5.033333
14.833333
637.866667
289.1
15.133333
16.3
274.066667
5.133333
279.033333
150.166667
156.933333
557.166667
618.966667
137.133333
20.2
282.9
10.066667
274.0
424.466667
5.066667
20.166667
136.966667
223.5
6.433333
237.866667
290.266667
20.0
294.066667
5.2
146.966667
412.133333
156.566667
15.0
15.0
822.2
294.8
420.966667
594.466667
144.3
142.133333
5.066667
10.133333
5.133333
147.7
9.766667
152.0
289.066667
147.066667
152.066667
142.133333
5.1
5.033333
10.066667
157.066667
153.6
10.133333
60.033333
410.866667
5.066667
137.0
279.033333
557.966667
18.7
5.133333
20.0
563.033333
119.733333
20.133333
5.0
8.8
53.733333
294.666667
10.166667
136.966667
250.4
117.8
137.033333
137.433333
58.9
137.1
142.066667
159.766667
552.866667
298.966667
9.1
273.8
137.0
288.966667
137.166667
6.366667
303.033333
43.5
695.233333
5.033333
141.866667
147.133333
152.1
5.033333
172.033333
446.533333
167.266667
369.966667
15.1
279.066667
6.1
5.033333
695.1
31.333333
20.6
212.033333
64.0
10.2
32.033333
10.0
10.033333
10.0
15.233333
5.0
414.833333
376.266667
142.0
6.433333
10.166667
266.866667
199.3
5.0
5.1
137.166667
142.133333
20.2
20.1
5.0
20.0
20.066667
40.5
79.066667
254.8
15.766667
72.9
117.133333
5.066667
406.333333
5.033333
289.066667
287.9
137.066667
10.033333
167.0
46.933333
159.233333
167.2
34.033333
294.233333
318.6
208.866667
7.133333
10.033333
159.4
137.0
426.733333
108.5
137.0
142.033333
143.1
5.1
20.133333
137.1
136.966667
548.066667
152.0
5.033333
12.4
7.933333
15.066667
142.0
5.1
26.966667
47.9
128.733333
32.633333
10.0
12.133333
10.0
5.0
5.033333
250.433333
142.233333
153.866667
301.866667
130.133333
20.266667
26.533333
25.633333
228.133333
125.033333
15.0
7.4
147.166667
90.0
426.0
137.033333
142.1
349.666667
284.0
30.2
40.833333
20.133333
27.433333
91.566667
15.066667
34.8
20.4
133.533333
278.9
7.5
279.066667
5.0
136.966667
142.033333
703.5
45.833333
8.966667
162.133333
22.1
15.5
415.666667
5.1
137.2
5.1
430.933333
259.833333
10.133333
87.966667
5.033333
51.833333
273.966667
15.033333
21.633333
5.233333
6.533333
170.366667
118.3
183.833333
231.866667
80.033333
7.666667
20.066667
153.766667
30.266667
269.333333
12.766667
157.733333
155.2
432.433333
345.0
5.0
5.0
562.833333
969.1
113.1
689.933333
10.0
20.0
126.2
15.133333
291.466667
10.1
146.966667
152.066667
35.2
695.166667
675.333333
5.033333
147.166667
558.233333
137.0
273.966667
21.3
137.066667
137.066667
137.033333
791.733333
5.033333
137.033333
416.6
5.1
15.733333
6.333333
420.9
121.566667
157.066667
827.066667
157.5
606.233333
278.833333
137.033333
117.2
539.5
593.666667
137.066667
137.1
369.866667
137.1
169.833333
11.233333
685.233333
411.0
278.9
18.833333
469.6
10.733333
23.733333
251.433333
383.7
137.266667
147.233333
157.466667
145.366667
7.566667
141.966667
10.133333
380.0
147.1
137.0
572.666667
5.066667
44.533333
306.766667
5.066667
54.7
279.1
250.833333
151.466667
563.0
137.066667
5.133333
120.866667
22.3
278.933333
577.633333
841.966667
96.666667
15.1
137.066667
10.0
5.033333
274.866667
100.433333
15.233333
160.3
227.7
178.233333
253.333333
20.933333
133.166667
158.6
228.866667
5.0
284.0
136.7
414.766667
20.033333
15.1
12.233333
74.933333
146.866667
10.166667
147.066667
136.8
137.0
142.1
40.7
5.066667
152.166667
17.666667
162.033333
296.3
10.1
5.1
352.666667
5.0
39.3
10.1
10.4
5.0
294.866667
279.066667
10.733333
278.966667
320.7
216.3
5.066667
10.1
151.933333
5.133333
10.033333
25.066667
5.033333
10.033333
20.1
5.1
9.466667
15.266667
5.033333
5.0
10.366667
415.766667
559.466667
9.633333
227.7
531.533333
284.0
142.066667
37.133333
20.133333
20.0
157.6
233.0
291.4
5.0
136.966667
142.333333
5.0
157.866667
5.066667
8.266667
24.066667
199.633333
91.433333
151.733333
5.066667
29.433333
152.9
45.066667
178.533333
279.1
172.9
146.1
25.1
42.9
143.066667
271.533333
124.266667
5.066667
5.0
153.666667
20.033333
8.8
5.033333
162.2
152.066667
689.7
141.966667
378.233333
142.033333
142.0
167.133333
5.0
161.933333
158.666667
121.033333
5.066667
5.0
283.966667
279.0
289.033333
827.233333
5.033333
152.366667
20.133333
168.2
12.633333
229.633333
10.366667
162.033333
152.0
141.966667
167.0
147.066667
224.2
172.6
165.066667
5.0
157.0
5.1
136.966667
5.3
5.1
136.933333
10.0
203.4
31.1
137.0
5.166667
147.0
31.4
162.133333
20.133333
40.066667
268.133333
243.9
15.0
37.666667
99.466667
219.266667
147.0
5.133333
307.4
448.866667
483.433333
152.1
443.666667
10.066667
5.0
10.0
5.066667
262.533333
127.966667
466.533333
554.666667
5.033333
10.0
356.866667
289.4
5.0
5.0
107.8
142.1
300.633333
11.266667
5.1
401.7
435.066667
5.133333
137.133333
10.033333
283.9
5.0
240.033333
415.933333
15.133333
148.866667
18.433333
136.966667
116.733333
410.8
289.0
10.066667
97.666667
257.133333
15.1
5.033333
152.2
136.9
289.066667
148.9
15.033333
10.033333
148.733333
10.1
137.066667
11.233333
10.066667
165.3
147.0
146.833333
428.533333
685.2
112.533333
162.066667
147.133333
15.6
10.066667
279.033333
137.1
5.0
162.266667
25.0
219.233333
284.1
152.666667
15.0
426.966667
153.4
5.033333
142.133333
563.3
123.4
5.0
21.833333
18.133333
37.033333
10.066667
605.6
167.8
10.066667
102.833333
29.933333
162.166667
32.033333
137.0
152.133333
274.133333
142.033333
167.133333
154.9
5.0
146.966667
10.2
136.966667
15.1
827.166667
137.066667
32.733333
21.6
11.033333
136.933333
93.966667
30.1
288.333333
137.033333
137.1
157.2
77.533333
405.1
275.6
407.166667
81.966667
355.1
558.233333
10.066667
5.0
237.466667
690.1
431.033333
162.133333
10.0
309.233333
15.033333
137.0
137.133333
157.0
8.4
139.6
157.0
20.033333
5.1
38.333333
119.9
5.033333
15.066667
10.066667
5.0
147.0
57.666667
11.8
10.0
25.1
27.333333
5.1
65.8
156.933333
22.1
5.2
118.066667
11.166667
5.1
153.733333
199.466667
5.333333
5.033333
284.266667
140.8
421.0
150.433333
268.366667
227.433333
129.066667
137.0
152.066667
5.133333
16.9
7.1
168.166667
5.1
20.3
140.066667
5.0
15.066667
10.3
44.533333
79.533333
10.133333
44.233333
10.033333
252.9
416.033333
18.566667
20.533333
10.233333
35.266667
5.033333
150.833333
5.0
226.866667
147.033333
5.0
304.9
5.033333
431.0
17.1
20.666667
313.766667
5.1
10.066667
287.766667
5.066667
165.9
5.033333
10.133333
5.0
11.5
40.333333
14.666667
117.166667
20.033333
147.066667
142.1
136.966667
17.5
135.2
166.133333
5.033333
137.0
20.1
79.066667
285.866667
20.166667
154.966667
137.133333
141.966667
10.1
5.033333
158.366667
353.866667
826.8
498.033333
5.0
58.4
684.9
15.0
695.066667
958.966667
137.1
5.0
61.7
20.033333
13.333333
326.633333
20.1
15.533333
27.633333
15.066667
5.0
167.033333
23.766667
14.0
10.066667
10.333333
235.7
142.0
5.033333
5.1
287.1
148.233333
157.7
25.466667
12.333333
48.866667
5.0
23.366667
13.566667
132.3
5.0
5.1
5.066667
134.366667
284.066667
103.466667
16.633333
147.4
289.633333
349.666667
341.233333
273.966667
8.433333
287.933333
157.433333
243.766667
399.133333
84.566667
137.1
606.333333
5.0
557.933333
827.0
147.033333
827.2
142.0
153.466667
152.166667
5.1
151.2
5.1
278.966667
136.966667
137.1
5.0
568.266667
5.066667
15.866667
15.0
295.233333
142.0
150.766667
415.8
826.866667
274.1
137.0
20.033333
274.133333
294.033333
273.933333
257.166667
959.033333
292.2
10.1
294.166667
25.133333
20.033333
81.266667
15.966667
15.066667
9.733333
161.966667
5.066667
147.1
141.966667
157.133333
142.0
5.033333
149.733333
497.0
415.833333
5.1
15.166667
155.866667
499.4
222.8
163.366667
142.1
259.066667
137.1
421.2
152.033333
147.166667
9.833333
20.466667
5.233333
10.166667
13.433333
146.9
432.933333
5.1
425.966667
327.566667
27.533333
152.066667
141.933333
15.133333
137.2
134.2
84.0
253.766667
10.233333
296.966667
141.966667
29.233333
137.033333
15.366667
62.866667
116.533333
162.066667
51.166667
109.533333
5.033333
249.366667
5.1
137.033333
167.233333
5.066667
327.866667
297.466667
172.4
137.133333
441.533333
18.066667
288.9
5.066667
294.1
143.866667
142.033333
6.333333
131.366667
398.533333
137.0
161.433333
314.2
5.033333
428.8
25.133333
279.0
146.966667
162.433333
86.9
198.3
5.033333
141.966667
172.133333
173.9
354.066667
696.1
5.133333
67.8
699.066667
288.9
152.166667
150.9
5.033333
284.066667
5.033333
15.033333
20.066667
137.266667
15.0
5.1
152.0
5.033333
575.0
582.633333
46.6
5.066667
414.9
5.033333
268.766667
426.0
15.1
283.966667
6.7
20.166667
20.1
142.033333
245.166667
283.933333
10.0
137.0
933.1
241.0
822.466667
151.766667
146.966667
5.133333
137.066667
142.033333
142.966667
10.033333
152.266667
162.033333
167.166667
147.1
319.6
5.166667
185.833333
551.166667
10.033333
23.933333
136.833333
10.033333
31.833333
137.266667
51.133333
15.066667
274.066667
10.033333
279.066667
10.133333
20.766667
5.0
136.966667
157.6
293.933333
435.966667
366.033333
5.066667
177.833333
267.966667
392.8
685.133333
158.733333
36.1
147.133333
137.066667
540.4
5.133333
10.066667
20.0
162.633333
152.066667
142.033333
15.0
301.2
137.033333
284.0
15.166667
267.866667
142.066667
142.033333
137.0
137.066667
5.1
20.166667
164.9
128.333333
5.066667
137.0
341.1
760.466667
137.0
141.966667
65.5
289.166667
258.333333
136.933333
87.766667
5.0
5.033333
147.033333
134.166667
147.033333
5.0
20.0
152.166667
137.033333
57.6
239.066667
5.1
78.266667
66.6
60.7
34.433333
13.933333
31.033333
288.733333
137.0
5.066667
161.966667
959.0
137.0
160.066667
146.966667
