15.24
5.2
15.14
20.12
80.8
312.62
157.08
10.08
137.1
827.08
15.1
5.04
162.14
25.06
20.1
25.22
25.08
152.08
10.04
5.04
138.3
141.84
5.12
10.16
151.96
5.04
137.0
146.88
5.1
15.12
5.1
244.6
226.98
20.06
392.8
5.14
136.98
5.16
476.76
289.1
302.92
5.06
547.56
25.1
654.84
289.08
36.14
796.56
142.0
324.78
46.66
15.08
5.06
151.98
553.38
238.6
817.16
137.22
5.1
137.08
142.02
142.14
557.92
15.04
5.02
847.08
5.08
287.16
279.46
28.08
142.1
5.02
284.32
5.1
20.1
20.06
151.88
20.2
278.98
5.1
137.02
299.08
626.62
74.1
110.4
152.06
583.72
363.88
162.08
5.08
5.12
20.08
34.34
315.3
57.36
15.02
151.94
277.62
657.66
57.62
20.1
199.72
15.1
157.08
10.04
147.66
147.06
142.18
744.8
5.04
10.06
416.02
426.0
10.06
5.08
22.72
147.14
136.92
142.02
157.04
200.66
10.04
5.02
136.94
92.48
34.52
54.86
10.08
13.74
177.98
10.1
141.14
232.44
245.2
822.18
552.78
420.9
352.46
291.36
304.0
25.06
415.92
137.06
5.02
167.0
123.92
10.02
136.96
10.06
136.96
5.06
195.16
5.1
54.7
10.08
296.94
137.0
293.4
162.3
162.04
10.06
32.74
233.42
15.1
157.08
682.0
147.04
695.3
10.06
826.56
142.02
136.84
284.0
5.04
23.82
27.48
10.04
10.08
20.04
10.04
5.06
5.06
5.08
5.08
152.12
113.94
50.02
147.48
206.62
56.98
5.04
435.94
20.14
285.04
436.86
437.2
137.0
225.26
15.04
147.12
145.26
146.92
5.08
5.02
420.9
410.94
274.06
124.16
5.06
381.78
425.94
15.06
353.28
273.7
684.94
142.06
832.06
279.02
244.52
278.84
141.96
284.08
5.02
5.02
142.02
147.26
5.08
187.38
20.1
5.04
136.98
10.1
283.96
160.7
283.98
20.08
15.06
5.06
137.08
25.12
142.0
104.7
23.32
248.3
151.76
15.04
5.08
141.86
86.0
20.1
35.1
20.08
10.06
5.12
5.06
5.16
25.08
144.24
162.02
137.02
15.06
147.08
25.04
5.06
237.7
152.02
137.06
136.96
5.08
274.04
11.1
425.98
152.12
136.98
283.94
25.1
147.08
274.06
147.02
15.04
132.04
41.92
45.2
20.1
325.16
5.04
136.9
10.08
5.06
147.02
82.04
5.06
690.48
6.02
10.76
199.9
151.94
5.02
251.86
10.04
285.94
15.1
35.14
152.04
306.86
137.24
137.16
32.18
5.06
48.44
547.54
15.08
137.08
10.06
177.0
202.56
463.3
229.0
126.36
137.04
152.12
137.04
137.08
5.08
690.1
167.06
170.46
238.86
134.56
694.92
572.14
5.06
305.96
66.72
288.92
10.08
5.2
151.86
25.1
137.08
266.9
147.06
157.08
162.06
5.02
5.04
25.16
215.76
46.38
409.68
5.08
25.06
152.08
15.12
39.52
15.04
20.1
20.06
5.04
15.06
10.02
136.9
134.62
137.06
137.08
415.62
237.2
484.62
137.12
134.72
911.82
279.1
204.84
278.96
152.06
152.04
283.86
152.04
103.12
167.04
278.78
10.08
151.96
30.04
5.04
15.08
10.14
15.86
172.8
152.42
33.04
288.96
26.26
288.9
5.06
5.04
147.0
5.08
142.02
10.06
10.04
71.48
136.88
60.82
275.48
141.94
5.14
372.42
5.06
5.06
30.06
137.0
284.38
137.04
15.08
294.02
152.06
71.02
293.1
227.12
425.9
180.86
10.08
10.04
5.04
81.38
140.76
11.16
98.76
190.0
159.5
147.0
5.02
10.0
96.2
240.14
5.06
428.14
10.08
147.12
147.06
142.16
273.74
15.06
5.06
136.94
322.96
15.02
279.02
437.08
5000
152.1
5.02
157.16
5.1
279.0
146.98
274.08
259.9
401.62
301.46
17.64
137.04
10.0
57.78
721.62
832.32
690.24
5.02
24.46
157.06
136.94
176.4
5.04
278.82
5.06
195.8
320.72
5.06
10.04
282.06
146.98
156.1
695.14
175.1
242.5
15.06
15.06
169.5
160.62
165.56
167.08
145.58
20.06
10.06
157.06
137.0
151.96
10.08
137.02
137.0
266.66
136.9
157.1
572.98
10.08
10.94
6.44
272.82
312.42
5.02
10.06
10.08
10.04
676.64
10.02
299.1
152.14
268.94
162.18
26.7
283.86
160.04
968.16
274.04
538.62
273.96
699.96
142.12
52.42
20.08
88.82
11.48
20.12
113.86
25.1
5.08
11.54
30.12
229.82
152.06
279.36
5.02
18.88
137.14
5.06
10.06
236.0
124.32
35.14
30.16
263.98
137.02
5.06
194.02
309.04
6.64
415.66
5.04
5.08
10.14
15.02
136.98
162.06
5.04
5.06
151.96
351.78
334.7
278.92
93.58
15.02
135.92
25.06
157.1
460.68
20.06
157.04
141.98
5.08
147.1
8.54
695.08
5.08
124.42
5.04
162.02
5.04
20.12
5.06
137.06
10.1
30.1
5.06
170.3
5.04
142.0
142.1
420.94
147.04
106.34
147.06
136.86
311.7
5.06
152.12
137.0
21.96
136.68
5.08
341.26
136.82
108.2
278.96
67.8
82.74
137.18
836.82
162.08
10.06
142.12
657.0
10.02
5.2
5.02
229.88
278.52
279.12
273.64
137.06
273.92
160.52
20.04
15.08
133.84
15.08
553.06
337.9
265.46
102.94
137.04
8.9
36.46
5.06
121.06
299.14
352.5
10.1
284.0
157.06
15.06
156.96
147.04
154.52
289.08
5.08
5.12
283.92
283.48
137.02
15.1
294.06
273.9
274.0
20.06
147.04
283.92
142.02
15.08
436.02
5.1
512.72
5.04
142.02
284.0
280.88
141.94
5.04
137.06
136.96
5.1
142.0
180.42
5.82
272.6
7.88
294.28
15.62
137.06
5.02
563.26
25.12
5.04
5.06
5.06
162.2
25.12
162.06
157.02
700.18
36.48
10.0
25.1
274.06
336.26
176.04
5.08
59.22
289.08
137.12
294.12
154.46
147.06
142.12
136.98
821.2
10.06
119.36
25.06
284.0
175.68
47.42
30.1
57.48
10.1
5.04
10.06
20.08
5.04
5.06
284.0
152.08
7.36
8.94
5.04
9.44
89.02
152.12
15.06
20.12
196.22
25.08
5.0
15.1
5.04
151.94
146.98
152.3
107.86
25.86
5.04
10.06
13.94
15.06
152.7
283.88
25.08
146.98
5.02
15.6
15.08
515.14
10.18
5.04
262.74
5.1
121.74
5.06
10.78
5.1
139.78
137.0
141.98
147.06
5.02
25.06
10.12
20.1
274.0
826.46
15.06
11.76
141.98
162.1
137.06
31.08
20.12
227.54
203.56
316.54
206.34
416.02
147.08
15.04
695.22
96.06
137.08
5.04
672.34
30.08
403.6
20.12
17.7
142.06
45.08
216.68
15.1
5.04
5.04
5.02
10.04
215.78
20.1
27.58
142.02
5.08
260.9
194.86
10.08
5.06
137.0
162.16
224.66
494.22
20.12
92.16
151.98
151.96
84.3
273.94
136.5
147.0
142.04
10.06
10.04
15.06
5.04
5.04
503.44
137.14
15.06
152.06
162.1
137.12
147.68
5.04
151.96
5.04
15.04
694.94
137.04
15.1
161.96
10.02
20.14
147.02
826.84
157.1
25.04
106.66
15.08
167.12
99.44
35.76
142.88
25.06
137.06
437.46
387.96
5.04
328.96
5.02
152.04
152.0
308.22
25.1
284.0
88.26
695.38
690.22
26.18
380.7
351.66
10.06
57.48
278.92
242.08
137.1
136.84
152.0
369.1
152.3
289.08
5.08
279.02
20.08
289.04
15.14
142.0
30.14
119.66
107.58
137.0
5.02
137.08
108.88
217.1
25.14
15.06
20.08
142.06
5.02
180.7
142.06
344.78
293.94
147.04
161.96
136.98
5.06
10.06
274.0
293.96
152.08
175.26
282.96
5.06
317.62
310.12
5.04
333.22
394.14
303.96
20.1
137.04
142.14
137.02
20.14
136.96
278.98
137.06
283.94
136.96
299.66
5.02
157.12
5.06
246.66
137.0
30.14
14.3
35.12
15.42
308.94
80.28
5.06
157.12
152.02
141.36
5.14
15.1
20.14
10.04
157.14
420.9
152.0
273.96
162.1
137.0
181.98
54.3
137.0
146.96
162.6
245.78
