10.4
30.4
15.4
20.2
5.0
10.2
827.2
284.4
10.0
5.0
10.2
142.0
5.2
161.2
5.2
5.4
152.6
50.0
5.0
10.0
5.0
5.0
10.2
5.0
157.0
189.4
11.6
20.0
20.2
20.2
20.0
5.2
15.2
5.0
143.8
142.2
298.8
268.2
207.8
166.8
5.0
5.0
243.6
62.8
5.0
157.0
10.2
142.0
5.0
152.0
137.0
25.0
563.2
152.0
152.2
5.0
156.8
130.8
147.2
172.4
142.0
274.0
5.0
5.2
5.0
141.8
169.0
10.0
152.0
279.0
822.0
136.8
152.0
88.4
137.0
137.0
299.0
152.0
470.6
321.6
289.0
20.0
250.0
110.4
10.0
25.0
5.0
5.0
20.2
115.4
10.0
100.0
425.8
152.2
137.4
142.2
58.6
137.0
137.0
137.2
469.4
20.2
72.4
283.0
162.0
263.6
5.6
289.0
131.6
20.0
5.0
25.2
279.0
15.0
136.8
10.0
157.0
137.0
152.4
122.6
222.6
20.0
5.0
289.2
563.2
157.4
284.2
279.0
137.0
157.2
5.0
289.0
157.0
152.0
151.6
142.0
5.0
291.2
269.6
329.4
20.4
5.0
5.0
5.2
137.2
20.0
157.0
5.0
147.0
283.8
5.2
294.0
274.0
116.8
258.6
548.4
5.0
468.0
80.6
84.6
69.2
182.0
10.0
298.8
20.4
162.2
141.8
10.0
5.0
258.8
136.8
72.4
273.8
5.0
415.2
284.4
5.0
5.0
137.0
390.6
294.0
152.0
152.2
147.0
421.0
137.0
10.4
5.2
291.2
5.2
284.0
20.2
5.0
167.2
30.0
414.4
293.2
32.4
695.0
5.0
5.0
151.4
5.0
5.2
15.0
5.0
15.0
5.4
15.0
137.2
20.2
137.2
151.6
15.0
152.2
116.4
10.2
721.0
286.4
411.0
15.0
147.0
5.0
5.0
505.2
208.8
75.0
147.0
695.0
53.4
288.8
723.0
5.0
294.0
5.0
25.0
24.8
826.6
142.0
152.2
658.8
5.2
688.0
122.2
274.0
5.2
968.2
421.2
5.0
557.0
278.6
142.0
137.0
147.0
5.0
5.0
372.8
5.0
273.6
20.0
5.2
419.6
421.0
5.0
10.0
151.8
10.2
157.0
137.2
5.2
10.0
221.0
10.0
20.2
258.0
415.8
5.0
142.0
135.8
157.2
25.2
15.0
126.0
5.2
142.0
142.0
30.0
15.0
5.2
30.0
25.0
25.0
45.4
177.6
20.0
147.2
142.0
5.0
141.8
294.2
343.6
426.0
668.6
147.0
137.2
142.0
274.0
137.0
20.2
63.6
147.2
5.0
48.6
137.2
147.0
403.8
249.2
689.6
5.0
135.0
30.2
153.2
147.4
147.0
5.0
260.6
438.6
5.0
157.4
152.4
148.6
5.0
547.2
649.0
39.6
5.0
10.0
5.0
137.2
25.0
304.0
10.2
274.2
142.0
10.4
70.8
152.2
5.2
355.4
5.2
20.2
5.0
5.2
473.8
279.0
137.6
137.2
147.4
685.0
162.0
10.0
147.0
15.2
279.2
147.0
5.2
5.2
688.0
497.0
111.6
86.2
5.0
5.0
10.0
573.0
10.2
147.0
147.2
157.0
5.2
152.4
30.0
5.2
5.0
5.2
20.0
5.0
25.0
162.0
213.2
71.0
90.2
52.6
20.0
37.0
15.2
336.0
142.0
531.8
360.6
152.0
20.0
318.8
25.4
425.2
117.2
147.2
152.0
63.4
10.2
137.4
10.0
294.2
160.2
137.0
249.8
314.6
5.2
294.2
5.0
20.4
10.0
20.0
129.4
47.2
25.0
132.0
25.2
5.0
20.2
121.6
136.8
137.0
20.0
167.4
10.0
151.8
151.8
20.6
20.0
152.4
10.0
142.2
5.0
20.2
537.6
5.2
5.0
272.6
381.8
10.2
146.4
133.4
25.0
151.0
15.2
10.0
21.2
137.0
19.0
65.8
191.4
10.0
10.2
147.0
10.0
274.0
10.2
5.2
348.0
5.2
5.4
32.8
254.4
955.0
5.0
10.0
167.0
30.2
370.2
5.0
20.0
558.2
125.4
175.2
562.6
10.4
20.4
274.0
137.2
10.0
152.0
142.6
10.2
284.0
5.6
289.0
737.4
157.0
5.0
273.0
425.6
141.8
147.0
10.0
528.6
147.2
5.0
410.8
5.0
831.6
10.2
274.0
137.0
142.0
20.0
5.0
10.0
30.4
5.2
10.0
128.8
15.0
5.0
136.8
5.0
5.0
314.0
10.2
278.8
402.6
112.0
20.2
405.8
272.2
5.0
18.8
152.0
59.6
5.2
148.0
30.0
5.0
284.0
25.0
157.0
30.2
137.0
5.0
633.6
10.2
137.0
137.0
34.8
177.4
425.6
23.4
10.2
137.6
142.4
99.6
75.6
5.4
223.8
103.6
98.6
188.6
5.2
12.2
5.2
35.0
5.0
10.0
5.2
10.0
230.8
272.8
5.0
5.2
25.0
5.0
200.4
10.2
274.0
530.0
157.2
5.0
5.0
5.0
431.0
162.8
5.0
162.0
142.2
53.8
65.4
700.2
279.0
730.8
10.0
137.4
157.0
206.0
162.0
162.0
137.0
137.2
20.0
147.0
137.0
115.2
147.0
142.0
274.0
156.4
284.0
289.0
157.2
15.0
5.2
137.0
31.0
137.0
137.0
137.0
5.0
5.2
279.2
5.0
15.0
5.0
20.2
10.0
156.8
20.0
5.2
118.4
137.2
25.4
5.0
157.0
137.0
5.2
136.8
20.0
162.4
293.8
25.2
294.0
151.8
274.0
162.2
61.8
5.2
289.2
51.0
5.0
278.6
385.4
663.0
273.4
15.0
224.0
258.4
236.6
137.0
5.0
152.0
10.2
147.0
142.0
8.0
416.2
411.0
132.2
251.4
147.2
136.8
137.0
15.2
5.0
10.2
10.4
421.0
58.0
10.2
80.2
178.6
284.2
20.0
274.2
284.0
10.2
25.2
147.0
289.0
255.2
289.2
695.2
5.0
152.2
137.2
358.4
284.0
157.0
142.0
136.8
5.2
208.2
152.0
330.6
15.0
15.6
15.0
5.2
87.4
5.0
156.6
152.0
5.0
142.2
136.6
15.0
46.2
127.2
5.4
93.6
278.8
157.4
20.0
137.2
137.0
274.0
279.0
142.0
309.0
284.2
309.4
15.2
415.0
216.4
152.2
278.8
157.8
42.2
147.4
10.0
137.0
5.0
137.0
5.0
299.0
152.0
162.0
35.0
20.0
25.0
147.0
5.2
30.4
5.0
25.0
137.0
103.0
5.0
190.0
152.0
283.4
5.0
137.0
147.0
316.4
195.6
25.4
265.8
15.2
5.0
284.2
152.2
162.2
136.8
10.0
177.2
25.0
10.2
137.0
5.4
20.2
5.0
141.8
300.8
147.4
5.0
416.0
10.2
63.4
284.0
10.0
20.0
10.0
279.2
5.0
147.0
284.0
142.0
284.0
105.0
279.0
5.0
5.0
5.0
826.2
5.0
5.0
137.0
44.6
157.2
838.2
137.4
10.2
152.0
152.0
123.4
152.2
695.2
143.0
684.8
5.0
10.2
100.8
147.0
15.6
25.0
5.2
5.2
49.8
5.0
137.4
20.2
5.2
178.4
5.0
62.2
137.0
288.8
137.0
5.2
228.6
5.0
157.2
10.0
5.0
68.4
10.2
10.2
137.0
137.0
142.0
136.6
273.8
10.0
328.2
288.8
136.4
694.6
152.0
110.2
284.0
152.0
5.0
141.8
284.0
147.4
157.0
20.2
5.0
10.0
13.2
5.0
278.6
137.0
5.0
414.6
430.4
15.0
827.0
152.4
5.2
137.2
274.0
826.8
294.0
20.0
147.2
180.0
15.0
152.0
5.2
450.8
142.0
557.4
15.2
76.8
367.4
15.4
136.4
276.6
279.2
15.0
207.2
8.0
5.2
10.2
436.2
147.0
271.0
137.0
136.8
157.2
137.2
37.4
5.0
20.2
235.6
152.0
162.0
147.0
117.2
10.0
161.6
14.0
137.0
322.0
367.4
283.8
122.2
389.4
93.8
289.2
176.8
273.8
143.0
20.2
10.2
137.2
20.0
283.6
293.6
15.0
150.0
5.2
137.2
209.2
137.2
279.2
163.6
10.2
15.2
147.0
18.4
147.0
136.8
10.0
126.4
20.0
30.4
15.0
137.0
173.4
259.2
5.0
142.0
279.2
5.0
426.0
279.2
136.8
10.2
136.8
137.0
299.2
157.4
142.0
222.0
162.0
5.0
20.4
137.0
18.6
289.0
20.0
274.2
15.0
304.0
137.2
274.0
289.0
5.4
20.0
274.0
136.8
152.0
285.0
5.0
5.0
221.6
267.0
162.0
5.0
149.2
294.2
185.6
488.2
137.0
5.0
137.6
37.6
152.0
114.8
5.0
283.8
501.8
289.0
141.8
105.0
152.0
20.0
142.0
137.0
273.8
299.4
147.0
137.0
23.2
162.0
