5.2
25.233333
5.133333
25.1
20.066667
10.066667
35.233333
15.033333
31.6
6.666667
30.9
5.0
126.966667
15.033333
5.0
345.866667
5.066667
137.066667
10.1
5.066667
151.933333
5.0
5.066667
137.033333
10.133333
5.0
20.066667
241.566667
137.033333
10.066667
137.266667
10.066667
20.966667
18.466667
5.2
166.333333
5.0
267.766667
5.066667
5.0
152.066667
164.433333
147.033333
5.066667
5.133333
113.0
173.366667
5.133333
5.0
288.933333
15.0
17.733333
137.5
203.466667
5.066667
280.433333
273.966667
338.133333
271.166667
743.433333
18.8
8.5
5.1
7.4
10.133333
274.366667
5.066667
147.2
152.0
34.033333
19.066667
137.133333
299.066667
142.033333
137.3
10.1
135.533333
235.833333
6.2
162.033333
162.3
5.033333
105.966667
137.033333
137.0
136.933333
344.033333
157.066667
5.0
10.0
836.566667
52.966667
137.133333
10.0
137.066667
137.166667
162.2
147.0
15.166667
10.133333
298.033333
405.966667
137.066667
106.166667
62.3
6.733333
5.033333
305.433333
20.0
147.0
5.133333
123.133333
152.166667
159.266667
132.566667
10.033333
401.933333
401.7
822.266667
685.133333
147.3
142.033333
56.733333
552.033333
47.0
25.033333
5.1
154.466667
5.0
163.133333
20.033333
8.866667
147.066667
8.766667
137.0
22.233333
20.033333
133.3
141.966667
267.166667
147.066667
94.933333
136.9
583.9
5.0
169.766667
35.166667
5.133333
21.4
291.466667
152.266667
16.566667
87.266667
415.366667
535.733333
137.0
698.3
5.066667
5.0
5.0
160.833333
22.166667
30.066667
25.766667
5.0
112.066667
5.066667
29.966667
273.966667
10.433333
284.133333
5.0
241.6
252.766667
76.566667
299.233333
196.166667
18.5
5.1
13.433333
568.266667
6.166667
241.833333
279.0
200.833333
279.1
5.0
157.066667
299.2
73.566667
157.266667
116.066667
10.133333
15.833333
157.0
320.466667
147.066667
5.266667
60.1
25.233333
5.066667
25.133333
35.233333
221.5
299.066667
169.933333
277.633333
157.033333
219.666667
294.233333
421.0
137.133333
288.9
25.166667
167.133333
273.633333
153.133333
143.866667
137.133333
142.066667
105.866667
136.9
5.0
10.033333
10.133333
10.0
548.3
684.133333
141.933333
153.6
150.0
38.233333
31.4
10.133333
9.233333
137.666667
141.166667
15.1
10.0
99.8
15.133333
128.266667
152.133333
152.933333
161.0
11.066667
292.066667
20.133333
261.733333
420.866667
137.1
5.0
12.5
25.333333
214.933333
552.933333
5.1
156.966667
274.066667
284.033333
167.433333
147.066667
22.833333
10.0
421.0
294.7
22.566667
198.4
415.866667
136.9
10.066667
5.0
157.3
172.433333
685.133333
233.4
10.066667
5.3
142.0
157.0
374.466667
166.733333
212.6
284.1
10.033333
685.233333
247.033333
310.966667
10.0
321.9
15.033333
137.0
10.033333
471.5
152.033333
11.566667
269.566667
689.766667
5.0
319.666667
5.033333
10.066667
209.5
294.033333
233.233333
142.033333
546.933333
5.066667
10.066667
301.3
15.033333
306.8
161.933333
29.266667
147.233333
740.8
5.033333
5.066667
146.566667
425.866667
15.066667
6.1
420.0
455.633333
581.966667
189.233333
581.333333
15.033333
548.6
5.033333
15.166667
832.2
556.033333
433.733333
289.0
293.933333
463.5
695.2
149.433333
10.1
288.766667
149.033333
380.866667
284.066667
345.266667
147.0
157.033333
152.866667
685.4
149.366667
31.2
147.1
137.033333
142.066667
147.033333
157.033333
15.1
157.066667
284.7
147.166667
276.733333
174.833333
396.933333
152.133333
10.0
333.8
136.566667
163.5
5.133333
142.1
207.466667
20.033333
19.133333
5.033333
72.6
10.066667
5.066667
6.166667
116.7
136.966667
38.866667
175.533333
141.966667
132.533333
55.633333
28.7
101.966667
278.933333
142.033333
143.466667
5.166667
142.0
10.0
5.066667
267.866667
5.0
5.3
21.2
5.3
30.5
39.733333
20.2
200.3
136.966667
411.966667
278.266667
442.366667
142.033333
152.1
24.2
25.033333
141.9
157.066667
5.766667
137.0
283.866667
265.5
430.933333
613.566667
155.2
105.4
8.033333
292.766667
6.7
115.4
21.433333
5.033333
273.933333
66.266667
5.1
253.2
364.4
355.766667
147.033333
821.7
136.9
248.733333
10.266667
690.1
428.166667
283.233333
690.266667
695.033333
207.5
105.6
5.0
284.133333
151.933333
147.1
278.4
778.966667
137.0
36.433333
147.033333
152.066667
5.133333
168.0
826.1
10.0
147.166667
5.066667
289.433333
164.1
137.0
20.1
316.633333
5.0
416.0
142.033333
415.933333
10.066667
5.033333
155.9
15.133333
356.633333
8.4
5.533333
238.766667
156.3
5.033333
136.966667
5.1
304.166667
15.166667
5.033333
149.666667
137.033333
223.3
15.9
755.433333
10.033333
300.8
21.733333
190.066667
10.166667
152.033333
294.0
165.033333
157.166667
5.1
284.066667
157.133333
283.966667
136.833333
125.233333
7.866667
155.033333
243.666667
5.0
490.5
64.433333
137.033333
283.933333
163.266667
137.033333
137.033333
28.066667
822.0
826.866667
289.0
145.533333
114.5
289.033333
147.066667
162.666667
37.6
15.333333
15.033333
136.966667
345.866667
108.0
137.033333
319.333333
203.266667
188.666667
5.1
162.266667
15.033333
5.066667
21.033333
10.3
11.933333
155.766667
446.833333
5.133333
21.766667
178.233333
149.433333
35.333333
547.766667
137.166667
152.233333
180.366667
20.233333
25.066667
123.2
262.7
22.433333
15.6
19.933333
5.0
11.966667
10.066667
266.266667
826.933333
23.5
137.033333
237.933333
551.6
555.3
173.166667
10.066667
138.933333
151.966667
427.133333
5.0
136.933333
20.633333
52.966667
137.066667
160.9
137.033333
15.1
198.4
235.133333
141.9
695.233333
146.833333
142.0
10.0
147.066667
151.833333
142.033333
142.1
22.0
25.1
10.5
147.1
396.4
152.0
142.0
84.1
20.1
26.933333
134.333333
5.033333
260.033333
5.033333
558.066667
152.066667
5.066667
142.133333
10.0
137.066667
757.5
700.366667
254.566667
283.966667
147.033333
5.0
151.966667
147.033333
137.133333
248.966667
87.733333
274.0
19.833333
284.4
137.1
5.0
20.166667
289.466667
5.1
5.066667
20.0
5.033333
155.733333
161.866667
10.066667
13.133333
10.1
283.966667
122.0
8.666667
56.433333
112.0
6.633333
173.3
466.866667
77.833333
147.133333
428.5
20.1
183.866667
5.133333
7.933333
416.166667
261.466667
136.866667
324.966667
516.8
20.166667
10.166667
294.0
547.866667
15.066667
683.133333
160.933333
283.933333
615.4
5.0
5.033333
175.866667
5.066667
137.0
5.033333
146.9
273.866667
157.133333
25.066667
25.933333
154.666667
80.566667
430.666667
75.5
136.933333
15.0
20.066667
15.166667
335.8
415.833333
137.0
137.0
10.133333
284.066667
537.166667
283.933333
297.8
287.0
137.133333
246.3
414.366667
20.1
488.066667
5.1
10.5
548.2
167.966667
20.1
12.7
162.1
415.966667
158.566667
5.133333
183.466667
284.1
5.0
148.7
152.266667
295.633333
564.833333
138.933333
10.133333
62.833333
20.066667
385.733333
156.833333
288.866667
10.1
294.0
294.6
412.933333
299.566667
24.4
137.033333
37.266667
147.033333
20.1
9.966667
137.033333
311.9
6.433333
128.966667
6.6
137.033333
20.066667
263.5
116.966667
17.466667
30.2
156.566667
143.533333
152.166667
142.0
153.366667
5.033333
420.866667
34.7
435.8
254.466667
420.966667
425.433333
483.9
137.0
5.0
822.166667
172.466667
21.4
169.2
10.2
826.9
421.033333
10.1
152.133333
152.066667
15.833333
141.966667
164.7
30.166667
161.966667
15.4
420.9
285.066667
288.266667
137.0
10.033333
420.966667
654.6
430.833333
411.066667
11.633333
20.133333
14.233333
10.266667
5.133333
20.033333
5.0
16.066667
44.4
20.033333
20.1
20.233333
39.8
5.033333
26.3
10.033333
138.4
146.966667
283.9
159.733333
20.033333
20.033333
5.1
95.366667
15.066667
218.0
426.766667
291.3
284.0
162.233333
25.4
5.133333
5.233333
67.733333
5.066667
30.133333
137.066667
15.033333
152.066667
13.033333
11.466667
157.2
180.6
5.033333
5.366667
5.1
289.066667
21.0
30.066667
167.666667
157.1
18.333333
5.0
70.566667
564.066667
442.433333
273.933333
250.0
5.033333
329.633333
137.033333
10.1
5.0
57.3
157.733333
162.2
164.433333
20.2
151.766667
15.0
419.833333
239.366667
61.566667
426.1
339.733333
6.033333
279.1
358.866667
137.033333
147.033333
152.666667
152.066667
14.6
5.0
5.033333
548.2
137.066667
5.0
206.366667
137.0
5.066667
147.166667
5.033333
10.266667
5.033333
5.066667
6.766667
188.6
33.433333
137.0
137.0
165.633333
153.6
10.033333
159.833333
137.066667
215.733333
12.933333
53.366667
141.633333
152.866667
162.133333
136.333333
283.966667
254.933333
10.033333
137.066667
157.0
264.933333
147.133333
401.133333
15.033333
273.533333
20.0
10.033333
66.1
178.733333
59.166667
12.533333
9.766667
408.133333
75.1
140.0
5.166667
121.9
290.266667
222.4
29.9
10.066667
248.833333
20.066667
319.5
151.8
328.3
157.033333
143.0
5.066667
5.1
410.966667
158.0
20.133333
15.066667
231.833333
5.066667
5.0
15.1
6.733333
152.8
149.266667
148.133333
556.566667
137.033333
279.133333
5.0
106.8
147.033333
142.033333
137.1
147.066667
8.633333
203.666667
10.7
25.133333
136.933333
287.233333
294.3
421.0
304.2
152.066667
147.066667
193.433333
10.0
227.833333
10.033333
10.066667
283.966667
11.8
20.033333
689.9
158.733333
310.633333
155.466667
10.133333
172.2
785.133333
143.033333
15.1
142.1
127.8
152.033333
5.033333
20.033333
5.033333
20.233333
162.133333
285.0
147.0
19.3
100.8
374.166667
147.666667
147.133333
83.733333
157.033333
252.6
79.966667
5.533333
156.6
284.166667
182.833333
137.033333
5.0
20.133333
137.0
10.033333
11.566667
10.066667
31.333333
8.6
57.533333
20.066667
142.033333
136.966667
15.033333
10.033333
21.733333
5.033333
150.9
5.1
15.0
162.1
15.066667
157.066667
19.866667
149.5
162.166667
152.0
137.1
152.033333
448.466667
168.0
62.9
695.233333
15.4
10.033333
294.066667
284.133333
142.1
288.933333
22.533333
5.1
157.6
135.966667
400.8
224.833333
5.0
156.8
421.0
258.466667
34.233333
289.233333
137.033333
15.033333
274.166667
112.433333
6.533333
30.066667
157.033333
25.433333
105.766667
5.033333
15.066667
25.1
5.0
6.833333
36.666667
159.4
5.066667
53.6
136.4
5.1
7.566667
5.033333
39.066667
5.066667
255.266667
51.5
25.133333
153.866667
20.066667
25.0
10.433333
24.2
137.2
5.066667
156.933333
165.4
150.266667
11.366667
153.466667
5.0
15.066667
5.0
132.6
93.3
279.033333
5.1
161.966667
10.166667
5.0
10.033333
10.5
160.033333
5.1
15.033333
20.1
146.9
20.0
39.9
5.0
150.9
239.933333
10.0
288.966667
279.0
5.033333
415.8
827.2
14.1
5.1
131.566667
178.8
15.066667
5.033333
20.133333
41.266667
18.433333
136.966667
156.866667
147.633333
5.133333
142.166667
10.0
5.033333
164.4
289.066667
5.2
157.033333
818.066667
15.0
30.1
36.6
5.1
187.666667
235.466667
165.9
158.033333
182.966667
137.0
563.0
152.0
10.066667
128.133333
154.666667
10.0
26.466667
8.233333
391.066667
165.833333
23.433333
151.133333
5.033333
142.0
33.7
32.033333
10.066667
290.6
94.2
207.566667
5.166667
167.166667
10.033333
136.966667
16.5
31.633333
20.1
265.666667
381.633333
296.933333
154.133333
5.033333
136.9
25.133333
136.966667
159.433333
127.2
222.766667
137.033333
139.033333
5.033333
201.2
63.166667
55.133333
142.0
5.066667
147.433333
105.933333
270.966667
31.166667
114.366667
166.066667
298.8
22.7
20.166667
294.0
274.066667
574.366667
159.433333
282.066667
293.9
293.866667
290.066667
839.033333
142.066667
663.066667
288.866667
5.1
279.166667
137.1
5.1
20.133333
294.2
690.333333
147.0
162.233333
162.233333
165.266667
488.166667
162.1
294.133333
141.933333
293.9
137.066667
5.033333
157.133333
142.033333
5.033333
274.0
152.933333
9.033333
7.166667
274.033333
9.1
273.933333
15.066667
137.0
137.0
15.133333
137.033333
162.166667
17.066667
17.166667
88.166667
10.133333
146.966667
228.766667
17.633333
284.0
22.333333
5.1
411.033333
5.066667
152.133333
298.733333
137.0
15.033333
150.5
410.933333
558.8
20.166667
144.133333
137.066667
20.066667
479.466667
137.0
5.133333
5.833333
5.1
263.033333
124.9
301.333333
827.1
10.033333
5.033333
81.066667
47.033333
15.033333
253.266667
156.966667
10.0
194.833333
137.033333
15.7
10.2
10.033333
146.966667
20.833333
137.033333
166.733333
5.0
25.6
274.166667
53.366667
5.033333
8.466667
5.0
452.066667
313.0
289.033333
30.7
72.5
116.533333
5.1
5.066667
304.966667
89.466667
21.1
5.0
31.933333
132.0
154.9
246.533333
85.533333
10.066667
28.066667
108.3
137.033333
827.1
230.333333
137.0
25.133333
46.3
17.6
152.266667
137.0
558.1
136.966667
137.0
690.233333
137.066667
690.2
28.633333
79.3
15.133333
137.1
303.966667
137.033333
5.133333
690.2
5.033333
10.133333
156.933333
157.433333
67.033333
379.833333
700.0
415.966667
689.833333
136.933333
167.166667
20.466667
66.766667
354.966667
25.066667
289.233333
285.033333
273.966667
436.933333
5.066667
294.033333
152.6
10.0
5.066667
663.833333
147.2
690.466667
284.7
137.1
5.066667
153.433333
368.866667
17.833333
289.033333
556.533333
404.8
141.966667
137.0
106.066667
152.033333
89.833333
6.133333
169.633333
690.133333
10.033333
268.866667
10.066667
279.066667
23.233333
7.833333
157.033333
142.133333
152.033333
5.033333
10.033333
141.9
15.066667
152.433333
415.966667
5.1
5.1
35.0
832.4
20.133333
5.066667
302.366667
157.0
330.066667
164.566667
148.466667
5.0
137.1
289.9
5.0
10.0
265.0
21.9
5.1
685.1
5.066667
136.966667
137.0
309.0
311.633333
20.166667
10.266667
11.6
364.9
137.033333
128.133333
137.0
152.033333
10.2
10.066667
129.433333
36.733333
5.166667
121.9
5.066667
158.433333
20.0
362.466667
17.1
5.1
142.0
142.0
5.066667
306.333333
283.4
286.5
85.6
5.066667
137.0
279.033333
114.266667
6.633333
157.066667
153.9
5.0
5.0
140.133333
26.233333
8.533333
266.566667
141.966667
284.0
273.9
174.133333
142.133333
5.1
