0.0
0.0
0.0
0.0
0.0
0.0
0.0
0.0
0.0
0.583333
0.0
0.210526
0.741379
0.090909
0.0
0.0
0.0
0.545455
0.230769
0.0
0.210526
0.285714
0.361702
0.0
0.0
0.0
0.0
0.0
0.166667
0.0
0.0625
0.0
0.117647
0.230769
0.375
0.0
0.210526
0.0
0.166667
0.189189
0.0
0.0
0.0
0.0
0.0
0.0
0.0
0.0
0.0
0.387755
0.387755
0.0
0.0
0.268293
0.0
0.0
0.230769
0.117647
0.25
0.25
0.0
0.090909
0.0
0.0
0.142857
0.0
0.0625
0.0
0.4
0.25
0.375
0.0
0.0
0.117647
0.032258
0.25
0.0625
0.210526
0.0
0.333333
0.673913
0.0625
0.491525
0.142857
0.0
0.25
0.454545
0.117647
0.0
0.0
0.552239
0.361702
0.0
0.230769
0.0
0.0
0.166667
0.545455
0.032258
0.0
0.032258
0.0
0.210526
0.70297
0.25
0.302326
0.0625
0.411765
0.0625
0.552239
0.0
0.0
0.0
0.0
0.482759
0.666667
0.638554
0.6
0.0
0.6
0.0
0.0
0.784173
0.0
0.166667
0.0
0.0
0.0
0.736842
0.473684
0.705882
0.361702
0.285714
0.444444
0.210526
0.0
0.347826
0.230769
0.0
0.0
0.0625
0.230769
0.142857
0.491525
0.0
0.361702
0.347826
0.032258
0.210526
0.0
0.0
0.0
0.0
0.0
0.0
0.0625
0.0
0.0
0.0
0.0
0.0
0.0
0.0
0.0
0.090909
0.0625
0.142857
0.0
0.0
0.285714
0.117647
0.0625
0.0625
0.189189
0.4
0.285714
0.433962
0.361702
0.090909
0.375
0.0
0.0
0.302326
0.0
0.0
0.852941
0.423077
0.0
0.0
0.552239
0.0
0.0
0.52381
0.25
0.0
0.0
0.727273
0.0
0.0
0.230769
0.4
0.0
0.25
0.0
0.0
0.0
0.516129
0.0
0.0
0.117647
0.0
0.387755
0.0
0.0
0.0
0.0
0.230769
0.0
0.0
0.230769
0.0
0.302326
1.0
0.285714
0.0
0.677419
0.0
0.0
0.0625
0.0625
0.0
0.268293
0.117647
0.166667
0.433962
0.268293
0.230769
0.0625
0.0
0.0625
0.0
0.117647
0.189189
0.0
0.0
0.0
0.411765
0.0
0.166667
0.0
0.0625
0.0
0.230769
0.0
0.0
0.0
0.0
0.0
0.032258
0.454545
0.25
0.0
0.0
0.0
0.0
0.0
0.210526
0.189189
0.0
0.433962
0.387755
0.558824
0.454545
0.117647
0.0
0.0
0.0
0.0
0.454545
0.375
0.473684
0.0
0.117647
0.285714
0.268293
0.558824
0.0
0.0
0.347826
0.268293
0.0
0.0
0.302326
0.210526
0.032258
0.0
0.0
0.117647
0.0
0.0
0.433962
0.387755
0.0
0.0
0.0
0.0
0.473684
0.268293
0.0
0.0
0.0
0.0
0.0
0.0
0.0
0.0625
0.032258
0.0625
0.090909
0.491525
0.302326
0.210526
0.0
0.0
0.0
0.0
0.0
0.589041
0.454545
0.0
0.0
0.032258
0.0
0.0
0.0
0.0
0.0625
0.361702
0.0
0.25
0.0
0.318182
0.53125
0.117647
0.0
0.0
0.0
0.583333
0.0
0.387755
0.117647
0.302326
0.0
0.090909
0.117647
0.347826
0.318182
0.0
0.361702
0.142857
0.5
0.166667
0.25
0.0
0.0
0.61039
0.464286
0.0
0.454545
0.0
0.850746
0.62963
0.0
0.032258
0.62963
0.705882
0.620253
0.0
0.464286
0.0
0.0
0.318182
0.0
0.705882
0.0
0.166667
0.0
0.0
0.0
0.090909
0.0
0.230769
0.0
0.0
0.0
0.090909
0.0
0.0
0.0
0.090909
0.0
0.516129
0.268293
0.0
0.25
0.0
0.0
0.0
0.0
0.0
0.0
0.0
0.0
0.0
0.0
0.0
0.0
0.0
0.0
0.0
0.0
0.0625
0.0
0.0
0.0625
0.0
0.032258
0.142857
0.302326
0.210526
0.634146
0.0
0.090909
0.285714
0.62963
0.0
0.0
0.444444
0.0
0.491525
0.0
0.032258
0.230769
0.230769
0.589041
0.0
0.210526
0.0
0.117647
0.361702
0.0
0.0
0.117647
0.032258
0.0
0.0
0.032258
0.0
0.491525
0.0
0.25
0.285714
0.433962
0.0
0.0
0.834254
0.285714
0.615385
0.67033
0.268293
0.61039
0.0
0.0
0.0
0.411765
0.0
0.4
0.433962
0.333333
0.285714
0.577465
0.0
0.0
0.0
0.032258
0.464286
0.0
0.0
0.25
0.0
0.230769
0.433962
0.736842
0.0
0.0
0.0
0.565217
0.0
0.0
0.0
0.0
0.0
0.268293
0.0
0.230769
0.032258
0.0
0.25
0.0
0.0
0.375
0.142857
0.032258
0.454545
0.210526
0.0
0.142857
0.25
0.473684
0.52381
0.0
0.538462
0.0
0.72973
0.0
0.0625
0.423077
0.230769
0.0
0.285714
0.285714
0.090909
0.411765
0.0
0.52381
0.0
0.0
0.788732
0.0
0.0
0.142857
0.0
0.0
0.0
0.0
0.0
0.0
0.0
0.0
0.166667
0.558824
0.0625
0.0
0.0
0.433962
0.361702
0.0
0.0
0.620253
0.318182
0.0
0.0
0.0
0.0
0.0
0.0
0.0
0.318182
0.0625
0.0
0.0
0.0
0.0625
0.0
0.333333
0.189189
0.268293
0.090909
0.090909
0.0
0.302326
0.25
0.0
0.538462
0.302326
0.6
0.0
0.0
0.0
0.318182
0.423077
0.0
0.117647
0.347826
0.117647
0.0
0.0
0.4
0.090909
0.166667
0.268293
0.0
0.0
0.0
0.0
0.318182
0.0
0.0
0.0
0.0
0.0
0.0
0.0
0.0
0.0
0.0
0.210526
0.347826
0.0
0.090909
0.0
0.0
0.090909
0.0
0.166667
0.0625
0.0
0.0
0.444444
0.0
0.25
0.189189
0.268293
0.285714
0.552239
0.0
0.0
0.0
0.0
0.0
0.0
0.0
0.0
0.0
0.142857
0.0
0.285714
0.0
0.166667
0.166667
0.634146
0.0
0.0
0.411765
0.0
0.0
0.142857
0.0
0.375
0.0
0.647059
0.508197
0.0
0.0
0.0
0.0
0.464286
0.0
0.0
0.0
0.0
0.117647
0.0
0.0625
0.0
0.090909
0.0
0.0
0.25
0.0
0.423077
0.0
0.142857
0.090909
0.25
0.577465
0.0
0.0
0.708738
0.545455
0.0
0.53125
0.0
0.0
0.0
0.0
0.302326
0.0
0.166667
0.508197
0.0
0.711538
0.268293
0.0
0.268293
0.845361
0.444444
0.361702
0.0
0.411765
0.473684
0.090909
0.433962
0.0
0.0625
0.473684
0.0
0.0
0.0
0.375
0.0
0.166667
0.890511
0.189189
0.361702
0.210526
0.166667
0.0
0.090909
0.491525
0.454545
0.210526
0.8125
0.411765
0.210526
0.0
0.754098
0.72973
0.25
0.0
0.693878
0.0
0.0
0.189189
0.230769
0.433962
0.25
0.210526
0.210526
0.0
0.117647
0.0
0.285714
0.538462
0.268293
0.473684
0.0
0.0
0.765625
0.0
0.0
0.189189
0.268293
0.0
0.605263
0.318182
0.0
0.0
0.0
0.655172
0.25
0.464286
0.0
0.0
0.142857
0.0
0.0
0.0625
0.0
0.0
0.0
0.032258
0.0
0.0
0.0
0.090909
0.166667
0.210526
0.0
0.558824
0.0625
0.732143
0.0
0.0
0.0
0.0
0.0
0.0
0.285714
0.032258
0.433962
0.230769
0.0
0.0
0.454545
0.0
0.423077
0.647059
0.0
0.0
0.583333
0.0
0.117647
0.0
0.0
0.0
0.444444
0.166667
0.0
0.347826
0.0
0.693878
0.0
0.0
0.189189
0.0
0.0
0.0
0.0
0.0
0.0
0.0
0.0
0.0
0.0
0.0
0.0
0.387755
0.375
0.0
0.423077
0.7
0.032258
0.285714
0.0
0.0
0.0
0.090909
0.25
0.142857
0.0
0.142857
0.117647
0.0
0.210526
0.0
0.0
0.0
0.0
0.0
0.189189
0.0
0.0
0.302326
0.0
0.0
0.70297
0.6
0.0625
0.0
0.0
0.0
0.032258
0.0
0.0
0.0
0.0
0.0
0.0
0.0
0.538462
0.482759
0.651163
0.347826
0.516129
0.375
0.25
0.571429
0.0
0.117647
0.482759
0.0
0.0
0.0
0.318182
0.166667
0.52381
0.714286
0.0
0.361702
0.0
0.210526
0.0
0.285714
0.0
0.090909
0.090909
0.230769
0.090909
0.333333
0.032258
0.318182
0.0
0.0
0.117647
0.0
0.090909
0.0
0.0
0.189189
0.0
0.090909
0.0
0.6
0.0
0.142857
0.117647
0.625
0.0
0.0
0.268293
0.0
0.0
0.117647
0.0
0.117647
0.333333
0.0
0.268293
0.734513
0.333333
0.454545
0.0625
0.0
0.0
0.0
0.0
0.0
0.0
0.285714
0.375
0.0
0.0
0.090909
0.166667
0.0
0.0
0.0
0.268293
0.032258
0.0
0.0
0.117647
0.117647
0.0
0.189189
0.0
0.827586
0.0
0.230769
0.25
0.0
0.090909
0.142857
0.347826
0.0
0.230769
0.52381
0.0
0.0
0.0
0.0
0.0
0.0625
0.0
0.318182
0.0
0.0
0.0
0.0
0.0
0.423077
0.0
0.0
0.268293
0.302326
0.0
0.090909
0.680851
0.0
0.0
0.318182
0.0
0.0
0.577465
0.318182
0.0
0.25
0.0
0.0625
0.491525
0.0
0.0
0.302326
0.032258
0.0
0.411765
0.464286
0.0
0.0
0.0
0.0
0.0
0.0
0.285714
0.032258
0.0
0.0
0.0
0.508197
0.0
0.142857
0.0625
0.583333
0.25
0.589041
0.032258
0.0
0.0
0.0
0.142857
0.0
0.847716
0.423077
0.0
0.0
0.0
0.189189
0.0
0.0
0.347826
0.189189
0.444444
0.302326
0.0
0.189189
0.4
0.464286
0.0
0.230769
0.516129
0.0
0.0
0.090909
0.754098
0.4
0.387755
0.0
0.333333
0.0
0.411765
0.693878
0.433962
0.0
0.0
0.333333
0.0
0.0
0.0
0.0
0.117647
0.0
0.0
0.0
0.464286
0.0
0.0
0.0
0.0
0.0
0.0
0.0
0.0625
0.166667
0.0
0.0
0.142857
0.0
0.0
0.166667
0.0
0.0
0.189189
0.0
0.680851
0.53125
0.0
0.302326
0.0
0.189189
0.375
0.0
0.0
0.0
0.0625
0.0
0.0
0.0
0.0
0.0
0.0
0.0
0.0
0.117647
0.090909
0.0
0.302326
0.454545
0.0
0.0
0.0
0.0
0.0
0.0625
0.0
0.615385
0.189189
0.0
0.117647
0.0
0.655172
0.0
0.0
0.347826
0.0
0.0
0.117647
0.0
0.230769
0.0
0.0
0.0
0.0
0.0
0.0
0.0
0.0
0.090909
0.423077
0.230769
0.0
0.0
0.318182
0.0
0.090909
0.0
0.0
0.333333
0.0
0.387755
0.333333
0.117647
0.117647
0.0
0.230769
0.142857
0.72973
0.662921
0.0
0.0
0.605263
0.0
0.53125
0.807692
0.423077
0.0
0.0
0.0
0.0
0.032258
0.0
0.0
0.0
0.0
0.0
0.677419
0.0
0.0
0.0
0.0
0.0625
0.032258
0.0
0.0
0.0625
0.347826
0.433962
0.0
0.0
0.0
0.0
0.0
0.0
0.0
0.0
0.0
0.0
0.0
0.189189
0.142857
0.0
0.387755
0.210526
0.166667
0.117647
0.491525
0.0
0.230769
0.302326
0.090909
0.189189
0.0
0.433962
0.375
0.0
0.605263
0.765625
0.302326
0.655172
0.090909
0.387755
0.411765
0.0
0.558824
0.0
0.736842
0.491525
0.347826
0.0
0.508197
0.0
0.0
0.0
0.189189
0.5
0.0
0.210526
0.473684
0.347826
0.473684
0.0
0.444444
0.4
0.230769
0.032258
0.765625
0.375
0.0
0.647059
0.0
0.0
0.0
0.0
0.0
0.0
0.5
0.0
0.318182
0.285714
0.464286
0.25
0.0
0.375
0.719626
0.433962
0.0
0.0
0.0
0.516129
0.0
0.375
0.444444
0.230769
0.4
0.464286
0.302326
0.333333
0.0
0.0
0.0
0.0
0.0
0.0625
0.411765
0.0
0.53125
0.752066
0.0
0.142857
0.230769
0.0
0.166667
0.0
0.0
0.347826
0.0
0.318182
0.117647
0.0
0.347826
0.0
0.0
0.0
0.375
0.0
0.0625
0.0
0.142857
0.0
0.375
0.25
0.0
0.285714
0.0625
0.482759
0.423077
0.375
0.0
0.545455
0.0
0.117647
0.268293
0.142857
0.0
0.0
0.52381
0.142857
0.73913
0.090909
0.0
0.662921
0.0
0.166667
0.0
0.0
0.0
0.268293
0.0
0.25
0.464286
0.142857
0.210526
0.620253
0.0
0.0
0.82659
0.333333
0.0
0.4
0.0
0.189189
0.0
0.0
0.0
0.210526
0.0
0.0
0.361702
0.0
0.491525
0.583333
0.0
0.0
0.6
0.0
0.285714
0.620253
0.0
0.634146
0.0
0.0
0.0
0.090909
0.25
0.032258
0.0
0.0625
0.62963
0.318182
0.571429
0.0
0.464286
0.0
0.25
0.032258
0.090909
0.0
0.454545
0.375
0.4
0.6875
0.4
0.0
0.090909
0.454545
0.032258
0.0
0.090909
0.0
0.0625
0.516129
0.0
0.0
0.516129
0.0
0.558824
0.0
0.0
0.0
0.302326
0.189189
0.230769
0.285714
0.333333
0.0
0.25
0.0
0.210526
0.673913
0.142857
0.0
0.210526
0.0625
0.473684
0.0
0.0
0.0
0.117647
0.444444
0.464286
0.0
0.25
0.302326
0.4
0.090909
0.090909
0.189189
0.0
0.285714
0.285714
0.0
0.0
0.361702
0.0
0.0
0.508197
0.491525
0.594595
0.318182
0.285714
0.0
0.375
0.166667
0.090909
0.0
0.0
0.0
0.4
0.0
0.642857
0.0
0.0
0.117647
0.117647
0.0625
0.4
0.0
0.0
0.0
0.0
0.0
0.032258
0.0625
0.090909
0.285714
0.0
0.268293
0.912791
0.0
0.090909
0.25
