0.0
0.0
0.0
0.0
0.0
0.0
0.615385
0.615385
0.0
0.0
0.0
0.166667
0.0
0.166667
0.0
0.0
0.285714
0.0
0.0
0.0
0.0
0.0
0.0
0.0
0.0
0.0
0.0
0.0
0.0
0.0
0.0
0.0
0.0
0.0
0.0
0.761905
0.0
0.0
0.545455
0.285714
0.0
0.0
0.166667
0.0
0.0
0.285714
0.0
0.0
0.0
0.0
0.444444
0.0
0.5
0.444444
0.0
0.0
0.5
0.0
0.285714
0.0
0.0
0.166667
0.0
0.0
0.0
0.285714
0.444444
0.0
0.285714
0.705882
0.857143
0.375
0.375
0.0
0.0
0.166667
0.166667
0.0
0.0
0.285714
0.0
0.0
0.166667
0.0
0.0
0.0
0.0
0.0
0.0
0.0
0.0
0.0
0.5
0.285714
0.375
0.444444
0.0
0.0
0.0
0.444444
0.166667
0.0
0.0
0.285714
0.166667
0.0
0.0
0.545455
0.0
0.0
0.0
0.0
0.5
0.0
0.375
0.0
0.375
0.5
0.0
0.0
0.0
0.0
0.0
0.0
0.615385
0.761905
0.166667
0.375
0.375
0.5
0.0
0.166667
0.375
0.0
0.666667
0.166667
0.0
0.444444
0.166667
0.0
0.0
0.0
0.0
0.0
0.833333
0.0
0.5
0.0
0.0
0.285714
0.0
0.666667
0.0
0.0
0.5
0.375
0.0
0.583333
0.0
0.0
0.0
0.166667
0.0
0.375
0.0
0.285714
0.0
0.0
0.0
0.0
0.166667
0.0
0.285714
0.0
0.375
0.0
0.0
0.0
0.444444
0.5
0.5
0.285714
0.285714
0.0
0.375
0.375
0.0
0.0
0.615385
0.0
0.444444
0.0
0.0
0.166667
0.0
0.545455
0.166667
0.0
0.545455
0.0
0.0
0.0
0.0
0.0
0.0
0.0
0.0
0.0
0.0
0.444444
0.0
0.166667
0.0
0.0
0.0
0.166667
0.0
0.615385
0.0
0.6875
0.0
0.166667
0.0
0.0
0.0
0.375
0.0
0.166667
0.285714
0.0
0.375
0.545455
0.0
0.375
0.0
0.0
0.0
0.615385
0.0
0.0
0.285714
0.0
0.285714
0.0
0.375
0.0
0.642857
0.444444
0.0
0.0
0.0
0.0
0.285714
0.0
0.0
0.0
0.166667
0.0
0.0
0.0
0.0
0.375
0.935065
0.0
0.0
0.166667
0.0
0.0
0.166667
0.0
0.0
0.166667
0.0
0.0
0.285714
0.666667
0.0
0.285714
0.0
0.166667
0.0
0.0
0.0
0.0
0.0
0.285714
0.0
0.0
0.0
0.0
0.0
0.0
0.0
0.0
0.0
0.285714
0.285714
0.0
0.444444
0.6875
0.285714
0.642857
0.444444
0.285714
0.0
0.375
0.285714
0.375
0.0
0.0
0.166667
0.0
0.0
0.285714
0.285714
0.166667
0.285714
0.285714
0.0
0.0
0.0
0.166667
0.583333
0.166667
0.0
0.0
0.444444
0.0
0.583333
0.285714
0.375
0.0
0.166667
0.0
0.0
0.0
0.0
0.0
0.444444
0.0
0.444444
0.0
0.444444
0.166667
0.0
0.0
0.375
0.0
0.5
0.0
0.0
0.0
0.0
0.642857
0.285714
0.166667
0.0
0.0
0.0
0.5
0.0
0.375
0.0
0.444444
0.166667
0.0
0.0
0.583333
0.545455
0.0
0.0
0.0
0.0
0.0
0.0
0.0
0.285714
0.0
0.821429
0.0
0.285714
0.0
0.0
0.0
0.0
0.0
0.0
0.0
0.0
0.166667
0.0
0.0
0.0
0.0
0.0
0.0
0.0
0.0
0.0
0.0
0.0
0.0
0.0
0.0
0.375
0.0
0.285714
0.0
0.0
0.0
0.0
0.0
0.722222
0.0
0.375
0.0
0.0
0.0
0.666667
0.0
0.0
0.0
0.0
0.0
0.0
0.0
0.0
0.0
0.0
0.0
0.0
0.0
0.0
0.0
0.285714
0.0
0.0
0.166667
0.0
0.0
0.583333
0.0
0.285714
0.0
0.0
0.285714
0.0
0.0
0.0
0.285714
0.0
0.0
0.0
0.0
0.166667
0.0
0.0
0.0
0.0
0.0
0.166667
0.166667
0.0
0.0
0.166667
0.0
0.375
0.0
0.0
0.642857
0.0
0.0
0.0
0.0
0.705882
0.0
0.166667
0.0
0.0
0.285714
0.0
0.0
0.6875
0.0
0.444444
0.166667
0.0
0.0
0.545455
0.166667
0.0
0.375
0.5
0.0
0.375
0.0
0.5
0.642857
0.0
0.0
0.0
0.444444
0.166667
0.0
0.0
0.375
0.166667
0.0
0.166667
0.0
0.375
0.0
0.0
0.166667
0.375
0.0
0.0
0.0
0.0
0.0
0.0
0.0
0.0
0.0
0.0
0.0
0.0
0.166667
0.0
0.5
0.642857
0.0
0.0
0.285714
0.285714
0.0
0.0
0.166667
0.0
0.0
0.583333
0.0
0.0
0.0
0.0
0.6875
0.0
0.285714
0.0
0.642857
0.0
0.285714
0.5
0.0
0.0
0.0
0.0
0.0
0.0
0.0
0.0
0.0
0.0
0.0
0.0
0.0
0.0
0.0
0.0
0.0
0.0
0.0
0.0
0.0
0.0
0.0
0.166667
0.0
0.0
0.0
0.0
0.0
0.0
0.375
0.583333
0.375
0.0
0.0
0.0
0.166667
0.285714
0.0
0.444444
0.166667
0.0
0.0
0.642857
0.166667
0.615385
0.0
0.285714
0.0
0.0
0.166667
0.375
0.285714
0.375
0.0
0.166667
0.285714
0.0
0.166667
0.166667
0.583333
0.444444
0.705882
0.615385
0.0
0.0
0.0
0.166667
0.0
0.0
0.166667
0.5
0.0
0.0
0.0
0.0
0.0
0.0
0.0
0.0
0.375
0.0
0.0
0.0
0.166667
0.0
0.0
0.0
0.0
0.0
0.166667
0.0
0.5
0.5
0.0
0.666667
0.0
0.166667
0.285714
0.0
0.0
0.285714
0.0
0.0
0.0
0.375
0.375
0.0
0.0
0.0
0.0
0.285714
0.166667
0.0
0.375
0.0
0.166667
0.0
0.0
0.5
0.5
0.0
0.285714
0.0
0.285714
0.285714
0.0
0.0
0.0
0.0
0.545455
0.0
0.0
0.0
0.0
0.444444
0.0
0.0
0.666667
0.0
0.0
0.545455
0.444444
0.0
0.5
0.583333
0.0
0.166667
0.375
0.375
0.285714
0.285714
0.285714
0.0
0.0
0.0
0.166667
0.285714
0.0
0.0
0.0
0.0
0.0
0.0
0.0
0.0
0.0
0.444444
0.375
0.0
0.0
0.0
0.0
0.0
0.545455
0.285714
0.0
0.0
0.375
0.166667
0.666667
0.444444
0.5
0.166667
0.615385
0.0
0.285714
0.166667
0.166667
0.166667
0.5
0.0
0.583333
0.0
0.375
0.0
0.375
0.0
0.375
0.0
0.375
0.0
0.0
0.0
0.0
0.0
0.0
0.0
0.0
0.0
0.0
0.0
0.166667
0.285714
0.5
0.0
0.615385
0.375
0.5
0.0
0.0
0.545455
0.0
0.0
0.166667
0.166667
0.285714
0.0
0.0
0.285714
0.0
0.0
0.166667
0.0
0.0
0.0
0.166667
0.166667
0.0
0.0
0.583333
0.0
0.0
0.761905
0.0
0.0
0.0
0.375
0.0
0.0
0.761905
0.166667
0.782609
0.0
0.444444
0.0
0.0
0.0
0.5
0.0
0.0
0.375
0.0
0.375
0.444444
0.375
0.0
0.0
0.375
0.0
0.285714
0.545455
0.0
0.615385
0.0
0.0
0.0
0.0
0.0
0.0
0.0
0.0
0.0
0.0
0.285714
0.0
0.0
0.444444
0.0
0.0
0.375
0.285714
0.0
0.0
0.285714
0.0
0.375
0.0
0.0
0.0
0.0
0.0
0.0
0.0
0.0
0.166667
0.0
0.0
0.5
0.0
0.0
0.642857
0.0
0.0
0.285714
0.0
0.0
0.0
0.705882
0.444444
0.166667
0.0
0.0
0.0
0.0
0.0
0.5
0.444444
0.0
0.285714
0.5
0.0
0.722222
0.166667
0.0
0.285714
0.285714
0.5
0.666667
0.0
0.0
0.545455
0.0
0.545455
0.0
0.782609
0.0
0.545455
0.0
0.0
0.0
0.0
0.0
0.0
0.615385
0.0
0.375
0.0
0.0
0.0
0.375
0.5
0.166667
0.375
0.0
0.0
0.285714
0.0
0.0
0.0
0.0
0.0
0.285714
0.0
0.0
0.0
0.642857
0.0
0.166667
0.545455
0.545455
0.166667
0.0
0.444444
0.0
0.583333
0.0
0.375
0.0
0.0
0.0
0.166667
0.0
0.375
0.545455
0.0
0.166667
0.0
0.0
0.375
0.166667
0.5
0.5
0.0
0.0
0.375
0.0
0.0
0.583333
0.0
0.0
0.0
0.0
0.0
0.285714
0.285714
0.0
0.0
0.285714
0.444444
0.0
0.285714
0.166667
0.166667
0.0
0.285714
0.0
0.444444
0.285714
0.375
0.0
0.166667
0.0
0.0
0.285714
0.0
0.166667
0.0
0.285714
0.0
0.375
0.0
0.285714
0.166667
0.0
0.0
0.285714
0.444444
0.0
0.0
0.0
0.0
0.166667
0.0
0.285714
0.0
0.166667
0.375
0.166667
0.545455
0.285714
0.0
0.0
0.0
0.444444
0.0
0.0
0.375
0.666667
0.285714
0.166667
0.0
0.0
0.0
0.166667
0.6875
0.285714
0.545455
0.166667
0.545455
0.0
0.166667
