0.0
0.0
0.0
0.0
0.0
0.431818
0.418605
0.0
0.54955
0.705882
0.0
0.0
0.375
0.0
0.0
0.0
0.0
0.137931
0.0
0.0
0.0
0.090909
0.0
0.0
0.0
0.0
0.285714
0.152542
0.0
0.107143
0.0
0.39759
0.090909
0.0
0.038462
0.0
0.166667
0.0
0.39759
0.275362
0.519231
0.0
0.431818
0.0
0.358974
0.264706
0.0
0.50495
0.090909
0.367089
0.0
0.0
0.0
0.253731
0.65035
0.193548
0.557522
0.242424
0.0
0.295775
0.253731
0.342105
0.618321
0.0
0.0
0.509804
0.0
0.450549
0.122807
0.0
0.193548
0.0
0.712644
0.0
0.0
0.0
0.074074
0.0
0.333333
0.0
0.206349
0.39759
0.333333
0.0
0.0
0.305556
0.39759
0.242424
0.333333
0.0
0.0
0.056604
0.090909
0.285714
0.0
0.0
0.122807
0.514563
0.350649
0.0
0.0
0.137931
0.0
0.285714
0.0
0.180328
0.242424
0.264706
0.693252
0.0
0.0
0.519231
0.652778
0.0
0.0
0.0
0.606299
0.350649
0.333333
0.358974
0.242424
0.0
0.0
0.0
0.0
0.0
0.056604
0.0
0.0
0.206349
0.0
0.0
0.038462
0.0
0.618321
0.367089
0.710983
0.450549
0.056604
0.444444
0.0
0.367089
0.230769
0.0
0.275362
0.0
0.0
0.425287
0.0
0.137931
0.0
0.0
0.0
0.056604
0.0
0.122807
0.285714
0.166667
0.137931
0.295775
0.0
0.0
0.450549
0.0
0.107143
0.315068
0.285714
0.657534
0.137931
0.579832
0.074074
0.090909
0.596774
0.0
0.0
0.0
0.0
0.0
0.0
0.0
0.0
0.0
0.0
0.0
0.152542
0.0
0.0
0.038462
0.404762
0.090909
0.0
0.305556
0.0
0.074074
0.090909
0.206349
0.107143
0.390244
0.0
0.152542
0.0
0.019608
0.0
0.0
0.39759
0.358974
0.253731
0.0
0.0
0.180328
0.438202
0.0
0.056604
0.056604
0.596774
0.333333
0.484536
0.358974
0.315068
0.193548
0.166667
0.230769
0.0
0.0
0.166667
0.375
0.0
0.107143
0.0
0.0
0.137931
0.0
0.375
0.122807
0.230769
0.0
0.0
0.0
0.107143
0.0
0.074074
0.0
0.0
0.21875
0.038462
0.0
0.0
0.0
0.0
0.0
0.0
0.0
0.0
0.0
0.0
0.0
0.0
0.137931
0.038462
0.193548
0.193548
0.230769
0.0
0.0
0.056604
0.275362
0.519231
0.285714
0.0
0.230769
0.0
0.438202
0.324324
0.166667
0.264706
0.0
0.193548
0.193548
0.468085
0.0
0.0
0.0
0.074074
0.0
0.315068
0.0
0.0
0.0
0.0
0.285714
0.0
0.0
0.764151
0.0
0.0
0.285714
0.193548
0.0
0.425287
0.0
0.305556
0.0
0.0
0.253731
0.090909
0.411765
0.404762
0.0
0.0
0.137931
0.122807
0.0
0.253731
0.0
0.074074
0.324324
0.152542
0.295775
0.137931
0.285714
0.456522
0.152542
0.206349
0.0
0.615385
0.404762
0.230769
0.230769
0.0
0.53271
0.295775
0.0
0.315068
0.0
0.137931
0.0
0.0
0.056604
0.0
0.180328
0.0
0.137931
0.21875
0.253731
0.0
0.0
0.0
0.285714
0.0
0.230769
0.0
0.107143
0.264706
0.0
0.0
0.0
0.0
0.0
0.0
0.0
0.0
0.137931
0.056604
0.350649
0.333333
0.242424
0.21875
0.57265
0.264706
0.0
0.479167
0.50495
0.425287
0.52381
0.242424
0.166667
0.242424
0.137931
0.0
0.315068
0.264706
0.0
0.090909
0.0
0.0
0.0
0.0
0.0
0.0
0.107143
0.0
0.673203
0.0
0.107143
0.0
0.0
0.242424
0.0
0.253731
0.0
0.0
0.0
0.074074
0.0
0.038462
0.090909
0.0
0.253731
0.0
0.0
0.0
0.285714
0.275362
0.242424
0.0
0.468085
0.305556
0.0
0.473684
0.390244
0.632353
0.0
0.0
0.0
0.0
0.0
0.0
0.0
0.074074
0.107143
0.206349
0.090909
0.0
0.0
0.0
0.193548
0.0
0.166667
0.0
0.438202
0.390244
0.816176
0.152542
0.0
0.0
0.137931
0.275362
0.0
0.295775
0.404762
1.0
0.264706
0.0
0.54955
0.0
0.315068
0.230769
0.315068
0.019608
0.107143
0.411765
0.090909
0.275362
0.0
0.0
0.382716
0.809886
0.82699
0.0
0.0
0.193548
0.122807
0.264706
0.0
0.305556
0.0
0.21875
0.21875
0.0
0.0
0.166667
0.152542
0.122807
0.606299
0.0
0.0
0.0
0.0
0.137931
0.056604
0.206349
0.382716
0.0
0.0
0.090909
0.367089
0.404762
0.038462
0.0
0.180328
0.152542
0.305556
0.166667
0.333333
0.579832
0.0
0.0
0.0
0.152542
0.193548
0.0
0.0
0.0
0.0
0.561404
0.0
0.50495
0.382716
0.305556
0.519231
0.0
0.21875
0.0
0.640288
0.444444
0.333333
0.324324
0.65035
0.444444
0.0
0.0
0.0
0.0
0.0
0.0
0.0
0.0
0.0
0.0
0.0
0.038462
0.253731
0.0
0.0
0.180328
0.0
0.0
0.285714
0.0
0.0
0.0
0.390244
0.122807
0.0
0.122807
0.305556
0.0
0.275362
0.0
0.0
0.0
0.0
0.122807
0.264706
0.0
0.0
0.122807
0.230769
0.122807
0.206349
0.0
0.0
0.107143
0.0
0.468085
0.431818
0.0
0.21875
0.390244
0.0
0.375
0.0
0.593496
0.0
0.0
0.0
0.230769
0.0
0.0
0.0
0.137931
0.0
0.0
0.056604
0.285714
0.0
0.21875
0.358974
0.657534
0.242424
0.0
0.166667
0.038462
0.404762
0.0
0.438202
0.350649
0.0
0.019608
0.0
0.090909
0.019608
0.0
0.444444
0.0
0.0
0.285714
0.635036
0.090909
0.0
0.230769
0.21875
0.0
0.0
0.0
0.107143
0.206349
0.431818
0.230769
0.324324
0.382716
0.137931
0.0
0.0
0.0
0.0
0.230769
0.206349
0.242424
0.0
0.193548
0.0
0.0
0.122807
0.0
0.528302
0.264706
0.0
0.324324
0.137931
0.0
0.090909
0.137931
0.305556
0.53271
0.0
0.137931
0.230769
0.180328
0.264706
0.0
0.444444
0.264706
0.333333
0.0
0.206349
0.264706
0.206349
0.0
0.180328
0.0
0.253731
0.0
0.315068
0.514563
0.5
0.074074
0.0
0.367089
0.038462
0.0
0.367089
0.137931
0.0
0.285714
0.0
0.285714
0.0
0.295775
0.0
0.647887
0.0
0.0
0.0
0.0
0.230769
0.0
0.324324
0.411765
0.780702
0.0
0.0
0.0
0.39759
0.438202
0.444444
0.0
0.0
0.411765
0.358974
0.468085
0.152542
0.253731
0.468085
0.375
0.693252
0.0
0.0
0.0
0.206349
0.038462
0.090909
0.0
0.0
0.0
0.0
0.0
0.0
0.0
0.0
0.528302
0.333333
0.0
0.0
0.0
0.0
0.0
0.21875
0.0
0.0
0.390244
0.0
0.0
0.0
0.0
0.056604
0.21875
0.275362
0.0
0.0
0.038462
0.0
0.166667
0.0
0.137931
0.367089
0.0
0.206349
0.0
0.0
0.0
0.107143
0.0
0.0
0.122807
0.0
0.0
0.0
0.0
0.0
0.0
0.264706
0.090909
0.206349
0.0
0.0
0.0
0.0
0.450549
0.647887
0.0
0.0
0.242424
0.438202
0.39759
0.0
0.0
0.21875
0.315068
0.0
0.462366
0.107143
0.438202
0.0
0.583333
0.0
0.315068
0.0
0.152542
0.0
0.038462
0.0
0.0
0.382716
0.0
0.275362
0.0
0.0
0.0
0.0
0.0
0.0
0.0
0.0
0.038462
0.0
0.152542
0.295775
0.0
0.0
0.404762
0.264706
0.0
0.206349
0.122807
0.0
0.074074
0.056604
0.0
0.206349
0.0
0.242424
0.350649
0.0
0.0
0.0
0.0
0.0
0.275362
0.315068
0.0
0.324324
0.375
0.342105
0.152542
0.0
0.166667
0.0
0.0
0.404762
0.305556
0.0
0.230769
0.0
0.0
0.264706
0.691358
0.473684
0.0
0.0
0.0
0.390244
0.0
0.0
0.038462
0.0
0.264706
0.609375
0.744898
0.0
0.450549
0.0
0.285714
0.242424
0.315068
0.0
0.450549
0.0
0.728261
0.431818
0.0
0.074074
0.166667
0.0
0.0
0.438202
0.180328
0.21875
0.206349
0.122807
0.333333
0.193548
0.206349
0.0
0.137931
0.0
0.425287
0.0
0.242424
0.0
0.0
0.0
0.253731
0.0
0.285714
0.0
0.39759
0.0
0.0
0.0
0.431818
0.0
0.350649
0.21875
0.038462
0.57265
0.107143
0.107143
0.137931
0.0
0.0
0.456522
0.431818
0.425287
0.375
0.438202
0.0
0.489796
0.230769
0.0
0.418605
0.285714
0.350649
0.0
0.122807
0.468085
0.382716
0.0
0.038462
0.315068
0.358974
0.462366
0.056604
0.342105
0.0
0.333333
0.0
0.137931
0.193548
0.0
0.0
0.0
0.0
0.253731
0.0
0.0
0.275362
0.152542
0.137931
0.0
0.0
0.0
0.122807
0.411765
0.671053
0.404762
0.590164
0.494949
0.411765
0.206349
0.0
0.137931
0.242424
0.090909
0.39759
