0.0
0.0
0.0
0.0
0.0
0.0
0.0
0.0
0.0
0.0
0.117647
0.0
0.0625
0.0
0.0
0.268293
0.0
0.464286
0.0
0.0
0.032258
0.0
0.0
0.142857
0.0
0.0
0.0
0.0
0.230769
0.0
0.361702
0.0
0.0
0.0
0.0
0.090909
0.0
0.0
0.0
0.0
0.090909
0.545455
0.032258
0.0
0.0
0.0
0.0
0.0
0.0
0.210526
0.0
0.0
0.0
0.142857
0.0
0.347826
0.4
0.117647
0.605263
0.785714
0.0
0.0
0.0
0.0
0.0
0.166667
0.0
0.25
0.210526
0.0
0.0
0.347826
0.545455
0.538462
0.53125
0.0
0.0
0.032258
0.0
0.4
0.5
0.0
0.0
0.230769
0.375
0.0
0.482759
0.0625
0.0
0.0
0.4
0.0
0.651163
0.0
0.090909
0.347826
0.423077
0.210526
0.0
0.0
0.571429
0.189189
0.387755
0.0
0.0
0.0
0.0
0.361702
0.0
0.166667
0.0
0.090909
0.090909
0.090909
0.0
0.0
0.454545
0.387755
0.79021
0.666667
0.516129
0.210526
0.0
0.25
0.0
0.0
0.0
0.0
0.0
0.166667
0.090909
0.0
0.166667
0.0
0.117647
0.0
0.0
0.0
0.032258
0.347826
0.189189
0.0
0.0
0.090909
0.0
0.5
0.0
0.0
0.0
0.0625
0.473684
0.0
0.0
0.268293
0.558824
0.189189
0.69697
0.0
0.0
0.0
0.268293
0.0
0.0
0.0
0.0
0.0
0.0
0.0
0.268293
0.0
0.61039
0.0
0.0
0.189189
0.0
0.285714
0.318182
0.0
0.0
0.0
0.538462
0.0
0.473684
0.230769
0.0
0.491525
0.0
0.552239
0.25
0.0
0.318182
0.0
0.0
0.0
0.166667
0.117647
0.230769
0.0
0.117647
0.0
0.0
0.0
0.0
0.210526
0.268293
0.189189
0.032258
0.166667
0.090909
0.117647
0.142857
0.538462
0.302326
0.0
0.302326
0.268293
0.0
0.0
0.25
0.620253
0.0
0.25
0.0
0.0
0.189189
0.0
0.142857
0.433962
0.230769
0.0
0.032258
0.0
0.0
0.0
0.0
0.0
0.0625
0.0
0.0
0.0
0.0
0.0
0.0625
0.210526
0.189189
0.0
0.142857
0.0
0.0625
0.189189
0.318182
0.0
0.0
0.0
0.0
0.318182
0.0
0.210526
0.589041
0.620253
0.090909
0.347826
0.0
0.0
0.230769
0.0
0.0
0.230769
0.558824
0.090909
0.0
0.0
0.0625
0.52381
0.473684
0.454545
0.0
0.0
0.268293
0.268293
0.090909
0.594595
0.0
0.647059
0.0
0.779412
0.302326
0.090909
0.0
0.268293
0.0
0.714286
0.0
0.4
0.166667
0.117647
0.577465
0.433962
0.0
0.090909
0.0
0.0
0.285714
0.166667
0.117647
0.142857
0.117647
0.0
0.0
0.090909
0.0
0.4
0.0
0.0
0.589041
0.52381
0.0
0.0
0.0625
0.491525
0.0
0.0
0.285714
0.67033
0.444444
0.0
0.53125
0.0
0.464286
0.0
0.0
0.67033
0.302326
0.5
0.032258
0.142857
0.318182
0.719626
0.230769
0.0
0.565217
0.0
0.433962
0.75
0.117647
0.210526
0.032258
0.482759
0.74359
0.318182
0.0
0.423077
0.387755
0.142857
0.189189
0.0
0.0
0.347826
0.375
0.375
0.230769
0.230769
0.634146
0.423077
0.0
0.090909
0.0
0.361702
0.0
0.189189
0.615385
0.0
0.0
0.0
0.0
0.0
0.0
0.0
0.0
0.25
0.0
0.0
0.318182
0.0
0.0
0.0
0.0
0.52381
0.142857
0.189189
0.0
0.285714
0.0
0.0
0.0
0.0
0.0
0.0
0.0
0.0
0.0
0.0
0.0
0.166667
0.659091
0.690722
0.454545
0.473684
0.25
0.0
0.0
0.375
0.090909
0.0
0.464286
0.166667
0.0
0.684211
0.538462
0.647059
0.230769
0.0
0.0
0.0
0.0
0.0
0.0
0.411765
0.0
0.0
0.032258
0.230769
0.0625
0.433962
0.777778
0.117647
0.032258
0.0
0.642857
0.5
0.142857
0.69697
0.651163
0.634146
0.0
0.0
0.361702
0.166667
0.375
0.0
0.62963
0.210526
0.0
0.625
0.189189
0.0
0.268293
0.620253
0.0
0.25
0.0
0.25
0.4
0.0625
0.0
0.727273
0.0
0.673913
0.189189
0.482759
0.0
0.0
0.0625
0.0
0.318182
0.0
0.0
0.166667
0.0
0.0
0.361702
0.0
0.318182
0.0
0.0
0.166667
0.189189
0.230769
0.117647
0.347826
0.0
0.166667
0.0
0.482759
0.0
0.210526
0.333333
0.0
0.61039
0.0
0.620253
0.375
0.25
0.117647
0.0
0.0
0.0625
0.302326
0.0
0.0625
0.0
0.482759
0.482759
0.333333
0.285714
0.189189
0.0
0.491525
0.52381
0.5
0.0
0.0
0.558824
0.53125
0.117647
0.0
0.0
0.0
0.302326
0.166667
0.0
0.285714
0.0625
0.0
0.74359
0.0
0.840426
0.0
0.0
0.0
0.0
0.0
0.361702
0.491525
0.0
0.0
0.0
0.0
0.0
0.285714
0.482759
0.285714
0.423077
0.0
0.0
0.0
0.142857
0.0
0.0
0.0
0.0
0.0
0.0
0.333333
0.741379
0.090909
0.387755
0.605263
0.0625
0.538462
0.361702
0.0
0.0
0.25
0.69697
0.0
0.0625
0.0
0.0
0.117647
0.032258
0.387755
0.0
0.189189
0.0
0.142857
0.923664
0.032258
0.516129
0.0
0.117647
0.0625
0.482759
0.642857
0.0
0.0
0.0
0.318182
0.032258
0.230769
0.387755
0.0
0.0
0.0
0.0
0.0
0.0625
0.0
0.318182
0.189189
0.0
0.375
0.0
0.473684
0.318182
0.552239
0.166667
0.464286
0.117647
0.0
0.090909
0.347826
0.361702
0.142857
0.0
0.615385
0.090909
0.387755
0.411765
0.0
0.0
0.268293
0.0
0.0
0.0
0.0
0.0
0.032258
0.0
0.0
0.0
0.5
0.0
0.0
0.0
0.0
0.0
0.285714
0.53125
0.0
0.25
0.433962
0.0
0.0
0.0
0.0
0.230769
0.0
0.032258
0.0
0.4
0.0
0.0
0.387755
0.285714
0.0
0.508197
0.117647
0.5
0.565217
0.0
0.0
0.0
0.0
0.53125
0.0
0.0625
0.423077
0.552239
0.0
0.0
0.142857
0.0
0.4
0.117647
0.189189
0.0
0.0
0.0
0.473684
0.411765
0.166667
0.090909
0.0
0.347826
0.166667
0.423077
0.318182
0.61039
0.230769
0.166667
0.454545
0.0
0.662921
0.0
0.0
0.779412
0.0
0.0
0.0
0.25
0.558824
0.166667
0.0
0.0
0.347826
0.0
0.0
0.166667
0.285714
0.032258
0.0
0.0
0.0
0.0
0.361702
0.090909
0.285714
0.0
0.333333
0.666667
0.577465
0.0
0.0
0.347826
0.0
0.142857
0.0
0.0
0.545455
0.117647
0.0
0.0
0.0
0.117647
0.0
0.090909
0.0
0.0
0.0
0.166667
0.210526
0.166667
0.0625
0.0
0.0
0.302326
0.0
0.268293
0.0
0.4
0.565217
0.375
0.230769
0.0
0.677419
0.375
0.0
0.333333
0.0
0.634146
0.491525
0.0
0.230769
0.285714
0.0
0.117647
0.634146
0.0
0.5
0.0
0.577465
0.230769
0.4
0.285714
0.0
0.347826
0.634146
0.210526
0.72973
0.0
0.0
0.0
0.0
0.0
0.0
0.0
0.0
0.0
0.0
0.0
0.0
0.0
0.0
0.142857
0.0
0.0
0.090909
0.0
0.166667
0.0
0.0
0.0
0.0
0.0
0.0
0.464286
0.333333
0.5
0.189189
0.0
0.0
0.0
0.0
0.0
0.0
0.117647
0.0
0.583333
0.0
0.0
0.302326
0.090909
0.0
0.0
0.0
0.594595
0.0
0.0
0.142857
0.482759
0.0
0.0
0.0
0.53125
0.361702
0.230769
0.142857
0.0
0.117647
0.032258
0.0
0.0
0.0
0.0
0.189189
0.0
0.0
0.032258
0.0
0.318182
0.166667
0.0
0.508197
0.0
0.0
0.375
0.361702
0.387755
0.302326
0.375
0.491525
0.0
0.0
0.0
0.454545
0.387755
0.0
0.117647
0.268293
0.0
0.090909
0.0
0.0
0.0
0.0
0.0
0.142857
0.0
0.142857
0.142857
0.333333
0.0
0.0625
0.032258
0.189189
0.268293
0.0
0.0
0.166667
0.166667
0.318182
0.142857
0.285714
0.0
0.0
0.482759
0.491525
0.117647
0.433962
0.482759
0.0
0.25
0.0
0.0
0.0
0.117647
0.0
0.0
0.0
0.361702
0.0
0.0
0.0
0.0
0.142857
0.166667
0.0
0.0
0.230769
0.0
0.454545
0.0625
0.090909
0.210526
0.142857
0.0
0.0
0.538462
0.0
0.0
0.0
0.090909
0.0
0.0
0.142857
0.0
0.189189
0.090909
0.347826
0.423077
0.433962
0.230769
0.0
0.0
0.090909
0.230769
0.464286
0.558824
0.0
0.268293
0.0
0.0
0.0625
0.210526
0.230769
0.387755
0.433962
0.577465
0.142857
0.090909
0.0
0.433962
0.0
0.0
0.375
0.0
0.0
0.565217
0.516129
0.647059
0.090909
0.0
0.166667
0.732143
0.375
0.0
0.285714
0.0
0.302326
0.0
0.0
0.0
0.0
0.53125
0.166667
0.538462
0.0
0.0
0.117647
0.0
0.387755
0.0
0.433962
0.333333
0.090909
0.0
0.318182
0.4
0.032258
0.347826
0.0
0.0
0.090909
0.0
0.0
0.0
0.0
0.0
0.0
0.0
0.166667
0.0625
0.0
0.0
0.0
0.0
0.333333
0.0
0.0
0.032258
0.0
0.347826
0.0
0.25
0.464286
0.230769
0.508197
0.166667
0.76
0.545455
0.0
0.722222
0.0
0.0
0.444444
0.032258
0.318182
0.268293
0.0
0.0
0.577465
0.142857
0.268293
0.032258
0.0
0.090909
0.387755
0.444444
0.117647
0.189189
0.210526
0.0
0.347826
0.0
0.0
0.0
0.318182
0.0
0.0
0.0
0.0
0.032258
0.0
0.0
0.0
0.0
0.0
0.0
0.0
0.0
0.0
0.0
0.0
0.0
0.0
0.0
0.0
0.210526
0.0
0.0
0.0
0.0
0.387755
0.0
0.032258
0.25
0.0
0.0
0.0
0.0
0.0
0.0
0.0
0.0
0.589041
0.0
0.166667
0.0
0.0
0.0
0.0
0.25
0.0
0.0
0.0
0.0
0.0
0.0
0.0
0.0
0.090909
0.0
0.411765
0.53125
0.0
0.433962
0.620253
0.0
0.0
0.0
0.230769
0.0
0.0
0.0
0.0
0.117647
0.285714
0.0625
0.444444
0.0
0.347826
0.0
0.0
0.0625
0.538462
0.0
0.285714
0.333333
0.0
0.0
0.0
0.0
0.302326
0.117647
0.433962
0.210526
0.142857
0.387755
0.53125
0.032258
0.0
0.0
0.333333
0.0
0.0
0.0
0.142857
0.0
0.0
0.4
0.0
0.285714
0.0
0.0
0.0
0.0
0.0
0.0
0.0
0.61039
0.032258
0.302326
0.0
0.0
0.0
0.0
0.411765
0.166667
0.117647
0.0
0.189189
0.0
0.210526
0.166667
0.0
0.0
0.210526
0.0
0.0
0.0
0.0
0.0
0.464286
0.0
0.142857
0.0
0.142857
0.0
0.0
0.032258
0.210526
0.0
0.0
0.464286
0.318182
0.6
0.52381
0.117647
0.230769
0.210526
0.318182
0.583333
0.285714
0.651163
0.770992
0.0
0.423077
0.464286
0.0
0.0
0.375
0.853659
0.285714
0.375
0.454545
0.142857
0.433962
0.230769
0.285714
0.142857
0.268293
0.189189
0.0
0.464286
0.4
0.0
0.230769
0.285714
0.0
0.0
0.375
0.0
0.482759
0.0
0.53125
0.318182
0.0
0.117647
0.268293
0.0
0.0
0.0
0.0
0.032258
0.387755
0.0
0.032258
0.0
0.0
0.6
0.0
0.375
0.433962
0.285714
0.166667
0.117647
0.552239
0.52381
0.0
0.032258
0.411765
0.0
0.482759
0.166667
0.0
0.142857
0.0
0.230769
0.0
0.166667
0.508197
0.0
0.0
0.0
0.0
0.0
0.210526
0.333333
0.0
0.411765
0.25
0.0
0.0
0.117647
0.032258
0.0
0.090909
0.0
0.0
0.0
0.189189
0.0
0.0
0.0
0.0
0.813665
0.5
0.268293
0.0
0.0
0.0
0.0
0.0
0.210526
0.0
0.0
0.0
0.0
0.0
0.268293
0.117647
0.0
0.0
0.0
0.032258
0.189189
0.797297
0.210526
0.4
0.0
0.0
0.0
0.285714
0.302326
0.822485
0.189189
0.285714
0.745763
0.142857
0.571429
0.0
0.0
0.0
0.5
0.032258
0.638554
0.0
0.4
0.0
0.0
0.0625
0.090909
0.0
0.423077
0.387755
0.655172
0.625
0.0
0.558824
0.0
0.0
0.538462
0.0
0.736842
0.142857
0.411765
0.620253
0.0
0.333333
0.375
0.0
0.0
0.642857
0.333333
0.5
0.673913
0.090909
0.0
0.0625
0.117647
0.0
0.552239
0.411765
0.491525
0.302326
0.318182
0.0
0.302326
0.0
0.0
0.647059
0.634146
0.0
0.302326
0.0
0.387755
0.0
0.0
0.473684
0.53125
0.333333
0.0
0.0
0.210526
0.0
0.0625
0.538462
0.0
0.0
0.0
0.806452
0.0
0.0
0.387755
0.545455
0.189189
0.444444
0.52381
0.0
0.714286
0.545455
0.0
0.0
0.142857
0.0
0.0
0.53125
0.0
0.210526
0.189189
0.166667
0.189189
0.0
0.0
0.0
0.302326
0.482759
0.0
0.166667
0.210526
0.0
0.0
0.0
0.0
0.0
0.117647
0.0
0.189189
0.0
0.032258
0.117647
0.0
0.375
0.5
0.0
0.387755
0.0625
0.411765
0.0
0.0
0.090909
0.516129
0.0
0.0
0.318182
0.117647
0.0
0.0
0.0
0.0
0.0
0.0
0.361702
0.545455
0.558824
0.333333
0.347826
0.0
