0.995442784
1.00203612
1.003018958
0.9989597
0.953145136
0.411623226
0.583254994
0.9966
0.45472294
0.29308660400000003
0.997558296
0.994152464
0.6262181520000001
1.0011392080000001
1.001246566
1.011949648
1.004287792
0.858904134
1.002679426
0.983221534
0.984630318
0.908222766
1.00089424
1.007650056
1.002962744
1.007423158
0.710958998
0.8462873019999999
1.003288404
0.908805064
1.00179071
0.567496574
0.9305610480000001
1.010561518
0.8854963659999999
0.9993083420000001
0.829254726
1.001055206
0.552990588
0.719756554
0.516372226
1.0078936139999999
0.568139912
1.00486581
0.5547247280000001
0.740575446
0.960655822
0.470380304
0.907775498
0.6503161199999999
0.948260838
1.000945556
1.002798822
0.753253272
0.349087838
0.785743324
0.426393438
0.763874304
0.9930238779999999
0.6982471819999999
0.753887914
0.661671198
0.38191643399999997
0.99972238
1.003194668
0.490218082
1.003980256
0.5684564860000001
0.8750203320000001
0.947204742
0.8026835999999999
1.002751996
0.287557104
1.0017837
1.005729376
1.004186824
0.927102086
0.9797227319999999
0.6618435140000001
0.984957734
0.7980273600000001
0.595236038
0.688704408
0.9578663380000001
0.8956693259999999
0.689898064
0.564891656
0.7922422920000001
0.668236108
0.989548558
0.983978394
0.9445155660000001
0.771905534
0.67613855
0.911066368
1.006872878
0.86672989
0.480214594
0.629360098
0.955809294
1.002178746
0.865618906
0.99917583
0.712046914
0.9824838140000001
0.8129957839999999
0.754645594
0.740210414
0.30562027399999997
1.006375076
1.0142461459999998
0.480425696
0.347809778
1.006049766
1.006012062
0.931786482
0.394669514
0.649651166
0.667041574
0.63694916
0.8650278939999999
1.005983786
0.996833618
1.008421332
0.97058337
0.95461325
0.957945386
0.998562546
0.955335192
0.82274181
0.9978340899999999
0.967398162
0.8539619159999999
1.0970430180000001
0.38113219800000003
0.6298150859999999
0.288424344
0.532044602
0.956013536
0.552235484
1.0033587179999999
0.635320118
0.778653544
1.002684108
0.7080056
0.87483497
1.0038066159999999
0.5791518959999999
1.002321412
0.8771433080000001
1.005359766
1.00568463
0.994640548
0.92258741
1.000528174
0.883049494
0.7110931880000001
0.83492264
0.890467938
0.706275506
1.002700494
0.9729667879999999
0.46259892
1.00818462
0.895764596
0.666953528
0.715714562
0.342053218
0.862289128
0.42059278
0.929451456
0.920268626
0.40106409200000004
1.0018491299999999
0.972984422
0.955607264
0.98833714
1.008430804
1.007309746
1.0062171100000001
1.004611964
1.000656384
1.004222042
1.00698383
0.8471803760000001
1.137305848
1.0290600380000001
0.9672042740000001
0.5453220400000001
0.794613846
1.007621688
0.698190428
1.00338919
0.8938556160000001
0.9362204080000001
0.757790534
0.893738434
0.532869726
0.999820124
0.84718706
0.97527778
0.985692388
1.005844786
1.0056469540000001
0.60091324
0.639201476
0.752374472
0.961393392
1.005011594
0.762457226
0.5647728059999999
0.99962
1.0377074339999999
0.941205914
0.40170816600000003
0.669001148
0.513108842
0.643999408
0.72610714
0.8050170640000001
0.83109847
0.76866323
1.003025984
0.9990572959999999
0.8331120019999999
0.6236819880000001
1.005009242
0.989831346
0.997440146
1.00379254
0.852433134
1.00578119
0.618576342
0.839585598
0.763915062
1.007054664
0.9975304939999999
1.0015524279999999
0.8927612619999999
1.00245476
0.928222122
0.9869653620000001
1.1844003479999998
0.850032418
0.962990674
1.006224182
1.00587541
0.948013856
1.1186849939999999
0.9983814919999999
1.011632638
1.005437432
1.004604914
1.003014272
1.004339456
1.005108022
1.002073526
0.7411582
0.950403244
0.8017276560000001
0.81823707
0.7654944379999999
0.99752586
1.003773774
0.975656624
0.72101438
0.478156838
0.716309004
1.005068038
0.7663057179999999
0.957932566
0.560498736
0.67005947
0.845080062
0.733093456
0.999927198
0.8033171539999999
0.800756072
0.5361999919999999
1.00549157
1.110416092
0.936428614
0.747200334
1.0055551299999999
0.614426076
1.00120222
1.106981718
1.00333528
0.984276052
0.708817676
1.024922216
1.005710534
0.23607996
1.017868478
1.016497754
0.671712072
0.805803952
1.0053832999999999
0.5518097820000001
1.000283504
0.680545026
1.002922928
1.001038874
0.741266928
0.8170478560000001
0.5956710940000001
0.592962986
0.9401263639999999
1.024477274
0.724066554
0.8587135180000001
1.0022910040000002
0.753887914
1.004271354
0.923372862
0.751727902
0.893524612
0.841450892
0.8192328139999999
0.708769718
0.5429581520000001
0.847130248
0.795613312
1.005482154
0.38526416599999996
0.59704565
0.735632332
0.690529194
0.8857483740000001
0.46781193000000004
0.6084126320000001
0.981446586
0.589665102
1.108561748
0.860863254
1.001393638
1.00142866
0.9468560159999999
1.005133898
0.819254692
0.968960824
0.8598464259999999
0.779065966
0.749347442
1.0050304079999999
1.001977678
1.005750572
0.678048168
0.922478424
0.77263594
0.982317532
0.897188572
0.73908059
1.003473586
1.191328972
1.0051127279999998
0.982911016
1.006488278
1.00202443
1.004038932
1.005550422
0.86568346
0.880930388
0.6496894919999999
0.666987708
0.756109622
0.775654082
0.395256818
0.731035866
0.973244588
0.469407132
0.49841681
0.565016502
0.476768308
0.753790004
0.83288905
0.759329892
0.857265212
0.945711412
0.688686738
0.7396571719999999
1.017583912
0.910869286
1.0051433060000001
0.999938838
0.9824815680000001
1.007314472
0.9985068300000001
0.858169616
0.888206574
0.945563588
0.326743684
0.9856742900000001
0.896890678
1.0030962620000001
0.9824815680000001
0.760095866
1.00111354
0.754115588
0.9843685440000001
1.004590816
0.9022130740000001
0.928266256
1.1373540359999998
0.944598658
0.9223179659999999
0.993416638
0.770977164
1.003884044
1.0037080919999999
1.00516683
0.709520248
0.710228912
0.755468578
1.010266764
0.53547533
0.6879961459999999
0.997963928
0.5239515760000001
0.6761055539999999
0.36638694400000005
1.023447076
1.016603618
1.006363286
1.002078202
0.9374055600000001
0.98977432
1.141019166
0.858627684
0.8129973220000001
0.777480816
0.908985864
1.00504687
1.005211528
1.1409737
0.747639964
0.991078448
0.655550056
1.010718474
0.566821774
0.606454774
0.183847702
0.826586316
1.0161466319999999
1.004581416
0.8576931959999999
0.756265394
1.00713023
0.700196006
0.61643848
0.0
0.73619471
0.999127018
0.448437848
0.994702744
0.677939002
0.764958626
0.684123328
1.033136958
0.884987306
0.550921476
0.896097262
0.7273971340000001
1.016584368
1.002810528
0.42062285000000005
0.18977392599999998
0.172885798
0.986693276
0.954339622
0.8167526460000001
0.878179934
0.7179842280000001
1.006509506
0.697442146
1.002209146
0.729030628
1.0677411179999998
1.007538958
1.001722952
0.8508423900000001
0.837588058
0.850202366
0.395076844
0.9158103320000001
0.9679323040000001
1.01551955
1.005585736
0.877078824
0.9102978460000001
0.778130172
0.618864234
0.833851178
1.003386846
0.921397896
0.6326446059999999
0.592994916
0.96268633
0.997850318
0.819228126
0.84947593
0.641490854
0.831132244
0.67012429
0.419691068
1.007475146
1.002794138
0.99094125
0.8158729419999999
0.721156024
1.00643639
1.005642246
1.01846707
1.006014418
0.42471024599999996
0.99991323
0.496347834
0.6158630460000001
0.592461582
0.482312342
0.932786174
0.775059198
0.858056462
0.338923494
0.5522447140000001
0.826473384
0.67918903
0.34909039000000003
0.55378703
1.073621042
1.0062288959999999
1.155157312
0.96067516
1.004278398
0.981731494
1.006297266
1.004891672
0.9860884240000001
1.003874658
0.950920882
0.9652804939999999
0.744178606
1.0020057279999999
0.9794523900000001
0.818628524
0.99972936
0.9994781020000001
0.725979496
0.954348104
1.0050304079999999
0.9952098180000001
0.580919102
0.87693377
1.005896612
0.84815405
0.726901008
0.9814892
0.719828932
1.004315972
1.002901852
1.004285442
1.002148346
0.8893837
0.730385686
0.9963711160000001
1.001863152
0.87693019
0.781494238
0.895884178
0.786612522
0.944627742
0.991923052
0.726161156
1.005307996
0.532842622
0.617990688
1.00631377
0.778278224
0.604434614
1.00583772
0.624133334
0.966651354
0.408701974
1.00481644
0.86777184
1.005270348
0.7677563639999999
0.996699448
0.990906956
0.999261842
0.8568838120000001
1.016952646
1.0043371079999999
0.9327456580000001
0.704163416
1.00477883
0.7880760699999999
0.640353666
0.342645924
0.75715064
1.016351022
0.831096862
0.964051988
0.601082278
1.013121688
0.5638016
0.6513862420000001
0.9882006999999999
0.9795908940000001
1.004412268
0.873033586
0.962106232
0.954184848
0.558337596
1.1901834180000002
0.874193944
0.708336048
0.3640065
0.913659536
1.006511864
0.772780518
0.853953426
1.005505694
1.007368812
1.007193998
0.8248638899999999
0.801703712
0.567411856
0.773550198
0.679958916
0.624774316
0.7654848879999999
1.00068436
0.997994074
1.081670468
1.000572462
0.767923836
0.896172052
0.790671532
0.983329586
0.81759378
0.9730241
0.933193544
0.8742366500000001
0.8972504219999999
0.453296616
0.663526512
1.0010365399999999
0.6829940800000001
0.863020312
1.008933012
0.9262703259999999
0.86222681
0.6848684060000001
0.466377386
1.0075696840000001
0.8609253760000001
0.776680826
0.817515968
0.73125866
0.984339214
0.555055214
0.73474512
0.665362366
1.00629255
0.789995272
0.739191254
0.79069191
1.0028877999999999
0.8092763740000001
1.007664242
0.693167096
1.00408353
0.68625597
0.4873401
0.4947777
0.926996034
1.016757642
0.633081028
0.966427318
1.02008049
0.63263622
0.856810306
1.013575956
0.7225390660000001
0.9691357359999999
0.7120776080000001
0.9557369800000001
0.697580344
1.0054021279999998
0.350377326
0.998771536
1.00678083
1.00651894
1.0016388520000001
0.763262076
0.998855156
0.674427054
0.589185422
0.21996088800000002
0.904643584
1.004673062
0.999754958
0.6039102319999999
0.617959566
0.524756898
0.996697136
0.9257133219999999
0.588654882
0.6396241300000001
0.53212766
0.8717311959999999
0.7494625119999999
0.531365304
0.62677469
0.30681055199999996
1.005218586
1.055313414
1.005583382
0.7950080319999999
0.878774678
0.721375258
0.984630318
0.880139696
1.003407944
1.008397656
1.017379026
0.981727006
1.005077446
1.015891862
0.473533446
0.6695069300000001
0.979456858
0.970311472
1.016565118
0.967936666
1.1150632820000002
0.774339562
0.990545876
1.004362942
0.6640476599999999
1.00569876
1.007898344
1.0100220580000001
1.0054986320000001
0.9470293040000001
0.77515292
0.726131692
1.1497950160000001
0.960254184
0.9435154619999999
0.98167764
0.797473188
1.00348062
0.8423833439999999
0.6336844260000001
1.0052209380000001
0.789902286
0.998061328
1.013628582
1.000288164
0.7449427279999999
1.0160649
0.997183092
1.073658616
1.0054727380000001
1.2011744180000001
1.002031444
0.97930946
0.9859842919999999
1.01244821
0.7310831520000001
0.909095532
0.793121542
1.005188002
1.003487654
1.013839138
1.004393476
0.553398148
0.347936006
1.00373624
0.98573537
0.767200936
0.566073214
0.608061196
0.940715276
1.000241572
0.7480123620000001
0.8071380659999999
0.91783592
0.47978919200000003
0.875730418
0.565536546
1.004372338
0.415987938
1.102011166
0.687923416
1.00119055
0.8699566519999999
1.001853804
1.0139612059999998
1.007038136
0.976823808
0.61690155
0.966420794
0.6502216059999999
0.981141672
1.004811738
1.00824852
1.004903426
1.005993212
0.855733116
1.002260598
0.945719742
0.961714148
1.013762562
0.844254464
0.74122855
1.005108022
1.006030914
0.595610792
0.740585662
1.008696058
0.807763484
0.874875958
0.990970974
0.909912142
0.927889234
0.96817668
0.7881237919999999
0.9883485120000001
0.7645664440000001
0.6491141
1.00090357
1.005825942
1.000069224
1.002071188
1.001092538
0.560789276
0.6893068040000001
1.005651664
0.678062084
0.627323054
0.66350396
0.8470333480000001
1.006995636
0.8209364859999999
1.0001600499999999
1.000281174
0.5947431360000001
0.6885752220000001
0.999978416
0.762403088
1.003461864
1.004069446
0.733133498
0.308058742
0.5305887420000001
1.005748216
1.142515548
1.005628118
0.607521054
1.048031004
0.975204702
0.905870442
0.9897902860000001
0.7418764
0.37059093000000004
0.250401538
1.004825844
0.49984781
1.003154834
0.7101514059999999
0.7517963240000001
0.78569014
1.003382158
0.54889725
0.867572012
0.272123754
0.565503782
0.941018256
1.04669777
0.694979652
1.005913104
1.009846322
0.568592698
0.740549908
0.776741224
0.792196994
0.873054882
0.76196891
0.834752254
0.7881136679999999
1.00399199
0.86077699
1.005406834
0.573980164
0.99772978
0.7494402800000001
1.000775298
1.008954344
0.885328438
0.741062288
1.00734991
0.719169624
1.027730336
0.580488844
1.007142038
1.00142866
1.004903426
0.56845799
0.9991293419999999
0.618485484
0.779865216
0.867866526
0.429794148
0.8948277299999999
0.8926128280000001
0.844244508
0.987112804
0.996951626
0.540150978
0.569415122
0.574266424
0.585846988
0.547250894
1.006747792
0.48128599000000005
0.858768462
0.99979685
0.508956554
0.678135956
0.650691496
0.9983814919999999
0.8759429559999999
0.530601852
0.62012144
1.003194668
0.962830922
0.6768002
0.6445996239999999
0.534753954
0.943438778
0.612331596
0.997215506
0.6683723340000001
1.006957862
0.974516548
0.8112835
0.998989906
0.9678232480000001
1.004710666
1.0137194919999999
0.74194945
0.9856856
1.00047457
0.721034956
0.8431589340000001
0.837550492
1.002730926
1.01393727
1.004995132
0.87753579
0.585466856
0.329523816
0.595749588
0.411863612
0.507182358
0.5869109379999999
0.7941407500000001
0.941003824
0.860861528
0.7539871739999999
0.89908736
0.611904126
