1.0288702213333332
1.0072388773333334
1.004060056
1.000143746
1.009808334
0.9731762260000001
1.0057764786666668
0.7832457613333332
1.0015897986666666
0.4177069506666667
1.016849116
0.5195284046666666
0.25725453066666665
0.7275536220000001
1.0750722259999999
1.0032626246666667
1.002700494
0.41775164200000003
0.7768564286666666
0.9752202026666668
0.7916917440000001
0.7061129453333334
0.6368056126666667
0.9796020653333334
1.0203640306666666
0.9671824926666667
0.7430225066666667
1.0125341353333333
0.8562619833333334
1.0360303206666668
0.8635009339999999
1.015778938
0.8751754533333332
0.768839356
0.6155982306666666
0.8506654446666666
0.8018983
1.0009945453333333
0.8512724186666666
0.6855713346666666
0.875514416
1.006023844
0.9739044446666667
1.0048117386666666
0.9071638599999999
0.9415897086666667
1.011806612
0.8415399213333333
0.8201902579999999
0.5868844733333334
0.6090769893333333
0.9959228986666667
0.8090355160000001
0.7364926386666666
1.0278483933333333
0.8863552453333333
0.7304241926666667
0.7758600546666666
0.7482651779999999
0.7631834133333334
0.9869063973333333
0.8863003740000001
0.975286638
1.0376948973333333
0.8223180733333334
0.9963965426666667
0.92963654
0.9933546026666666
0.5119943846666667
0.7554911693333334
0.5847590213333334
0.9746226960000001
0.9004596246666666
0.7369665393333333
0.9659752140000001
0.6966864233333334
0.817956578
0.7962195126666667
0.9133370113333333
0.6646087053333333
0.32486194533333335
0.7328857993333333
0.513567774
0.8498322673333334
0.8177307646666666
0.7477506020000001
0.5500303893333333
0.9016410826666666
0.584568008
0.8049944326666667
0.45164304666666666
0.653271676
0.865275358
0.752849244
0.9964196586666667
1.0052585833333332
0.8363615166666667
0.45672192333333334
0.9714263439999999
1.007061748
0.77569891
1.0063774346666667
0.513788944
0.295962768
0.7372638286666667
0.7128517266666666
0.8296968626666666
0.5888841
0.931541946
0.4504517446666667
0.9990154673333334
0.9409193026666667
0.9713164993333333
1.0212860206666665
0.4312519246666667
0.33360912666666664
0.3623206666666667
0.33437401066666667
1.0035204786666667
0.46907492666666667
0.9604238186666666
0.9791219286666666
0.21473440733333332
1.0050703893333333
0.7747404366666666
0.9850390566666667
0.7871718953333334
0.9113215419999999
0.26437889266666664
0.5266150833333334
0.296630152
0.6308799033333333
0.664994588
0.5537213446666667
0.7366631726666666
0.8271960433333334
0.644638324
0.7671022773333334
1.0096896373333335
0.9982956313333334
0.840428396
0.7771938106666666
0.8502781086666668
0.508241058
1.0085870973333333
0.650348616
0.6614001613333333
0.9653564306666668
0.7958654146666666
0.9988760633333333
0.8076358926666667
0.7515056113333334
1.016921344
0.7224807259999999
0.9664969106666668
0.9365184573333333
0.998121634
0.9123475433333333
0.9054713013333333
0.8589934593333334
0.9363347059999999
1.0137051373333335
0.960703096
1.01140156
0.8040826546666667
0.94232309
0.8690219726666666
0.9599193833333334
0.7595931053333334
0.6999164486666667
0.897130476
0.9291940713333333
0.8552304453333333
0.83627195
0.5322239320000001
0.4297674833333333
0.4966916606666667
0.3664429
0.9064554673333334
0.6200999526666667
0.835873206
1.016199526
0.6990051586666667
0.9899317286666666
1.00869369
0.147817644
0.577556132
1.0040131133333332
1.0060709753333335
0.44606816200000005
0.9489857806666667
0.9937568219999999
0.4713968373333333
0.5577988266666667
1.0068492753333333
1.0024430613333335
0.27379935666666666
0.9529548026666667
0.9732423826666666
0.7793798113333333
0.5869245733333333
1.0164159633333334
0.7519332086666667
0.935610612
0.88472115
0.9551588526666667
0.48187132400000005
1.0085634133333332
0.962101922
0.6054238066666667
0.9985161159999999
0.6105011686666667
1.012092726
0.812786544
1.0203155506666668
1.009559104
0.6446286486666667
0.9762842486666666
0.821775258
0.439688714
1.0055880913333333
0.5929900033333333
0.0
0.7122842686666666
0.7265013993333334
0.322766062
1.008930642
1.0110801326666667
0.5934857426666666
0.6954624246666667
1.014028236
0.6366498613333333
0.8838927173333333
0.8221527926666666
0.5754089246666667
0.7225779653333334
0.7088984006666667
0.56676792
0.8602149646666667
0.9251111533333333
1.0092032746666668
0.8088146013333334
0.5644180400000001
1.0005981026666666
0.897524172
1.0031688926666666
0.5818950406666668
1.007404254
0.80415793
0.999166532
0.9471337233333333
1.002209146
0.7677124493333334
0.946977102
0.9124735326666668
0.7913125006666667
1.0188753846666667
0.8550857173333334
0.9072788393333333
0.5434913153333334
0.7297788213333333
0.8550686940000001
0.9228847720000001
0.935284626
0.99623476
0.9985509386666666
0.7956147853333334
0.6528695006666667
0.860430378
0.5284975293333334
0.5359330293333333
0.464240488
0.401840086
0.5117473173333333
0.8901947866666666
1.0061063259999998
1.0050351113333333
0.918120414
0.5518679226666666
0.61793645
0.5285625693333333
0.9699893393333333
0.8228694886666668
0.726464534
0.7327920179999999
0.43842302266666666
0.9064745986666667
1.00877661
0.6528645386666667
0.549734704
0.97731726
1.014004296
0.6799815233333334
0.7750130453333333
0.9719979393333333
0.9421577213333333
1.0186941393333333
0.8954751153333333
1.0047059653333335
0.9999574626666666
0.5750660826666666
0.6181054166666667
1.0226964853333333
0.9949308633333334
0.9561263333333333
1.0079480173333333
0.44618632933333335
0.7377957513333334
1.0068256726666667
1.0100814413333332
1.0059178153333335
1.0013446086666666
0.9637967140000001
1.0092744206666666
0.9230831199999999
0.8600168793333334
0.8803778366666667
0.7834386373333333
0.8405270793333334
0.3944625393333333
0.7006471933333334
0.7793020333333334
0.8694177786666667
0.9714043733333333
1.0114968373333333
0.983876962
0.9973799233333334
0.3821349266666667
0.5436805106666667
1.0037432773333332
1.0078652326666666
0.8866114046666667
1.01050921
1.0115444826666666
0.9478025586666666
0.8084339973333334
0.5281271073333333
0.6505998279999999
1.0034853086666666
0.7552055593333333
1.0271232666666668
0.6795296726666666
0.5192018246666666
0.7524206046666666
0.7708886006666666
1.0096184333333333
0.9529125166666667
0.41991018
0.801905786
0.6157570926666667
0.8454243973333334
0.6956313846666667
0.9964543346666666
0.9069244146666666
0.8649355666666667
0.656351498
0.6834005273333333
1.0041070033333335
0.6316360593333333
0.719178054
0.5050912046666667
0.8498574913333333
0.6440969520000001
1.0068610766666668
0.9836741586666667
0.392322236
0.543769994
0.9013761666666666
0.4297287833333333
1.0078061093333335
0.143162952
0.373873674
1.0057058246666668
0.9723060006666666
0.37085364333333337
0.25903413599999997
0.38140871866666665
0.9773728599999999
0.5323393733333334
1.0089661939999999
0.9312591706666667
0.620480684
1.018005996
0.24347059066666668
1.0084450093333333
0.7259610893333334
0.8552730213333333
0.9884736186666667
0.9872807153333333
0.9008090133333333
1.007061748
0.69256352
0.8048058793333333
1.002864384
1.0069555006666666
0.7914218606666666
1.0288948686666666
0.84423621
0.9475516353333334
0.8093556753333334
0.8545753046666666
0.48561706600000004
0.7279112086666667
1.0074869626666667
0.752631566
1.0071916366666667
0.9542569286666667
1.0039661746666668
0.9956804746666666
0.9778958106666668
1.015094726
0.9979013233333334
1.0060356266666666
0.994193886
0.9965930633333334
1.014279678
1.0016598753333332
0.9067999526666667
0.8701840260000001
0.8958580166666668
0.8907671226666667
0.7751948913333334
1.0061181106666666
1.0082201193333333
0.6963193360000001
0.719485266
0.6128401033333334
0.623457464
0.7054576553333333
0.799658778
0.36636944266666666
1.026472754
0.7057242633333334
0.4107481313333334
0.37374679
1.0071562093333333
0.9218151626666666
0.556411384
1.006636892
0.5174254180000001
0.7755728439999999
0.8605424353333333
0.6948436060000001
0.67989541
0.410622468
1.014171902
0.7054924186666667
0.9956573926666666
0.8644481266666667
0.5984223953333333
0.9854006553333333
1.0185371126666667
0.8806937533333333
0.7058460433333333
0.983156264
0.775082976
0.890683996
1.009120284
0.5172758559999999
1.011270584
0.7509209206666666
0.54553122
0.5264408033333333
0.9707566753333334
1.0120688766666668
0.16691963133333335
0.6232493806666667
0.38932430133333334
0.31744264866666666
0.6676201446666666
0.3865822353333333
0.9696827446666666
0.990125708
1.0132746586666668
0.5795629693333334
0.8798187693333333
0.6079777046666667
0.557874902
0.6649739960000001
0.7125501519999999
0.42726427399999994
1.0068020713333334
1.002478158
1.0031220326666666
0.9728455773333333
0.49996709133333334
1.00031845
0.817699628
0.7517950086666666
1.0007729653333335
0.77569891
0.563969654
0.2622424366666667
0.779408098
1.0126535013333333
1.01140156
0.4308841766666667
0.9659860773333333
1.0449025146666666
1.0101289533333333
0.9240960239999999
0.8049793453333334
0.7157145613333333
1.0064953533333334
0.779061726
0.830426778
0.7922685979999999
0.7556307313333334
0.9071542800000001
0.8624518913333333
0.62312731
0.8598016726666666
0.7745657880000001
0.47918056666666664
0.812648136
0.8643959339999999
0.850690718
0.7503699106666666
0.5196949926666667
0.47324855866666665
0.9296466006666666
0.5373209179999999
0.7628174366666667
0.27280805733333335
1.0066486886666666
0.9305025826666666
0.577206848
0.7560563826666666
1.0077351706666666
0.7332423893333333
0.38536475733333336
0.9288926293333334
0.6003127093333334
1.00877661
0.47465020333333335
0.966431668
1.0083621433333332
0.21191349199999998
0.9127353146666666
0.9414865066666667
0.7798468066666666
0.9238773666666666
1.015971164
0.8271163933333334
1.0126415633333332
0.9965005733333334
1.009654034
0.9615957226666666
1.009748982
0.577583316
0.35356654600000004
0.9345824913333333
0.9069052639999999
1.0045884653333332
0.47566474999999997
0.5400912059999999
1.0069791093333333
1.007829758
0.3803784593333333
0.679739386
0.9756632733333332
1.009938932
1.006754872
1.002700494
1.0014380006666668
0.976250962
0.811105774
0.6169600366666667
0.8824036273333333
0.9359164306666666
0.7714285986666667
1.00232609
0.8550516706666668
0.9993292686666667
0.6798146986666667
0.924155676
0.7189794093333334
0.9019819173333333
0.91270622
0.8448423500000001
0.6360276173333334
0.729667238
0.8546858426666666
0.4642982013333334
0.658787836
0.35430738733333333
0.9028066666666666
1.0184646546666667
0.9409399166666667
0.6827704153333334
0.543701158
0.8019806546666667
0.8755679606666666
0.662067964
0.633602162
1.0083147973333333
1.006589708
0.6029547526666666
0.9177378593333333
0.8132944446666667
0.7344523706666667
1.0392265133333334
0.8899549933333333
0.8900103186666667
1.0080071573333333
0.683079894
1.0043300626666667
0.9022377126666666
1.1039344306666667
0.8540739933333332
0.8068772573333334
1.0049410473333333
0.9176888373333333
1.0101883493333332
1.0105567626666665
0.9997712486666666
0.7331735466666667
0.6446092986666667
0.8639004133333333
0.8175673226666667
0.8430182633333334
0.9760402
0.8466242786666667
0.9556051386666666
0.659015274
0.5283349993333333
1.01084217
0.8959514566666666
0.557733636
0.740435006
0.568583666
0.8226330773333334
0.7149996746666667
0.6754526973333334
0.44898492
1.0062123946666668
0.8174583980000001
1.0000855253333334
0.8676789253333334
0.990308346
1.0122358433333334
0.8843932326666666
0.9935269426666667
0.7662127566666667
0.8406093333333333
0.9409914546666667
0.7092378806666667
1.0041070033333335
0.827235874
0.8284086133333334
0.3306873493333333
1.0697436573333332
0.8552985693333334
0.5815326166666667
0.8948501026666666
0.9344096633333333
0.6834168393333333
0.9693872826666667
0.615629114
0.990810948
0.34695031133333337
0.4334016786666667
1.0014029766666666
0.8521929593333333
0.9960614793333332
0.9068573926666667
0.535956436
1.0223070026666665
0.9293348113333333
1.005493924
0.9114762626666667
0.6890911460000001
0.7523217573333333
0.744303702
0.748024086
0.8130788940000001
0.929606358
1.0075696846666666
0.6994206399999999
1.022343504
0.558324532
0.8349956833333334
0.8458406373333334
0.766534114
0.5049813406666667
0.44235601933333335
1.0059178153333335
1.005023352
0.29303481266666664
0.45048481733333334
0.88041393
0.467230244
1.0104735486666667
1.0071089766666668
0.9124541479999999
1.021929974
0.6420220926666667
1.002747314
0.8315924866666666
0.49879131266666665
0.8357105626666667
0.28508627599999997
0.5981348766666666
1.0036494553333333
0.732635768
0.15373347133333334
0.5539355899999999
0.6500484013333333
0.8641959186666667
0.5975939246666667
0.5244128299999999
0.9054903906666667
0.306299862
0.99603838
0.9169149786666667
0.48873369733333333
1.0073924393333333
1.1341794093333333
0.934663844
0.6202880206666667
0.83611729
0.8360521873333334
0.10985385866666666
0.6656180913333334
0.595733062
0.80438384
0.831037362
0.9070584886666667
0.7918523026666666
0.40837554666666664
0.5442075093333334
0.8045194473333332
0.17918094666666665
0.5889810066666666
0.623271992
0.9410120713333334
0.24413002333333333
0.27028351933333333
0.7477636206666666
0.8170307593333334
0.26741843
0.918660456
0.8364266680000001
0.7257709446666666
0.701259222
0.568662712
0.7635293806666666
0.7835529786666666
0.722711712
0.8866022533333333
0.8795845333333333
1.009333716
0.49664571333333335
0.4625082566666667
0.736776906
0.43578289800000003
1.000574792
0.8300576493333333
0.17626453
1.0028409673333334
0.8449586953333335
0.8215944786666667
0.5270189513333333
0.742662764
0.40062751133333335
0.678633132
1.0199278793333333
0.896549936
0.8553581866666666
0.33972183666666667
0.46297940000000004
0.5338247746666667
0.8922104546666666
1.0063892253333333
0.8548304346666667
1.0138726446666666
1.0011345413333332
0.7748242959999999
0.9481164006666666
1.0085634133333332
0.7832171953333333
1.0538374686666665
0.879701636
0.7149580173333334
0.9232617066666666
0.662052656
0.7830958133333333
0.4993102953333334
1.00431832
0.44094136266666667
0.9282903326666666
0.25414534
0.972096938
1.0102477526666667
0.834914524
0.6504914386666667
1.017162178
1.0059531560000001
0.7123787819999999
0.9651286579999999
0.5690469613333333
0.7753418293333334
0.7942244546666667
0.973628476
0.5436048166666667
0.8750952113333332
0.5798094233333334
0.34034100066666667
0.9704824873333333
0.99470044
0.3767630846666667
1.0133941993333333
0.5263440313333333
0.9893274586666666
1.035056584
0.997298866
0.5535536346666667
0.8551453053333333
0.9329685339999999
0.6362631726666667
0.7061535786666666
0.23969992866666667
1.004964562
1.0032274726666666
0.80228776
1.0155747786666667
1.016957462
1.0271355486666667
0.9885304953333333
0.9920811446666666
1.0077942853333335
1.0038840433333334
0.8596209826666666
0.9875190653333334
0.9881779646666667
1.0132985646666666
1.0034032560000001
0.607891654
0.608274766
0.8850584300000001
0.3868886793333334
0.31276500933333334
0.9877007433333334
0.7123138013333333
0.7404796853333334
1.01004581
1.0066840806666668
0.9124929193333334
0.62322225
0.36739267200000003
0.9708334753333333
0.8763629733333334
0.8492945159999999
0.9962809779999999
0.6476517426666667
0.9916344886666667
0.896746486
0.8551878733333333
0.7264153866666667
0.8752646286666667
0.7022338066666666
0.9714373300000001
0.979110768
0.6102886346666667
0.9945852686666667
0.729481342
0.29834034666666664
0.37372077266666665
0.7831886313333333
1.018114588
0.8705191326666667
0.8859895613333333
0.7091968919999999
0.8277141419999999
0.9900001833333334
1.0086818446666665
0.7558235453333333
1.0056705019999999
0.8958486733333334
1.003708092
0.459905694
0.5208356833333333
0.33068480333333333
0.6514287246666667
0.4657532946666667
0.6285118706666666
0.7390144613333334
0.4305451066666667
1.0123909333333332
0.9080461100000001
0.45717161333333334
0.8404695113333334
1.016440018
1.0108302746666666
0.6871452926666666
0.8216259126666667
0.470369486
0.28424855866666665
1.0153346953333333
0.625650754
1.007286122
0.7788851240000001
0.909883228
0.7128398953333334
0.9755413886666667
0.9018398713333333
0.8965967260000001
0.7633665333333334
0.9011964906666667
0.6662530999999999
0.88646501
0.5120462686666667
0.8648049486666667
0.9775730726666667
0.8795845333333333
0.9792670366666666
0.9009790846666667
1.0173067326666665
1.0053291739999999
0.832672676
1.01242673
0.8460239126666667
0.8322289753333333
0.3955451146666667
1.0116636153333334
0.8414492426666668
0.5934652413333333
0.37555731066666664
0.9933775779999999
0.8130711979999999
0.767636982
1.0190687840000001
1.0121404273333332
0.5755014466666667
0.8805763866666666
0.696709026
0.661593736
0.9964890133333333
0.7102054233333334
0.24948475
0.6037260226666666
0.5522120533333333
0.621580708
0.9990503239999999
1.008149122
1.0085634133333332
1.0022442266666667
0.89586736
0.9427471126666666
0.6209696013333333
0.6686543206666666
1.0059531560000001
1.0076997046666667
0.9105969906666666
0.6926975566666667
1.0066840806666668
1.0120808013333333
0.8445350193333334
0.7336995813333334
0.9024083233333334
0.9190142819999999
0.9297874780000001
0.7517884293333333
0.8048888319999999
1.0253332766666667
0.821767396
1.000737988
0.172335344
1.0103665800000001
0.6231951213333333
0.7521702413333334
0.9690373393333332
0.8505391006666667
0.6677654633333333
0.6621241006666667
0.8461572533333332
0.6473735266666667
0.4821986286666667
1.0097845926666666
0.8222157486666667
0.9911310506666667
1.00859894
1.000143746
0.9252307266666666
0.9907995193333333
0.685784794
0.9597477813333333
1.00904916
1.0042948360000001
0.7635022346666667
1.00404832
0.5777231613333333
0.834630592
0.9992478933333333
0.664799018
0.7022797359999999
1.0054821539999999
0.7930658913333334
0.319341482
0.804142874
1.0070735546666667
0.6801861293333333
0.9430058506666666
1.017583912
0.42147604066666666
0.6936708786666667
1.0111039353333333
0.7518081686666667
1.0098202053333334
0.997426248
0.48872257466666663
0.5443661533333333
1.0149867766666667
0.5685573220000001
0.9300190113333333
1.0125341353333333
0.59176854
0.534445864
1.0040248486666665
0.9781407886666666
0.900346368
0.8593973760000001
0.835287986
1.0061181106666666
0.5957578520000001
0.9107418086666667
1.0091795613333334
1.0464300006666667
1.04595855
0.4935269113333333
0.840568204
0.8551197666666667
0.784913338
0.39703146666666667
0.7594252186666666
0.40873697866666664
0.7508684086666667
1.008409494
1.012176206
1.0079125366666668
0.8549580573333333
0.9957266413333333
0.15172568666666666
0.5771021453333334
0.8131481653333333
0.9128032079999999
0.9404351426666667
0.7959981646666667
0.6803800806666667
1.0059531560000001
0.6008585973333334
0.8358325393333333
0.5604884960000001
0.7088516013333332
0.8402310986666667
0.634097942
0.5797233366666666
0.5981348766666666
0.7873450586666666
0.6558453593333333
0.47942393866666666
1.0041187406666667
0.9749434880000001
0.7056431006666667
0.24583760266666665
0.5991027053333333
0.6049803566666667
1.009298138
0.6693420753333333
0.9698360173333334
0.5886419733333333
0.30432702466666667
0.56888491
0.8958393306666667
0.9010830486666667
0.6709785573333333
1.0080426446666666
1.001052872
0.9176104126666668
0.7724691859999999
0.9079981173333334
1.0055292346666667
1.0312665333333333
1.005317408
0.5422322333333334
0.9235197866666668
0.9182185559999999
1.0109730353333333
0.9988876786666666
0.8372990413333333
1.0064128073333334
0.7845333946666666
0.9481896606666665
0.7644602986666668
0.9951844513333333
0.8227276253333333
0.80680905
1.007782462
0.8089212346666667
0.47040297200000003
0.9740369653333334
0.9946083013333333
0.7950551260000001
0.625532296
0.316603748
0.43213273933333335
0.8744359986666667
0.5991110626666667
0.795253862
0.7959981646666667
0.6305233306666667
0.97885415
0.8077650026666667
0.9236886093333333
0.9354272173333333
1.0091321386666667
1.0106756626666666
0.8790714513333334
0.9987715353333333
1.01050921
1.0101051966666668
0.8256456320000001
0.7053070526666667
0.8918306640000001
0.5941425393333333
1.006754872
0.4409572073333333
0.5518714686666666
0.912318474
0.8653189406666667
0.9744568513333334
0.9182578186666667
0.991051006
0.8127711633333333
1.0040717926666667
0.37180230666666664
0.821838156
1.0031571773333334
0.7331672893333333
1.011092034
0.34268720666666663
0.9182283713333333
0.9996781680000001
0.5729143886666667
1.0087410713333334
1.0071325919999998
0.5817649886666666
1.0085160486666667
0.6956764546666666
1.003708092
0.9998643473333333
1.011068232
0.9354985286666667
0.7924878766666668
0.9034998626666667
0.8000982286666667
1.0137171
0.9079597273333334
0.576656614
0.7782852760000001
0.9075568246666667
0.7593312346666666
0.620202928
1.0241596926666665
0.9019629753333334
1.00282926
0.7795424886666666
0.543876724
1.007711526
0.566345664
0.664773294
0.9119891486666667
0.882975062
1.0141838760000002
0.7628580833333334
0.6232493806666667
0.2649840386666667
0.33973796066666667
1.009772722
0.7599291013333334
0.397431922
0.9727023659999999
0.47445881933333334
0.192797848
0.572925852
0.9992246459999999
0.9451224699999999
1.0075815033333333
0.8913864426666668
0.7708470940000001
1.00210392
0.9533884493333333
0.9019250933333333
0.9976811106666668
1.0075933226666667
0.32380389866666665
0.8915714813333334
0.869549794
1.0083147973333333
1.001356282
0.7902641833333334
0.8354585906666666
1.000201974
1.0020337813333333
0.7156191606666666
0.45579616866666667
0.5540427753333333
0.9773839806666667
0.8957085526666666
0.7835744213333334
0.9837642833333333
0.890305504
0.8878485366666667
0.9008751446666666
1.0098795653333332
1.0098202053333334
1.0016131566666666
0.954638712
0.7948564893333334
0.8051604326666667
0.9521203506666668
0.58479485
0.6560106453333333
0.7440587099999999
0.7480501426666667
0.514287272
0.86009438
0.6528446913333333
0.6772847373333333
0.9593726159999999
0.6128794559999999
0.8795124853333334
0.5643438773333334
0.5497593326666667
0.9754195346666668
0.3922738626666667
0.23954351399999999
0.630940144
0.3492340206666667
0.9073171720000001
0.5420201026666667
0.590999036
1.001111206
0.37931354733333333
0.997032626
0.26550658666666666
0.5157261399999999
0.6654479293333333
0.9998759853333332
0.49889560266666666
1.01499877
0.8748902146666666
0.9773617393333334
0.5640807573333333
0.5036637326666666
0.8713580293333333
0.7297354233333334
0.5190826000000001
0.6587575226666667
0.52253071
1.0189237273333334
0.5562492453333333
0.60077455
0.774726462
0.8853868406666667
0.23498658466666666
0.391360596
1.00813729
0.3475750326666666
1.0006796973333334
1.0079361900000001
0.8590965506666667
0.9539496026666667
1.0051527153333333
0.8450667593333333
0.5053110773333334
1.0142437499999999
0.6915821646666667
0.7158278826666666
0.5344059646666667
0.7559033593333333
1.002747314
0.58705293
0.24351545400000002
0.5599441086666667
1.0107945906666667
1.0086700006666667
0.8750595526666666
0.519151618
0.7753628246666667
0.5864597493333333
0.5404242013333334
0.605470748
0.6033740453333333
0.5507180286666666
0.6989767186666667
0.6618894113333333
0.8611981266666666
0.98927049
0.9887922133333333
1.0112348686666666
0.864361142
0.9228748566666667
0.545919528
1.0002485606666667
0.4703772133333334
0.178500678
0.93003915
0.8556649226666667
0.7674860926666667
1.0075696846666666
0.8361905433333333
0.9699674333333334
0.6888424786666666
0.564221552
0.9848696493333333
0.7369159613333333
0.8751754533333332
0.862694418
0.6418062306666666
0.9749988186666666
1.0548080199999998
0.7401032700000001
0.633845278
0.971481276
0.7554247286666667
1.0063184853333333
0.7797830926666667
1.014004296
0.6151882166666667
0.7283432473333334
1.0043770353333332
0.6502944586666667
0.8266706373333333
0.3595017406666667
0.57733487
0.7401925540000001
0.9119116946666667
0.45457807466666666
1.0009712166666667
0.86947058
0.68285183
0.8565522853333334
0.9348774626666667
0.82146091
0.4373003546666666
0.8497734173333333
0.28270126866666667
0.5932807913333333
1.0217233346666668
0.334359694
1.006012062
0.8312786299999999
1.0101170746666666
0.729450368
0.7967069126666667
0.686689364
1.015826988
0.7330609233333333
0.5298405900000001
0.56432534
0.35172504600000004
0.3508573233333333
0.9739154866666666
0.998179626
0.167873146
0.5564870813333334
1.0030400393333332
0.5705853753333333
0.9981564286666667
0.821995444
1.0072270666666667
1.0026185693333334
1.007120784
0.8001056813333333
1.0119734919999999
0.999480428
0.644846414
1.0152746926666667
0.444671132
0.333754302
0.8081601833333334
1.0088358473333332
0.3923688293333333
1.006094542
0.6769911566666666
0.3803835126666667
1.0121523533333334
0.36636163000000005
0.9412904866666666
1.0094997813333333
1.0038488479999998
0.918719408
0.67989541
0.9661490506666667
1.0090373066666667
0.9425298826666667
0.3380785886666667
0.6803315826666667
0.3894019573333333
0.8500425113333334
0.5318581486666667
1.00833847
0.7409651246666668
0.9653564306666668
0.8402804146666667
1.0192259746666668
0.5466943253333333
0.6472613319999999
0.6059918586666667
0.31334116133333334
0.5418218086666666
1.0023143946666668
0.80415793
0.3699464493333333
0.9616710806666666
0.8404530646666667
0.9071063819999999
1.0005864473333332
0.6078271319999999
0.49027068333333335
0.8210290746666666
1.0079598446666667
0.4747944986666666
1.0036846366666667
0.43892259199999994
1.0045884653333332
0.934501152
1.0040835293333332
0.6982097239999999
0.7690458560000001
0.7800521786666667
0.7053244266666667
0.664999736
1.009440466
0.603090218
0.8434818286666667
0.476076006
0.324983622
0.8569966566666667
0.8177696893333334
0.7998225846666666
0.9404969226666667
0.46150188533333336
0.995588154
1.0059413753333333
1.0124983313333333
0.8650488006666667
0.561180552
0.5437355733333333
0.9755524680000001
0.7197806779999999
0.6901097913333333
0.6006317233333334
0.91787515
0.8689955986666668
0.826360484
0.9984000593333333
0.7123551513333334
0.7123551513333334
1.0017766906666667
0.9971830920000001
0.5258928979999999
0.7784827713333334
1.0079598446666667
0.49590025266666665
0.44119501533333333
0.39655674399999996
0.6767671393333333
0.712319708
0.7714285986666667
0.6184480786666666
0.7561362460000001
0.907384262
0.8088298326666666
1.0127490146666667
1.000761306
0.598305688
0.808586196
0.35941750466666667
1.0089543433333332
1.0116278726666665
0.8599738293333333
0.9053567800000001
0.9233609513333334
0.4393311573333334
0.9714043733333333
0.9773839806666667
0.9839107706666667
0.8450418186666667
0.84533288
0.6796587113333333
0.6127701553333333
0.9322698713333333
0.7147795393333334
1.0109849340000001
0.7531000600000001
0.08703312666666667
0.9976463486666667
0.7556706160000001
0.759311098
