0.9866547400000001
1.00264432
0.9919368
0.99354763
0.9925511400000001
0.98202555
0.38062790999999996
0.38118800999999997
0.99308358
0.99242729
0.99269796
0.82343743
0.99192305
0.87124667
0.9927254999999999
0.9513969400000001
0.70914771
1.24129133
0.99424222
0.99228514
0.99193221
0.99177646
0.98967397
0.99095725
1.17956665
0.9281398799999999
0.9615440599999999
0.98703114
0.9937821200000001
0.99298714
0.9940213099999999
0.99577743
0.9938143100000001
0.99140101
0.99144678
0.23659507999999999
1.00336575
1.0500731700000001
0.45917112000000004
0.8894113299999999
0.99164823
0.99410414
0.63565297
0.98684971
0.9942468200000001
0.70898148
0.99166196
0.98693134
0.9880620299999999
0.9939661
0.55179844
0.9915749599999999
0.49427776
0.55171622
0.9939431000000001
0.9932856800000001
0.4974493
1.0299089
0.7069649
0.9922347
0.9888718900000001
0.8141624199999999
0.99265666
0.9920238600000001
0.9927209100000001
0.70768013
0.5999244699999999
0.9927071399999999
0.7065299500000001
0.29204114000000003
0.1416874
0.62170937
0.62069948
1.04940097
0.99382811
0.82330484
0.82631438
0.99838381
1.18274346
0.81585434
0.98842585
0.99177646
1.12555093
1.13949647
0.98716726
0.9923218199999999
0.99373613
0.9934786800000001
0.99399831
1.00470832
0.9943527
1.1976107
0.49677496
0.7077454299999999
0.6196392199999999
0.5507568700000001
0.9512115099999999
0.9938143100000001
0.98889466
0.5525495
0.90370898
0.9944770300000001
0.9014291400000001
0.69182167
0.8265592700000001
1.07089859
0.9887580699999999
0.45119373
1.03553573
0.99304684
0.99286778
0.99309276
0.49626869
0.99316165
0.62064746
0.99221178
0.61476643
0.49625722000000005
0.9967989199999999
0.9343994999999999
0.91802229
0.99335001
0.98587113
1.01356639
0.38283592
0.23616603000000003
0.82158505
0.61940331
0.62066001
0.49704172
0.99279434
0.8248955800000001
0.61615814
0.99819819
0.37454107000000003
0.8285844099999999
0.9939569
0.56163773
0.8267374700000001
1.28118487
0.99288155
0.99275762
0.99351545
0.9928769599999999
0.16547618
0.99225763
0.49630883
0.99439414
0.99916886
0.70629525
0.9931295
0.33120910000000003
0.99631796
0.98583945
0.47622169999999997
0.8192
0.9927530299999999
0.463443
1.02137102
0.98158565
1.0102239899999998
0.7897715599999999
0.99267502
0.62143411
0.99332244
0.70885277
0.99427444
0.99352924
0.99301469
1.07778351
0.8282073400000001
1.28508728
0.71348764
0.99194138
0.62271533
0.99626249
0.9926658399999999
0.99355682
0.55049286
0.45223225
0.49561699
0.7115019499999999
0.70905171
0.9939385000000001
0.6196428
0.62066181
0.99401211
0.99438033
0.41987406
0.99362578
0.55268033
0.98868068
0.99474882
0.8285844099999999
0.99348787
0.46420436000000004
0.8321354599999999
1.0708291699999999
0.45065876000000005
0.99191847
0.99286319
0.9993595000000001
0.99407653
0.99357521
0.99253738
0.9942238
0.9931203200000001
0.99316625
0.9929458200000001
0.55111447
0.99269796
0.8305938
0.9919505399999999
0.99310654
0.9730814200000001
0.78687481
0.99450006
0.27009145
1.00190522
0.30895622
0.9934511100000001
0.8284853200000001
0.99404892
0.9943112700000001
0.93868808
0.6933405399999999
0.92591888
0.8209286400000001
0.7061559
0.85103458
0.62177958
0.43795271999999996
0.99247775
0.62152584
0.99571279
0.99234475
0.9630273800000001
0.38427728
0.99129576
0.98908596
0.76729551
0.99439414
0.71869067
1.00711134
0.61856476
0.99382351
0.35613918
0.55101972
0.99328109
0.9741496399999999
1.0129926500000002
0.9911081799999999
0.70538119
0.99146052
0.99889465
0.9939017
1.0151811
0.9932856800000001
0.99703957
0.9899111899999999
0.99120425
0.61978229
0.06503205000000001
0.99328109
0.99428825
0.82875069
0.9933362200000001
0.99626711
0.8303657699999999
0.9933592
0.9904956199999999
0.86918729
0.99014397
0.99353843
0.78646272
0.33172277
0.99448624
0.70906108
1.0237813
0.8284437699999999
0.99379131
0.9936625600000001
0.96380104
0.98946877
0.99450466
0.70914537
0.99233558
0.9928586
0.9932994700000001
0.99383271
0.9927851599999999
0.9918589099999999
1.11811419
1.00777773
0.99309735
0.7102242099999999
0.71026885
0.99218428
0.55109325
0.31025782
0.67338235
0.35393279
0.5811360400000001
0.7105343999999999
0.99653526
0.62071024
0.7091032199999999
0.62066898
0.99303765
1.04425722
0.82838944
0.9899111899999999
1.17979994
0.70477467
0.7101983799999999
0.8619585999999999
0.85714203
0.69695436
0.98354126
0.99113563
0.99211552
0.8689059399999999
0.41378849
0.82869952
0.99332703
1.1029478799999999
0.59558189
0.99320299
0.41320966
0.70786907
0.60769297
0.99203761
0.81234841
1.3164247199999999
1.19565033
0.9947073500000001
0.99340055
0.9931938100000001
0.55177575
0.99182684
0.55267749
0.98853505
0.53998663
0.82656564
0.99244564
0.9437746199999999
0.62149166
0.99332244
0.51459413
0.9941455600000001
0.99198262
0.99137355
0.9934556999999999
0.80509402
0.7089487200000001
0.82676612
0.99609613
0.98621522
0.97326223
0.49755994000000003
0.93382659
0.6208484200000001
0.99423761
0.55104376
0.82665473
0.99253738
0.98409112
0.41332498
0.51462743
0.98865792
1.18600293
0.99357981
0.9928723700000001
0.9920834399999999
1.22944487
0.99253738
0.7102711899999999
1.0895456799999998
0.17694481
0.98590734
0.70754722
0.9915200299999999
0.99240895
0.99382351
0.99369934
0.9926842
0.99315247
0.9952052100000001
0.9967572800000001
0.8018144700000001
0.90477889
0.89803274
1.09996499
0.99438493
0.9966370000000001
0.99526978
0.80040688
0.99428365
0.9810072099999999
1.00779665
0.9911401999999999
0.99430206
1.04388667
0.98829393
0.62915543
1.08996597
0.71035343
0.99180852
0.98573085
0.99318003
0.99426063
0.99356601
0.27427582
0.98651877
0.61961419
1.05306489
1.1645853
0.99250985
0.32997140999999997
0.99301469
0.9938051099999999
0.9921521900000001
0.99325352
1.13479373
1.11883653
0.9927254999999999
1.0128541
0.9920834399999999
0.99192763
0.99366716
1.11577299
0.9988017299999999
0.99450006
0.9960545500000001
0.70691603
0.9953389699999999
0.7800975200000001
0.8270272
0.99166654
0.9912591500000001
0.41378211
0.99250985
0.7090376700000001
0.99197345
0.99332703
0.68579465
0.9946658899999999
0.99274385
0.98398741
0.7326120199999999
0.99369015
1.08066347
0.86902549
0.99399371
0.9183442100000001
1.0123193499999998
0.99242729
1.0016902399999998
0.99157954
0.92730626
0.8790858500000001
0.8399895399999999
0.99303306
0.99178562
0.82725021
0.9939017
0.62125613
0.99379131
0.99414096
0.36842194999999994
0.9953389699999999
0.9899111899999999
0.98329807
1.0101337
0.26680627
0.9852062599999999
0.80914678
0.9946520700000001
0.99316625
0.69354878
0.9927851599999999
0.9927622100000001
0.30920178
1.2091278699999999
0.5424322
0.8571317700000001
0.9892272
0.9922530399999999
0.45059068
0.8310052
0.99164823
0.62172557
0.50906574
0.9953159100000001
0.62090407
0.99410874
0.49755994000000003
0.39408793000000003
1.00043961
0.9931938100000001
0.88667547
0.5570673899999999
0.82319123
0.99634107
0.9934281300000001
0.69325325
0.82852048
0.99463364
0.8283638799999999
0.9932856800000001
0.62166078
0.9927254999999999
0.9939661
0.82863876
0.62172737
0.99459678
0.9940213099999999
0.9892682100000001
0.97605794
0.99321218
0.98488546
0.9917581400000001
0.99359819
0.9928448299999999
0.98870344
0.9929045000000001
0.99444019
0.75818248
0.99340055
0.49811738
0.34810775
1.01815562
0.99082009
0.61960346
0.8222771400000001
0.9943711199999999
1.27623577
0.8267310999999999
0.9561667799999999
0.99250985
0.47042358
0.9907012500000001
0.99346489
0.98104306
0.99267961
0.31051264
0.96850416
0.7090962000000001
0.9931341
0.42438795
0.9944079600000001
0.7215764400000001
0.49680599000000003
1.04129002
1.22522916
0.99059157
0.9685478399999999
0.9943527
1.01567565
1.06776766
1.0436178
1.03537597
0.99329487
0.96101049
1.03003734
1.26743804
1.04982164
0.9932075899999999
0.97334605
0.99255573
0.9917169199999999
0.9928769599999999
0.99256032
0.99247775
0.9932719
1.00139597
0.80522081
0.9924685700000001
0.9928953199999999
0.99194596
0.9948271599999999
0.95458567
0.99217969
0.62288692
0.43977334999999995
0.61674918
0.98884913
0.9927851599999999
0.9901850600000001
0.82153476
0.6767159599999999
0.99234475
0.55207648
0.82908985
0.90319966
0.9435051
0.40472969999999997
0.83593503
0.3885955
0.99201469
0.7101608
0.99410874
1.10875062
0.8268106799999999
0.61861109
0.71008096
0.6196428
0.9931341
0.82672156
0.7050245599999999
0.84556254
0.82876988
0.8249335999999999
0.41462096000000004
0.54934517
0.29252966
0.38121981
0.9964566499999999
0.99325812
0.99423301
0.8068818
0.99093439
0.9909161000000001
0.82695396
0.49610474000000004
0.992955
0.99407653
0.98878538
0.99033575
0.99324893
0.99108531
0.99341894
0.99432508
0.6095783699999999
0.99303765
0.99351545
1.17854383
0.82683296
0.9927254999999999
0.99253279
0.9993734499999999
0.9934924700000001
0.9934603
0.8301539099999999
0.98979713
0.48569778999999996
0.49295254
0.99837453
0.33174737
0.9891953
0.8226992599999999
0.7069649
0.82697625
0.99399371
0.71076487
0.89176771
0.9925649
1.00181641
0.61895877
0.72308525
0.9891132899999999
0.99364417
0.99684056
0.9758184400000001
0.65004939
0.80364784
0.99340055
0.62113754
0.9747554100000001
0.82702083
0.99415937
0.9610836
0.49494419
0.49622855
1.10564522
0.6869881200000001
0.98221419
0.7073864000000001
0.7120681600000001
0.99267502
0.9927805700000001
0.99519598
0.99284024
0.44873863999999997
0.9744502199999999
0.98555894
1.04424707
1.0499910300000002
0.551372
0.99429746
0.97066672
0.33099571
0.9915200299999999
0.9939293
0.45074863
0.55037011
0.9565969599999999
0.49497385
0.41328441
0.98895842
0.82651156
0.62091664
0.7268026000000001
0.70983686
0.70793441
0.70764281
0.9860069300000001
0.9952467199999999
0.84364254
0.81551354
0.66015077
0.98401897
0.9631872
0.99352924
0.99223929
0.8481138500000001
0.9933040599999999
1.00733337
1.01030479
0.99237685
0.55273297
0.61860752
0.9935936
1.31373492
1.2017054299999999
0.9943158699999999
0.8192125
0.44849310000000003
0.71044978
0.99183601
0.9938695
0.61845609
0.82462633
0.33144168999999996
0.55125594
0.51674623
0.82653382
0.37469203
0.9933729800000001
0.72126139
0.83050385
0.82924672
0.82689982
0.49290275
1.1535687799999998
0.41374066
0.99036772
0.62170937
0.99450466
0.62078381
0.9937683199999999
0.6206582199999999
0.9817337399999999
0.6182388799999999
0.9927622100000001
0.99295041
0.99459218
0.9939201
0.99194138
0.98513847
0.9939017
0.99325352
0.99486403
0.9027136900000001
0.99526055
0.8176249099999999
0.7064555699999999
1.86369831
0.99245023
0.38109601
0.6212687100000001
0.48324628
0.94866089
0.99257867
0.50895595
0.99410874
0.99259243
0.8255075700000001
0.82527598
0.71057907
0.99783641
0.99399371
0.70659504
0.99451848
0.9942928499999999
0.82821692
1.00885244
0.99316625
0.99146052
0.82884985
0.93405404
0.97603576
0.99463824
0.41515078000000005
0.99309735
1.09913739
0.23434653
0.9943434999999999
0.9944355899999999
0.99377292
0.61847747
0.9926016099999999
0.99497005
0.23557871
0.8291570699999999
0.21554567
1.02684087
0.5509716499999999
0.99341894
0.99535743
0.98023702
0.50039814
0.99052303
0.99116307
0.62284357
1.0238349900000001
0.62052192
0.52706746
0.61878577
0.99139644
0.99157954
0.62048068
1.1393151000000001
0.7110708200000001
0.45182882
0.76473525
0.37571204999999996
0.9938143100000001
0.9947949
1.08023403
0.9912591500000001
0.99365336
0.99309735
0.99306061
0.9943481
0.96088579
0.99235392
0.71012323
0.99382811
0.9830055
0.5437878899999999
0.99294123
0.8512606100000001
0.62059724
0.7093069900000001
0.9915749599999999
0.99148798
0.7443643299999999
0.99308817
0.61964816
0.9934143400000001
0.9921521900000001
1.17477866
0.99432048
0.99362118
0.98117754
0.99104415
0.99146052
0.82307764
0.98433921
0.97936082
0.43951773000000005
0.99190472
0.9862106900000001
0.35646431999999995
0.99709512
1.19038134
0.71146188
0.98914063
0.9908886699999999
0.9733372199999999
0.29113369
0.55167228
0.82719604
0.9941455600000001
0.9520085
0.99239978
0.8750132
0.9929045000000001
0.49073226
0.5509448
0.9948870700000001
0.73105577
0.49422771
0.9936027900000001
0.27526195000000003
0.82724384
0.98565393
0.7089604199999999
0.7131204
0.49875946
0.33028149
0.9900937500000001
0.99129576
0.43738185
0.9920788500000001
0.45071551
0.99373153
0.20822649999999998
0.98989294
0.44881179000000004
0.9927805700000001
0.86716213
0.88142032
0.9929687800000001
1.01848398
1.3954122599999998
0.38196160999999995
0.99279434
0.6333732400000001
0.97081153
0.9933040599999999
0.9825962
0.61762721
0.49743201
0.83246771
0.62080714
0.99177646
0.99432508
0.70630222
1.13632492
0.99185433
0.99500232
0.91575175
0.9944816400000001
0.7100856600000001
0.99372693
1.07402644
0.99365336
0.35182848
0.96275107
0.8304877999999999
0.44812623
0.55018963
0.83367638
0.99135525
0.51188699
0.93428567
0.41376059
0.96575584
0.62374992
1.00579532
0.99379591
0.99357061
0.82728527
0.9923218199999999
0.63193624
0.45003732999999996
0.99262913
0.90073723
0.98885368
0.99120882
0.5661343999999999
0.82687435
0.49813471
0.48976194
0.99318003
0.9923905999999999
0.62150246
0.9805682299999999
0.99470274
0.41334327000000004
0.99522827
1.0295780700000001
0.9929917399999999
0.99484099
0.9926016099999999
0.71058377
0.66646504
0.97841486
0.99419158
0.70283251
0.551048
0.9944770300000001
0.7104709300000001
0.83042357
0.82641295
0.99328109
0.70942649
0.99651676
0.5527130499999999
0.6985095
0.61853091
1.04688401
0.8282935899999999
0.99428365
0.99368555
0.70746098
0.9534498299999999
0.82699535
0.9948455900000001
0.71034638
0.99324893
0.61860218
0.99417778
0.71151138
0.8293203800000001
0.99240436
0.99418698
0.70660899
0.54955041
0.9915978599999999
1.01543072
0.9938005099999999
0.9928035199999999
1.13544173
1.01579095
0.7118981999999999
0.99275762
1.1022345900000001
0.6096389400000001
0.88164105
0.43455319000000003
0.7117424800000001
0.99329028
0.96570372
0.93613878
0.55263909
0.98827574
0.99370854
0.61872516
0.57649639
0.70768013
0.83253225
1.32587728
0.99421
0.9923585
0.82676293
0.31022959
0.70918987
0.45176989
0.82603468
0.45112549
1.01568525
0.8252411
