1.0493061080000001
0.976484016
1.0013679553333332
0.9884963686666667
1.0116278726666665
1.0137649546666667
1.0385731413333332
1.0206550053333334
0.929878064
0.9127159180000001
0.7382586413333333
1.0061652506666665
0.7522097613333334
0.9944931513333333
1.011068232
0.38443860333333335
1.004635462
0.536163846
1.0063774346666667
0.9952766973333333
0.9515402653333334
0.9996432666666666
1.0083266333333332
0.8755322633333333
1.0353435213333333
1.00869369
1.0084331706666667
0.6054792833333333
0.7804987046666667
1.005211528
0.6369189346666667
1.0298446940000001
0.9529442306666667
0.8656677573333333
1.0115802193333334
0.6741486426666667
0.9713164993333333
0.6955243673333332
1.0051527153333333
1.016440018
0.9126480373333333
0.4371267773333333
0.96674709
1.0379456726666667
1.0014730266666667
0.9344909859999999
0.6833733433333333
0.9976115893333334
1.0343088006666667
0.772052614
1.0155267526666667
0.9241656186666667
0.861293112
0.6773221199999999
1.0112824893333332
0.73844269
0.6083135346666666
0.434559346
0.4102596546666667
0.20089419866666666
0.8603700513333333
0.913929778
1.0029814806666666
0.8964002413333333
1.0090728666666666
0.8181591366666666
1.0060474086666666
0.7515845160000001
0.7793798113333333
0.9836741586666667
0.841103194
0.6591164086666667
0.457018376
0.46649693400000003
0.47077937266666664
1.0083621433333332
0.8553496693333333
0.8548729713333334
0.90795013
0.6052318493333333
0.498536566
1.0040365839999998
0.9016221546666667
0.7552786013333332
0.631389994
0.9976463486666667
0.398665902
0.94160003
1.0112348686666666
1.0032157560000001
0.365729894
1.1132915046666667
0.3493718006666666
1.0127131953333333
0.9076719033333334
0.6474711193333333
0.5758756926666667
0.7966034753333333
1.0111396406666666
1.0100220573333332
0.37646421533333335
0.5650752293333333
0.606111584
0.763604042
0.8910628100000001
0.9066181086666667
1.0281313473333333
0.43963245599999995
0.972647296
0.8148142313333333
1.0068610766666668
0.6028997373333334
0.9062833226666667
0.768433564
0.8133098453333334
0.984790612
0.530308346
0.5566529666666667
0.20931812933333332
0.3353216453333333
0.48836692000000004
0.8086547040000001
0.8907486486666667
0.6677966113333333
0.8132790440000001
1.0083976559999999
1.0109016499999999
0.6230595133333334
1.0192743506666668
0.7958875366666667
0.9077582313333334
0.87117245
0.8173650566666667
0.8749525946666666
0.905328154
0.929113668
1.013860678
0.8908687426666667
0.9765950333333333
0.6425119186666667
0.7954453313333334
0.7508552813333333
0.9906852493333335
0.6476517426666667
1.0112229640000001
0.42008883999999996
0.9927346746666668
1.0034149766666667
0.8137875600000001
0.7226995506666667
0.525140584
0.871809052
0.8757732753333333
0.553889156
0.36118720066666665
0.779139456
0.3286063613333333
1.010319046
1.0112824893333332
0.9992362693333333
0.6555700673333333
0.8311258106666667
1.007404254
0.941156414
1.0177888800000001
0.7482847326666666
1.01004581
0.8406669206666667
0.7333049846666666
0.9468414046666667
0.386820732
0.976928236
0.8969337573333334
0.7594789346666666
0.92713811
0.6420892793333334
0.5572018133333333
0.8964937946666667
1.007168018
0.8084796506666666
0.4248194673333333
0.9160154193333333
0.5287089673333333
0.7624518106666666
0.8550091166666666
0.5036017233333334
1.0088950920000002
0.44470796533333334
0.7517884293333333
0.940548412
0.6802130606666666
0.7762807460000001
1.037732506
0.9490801466666666
0.8271721466666666
0.600673724
0.7600837593333334
0.9594261933333333
0.7088106573333333
1.0321587293333334
0.97697268
1.00505863
0.9790772886666667
0.799979008
0.7258200046666666
0.5246306239999999
0.8954844506666667
0.8424229986666666
0.9255896333333333
0.914786274
0.855264506
0.4643107493333334
0.702394586
1.0043652913333334
0.6953948633333333
0.6992726039999999
0.8499584013333333
0.8270925013333333
0.7521438973333334
0.38226246799999997
0.8404859586666666
0.7509603093333334
1.0041656933333334
0.99106244
0.829672822
0.9997014366666668
0.7257586806666666
0.4983514586666667
0.7826962306666666
0.9350809999999999
0.8444852033333333
0.8094090599999999
0.7881180066666668
1.0075815033333333
0.889687684
0.855647876
0.8362149633333333
1.0277131226666667
1.0100933186666665
0.77069494
1.0012745766666666
0.8183306113333333
0.9242451680000001
0.7402435833333334
0.7122901746666667
0.9405587106666666
0.7426242406666667
1.0007729653333335
0.7157384153333334
0.824203816
0.6859655173333333
1.0103665800000001
0.8860443946666666
0.9864417306666666
0.6991986093333333
0.677044516
1.0076642413333334
0.8030603086666667
0.4075694906666667
0.37470869733333334
0.8904531699999999
0.6553900013333334
0.8949246853333334
1.02648502
0.7485847013333333
0.9236786766666667
0.90597745
0.6994605066666666
0.43706005400000003
0.9427471126666666
0.998121634
1.007309746
0.9191814613333332
0.3221161046666667
0.5308359706666667
0.429582646
1.0000156686666666
1.0067312733333333
0.7301075699999999
0.7363284953333333
0.7636787186666667
0.37175725200000004
0.7720942513333333
0.350898888
1.00289951
0.2197644893333333
0.7594990800000001
0.7226509120000001
1.0088950920000002
0.35622041
1.0049763193333334
0.285582926
0.9662468606666667
0.417457262
0.8226803486666666
0.831045402
0.376792832
0.5686476540000001
1.0417345306666665
0.8444270920000001
0.99874831
0.9985393306666667
0.8215316173333334
0.8215551893333333
0.7755448346666667
0.8552559906666667
0.775867062
1.007711526
0.9950922226666666
0.6338312473333334
1.0045884653333332
0.5644625466666666
1.0108897533333334
0.859388778
0.40547631266666667
0.3912554246666667
1.0121642793333334
1.0259088253333333
0.79964389
0.5179839233333333
0.9957959000000001
0.9591476573333333
0.647637094
0.33069626133333335
0.5017280013333333
0.9234602166666667
0.397533082
0.8552049013333334
0.5193493626666666
0.9714263439999999
1.0108302746666666
0.333723182
0.6503289213333333
0.4544746566666667
0.9718109979999999
0.86991084
0.6958793413333333
0.28104286333333334
0.7114995933333333
1.0041304786666667
0.43335576266666664
0.8905362533333333
0.6107008246666666
0.24865495466666668
0.8259949606666668
0.7957548233333334
0.965215416
0.49641610199999997
0.2559415113333333
0.6624457926666667
0.7875038586666666
0.5707559813333333
0.6174434193333334
0.8790804473333332
0.7963228506666666
0.9796244086666667
1.0067902706666667
0.6391035066666667
0.5285983479999999
0.6281533753333333
0.7189673733333334
0.6799976719999999
0.300475538
0.5799816746666667
1.0179456766666668
0.9985161159999999
0.923559504
0.4935240753333333
1.0107589093333333
0.8265672266666667
0.22654633133333335
1.019661526
0.8405270793333334
1.017403126
0.8271004653333333
1.0040365839999998
0.9987018626666666
0.9289328106666667
1.2196760653333334
0.7519332086666667
0.87411566
0.7330609233333333
0.635740476
0.8792064146666667
0.9020671666666668
1.054070238
0.7190877473333334
0.47900153866666667
0.8514411759999999
0.751571364
1.0122716293333334
0.723003694
1.0062241813333332
0.9990968039999999
0.8881331066666667
1.0132746586666668
0.9853328353333333
0.9473635293333333
0.9803399366666666
0.8362149633333333
0.8168520613333333
1.01242673
0.7639028346666668
0.8312544966666666
0.33061734666666664
0.3028004706666667
0.37372727666666666
0.5246722813333333
0.7560696920000001
0.8969524886666667
1.00320404
0.6364328806666667
0.9123959966666666
0.9508977239999999
0.5413642353333333
0.82323225
1.0391259413333334
0.3146680606666667
0.44110665666666665
0.3263541366666667
0.6414611526666667
0.9350606426666667
0.7643174560000001
0.9290634226666666
0.8132636446666667
0.9358960366666667
1.031898346
0.5911780013333333
0.7757059153333333
1.0285129659999999
0.826328686
0.598501616
0.79978535
0.5687304826666667
0.22239600733333334
0.8812268113333332
0.9352133466666668
1.0139683873333334
0.352557998
0.3690468546666667
0.7160009159999999
0.301345174
0.34597770999999994
0.33368169799999997
0.7790970560000001
1.0042713533333334
0.647744534
0.8127019560000001
0.6366262693333333
0.9178947666666666
0.2941949853333333
0.8000088093333334
0.827905604
0.37757788266666664
0.8000237113333333
0.959694168
0.9115826633333333
0.25117649133333336
1.0061181106666666
0.7402818600000001
1.009416742
0.7264461033333334
0.4613333433333333
0.9353355466666667
1.0203640306666666
0.2302808053333333
1.0075933226666667
0.323650176
0.8223968013333333
0.5156951786666667
1.0026068666666668
1.0112348686666666
0.667858916
1.0085397306666668
0.6952822906666667
0.9392525933333333
0.9704824873333333
0.6992441426666666
0.7517752699999999
0.921142976
0.650264922
1.0057175999999999
0.693072018
1.0017299613333333
1.0067902706666667
0.7637194566666667
0.8046249513333333
0.7152497226666666
0.84555755
0.5498085953333334
1.012772896
0.557867656
0.9064745986666667
0.561081582
1.00877661
0.7918085073333333
0.6620628613333334
0.8311016866666667
0.38922727533333334
1.0078061093333335
0.382390094
0.6153645
0.736505268
0.8904347086666666
0.7637466186666667
0.8318421320000001
0.770598146
0.603052112
1.0041539546666667
0.644696382
0.8959421120000001
0.521094768
0.5265537493333333
0.5643994973333333
0.7154701473333333
0.7961309586666666
1.2468696786666666
0.5001854366666666
0.47335809
0.49433066866666664
0.8178008313333333
0.8547538800000001
0.4385461286666667
0.47133475933333335
0.8254552140000001
0.901555914
0.9899089126666666
0.99955021
0.7027623593333333
0.6235343993333333
0.8506991426666667
0.7088984006666667
0.7556041440000001
0.7828103553333333
0.19764696133333332
1.0009945453333333
0.159649968
0.9825827126666666
1.0115325706666667
0.8089669433333333
0.968578422
0.9012343113333333
0.6416767833333333
0.505340804
1.0124028653333332
0.9064363373333334
0.9248322686666667
0.8750684666666666
0.841605882
0.6470321853333333
0.514385822
0.6943212806666667
0.5582338226666667
1.0112824893333332
0.9993641473333333
0.9784639013333334
0.7028026079999999
0.9238674299999999
0.9469979813333332
0.8375031286666668
1.0369558166666668
0.80317294
1.0111753493333333
0.5712000340000001
0.2586192393333333
0.5936128833333333
0.606077372
0.3216047633333333
0.6560507273333334
0.44494753266666665
0.5819936033333334
1.0081846193333335
0.8847758266666667
0.7599022106666666
0.29021323866666665
1.0192743506666668
0.9350911793333333
0.944883356
0.762749702
0.8494036913333333
0.8357837446666667
0.6181632420000001
1.0038957753333333
0.73795421
0.779924694
0.8546858426666666
0.076391778
0.9712066786666665
0.483343626
1.0091558493333335
0.8750952113333332
0.9539813859999999
0.5285885893333333
0.35668486466666666
0.8406175593333334
1.00190522
0.9722399713333333
0.6872332526666667
0.954988948
0.7750969639999999
0.6205658526666666
0.8227039866666668
1.0082437866666667
0.8974210273333333
0.901054692
0.9797920166666666
0.8699460806666666
1.0041656933333334
0.693626068
0.8036162626666666
1.0114134686666667
0.631343588
0.9983536446666667
0.519940354
0.517581304
0.406011022
0.9012154006666666
0.5321612846666667
0.8798367926666667
1.0125341353333333
0.8961851426666667
0.6672312093333334
0.6308382053333333
0.7522756373333334
0.6827812693333334
0.385136686
0.5507921846666667
0.6059875833333334
0.5797272486666667
1.0156588346666668
0.9900686473333333
0.696652522
1.006177036
1.0008545886666667
1.0087647633333332
1.010532986
0.8499584013333333
0.9235396446666667
0.9979940740000001
0.8857246286666667
1.0076406006666667
0.505177348
0.942405796
0.8598533126666666
0.7556373786666667
0.7735334800000001
0.9290835199999999
0.5104670060000001
0.41525353333333337
0.8359464166666667
0.7554911693333334
0.52317676
0.9704386313333333
0.8311258106666667
1.0304994893333332
0.889872018
0.7749850766666667
0.9719979393333333
0.9846551493333333
0.7445165886666667
0.5234318006666666
1.0106280993333334
1.002782432
0.6181854853333334
0.7156251220000001
1.0003300986666666
0.5054984166666666
0.7442456626666667
0.501631312
0.3813562266666667
1.0096421666666666
1.0076642413333334
0.79992686
1.0050468706666666
0.47029737866666665
1.0093218566666666
0.9465179766666667
0.5787975599999999
0.4462419593333333
0.990513894
0.9066946653333333
0.7915166633333334
0.6767298173333334
0.48400542
0.6922119193333333
0.8153711053333333
1.0135974833333332
0.9732313559999999
1.0090136013333335
0.5155249566666666
0.5862996353333333
0.816914208
0.9070297553333333
1.00542331
0.6648247446666666
0.7335492086666666
0.5560548026666667
0.6182299766666667
0.3690753966666667
0.7869699680000001
0.8355073473333333
0.49709118933333335
0.967901766
0.3484378826666667
1.007723348
1.004905778
0.21976505133333335
0.5843771193333334
1.0057411506666667
0.879530496
0.7557636959999999
0.4355950606666667
0.7826605733333334
1.0139803566666665
0.8700782559999999
0.6475296886666667
1.0085160486666667
0.8962038426666666
0.855673446
0.6592782873333333
0.6442708653333333
0.8622441193333334
1.0070853613333333
0.9026074513333333
0.9928953226666666
0.5494744826666667
0.8962505966666666
0.713017406
1.0060474086666666
0.6623742786666666
0.335947194
0.43847225666666667
0.8397300520000001
0.849680956
0.647295474
0.8754341120000001
0.8495969173333333
1.0121881333333334
0.8305954026666666
0.45307473933333337
1.006247756
0.9421370539999999
0.8656415866666666
0.9374792193333332
0.8722428280000001
0.974888164
0.8400174646666666
0.7794576053333333
0.8852682199999999
0.9861133286666667
0.7228029306666667
0.7299524626666666
0.8317213173333333
0.9341149866666666
0.8002323946666667
1.0079243633333335
0.6990620446666667
0.9239568666666668
0.7091910366666666
0.8499079433333333
0.6026882339999999
0.43987108933333335
0.39760300466666665
0.7597207486666666
1.00614168
0.3263801766666667
0.38929430666666665
0.93484694
0.6313528686666667
1.012999822
0.367398958
0.499716956
1.008812152
0.7715741119999999
0.7119418666666667
0.9487237513333333
0.8746764073333334
0.356573818
1.0850809193333333
0.4962239666666667
0.972592232
0.42283288333333335
0.7706257986666666
0.4200169473333334
0.7331360020000001
0.9997479766666667
0.6467983306666667
0.2808609186666667
0.8017261593333332
0.26836668733333335
0.9231426413333333
1.0085160486666667
0.874302496
1.063242306
1.0132985646666666
1.0114611066666666
0.9841587720000001
0.9412698573333333
1.1005681733333332
1.0065779126666667
1.0007496466666665
0.9822568746666668
0.8547964086666666
0.9955189246666667
0.712958226
1.004905778
0.8649791146666667
0.9120763000000001
0.9985857633333334
0.6603933633333333
1.0081846193333335
1.0122716293333334
1.00232609
0.9843279353333334
1.003532202
0.72245642
0.518975972
0.5664016793333334
0.5034954566666667
0.6039722266666667
1.012916206
0.9418787926666667
1.0111753493333333
0.729822224
1.0027941386666666
1.0381212873333334
0.875853642
1.021310306
0.417678516
0.8958486733333334
0.8258837786666666
0.6990961806666666
0.6587928886666667
0.9824590933333334
1.0030400393333332
0.9702851680000001
0.404019274
0.9727133806666667
1.006059192
0.8176295786666666
0.5142195413333333
0.8900564286666666
1.0014496753333333
0.787272898
0.4643509086666666
0.5475550806666667
0.7599627173333333
0.43085391933333334
0.9855024026666667
0.701792042
0.9709322366666667
0.9713274826666667
1.0257250693333333
1.1009490266666666
0.7226995506666667
0.803999868
0.9595333653333333
0.972592232
0.9654866353333333
1.016379884
0.5154661786666667
0.7368527479999999
0.8354992213333333
0.49516559
0.8754162686666667
0.9289026746666667
0.6336722726666667
0.3862345926666667
0.6153997686666667
0.6894949226666666
0.5477680733333333
0.5137858706666667
0.854303334
1.0069673046666667
1.0076878833333334
0.5415792666666667
0.6061885753333334
1.0083621433333332
0.744594032
0.7293822360000001
1.0095472386666666
0.906063456
1.0035439266666668
1.0173187813333333
1.0101527106666668
1.0048470013333335
0.90660854
0.850067748
0.7555376840000001
0.8542863413333333
0.8455159353333334
0.5984223953333333
0.771671152
0.9443120533333333
0.8714199073333333
0.8002696706666668
0.7798751273333334
0.907892552
0.8550516706666668
0.7668899733333333
0.7505534906666667
0.6797985593333333
0.7871646819999999
0.7191900966666667
0.87026337
1.0073569980000001
0.5158686113333333
0.5068735046666667
0.7519397913333333
0.5694543799999999
0.5035899133333334
1.0128803746666668
1.247394768
1.0132268506666666
1.0019402786666667
0.8363370873333333
0.730082748
0.9650419153333334
0.8864192713333333
0.8135717486666667
0.5844685713333333
0.8558183733333333
0.9077198613333334
1.0113063013333334
0.8558098466666667
0.7034356906666667
0.5215345373333333
0.8706603073333334
1.0566375046666667
0.6009973266666667
0.9771282666666666
0.5498895473333334
0.9061877153333333
0.8412267499999999
0.7802505713333333
0.8041955726666666
1.0032509073333333
1.013908546
0.4642204166666667
0.880549306
0.9952075113333334
0.9986438093333333
0.726476822
1.0118662053333334
1.011389652
0.853123966
0.9782633233333333
0.7880167873333334
0.8417295853333333
0.6219587573333333
0.45631917066666666
0.5687869706666667
0.7636447726666666
1.0118304486666665
0.885514622
0.9017641319999999
0.7804490653333334
0.5303574593333333
0.43848344800000005
0.8556819699999999
0.6037345086666667
0.9202055313333334
1.008551572
0.9416929326666666
0.7162158326666666
0.5935472553333333
0.6108397933333333
0.515738526
0.4222716613333334
0.8524635880000001
0.583480026
1.0017416433333333
0.5738329253333333
1.0399562453333333
1.0051174313333333
0.6263030773333333
0.9065798346666667
0.9988876786666666
0.43492458866666667
0.4547441233333333
0.32248978266666667
0.7963671466666666
1.0014263253333333
0.8172872886666668
0.24745227599999997
0.5962582319999999
1.01016459
0.7189011853333334
0.8645699353333333
0.7022625119999999
1.005800032
0.985830398
0.978553074
1.0083029620000001
0.47181629199999997
0.8043009919999999
0.4197193666666667
0.8738577799999999
0.7829816046666667
0.7596669993333334
0.9239270526666666
0.6207003773333334
0.7675889653333333
0.5707028926666667
0.6391130166666666
0.8087232233333335
0.9242750026666666
0.5932807913333333
0.5962540933333333
0.7514004313333333
0.6474857606666667
1.005682276
1.009950806
0.906723378
1.0021389926666668
0.9718329873333333
0.9983536446666667
0.9347655553333334
0.8498911253333334
0.7827104946666666
0.9917375273333334
0.8363615166666667
0.9290031353333333
1.005411542
1.0239887693333334
0.9176986413333335
0.9837868166666667
0.6156511753333334
1.0051174313333333
1.0108540653333333
0.9714593026666667
0.8611290593333333
0.6618231166666667
0.840288634
0.58167832
0.5337551166666666
0.7589823546666666
0.49501435466666666
0.8171007060000001
0.258925604
0.3846193446666667
0.6950516306666666
0.274791732
0.9777733679999999
0.971712058
0.557151216
0.9480222266666667
0.6794221773333333
0.7335178893333333
0.9297069713333334
1.038748968
0.32765000266666666
0.7637330373333333
0.702377356
0.725813872
1.0071325919999998
0.7670611773333333
0.606261308
0.525060336
0.64433369
0.800396436
0.7919764146666667
1.0112943953333333
0.653301486
0.880630552
0.9358246640000001
1.0030986046666668
0.6835582373333333
0.967879954
0.7753348306666666
1.0035556506666667
0.9746116380000001
0.968425546
1.0047177166666668
0.9064841646666667
0.9355902313333333
0.885085788
1.0098676926666668
1.1427496166666666
0.8567316873333333
1.0114491966666666
0.8856150473333334
1.007014524
0.848388602
1.0091558493333335
0.7998151373333333
0.9779180766666666
1.0014847026666667
0.7719416046666667
0.9940328173333334
1.008492368
0.9781964826666667
0.8964563706666666
0.6051167333333334
0.9932971693333333
0.9534201953333333
0.5748890433333333
0.8357268246666666
0.9595655213333333
0.9314510353333333
1.0059295953333334
1.0319231386666667
1.00985582
0.8598705273333334
0.8262492033333333
0.414388138
1.00282926
0.8374133180000001
1.00746333
1.0032860606666667
0.9930101026666667
0.8545242973333333
0.6839337713333332
1.0085160486666667
1.0152506933333334
1.0072743106666666
0.9982608273333333
1.006589708
1.1161847493333332
1.0087647633333332
0.7595729553333334
0.6498615226666666
1.013202948
0.5863356533333333
0.46717434
0.9766727599999999
0.5643030960000001
0.381280054
0.8746318773333334
1.0144593553333334
0.8800170666666667
0.679938464
1.0070499413333334
1.007203446
0.9993525206666667
0.8130404146666667
0.7814430506666666
0.7156251220000001
0.9335870660000001
0.5399146813333333
1.009559104
0.6481159673333333
1.008551572
1.0107232306666667
0.8648223620000001
0.45996233466666664
1.0085634133333332
0.7124201393333333
0.49166816933333335
1.013992326
1.029042778
0.9364265726666666
0.9877802480000001
0.6383293766666667
0.6770818726666666
0.3852748786666667
0.7633258326666668
0.633873342
0.617985352
0.44151476133333334
0.9653347333333333
1.0062006079999999
0.8043537113333333
0.5820172633333334
1.007676062
0.903148384
0.864665666
0.7502716013333334
0.828224904
0.8957178926666667
0.5931456006666667
1.0130595566666667
0.7231375986666667
1.1794014513333333
0.9175026
1.0016598753333332
0.9238177506666666
0.8709074733333334
0.5538213053333333
1.0101170746666666
0.3892043493333333
0.9681199386666667
0.6986526713333333
0.9125316939999999
0.8080005446666667
0.985909602
0.941228602
0.5340238973333333
0.7593446593333333
0.7335993266666666
1.009262562
0.8036012266666667
1.0149388066666667
0.7956442626666667
0.7593580846666667
0.7673901026666667
0.719298498
0.805077424
0.9070680666666667
1.0087292253333333
0.8433824500000001
0.8502276126666667
0.7901406066666666
0.532421862
0.99357291
0.8046701753333333
0.80871561
0.8768191933333332
0.94112548
0.806051966
0.865118498
0.689041398
0.9109059913333334
0.999526948
0.5399316493333334
0.683623518
0.280364986
0.41890676666666665
0.7830886739999999
0.7762316413333333
0.795629524
0.6363480153333333
0.3853613
0.7049423973333334
0.3113513473333333
0.22895990600000002
1.0092744206666666
0.5794886826666666
0.5319306066666666
1.0261171613333333
0.9679672073333333
0.6313018286666667
0.146657742
0.7194671873333334
0.6340230573333333
0.5457045033333333
0.8042482786666666
0.3893613606666667
0.75157794
0.7119949766666667
0.8908687426666667
0.736694762
0.8305391866666667
1.035044112
0.535115066
0.6074703573333333
1.014579176
0.7706257986666666
0.676825796
0.8315039386666667
0.9077966046666667
0.6293453433333334
0.8645177273333333
0.5174316513333334
1.013788884
0.46718196266666673
0.6803800806666667
1.0158390006666667
0.8803056593333334
0.7147973833333334
0.9120763000000001
0.8751576206666667
0.93484694
1.0025717613333334
0.9662468606666667
0.4649490986666666
0.869505784
0.9417135799999999
0.9114375773333333
1.0086463126666665
0.405225734
1.014159928
0.62576014
0.49121831
0.7162158326666666
0.8248211200000001
0.7708540113333333
0.44512276400000006
0.43465169866666664
1.0096303
0.8961477446666666
0.5984724273333333
0.969070136
0.46042089933333336
0.850109812
0.9837192186666667
0.7879445033333333
1.009262562
0.5752201180000001
0.8807750253333334
0.48084630666666667
0.48850300799999996
1.008480528
1.0126176886666667
0.912250652
0.86924182
0.976373024
0.74191869
0.67393179
0.9762842486666666
0.564740874
0.75544466
0.9228946873333332
0.9981680273333333
0.904470222
0.9594476253333334
0.8121333639999999
0.8667071526666666
0.8323580033333333
1.0075578666666667
0.9674003413333333
0.80853292
0.8041127633333334
1.002010404
0.8794224426666666
1.00542331
0.15871369933333335
0.27883604
0.736366368
0.8272677413333333
0.961466566
0.990730954
1.0079598446666667
1.0286114946666667
0.7625736473333333
0.875514416
0.952923088
1.0091795613333334
0.9457780533333333
0.8181825153333333
0.5930636973333333
0.5668651653333333
1.1188161286666667
0.989646604
0.8311740633333333
0.526805632
0.8035636393333333
0.20253069999999998
0.6762237139999999
0.5953532013333334
1.009428604
0.7632851359999999
0.9410636173333334
0.7177898413333333
0.6956144853333334
0.177490456
0.8275626306666667
0.7156489706666667
0.25245430933333335
0.8511374606666666
0.4294666666666667
0.88063958
1.1032963753333334
0.9968822060000001
0.5199781226666667
0.9657471493333334
0.3636782413333334
1.0080071573333333
0.6030775153333333
1.0058706986666666
1.0079835006666666
0.9413214313333333
0.8859986993333333
0.748376002
0.55211977
0.5935308506666667
0.346107354
0.37734732866666665
1.019806792
0.4448807046666667
0.9598443000000001
0.7836387566666667
0.46569521866666663
1.0131073493333334
0.266408256
0.8455991686666666
0.5955843626666667
0.36815478
0.999922542
0.652408354
0.615682064
0.9792447093333333
1.0048705113333334
0.34923686066666665
0.665185122
0.47618685
0.32430512066666667
0.9015937646666666
0.999724706
0.9128614113333333
0.8452330646666666
0.945809294
0.4422990766666667
0.5000776953333333
0.4987681433333333
0.6948998166666667
0.6834549019999999
0.7964557533333333
0.6922844426666667
0.8851313893333332
0.936253062
0.3320551466666667
0.366386632
1.0022559206666666
0.6142643853333333
0.9588799873333334
0.6155452953333334
0.8501939519999999
0.8958860466666667
0.5268347106666667
0.4732407373333333
0.6615886406666667
0.9894414153333334
0.9971946679999999
0.804406438
1.00086625
0.8980778053333334
0.460092908
1.009143994
0.9713494500000001
1.0136214046666667
0.19356770266666667
0.9961769926666666
1.0261784526666666
0.49412593066666666
0.4544482086666667
0.9290533739999999
0.5459299366666667
0.42610493400000005
1.0082911259999998
0.2853523946666667
0.3832858686666667
1.0115921326666666
1.0093218566666666
0.6869254926666667
0.8261300073333333
1.0044827393333333
0.47016095
1.0052232913333334
0.7711100473333332
0.8272279073333334
0.82256218
0.7525326633333334
1.0199399893333332
1.0135257266666668
0.930462266
0.5418081386666667
0.5118814973333333
0.880215454
0.822105582
0.7795424886666666
0.9727904906666666
1.03400999
0.8447260366666666
0.9347960726666666
1.0105686513333334
0.6800030553333334
1.0305489413333333
0.7550993406666666
1.0110206313333334
0.7258936073333333
0.808806986
1.0056705019999999
0.6340792193333333
0.5057186433333333
1.0043418053333333
0.415177266
0.84076566
0.5358193666666667
0.8358569393333334
1.0043652913333334
0.9081613126666667
0.48404360333333335
0.8963721793333334
0.91712056
0.6926975566666667
0.827881666
1.007475146
1.0044592473333334
0.6826998713333334
0.9178261133333334
0.8692330239999999
0.8598705273333334
0.6338031866666667
0.4502864553333333
0.4450904746666667
0.45039033733333333
0.6644082226666667
1.0082319526666668
