20.133333
25.0
5.2
20.066667
15.233333
5.033333
25.133333
5.033333
20.1
20.166667
5.033333
15.033333
184.266667
99.3
32.433333
136.433333
10.0
15.0
10.066667
20.633333
5.066667
20.1
5.066667
5.0
5.0
142.166667
147.033333
26.433333
129.533333
21.533333
145.766667
5.033333
141.9
136.966667
5.066667
136.666667
136.966667
5.033333
5.033333
20.1
5.033333
288.966667
14.8
15.1
5.066667
5.166667
20.133333
174.733333
21.066667
137.2
20.066667
142.033333
241.4
15.133333
10.033333
5.066667
5.766667
250.533333
86.866667
10.1
151.966667
20.0
74.733333
6.733333
5.066667
136.9
146.933333
5.966667
10.066667
5.033333
5.0
55.333333
5.033333
152.133333
5.0
142.066667
111.366667
141.933333
15.0
142.0
157.066667
15.033333
15.066667
36.433333
6.1
5.0
5.033333
5.033333
162.1
547.966667
274.133333
14.266667
18.033333
274.0
284.066667
5.166667
137.033333
10.1
5.1
7.9
136.8
556.933333
5.033333
5.066667
15.3
264.0
25.066667
147.066667
5.066667
10.133333
142.033333
5.0
10.033333
151.966667
28.666667
289.133333
5.033333
325.766667
15.066667
5.0
5.033333
21.066667
5.0
11.133333
5.033333
11.833333
10.133333
142.033333
411.0
10.066667
15.166667
10.066667
283.966667
25.866667
19.366667
5.033333
137.066667
137.066667
12.866667
5.066667
5.066667
5.7
6.933333
25.133333
151.866667
90.466667
106.833333
136.866667
289.533333
5.033333
10.0
142.033333
5.1
10.133333
10.233333
5.066667
10.033333
141.933333
5.066667
20.066667
94.566667
279.0
137.066667
151.966667
10.133333
14.866667
22.233333
151.4
81.4
152.066667
5.1
415.966667
21.666667
137.166667
15.033333
5.0
20.066667
25.233333
5.0
10.066667
15.1
45.566667
283.933333
5.133333
210.833333
137.1
25.7
30.8
14.166667
136.966667
137.0
5.033333
15.1
695.266667
137.0
142.1
15.066667
141.966667
150.966667
140.7
10.066667
142.133333
152.166667
15.133333
153.433333
147.0
147.0
5.066667
26.7
5.033333
158.566667
143.8
251.766667
15.1
153.466667
32.133333
70.066667
5.1
15.1
5.4
56.333333
137.033333
15.0
147.0
153.833333
5.066667
10.033333
284.033333
291.766667
5.133333
142.166667
152.066667
137.0
136.966667
5.266667
137.033333
5.066667
5.033333
10.066667
274.066667
15.033333
142.0
20.133333
5.033333
5.066667
5.033333
157.066667
284.066667
137.1
5.033333
20.066667
6.966667
147.066667
20.066667
151.966667
5.066667
10.066667
416.1
10.066667
5.1
326.233333
137.1
20.066667
147.066667
52.366667
241.566667
10.2
10.1
274.233333
25.1
20.133333
65.0
284.0
15.166667
20.2
20.1
132.4
5.2
142.033333
279.133333
162.0
10.1
178.266667
10.7
56.3
147.1
152.066667
5.0
20.033333
157.033333
8.966667
137.033333
147.066667
5.0
10.133333
27.733333
5.066667
39.933333
141.9
146.9
261.4
20.133333
152.1
197.333333
137.133333
5.0
70.1
15.1
213.4
5.066667
5.033333
10.0
134.366667
21.5
273.933333
147.1
10.066667
426.066667
137.066667
274.0
137.033333
6.3
297.233333
5.1
137.0
20.133333
5.0
19.9
5.066667
10.033333
85.7
5.0
151.933333
15.033333
137.0
146.966667
137.066667
30.1
142.133333
5.1
5.1
158.033333
5.1
10.033333
20.066667
15.1
136.9
10.033333
685.1
147.033333
142.1
27.2
249.866667
273.966667
20.1
20.1
152.033333
137.066667
157.033333
5.1
147.033333
147.066667
20.066667
137.066667
147.033333
152.1
147.133333
10.066667
92.133333
153.6
152.2
5.033333
5.033333
151.7
286.666667
415.966667
5.066667
10.066667
5.1
10.066667
10.1
137.033333
279.1
147.0
5.033333
10.066667
137.133333
5.133333
5.1
20.1
10.1
5.1
25.066667
279.033333
15.166667
16.666667
5.1
5.033333
10.1
151.966667
142.033333
23.2
137.033333
152.0
10.0
147.033333
284.133333
152.2
181.266667
152.0
289.233333
16.866667
5.1
294.666667
363.966667
421.266667
152.0
137.1
152.066667
5.066667
229.0
284.033333
137.166667
147.833333
142.0
5.066667
283.966667
10.066667
5.0
283.8
10.533333
10.0
10.033333
12.633333
26.966667
152.3
5.1
5.066667
20.066667
5.033333
20.066667
15.066667
15.166667
5.0
5.066667
10.133333
15.033333
23.466667
96.766667
152.2
5.1
142.166667
86.1
10.166667
137.2
279.033333
10.0
5.066667
5.066667
28.5
137.266667
20.4
10.066667
34.3
13.766667
35.633333
40.6
137.033333
13.7
5.133333
243.766667
553.5
142.066667
170.233333
9.266667
136.966667
120.666667
142.1
5.033333
416.066667
15.1
5.1
136.966667
170.8
282.366667
25.433333
273.866667
152.066667
143.333333
190.533333
152.1
15.066667
137.0
10.1
15.066667
5.066667
5.033333
137.033333
5.066667
21.7
10.066667
147.033333
5.0
15.066667
273.9
601.0
274.0
154.766667
10.133333
10.033333
20.866667
152.033333
10.133333
10.133333
136.966667
553.233333
284.0
137.0
142.0
5.066667
5.0
137.0
23.033333
5.133333
5.066667
415.966667
410.833333
137.0
142.033333
5.0
14.066667
279.1
21.366667
284.166667
15.0
10.133333
115.633333
11.6
5.033333
10.033333
15.033333
5.1
5.033333
21.066667
20.033333
5.0
130.5
5.0
5.1
5.033333
142.066667
278.9
5.033333
147.066667
24.866667
10.033333
153.7
10.033333
5.1
147.133333
142.0
5.066667
279.0
5.033333
548.2
137.1
10.0
12.3
10.0
5.033333
15.1
25.033333
5.133333
29.233333
20.1
5.133333
21.733333
142.133333
137.066667
155.533333
10.133333
5.033333
16.266667
152.066667
5.0
137.066667
8.966667
137.066667
5.033333
548.3
5.1
20.066667
97.933333
157.466667
5.2
10.233333
15.033333
5.066667
5.033333
137.1
15.033333
553.233333
20.033333
10.066667
25.066667
137.033333
20.066667
147.133333
5.066667
20.033333
5.133333
5.066667
5.0
27.066667
137.066667
137.0
15.0
137.0
137.066667
15.033333
137.2
147.0
10.1
299.3
136.866667
15.133333
10.0
5.166667
284.166667
157.0
8.366667
125.433333
5.033333
5.066667
5.066667
21.8
5.066667
5.066667
142.1
14.166667
15.066667
25.133333
5.066667
29.333333
278.933333
361.166667
5.1
152.3
15.033333
189.533333
5.0
15.133333
146.966667
140.1
284.033333
5.033333
181.8
137.0
25.066667
10.666667
10.0
147.033333
137.233333
9.733333
142.066667
5.1
279.266667
141.966667
142.066667
137.0
279.266667
20.033333
142.1
142.0
11.966667
284.033333
137.033333
5.066667
157.0
137.033333
101.3
15.833333
294.033333
146.833333
136.633333
171.3
142.2
274.1
23.8
5.066667
25.066667
273.966667
20.066667
19.033333
5.066667
200.6
137.033333
5.066667
15.133333
411.1
93.466667
6.133333
5.1
123.6
5.0
10.133333
136.966667
411.133333
142.133333
15.1
15.066667
410.033333
15.1
147.133333
227.366667
286.433333
15.2
141.166667
137.066667
278.966667
10.066667
9.8
137.0
5.0
137.0
142.1
11.833333
147.033333
10.033333
586.733333
15.233333
147.033333
147.166667
147.133333
11.066667
10.1
141.966667
5.033333
273.866667
20.1
10.0
137.0
25.6
25.566667
142.0
142.0
142.0
137.1
5.0
279.033333
137.0
123.533333
152.1
137.133333
10.033333
166.0
137.0
152.033333
142.433333
7.433333
137.0
160.066667
10.1
279.0
22.466667
9.6
5.233333
137.033333
147.133333
10.033333
25.1
152.166667
137.133333
25.166667
143.366667
5.066667
5.133333
137.0
11.533333
10.933333
22.9
283.933333
20.5
162.066667
10.1
5.133333
5.1
142.066667
15.066667
7.2
10.033333
142.133333
97.4
22.066667
16.733333
5.0
142.133333
15.066667
141.933333
10.066667
5.0
137.066667
5.1
142.1
25.033333
200.333333
152.133333
137.066667
22.466667
5.033333
553.1
5.166667
5.066667
20.0
553.133333
5.033333
22.8
147.133333
10.066667
7.9
287.6
10.033333
142.066667
10.066667
147.066667
22.3
10.133333
166.9
5.033333
181.033333
5.033333
74.333333
202.566667
15.133333
146.9
147.033333
157.166667
147.1
137.166667
15.133333
10.0
15.066667
269.233333
5.033333
5.066667
10.166667
152.066667
157.033333
137.0
160.233333
5.0
26.1
5.1
46.333333
10.1
21.3
147.0
5.3
136.833333
137.166667
92.366667
5.066667
5.0
15.0
10.166667
5.066667
147.066667
10.633333
10.066667
20.066667
9.433333
10.133333
5.0
279.066667
289.0
20.066667
15.1
5.033333
137.066667
5.0
10.066667
21.5
284.166667
5.033333
5.066667
5.066667
21.233333
134.5
5.033333
429.933333
284.1
136.833333
15.133333
548.333333
284.0
15.033333
10.133333
5.133333
5.033333
376.0
5.166667
187.066667
142.166667
115.366667
142.133333
415.833333
136.9
141.9
377.433333
137.033333
5.0
5.1
10.866667
5.066667
5.066667
234.0
10.1
15.5
127.666667
157.1
153.266667
548.166667
5.066667
10.066667
5.033333
16.7
31.866667
279.066667
5.0
685.166667
8.066667
188.733333
147.066667
32.9
145.2
148.766667
5.1
147.1
5.033333
10.1
312.033333
149.033333
120.966667
234.033333
415.866667
5.066667
5.133333
5.066667
416.033333
142.0
15.0
9.5
25.133333
152.1
53.033333
137.0
5.066667
5.0
25.833333
6.433333
23.233333
5.133333
5.1
55.866667
137.0
147.1
21.6
10.066667
15.033333
16.433333
10.066667
21.6
137.133333
137.033333
137.1
12.166667
181.433333
10.133333
279.033333
147.2
5.033333
10.066667
137.0
548.2
152.066667
10.066667
190.166667
553.233333
142.066667
274.0
412.466667
289.033333
250.7
5.066667
5.033333
137.066667
15.066667
5.133333
78.666667
15.133333
23.466667
8.333333
147.1
456.666667
147.1
10.833333
6.633333
10.066667
147.6
20.066667
194.2
6.066667
279.166667
6.066667
7.1
10.2
5.066667
141.933333
5.1
5.033333
147.3
5.033333
30.066667
163.433333
15.1
152.133333
18.333333
20.066667
152.2
10.066667
15.1
15.166667
5.1
10.333333
157.266667
20.0
136.966667
17.366667
10.166667
147.066667
137.133333
5.066667
5.066667
20.1
10.066667
548.266667
284.1
137.033333
141.933333
10.033333
144.333333
5.033333
146.9
137.066667
10.1
10.033333
15.2
32.5
147.1
152.166667
116.6
137.1
458.833333
152.1
142.2
152.866667
184.566667
137.033333
416.066667
147.066667
10.033333
194.933333
284.2
10.033333
169.6
10.1
137.133333
685.266667
157.033333
17.133333
10.1
49.8
147.066667
279.0
137.1
144.9
5.0
10.066667
65.766667
142.066667
10.066667
5.033333
10.133333
283.833333
10.066667
284.033333
290.366667
142.5
137.066667
158.3
15.066667
10.2
38.666667
141.933333
15.066667
12.0
68.8
137.033333
147.0
10.0
137.066667
5.066667
10.0
141.933333
147.1
11.666667
15.066667
157.0
142.2
10.066667
5.066667
15.1
5.066667
5.066667
149.633333
5.033333
152.7
279.133333
137.066667
15.166667
151.966667
31.466667
168.433333
685.3
273.933333
137.0
5.033333
137.033333
175.8
10.166667
137.166667
137.0
5.066667
137.033333
22.366667
147.066667
147.1
137.1
293.966667
137.033333
142.0
10.166667
20.4
137.166667
15.066667
137.066667
10.033333
137.0
274.066667
157.033333
80.466667
284.166667
157.3
137.066667
147.933333
20.0
5.033333
147.2
249.6
279.2
31.2
9.9
157.166667
5.266667
5.066667
5.066667
15.166667
25.2
10.1
151.866667
10.066667
33.533333
147.533333
5.133333
130.633333
199.5
295.166667
136.866667
5.066667
147.133333
410.933333
274.2
143.233333
142.7
10.166667
279.166667
5.033333
115.3
152.1
137.033333
10.1
157.066667
21.466667
284.133333
137.1
5.1
411.066667
137.066667
152.033333
147.133333
32.066667
141.866667
157.0
5.0
5.166667
5.1
5.066667
5.066667
5.133333
147.1
20.0
5.033333
17.5
14.3
54.866667
10.033333
20.2
5.133333
178.0
20.066667
22.766667
53.8
419.466667
302.666667
147.1
152.0
279.0
26.166667
142.0
15.066667
137.133333
416.066667
142.133333
157.033333
142.033333
142.266667
5.133333
10.0
5.066667
15.1
5.033333
5.1
25.066667
5.1
5.1
10.0
137.133333
157.0
6.766667
142.166667
147.1
157.133333
150.733333
10.0
147.266667
20.066667
5.1
10.033333
5.066667
23.566667
10.066667
5.0
10.1
5.033333
279.066667
146.333333
152.166667
20.1
284.166667
25.666667
192.9
284.133333
70.0
20.166667
137.1
146.966667
596.933333
261.033333
137.1
685.2
142.166667
291.266667
8.9
273.833333
35.1
20.0
5.166667
548.266667
273.333333
5.066667
20.033333
150.233333
130.0
279.0
15.133333
158.866667
5.2
142.133333
137.133333
137.233333
278.833333
145.7
121.433333
260.233333
142.066667
5.066667
5.0
5.033333
5.033333
10.1
5.066667
10.0
5.2
15.2
153.7
5.066667
10.066667
5.066667
10.166667
10.033333
5.133333
15.066667
15.1
5.1
147.166667
157.266667
10.133333
158.6
10.066667
142.033333
20.166667
20.1
10.033333
20.066667
10.133333
32.733333
5.033333
291.0
5.166667
5.1
548.333333
22.166667
17.333333
5.0
147.0
157.033333
5.066667
142.033333
5.0
278.966667
10.066667
15.033333
142.066667
137.0
5.0
20.0
20.666667
20.2
5.033333
5.033333
5.033333
278.166667
147.066667
157.3
284.033333
151.933333
284.166667
18.166667
142.066667
268.066667
141.966667
146.966667
5.033333
284.1
284.166667
50.1
695.133333
152.033333
20.066667
157.033333
685.066667
10.1
548.433333
146.933333
5.1
5.066667
10.033333
5.333333
30.233333
5.0
274.3
5.1
142.133333
5.066667
137.066667
671.166667
5.066667
40.333333
156.733333
279.033333
5.133333
10.1
137.133333
15.066667
147.0
5.066667
59.333333
153.733333
152.066667
25.066667
5.033333
199.733333
156.9
7.766667
5.033333
31.333333
283.833333
136.966667
137.0
137.1
284.2
136.9
152.066667
5.066667
181.066667
142.066667
274.033333
142.1
5.033333
5.1
5.0
10.033333
5.066667
284.066667
15.033333
27.233333
130.266667
9.966667
270.933333
410.966667
10.0
147.033333
273.966667
283.966667
287.1
20.1
283.733333
283.933333
10.1
42.6
329.066667
142.066667
152.033333
323.333333
137.0
5.033333
94.833333
5.066667
374.866667
152.033333
10.066667
15.033333
10.066667
10.633333
35.233333
136.9
278.966667
15.133333
15.066667
20.2
220.966667
29.433333
236.033333
147.0
136.966667
278.866667
142.133333
20.0
274.033333
137.133333
137.066667
15.033333
279.133333
157.066667
137.133333
152.066667
147.0
22.366667
13.266667
264.033333
20.033333
5.033333
137.133333
152.066667
142.033333
5.033333
152.133333
137.133333
15.1
10.2
10.1
25.066667
198.633333
284.033333
18.266667
136.866667
6.866667
150.233333
5.1
285.7
10.033333
152.166667
57.966667
5.033333
274.0
147.0
137.066667
284.033333
10.033333
99.2
15.066667
188.1
10.033333
5.033333
174.9
5.066667
5.066667
5.0
14.8
284.033333
22.833333
16.033333
239.966667
57.566667
5.033333
548.133333
155.333333
150.6
10.433333
6.0
20.033333
284.1
154.766667
284.033333
146.133333
15.033333
142.066667
5.066667
15.066667
10.066667
20.066667
142.066667
284.066667
19.033333
10.833333
285.933333
137.166667
15.466667
5.066667
137.1
284.1
5.0
10.033333
25.033333
415.966667
16.466667
278.966667
5.133333
279.033333
278.966667
279.133333
5.033333
187.366667
58.666667
5.066667
10.033333
20.0
5.1
136.933333
165.133333
152.066667
10.066667
10.1
228.766667
15.1
5.1
137.166667
27.1
5.1
465.533333
142.1
15.066667
15.033333
5.033333
22.666667
10.0
5.1
151.966667
6.533333
25.1
5.033333
152.166667
145.2
685.2
147.066667
154.0
5.166667
10.033333
10.0
90.8
152.166667
12.466667
142.2
5.066667
11.066667
136.866667
142.066667
15.1
5.366667
15.133333
284.066667
147.033333
20.066667
5.0
25.133333
147.1
5.066667
10.0
15.033333
5.066667
5.066667
5.066667
15.133333
20.1
26.033333
152.066667
119.733333
10.033333
685.1
137.033333
15.033333
137.1
10.166667
14.0
5.1
20.066667
70.7
250.433333
10.066667
22.133333
284.0
20.1
152.133333
10.033333
10.1
463.733333
33.266667
10.433333
274.033333
5.0
130.633333
8.5
273.933333
287.266667
137.1
221.366667
5.0
262.833333
15.0
289.0
5.1
142.233333
5.033333
5.133333
202.633333
284.033333
137.0
5.033333
20.1
20.066667
5.033333
10.066667
5.233333
5.1
405.233333
82.333333
157.133333
136.966667
5.1
137.0
5.066667
400.666667
5.066667
137.166667
15.066667
150.766667
5.033333
20.066667
23.333333
24.7
15.2
20.4
5.033333
15.133333
155.966667
81.333333
5.0
163.5
283.966667
5.333333
151.933333
5.033333
83.7
137.0
13.966667
10.033333
279.066667
16.2
15.333333
157.666667
149.866667
38.333333
142.033333
15.1
289.066667
20.7
11.766667
137.0
273.933333
283.933333
137.066667
284.066667
10.066667
10.0
147.133333
5.1
5.066667
152.0
6.8
142.133333
62.466667
303.9
5.0
5.0
19.633333
142.133333
553.133333
15.1
176.966667
146.933333
150.833333
147.066667
5.1
294.766667
5.033333
18.333333
137.033333
145.166667
410.933333
137.133333
279.1
15.066667
26.1
74.3
10.1
156.333333
25.133333
10.033333
137.266667
5.1
152.033333
137.1
145.566667
199.033333
20.0
6.133333
137.133333
274.966667
10.166667
137.066667
5.033333
10.033333
10.1
10.166667
194.966667
10.1
267.466667
10.066667
5.0
10.033333
137.2
10.066667
137.0
32.233333
106.166667
157.066667
137.066667
5.1
161.8
142.1
10.6
157.8
41.433333
284.1
142.066667
133.733333
10.0
20.1
25.1
5.133333
5.1
17.133333
5.033333
5.1
142.966667
270.333333
191.166667
154.166667
15.1
5.033333
25.1
10.0
151.866667
147.0
10.133333
283.9
137.033333
411.2
5.1
5.0
17.8
43.2
142.166667
5.066667
151.766667
26.766667
131.3
15.133333
284.033333
26.766667
279.066667
7.0
278.966667
157.833333
20.1
142.166667
15.1
20.033333
16.0
284.066667
274.033333
274.033333
10.066667
20.0
152.166667
15.0
25.066667
15.2
136.966667
18.133333
183.066667
5.033333
238.9
477.2
119.933333
148.666667
155.733333
279.066667
10.066667
273.966667
130.533333
137.033333
10.033333
415.6
137.066667
137.0
143.066667
151.933333
137.066667
136.933333
82.133333
150.333333
6.7
152.033333
5.733333
147.633333
10.033333
12.133333
24.033333
50.1
137.033333
151.933333
10.1
28.366667
46.4
5.0
5.0
15.066667
283.166667
15.033333
142.133333
343.233333
152.033333
284.033333
5.066667
415.966667
137.1
137.1
5.066667
20.1
5.066667
5.033333
5.066667
398.766667
5.1
15.2
147.033333
5.066667
14.833333
20.066667
152.066667
15.0
152.133333
142.0
10.033333
160.033333
14.033333
279.6
10.066667
257.5
5.133333
15.1
5.066667
18.066667
5.033333
5.0
21.766667
34.7
142.066667
5.033333
156.933333
149.9
10.033333
142.033333
10.0
6.866667
137.0
141.9
5.1
152.1
10.066667
152.066667
152.1
15.033333
147.066667
52.933333
5.066667
147.033333
137.066667
283.766667
15.1
157.866667
134.0
15.0
15.033333
147.0
5.066667
18.966667
10.066667
9.733333
15.1
142.166667
5.066667
44.8
411.766667
279.133333
5.0
157.966667
109.966667
358.433333
10.133333
152.166667
143.733333
284.1
142.866667
203.4
301.066667
142.166667
260.266667
10.0
10.1
50.933333
147.033333
137.0
142.0
157.066667
147.0
25.1
5.1
30.9
5.266667
33.133333
10.033333
25.8
15.0
274.033333
273.9
289.0
137.066667
137.033333
10.066667
421.266667
142.033333
274.166667
5.0
17.066667
274.066667
137.033333
10.066667
34.8
137.066667
147.0
5.9
141.966667
136.9
5.0
152.033333
147.033333
15.1
20.066667
20.0
5.066667
10.033333
15.033333
5.033333
5.1
5.033333
137.1
5.066667
10.066667
147.133333
147.2
21.8
137.1
137.0
10.066667
6.333333
5.066667
152.333333
37.3
548.2
5.133333
153.766667
147.033333
157.033333
152.1
152.233333
5.0
695.333333
5.133333
142.333333
20.1
5.033333
148.6
5.0
137.033333
284.0
119.0
23.633333
152.066667
289.1
137.066667
156.9
152.1
137.1
20.233333
137.0
49.066667
284.133333
5.066667
137.133333
10.033333
142.0
5.066667
15.066667
284.2
294.5
184.966667
25.233333
10.166667
5.033333
5.066667
137.1
20.066667
5.066667
137.0
39.3
95.133333
507.5
143.233333
5.066667
137.066667
20.066667
137.033333
5.066667
10.0
18.866667
147.033333
137.066667
5.0
24.033333
15.1
5.033333
15.066667
25.2
167.3
147.0
5.1
5.033333
5.0
142.066667
142.066667
37.066667
25.066667
5.066667
92.933333
6.133333
5.033333
15.066667
5.133333
162.233333
283.266667
15.033333
279.1
152.0
25.233333
10.0
6.233333
55.433333
25.066667
5.0
16.666667
147.0
144.133333
10.066667
136.966667
137.033333
152.066667
20.033333
558.066667
10.2
157.033333
155.566667
87.666667
202.4
5.066667
5.066667
13.8
279.033333
298.1
301.5
279.133333
146.933333
294.3
19.3
137.133333
152.066667
21.1
421.166667
426.4
142.066667
5.1
20.033333
137.0
105.566667
152.533333
179.066667
136.9
15.066667
15.133333
155.933333
146.9
136.933333
10.1
116.866667
137.0
157.0
6.266667
10.433333
17.266667
61.2
22.066667
105.566667
7.366667
5.066667
5.3
24.166667
102.633333
20.033333
548.533333
15.0
17.233333
10.1
5.1
5.033333
10.033333
5.066667
122.733333
15.2
10.133333
244.6
10.066667
7.533333
5.066667
137.033333
20.066667
142.033333
10.033333
155.633333
5.033333
19.333333
11.033333
137.033333
5.033333
160.566667
5.133333
137.0
136.966667
5.633333
157.366667
273.9
146.933333
122.033333
20.133333
685.3
137.1
17.733333
38.666667
5.066667
158.666667
137.033333
5.066667
5.0
23.333333
5.133333
123.733333
142.066667
144.533333
10.033333
15.0
157.0
10.066667
115.8
25.133333
52.566667
5.033333
15.1
5.1
151.433333
147.033333
135.966667
284.033333
326.033333
97.233333
147.1
411.0
148.433333
137.033333
137.033333
137.166667
137.033333
5.133333
548.133333
421.033333
152.133333
137.133333
5.066667
137.066667
346.266667
162.133333
5.033333
283.9
137.133333
5.133333
10.133333
80.066667
152.033333
274.133333
5.133333
152.033333
20.1
20.066667
274.033333
274.066667
265.966667
5.0
558.2
157.166667
152.033333
137.066667
20.066667
5.033333
5.033333
15.0
17.866667
548.3
15.066667
700.366667
5.0
25.0
10.066667
10.066667
553.333333
5.0
5.033333
28.933333
10.033333
10.1
147.033333
5.066667
280.933333
152.066667
137.066667
242.533333
10.133333
10.033333
15.066667
5.0
157.033333
279.133333
5.1
137.033333
5.033333
137.066667
207.3
10.066667
10.0
5.033333
154.233333
5.033333
141.6
283.933333
5.0
10.066667
5.1
15.1
6.533333
20.2
39.033333
5.066667
10.133333
20.033333
5.066667
10.166667
67.066667
10.0
5.133333
142.033333
20.133333
25.1
5.066667
5.2
29.166667
142.033333
5.133333
685.166667
5.0
5.0
416.033333
553.266667
25.133333
141.866667
5.133333
15.866667
10.033333
153.866667
553.1
5.0
8.7
5.033333
100.666667
553.133333
5.1
5.133333
685.033333
157.133333
137.0
278.933333
137.033333
125.666667
10.066667
137.0
137.133333
23.166667
137.066667
136.966667
137.066667
685.033333
5.166667
146.966667
137.033333
152.133333
136.933333
147.066667
20.133333
253.066667
25.066667
10.033333
137.066667
20.133333
273.833333
136.966667
17.066667
124.766667
20.0
157.166667
8.566667
15.166667
295.666667
139.133333
5.033333
10.4
137.066667
152.166667
20.033333
137.066667
10.033333
19.1
558.233333
15.1
5.033333
10.133333
10.133333
6.633333
6.7
5.033333
142.033333
20.066667
5.066667
15.1
20.133333
10.066667
13.766667
5.033333
10.066667
15.1
10.1
154.1
10.0
5.066667
531.7
5.066667
155.166667
137.066667
142.1
6.066667
15.066667
548.166667
5.166667
147.133333
137.033333
5.0
10.033333
10.066667
162.0
312.866667
87.966667
10.066667
10.066667
117.4
142.0
5.033333
142.0
274.1
154.3
25.066667
5.033333
5.066667
15.066667
5.033333
284.133333
10.0
25.1
15.033333
303.3
46.833333
159.266667
15.0
15.2
411.1
10.066667
5.0
20.033333
5.0
11.833333
15.133333
685.333333
5.066667
8.166667
163.466667
146.933333
5.066667
138.466667
20.166667
117.733333
30.1
10.1
6.433333
5.066667
24.233333
174.533333
25.433333
259.366667
6.433333
5.833333
274.0
10.033333
10.133333
120.933333
29.533333
386.433333
142.066667
6.733333
63.433333
137.133333
136.933333
142.133333
211.733333
416.0
137.066667
416.0
137.066667
152.233333
137.0
179.7
5.033333
243.633333
273.833333
25.766667
28.833333
5.0
157.0
5.066667
15.0
10.0
10.0
5.133333
10.0
5.1
33.933333
10.0
5.033333
15.066667
153.7
278.1
15.133333
94.6
148.433333
20.033333
25.1
188.366667
238.266667
5.033333
142.033333
141.966667
136.966667
151.933333
5.066667
20.466667
10.066667
274.0
18.3
137.066667
5.066667
15.033333
20.766667
5.066667
136.933333
142.066667
6.366667
5.033333
152.133333
15.033333
15.066667
5.1
137.0
5.066667
20.2
5.1
25.966667
43.933333
274.1
548.366667
137.033333
26.066667
17.0
107.0
5.0
5.033333
5.433333
157.066667
95.833333
20.033333
160.133333
25.066667
152.066667
5.033333
5.033333
121.366667
5.066667
5.1
5.133333
20.1
99.766667
21.166667
138.7
5.033333
10.166667
132.133333
8.366667
142.033333
115.666667
25.433333
15.333333
10.066667
553.233333
15.066667
5.033333
20.133333
5.0
61.633333
147.0
51.533333
10.066667
5.033333
20.266667
5.066667
15.0
27.066667
20.066667
20.1
5.066667
5.066667
22.966667
5.133333
145.833333
225.533333
548.033333
25.1
7.8
10.066667
5.033333
137.0
9.0
685.433333
64.4
5.033333
25.033333
5.066667
52.133333
15.0
137.033333
106.433333
134.166667
137.066667
690.4
5.0
734.666667
5.0
5.033333
5.0
10.133333
10.066667
142.066667
10.066667
10.033333
16.233333
194.033333
10.1
8.7
48.633333
137.166667
5.033333
5.033333
123.6
174.2
10.1
279.066667
137.033333
137.133333
279.0
152.033333
20.166667
15.0
45.166667
273.966667
157.1
137.366667
143.133333
5.1
153.933333
239.8
10.066667
5.066667
10.0
142.0
10.033333
416.1
274.033333
142.6
5.033333
10.0
5.033333
10.066667
5.0
283.8
15.1
78.3
142.1
5.033333
91.833333
137.033333
254.233333
147.0
157.1
157.033333
10.0
28.4
25.1
136.966667
142.066667
5.066667
137.1
7.8
10.033333
20.033333
5.033333
16.333333
36.9
239.0
274.0
136.933333
5.0
5.0
5.033333
15.066667
10.0
8.3
20.033333
141.966667
15.0
15.0
10.033333
260.066667
20.066667
25.133333
25.266667
5.1
152.033333
5.033333
62.733333
10.1
136.9
146.933333
5.1
5.066667
111.833333
177.7
136.933333
10.0
6.0
20.0
136.933333
15.066667
259.4
5.0
47.7
5.666667
95.633333
273.933333
34.666667
79.866667
136.9
152.0
137.0
5.033333
142.766667
5.0
5.0
151.966667
137.066667
31.166667
10.9
10.0
151.966667
5.1
147.133333
20.033333
157.066667
26.233333
5.033333
69.3
147.133333
159.2
137.033333
5.0
11.666667
137.033333
137.0
147.066667
35.3
152.233333
5.066667
15.833333
180.0
5.0
273.966667
20.033333
205.0
20.1
137.0
147.066667
15.166667
157.2
438.9
262.7
21.7
151.966667
146.866667
6.133333
10.033333
147.2
103.1
142.066667
146.666667
142.033333
119.866667
102.366667
20.066667
136.966667
10.0
24.6
274.066667
10.133333
10.033333
6.966667
152.166667
548.233333
10.1
137.033333
75.766667
136.833333
558.166667
20.133333
137.1
20.0
15.233333
267.733333
291.5
205.966667
152.166667
137.066667
15.2
284.033333
5.033333
13.733333
67.733333
5.333333
5.066667
146.933333
5.1
5.133333
5.066667
191.666667
147.033333
95.833333
289.266667
41.7
5.066667
10.033333
5.9
10.066667
137.066667
5.066667
10.1
181.3
12.766667
215.633333
164.633333
142.033333
5.066667
5.1
147.066667
5.0
15.1
20.066667
142.066667
5.066667
157.166667
11.666667
22.066667
169.166667
10.033333
136.966667
279.033333
279.066667
142.0
20.033333
5.066667
23.133333
5.066667
152.033333
309.4
142.133333
152.0
5.066667
142.066667
279.1
177.966667
245.8
5.066667
137.0
5.133333
152.0
26.466667
10.1
5.033333
282.733333
64.633333
416.066667
68.866667
278.9
145.966667
5.033333
15.2
5.1
246.666667
5.0
5.0
84.233333
5.033333
20.033333
152.033333
19.6
15.033333
157.566667
5.0
22.566667
147.066667
137.0
15.066667
20.533333
5.133333
152.033333
130.966667
5.066667
147.066667
136.966667
157.1
14.3
15.066667
161.633333
5.066667
15.033333
279.1
279.0
5.066667
509.6
137.1
5.0
5.066667
5.1
5.0
39.9
289.1
5.0
6.633333
15.0
61.733333
142.033333
152.066667
147.0
136.966667
152.066667
198.833333
5.0
148.066667
15.1
30.6
157.066667
284.033333
11.2
147.266667
148.633333
284.433333
5.0
142.033333
137.0
157.1
279.033333
8.133333
5.0
154.733333
137.033333
283.933333
5.066667
25.333333
278.933333
137.9
284.1
163.633333
137.133333
5.133333
5.033333
20.1
142.0
10.033333
137.033333
15.066667
15.033333
20.0
150.966667
25.1
5.266667
15.1
15.033333
5.066667
137.133333
103.266667
10.1
5.0
5.033333
142.166667
286.066667
137.066667
152.0
25.1
10.033333
5.066667
5.066667
5.033333
5.066667
15.033333
10.033333
274.1
20.066667
22.933333
20.1
5.0
147.6
142.0
136.966667
274.033333
5.033333
10.066667
15.066667
5.066667
260.166667
152.5
5.1
147.033333
20.033333
15.033333
22.166667
68.0
154.366667
38.466667
9.9
147.133333
137.133333
132.233333
10.033333
154.5
5.033333
137.0
5.0
15.166667
10.1
5.1
148.866667
21.033333
27.233333
278.833333
138.9
15.0
152.033333
22.266667
157.033333
5.1
10.1
283.966667
279.066667
10.066667
109.6
15.133333
16.8
38.0
276.733333
15.1
18.433333
138.2
147.433333
142.033333
5.033333
284.0
88.333333
151.933333
147.166667
137.166667
142.033333
137.1
15.066667
10.1
137.133333
15.0
15.0
10.0
15.066667
5.033333
15.1
41.466667
5.0
152.266667
137.033333
5.033333
136.933333
20.066667
170.866667
15.2
5.0
274.133333
65.133333
5.0
15.033333
9.866667
136.866667
15.033333
15.033333
239.533333
161.933333
285.266667
5.033333
15.066667
5.066667
137.133333
5.0
65.666667
5.033333
305.666667
137.033333
136.966667
25.666667
274.1
411.033333
16.533333
5.066667
273.966667
136.966667
5.0
10.133333
147.166667
15.033333
142.1
17.9
212.933333
137.0
15.133333
148.4
48.766667
289.066667
516.233333
5.0
15.066667
147.033333
5.033333
284.133333
20.1
21.933333
276.433333
137.1
141.866667
142.033333
5.066667
5.1
137.033333
136.966667
5.0
7.866667
41.9
156.966667
15.033333
137.033333
214.366667
279.133333
5.033333
10.033333
284.166667
16.933333
5.066667
5.066667
5.033333
10.1
279.066667
142.1
144.6
157.1
141.966667
137.0
274.033333
137.033333
10.133333
364.666667
15.0
15.133333
137.033333
5.033333
10.1
15.033333
25.066667
10.1
5.066667
10.033333
137.0
10.166667
68.533333
15.066667
10.033333
136.966667
137.033333
157.133333
253.233333
311.6
5.033333
5.033333
327.833333
5.066667
142.066667
156.366667
137.066667
5.033333
137.0
15.033333
147.066667
15.1
147.033333
5.0
10.4
137.066667
137.0
5.033333
5.033333
274.033333
142.033333
273.9
5.066667
74.433333
147.033333
9.0
147.1
15.066667
152.833333
5.066667
15.033333
8.566667
15.033333
284.2
22.0
142.066667
12.133333
5.0
17.2
24.833333
137.0
142.066667
20.033333
5.033333
5.1
164.1
218.1
273.133333
273.866667
279.1
152.0
284.066667
15.2
141.966667
136.033333
5.066667
5.033333
149.366667
18.9
136.066667
5.033333
175.833333
147.033333
10.1
15.1
148.333333
142.033333
289.133333
25.133333
279.0
157.133333
10.0
157.3
279.066667
322.7
539.833333
274.0
142.066667
152.2
10.066667
410.833333
5.0
5.033333
273.866667
137.0
16.4
5.166667
5.066667
5.033333
5.066667
289.1
278.733333
34.666667
273.333333
147.066667
5.066667
15.0
137.033333
10.166667
137.033333
224.466667
273.933333
5.0
20.133333
137.033333
142.0
274.066667
12.1
20.1
274.066667
5.066667
164.833333
137.033333
142.033333
20.1
137.1
273.966667
5.633333
152.366667
270.433333
25.3
20.6
10.033333
274.033333
20.266667
147.033333
5.066667
137.033333
149.1
5.0
289.2
106.066667
137.133333
421.0
137.2
152.033333
149.366667
137.033333
147.366667
137.1
187.7
161.933333
136.866667
9.133333
42.066667
7.9
199.7
94.066667
142.1
15.0
5.1
142.033333
278.866667
15.1
147.133333
15.066667
5.033333
5.433333
10.066667
20.366667
10.0
10.066667
151.7
119.733333
136.966667
146.966667
147.3
10.0
147.133333
147.1
11.8
15.166667
15.033333
20.133333
17.733333
425.5
241.6
28.566667
10.133333
78.2
5.266667
25.2
15.166667
151.066667
94.6
15.1
136.933333
10.133333
153.166667
157.033333
16.533333
11.2
311.133333
5.066667
5.033333
157.166667
147.066667
16.533333
136.966667
15.0
8.466667
5.1
25.1
137.1
97.766667
137.0
137.066667
5.066667
147.1
152.166667
8.766667
19.566667
171.166667
142.1
15.0
257.633333
147.0
411.1
5.133333
5.033333
27.0
5.066667
5.066667
137.033333
137.033333
137.066667
142.066667
273.933333
97.566667
15.0
5.033333
152.133333
137.1
5.166667
137.133333
157.1
156.4
20.033333
6.866667
5.033333
152.066667
5.1
5.033333
6.466667
20.0
5.066667
10.033333
153.033333
137.033333
137.133333
5.1
5.0
15.1
15.133333
25.133333
5.066667
161.866667
20.366667
137.066667
142.066667
22.666667
54.466667
152.1
136.966667
284.1
15.066667
142.266667
282.366667
142.066667
142.033333
289.233333
17.3
137.033333
152.066667
137.0
5.0
137.033333
15.033333
5.033333
5.033333
15.1
147.033333
10.033333
6.5
5.033333
10.033333
281.966667
15.066667
195.933333
16.3
274.066667
26.066667
136.966667
5.066667
7.4
15.1
5.066667
147.033333
15.1
5.0
25.166667
357.7
153.033333
5.133333
269.466667
137.133333
51.7
306.666667
14.0
5.033333
242.166667
137.1
5.033333
157.133333
15.133333
142.466667
26.533333
25.166667
5.033333
137.033333
20.1
5.1
10.166667
15.133333
164.6
5.033333
10.066667
10.033333
5.4
10.0
5.133333
5.066667
15.166667
15.033333
15.133333
5.1
48.633333
5.066667
20.0
60.833333
137.066667
137.1
9.866667
10.066667
284.2
5.033333
141.966667
141.966667
20.133333
10.133333
5.133333
25.166667
129.766667
5.1
20.066667
10.1
152.0
131.5
15.166667
6.366667
15.033333
13.2
104.9
346.6
15.1
5.033333
5.033333
136.933333
147.1
10.1
15.1
16.633333
10.1
20.033333
137.033333
20.066667
5.033333
16.466667
10.0
20.2
11.3
51.066667
141.866667
10.033333
25.066667
20.133333
10.1
27.4
289.1
250.433333
261.833333
5.1
136.966667
279.033333
137.0
137.1
137.1
20.033333
16.433333
20.0
5.033333
15.066667
5.033333
152.166667
169.1
15.133333
104.866667
135.666667
7.533333
142.033333
5.033333
196.3
272.9
411.166667
10.0
221.866667
137.066667
137.033333
410.9
416.1
137.066667
266.966667
146.966667
5.033333
416.133333
283.966667
278.966667
5.133333
136.966667
152.133333
5.0
10.066667
152.2
175.0
26.333333
137.066667
136.9
20.133333
5.066667
142.133333
21.233333
5.066667
15.066667
16.333333
15.033333
5.1
21.2
152.033333
151.9
279.066667
5.0
5.033333
8.166667
19.866667
285.1
147.233333
11.333333
136.966667
141.933333
137.066667
245.6
142.1
330.733333
137.066667
15.066667
152.1
217.3
235.866667
159.5
12.766667
15.033333
169.766667
142.066667
38.033333
279.133333
146.866667
5.0
284.266667
5.0
5.033333
10.0
279.066667
137.033333
230.366667
137.1
5.0
15.066667
22.0
41.733333
142.033333
5.0
273.6
157.066667
7.233333
5.0
7.466667
104.866667
69.666667
142.0
137.0
15.033333
137.033333
137.166667
157.033333
5.0
5.033333
156.933333
23.966667
98.333333
16.3
279.066667
20.166667
6.066667
137.133333
152.133333
147.166667
10.066667
212.433333
253.333333
147.066667
136.933333
28.266667
248.233333
5.166667
10.0
135.733333
136.933333
273.933333
278.866667
146.9
18.4
157.033333
279.066667
5.033333
274.0
6.8
10.1
15.033333
20.1
137.1
10.066667
137.066667
239.8
289.033333
5.066667
147.1
136.833333
8.666667
10.0
136.966667
20.2
142.0
137.166667
10.066667
147.133333
147.1
10.3
30.233333
152.1
152.9
283.966667
136.966667
137.033333
351.933333
137.133333
5.066667
15.166667
416.2
5.066667
411.166667
128.433333
10.1
284.1
142.0
152.033333
137.0
147.1
142.133333
137.1
137.033333
150.666667
10.066667
142.0
5.133333
148.966667
5.0
10.0
10.033333
144.8
20.1
25.933333
151.966667
23.933333
17.633333
147.0
92.066667
279.0
5.0
5.033333
5.066667
147.1
5.1
147.1
5.033333
244.066667
269.266667
147.1
306.633333
10.033333
5.133333
258.7
5.0
157.1
15.066667
10.066667
279.133333
5.066667
137.133333
42.3
5.066667
137.066667
136.966667
147.1
10.066667
142.066667
30.2
137.0
151.966667
142.133333
137.1
137.0
5.066667
120.2
10.033333
5.033333
147.0
5.0
15.166667
139.3
5.033333
284.233333
10.033333
10.033333
15.1
13.133333
61.066667
274.033333
15.066667
305.7
282.333333
382.166667
31.066667
23.266667
30.066667
284.033333
95.8
10.133333
137.033333
5.1
10.2
137.133333
67.666667
10.133333
153.733333
142.033333
26.233333
137.066667
5.0
147.4
147.1
10.166667
142.566667
416.066667
289.066667
15.066667
278.9
416.0
147.033333
25.133333
279.0
425.466667
92.4
137.1
416.066667
118.833333
15.066667
159.066667
9.966667
5.033333
137.133333
5.0
289.033333
142.2
416.0
137.033333
289.1
274.066667
142.033333
5.033333
15.033333
68.4
137.033333
10.1
10.1
143.366667
279.1
15.0
5.033333
37.2
5.033333
15.033333
137.3
279.1
10.133333
290.233333
278.766667
5.066667
274.2
6.133333
137.033333
5.0
15.166667
155.166667
5.066667
5.066667
25.2
5.066667
5.033333
18.733333
5.033333
18.3
42.566667
10.1
15.133333
5.033333
8.133333
10.133333
20.0
137.0
20.0
5.033333
10.1
15.033333
30.133333
5.1
20.033333
7.0
273.966667
10.033333
19.3
5.1
5.733333
15.1
164.033333
137.033333
22.033333
137.033333
201.866667
10.0
5.0
284.066667
152.1
123.6
15.0
6.933333
142.033333
5.066667
141.933333
203.333333
5.033333
5.066667
17.533333
152.133333
151.6
147.133333
137.1
10.233333
278.933333
147.0
20.066667
12.933333
274.1
16.133333
16.266667
283.866667
5.066667
142.566667
16.633333
137.066667
138.666667
5.0
23.633333
474.633333
157.033333
416.1
5.033333
279.133333
273.833333
279.1
286.5
137.066667
5.0
25.0
20.066667
5.033333
141.966667
126.0
6.366667
141.9
29.666667
132.6
10.0
10.066667
74.3
229.333333
137.1
23.6
20.1
24.866667
5.066667
279.033333
5.066667
146.066667
137.033333
100.566667
226.766667
137.2
284.0
219.666667
142.4
385.733333
416.2
5000
5.166667
284.0
137.0
5.033333
10.133333
5.066667
136.966667
142.0
10.066667
284.1
13.1
136.666667
279.0
5.066667
29.366667
15.1
10.1
5.033333
6.5
8.566667
322.266667
137.066667
152.0
147.033333
10.033333
15.166667
10.1
147.066667
5.0
149.466667
5.0
15.0
10.0
20.066667
274.066667
5.1
137.1
274.133333
152.166667
151.233333
145.7
284.066667
5.0
5.033333
53.066667
416.066667
378.2
5.0
10.1
416.0
5.0
10.1
6.1
5.1
279.033333
391.566667
10.066667
10.0
146.933333
10.1
152.066667
5.0
279.233333
5.033333
146.933333
28.066667
10.5
142.033333
38.9
15.166667
137.0
137.166667
5.066667
162.233333
5.033333
20.0
157.0
10.1
137.0
15.0
46.5
284.0
141.966667
147.1
10.166667
152.033333
5.166667
15.2
10.066667
155.666667
279.0
10.133333
11.2
16.4
66.6
137.433333
70.766667
137.033333
25.166667
137.066667
5.033333
147.1
181.533333
10.0
155.0
157.2
5.033333
5.066667
137.066667
157.1
163.533333
152.0
20.033333
137.133333
136.933333
20.2
5.033333
15.066667
56.3
137.033333
10.033333
395.033333
15.066667
105.666667
6.366667
15.066667
5.1
5.033333
148.633333
5.033333
5.033333
5.033333
93.5
137.066667
10.2
64.5
5.033333
5.033333
136.9
11.666667
5.033333
20.166667
230.066667
137.066667
174.1
8.5
136.933333
5.066667
51.466667
415.9
5.066667
19.333333
137.066667
137.0
10.0
20.033333
10.066667
311.0
150.966667
274.0
137.033333
273.866667
10.0
10.066667
289.066667
5.066667
20.1
5.1
145.2
144.666667
216.1
146.9
5.033333
137.0
5.033333
147.8
10.066667
5.033333
18.8
26.8
5.033333
15.0
5.033333
17.8
278.933333
15.133333
241.7
8.833333
273.966667
15.066667
5.0
288.333333
93.9
5.133333
284.066667
137.166667
130.6
5.933333
5.1
10.166667
5.066667
136.9
390.366667
136.933333
5.066667
274.066667
19.2
15.2
13.2
278.9
122.866667
284.0
141.833333
141.933333
5.066667
10.066667
16.3
209.833333
283.833333
280.833333
286.266667
137.1
15.066667
20.0
5.066667
152.066667
273.966667
5.066667
5.1
142.066667
141.933333
15.1
152.133333
10.066667
10.0
142.133333
15.733333
5.066667
5.033333
10.033333
10.033333
15.1
57.5
142.0
25.133333
15.033333
145.066667
157.2
142.066667
137.066667
5.033333
21.766667
137.1
15.066667
10.1
136.8
181.033333
137.2
5.033333
137.133333
10.033333
10.0
163.566667
141.966667
21.233333
5.066667
10.066667
5.3
5.033333
145.0
20.0
5.033333
138.766667
15.066667
12.633333
15.1
14.533333
15.1
5.033333
137.0
10.066667
136.9
68.2
20.066667
5.033333
279.0
5.1
286.733333
5.033333
137.033333
283.966667
284.366667
5.033333
411.0
5.0
10.0
9.533333
10.1
104.033333
277.9
15.033333
279.0
274.0
25.1
274.033333
16.366667
137.066667
30.133333
279.1
214.2
110.133333
5.0
5.033333
416.133333
274.066667
289.033333
152.066667
273.933333
151.233333
284.333333
5.0
321.666667
10.033333
416.133333
263.966667
147.8
157.466667
387.7
10.066667
137.0
10.1
279.033333
15.233333
157.566667
20.0
142.133333
5.133333
10.0
5.233333
136.933333
15.066667
141.966667
5.066667
239.3
149.2
15.066667
284.3
5.033333
5.0
5.0
5.066667
137.033333
8.133333
137.233333
14.066667
5.066667
15.033333
28.7
5.1
21.966667
5.066667
146.966667
137.066667
137.033333
10.0
152.066667
5.066667
20.133333
147.033333
5.1
15.133333
10.0
167.833333
50.7
5.066667
10.0
73.466667
7.733333
205.466667
20.066667
5.166667
5.066667
10.033333
147.133333
147.033333
15.066667
13.366667
5.1
283.933333
142.033333
64.233333
289.0
5.0
5.066667
142.066667
260.433333
147.0
279.033333
137.033333
134.666667
157.066667
157.133333
147.066667
5.1
284.133333
137.133333
137.166667
137.033333
157.0
152.033333
10.066667
15.033333
136.966667
5.0
273.966667
5.033333
146.966667
10.066667
5.266667
5.066667
20.333333
10.1
10.033333
5.133333
5.166667
266.9
273.966667
15.0
10.033333
5.033333
137.1
137.1
20.166667
5.1
148.833333
274.233333
5.0
8.233333
112.533333
15.1
25.4
253.333333
279.166667
137.133333
50.766667
5.133333
151.2
274.133333
5.066667
10.066667
274.0
137.033333
15.066667
142.066667
5.033333
157.033333
15.7
141.866667
5.033333
226.6
23.5
5.0
273.7
289.166667
147.1
147.133333
55.3
278.9
141.933333
136.9
420.9
15.066667
147.166667
15.1
410.966667
284.366667
152.966667
10.1
84.366667
136.966667
407.166667
28.533333
284.1
92.833333
360.933333
5.033333
142.1
5.0
145.6
332.733333
25.233333
10.033333
7.0
274.0
7.933333
5.066667
80.566667
123.0
416.1
5.0
5.066667
15.033333
141.833333
147.033333
270.4
147.033333
5.0
147.166667
20.166667
160.333333
10.033333
5.033333
137.066667
5.033333
152.0
10.033333
152.166667
10.066667
20.0
178.6
15.033333
15.033333
284.1
137.133333
142.066667
5.066667
147.033333
5.033333
5.633333
137.066667
274.133333
284.266667
136.866667
137.033333
157.533333
5.1
14.233333
152.0
142.1
38.333333
216.866667
279.1
136.9
15.066667
5.0
15.066667
10.033333
19.033333
6.133333
137.1
5.033333
137.066667
16.566667
152.033333
137.0
106.266667
94.433333
147.0
136.966667
137.1
32.133333
69.6
404.466667
147.033333
15.266667
5.066667
162.033333
536.333333
411.166667
137.0
152.1
5.066667
10.0
144.9
82.2
85.7
149.233333
15.133333
15.166667
10.033333
5.133333
152.066667
132.4
10.1
5.0
5.033333
5.033333
15.066667
203.766667
137.066667
136.933333
137.1
147.0
10.033333
5.0
157.066667
15.0
15.066667
5.0
142.066667
21.6
5.033333
10.066667
15.066667
136.833333
5.066667
27.266667
274.033333
15.066667
137.033333
279.0
10.1
17.333333
5.1
5.033333
152.0
5.4
271.5
273.9
15.033333
147.066667
152.066667
137.033333
155.566667
5.0
137.1
5.1
5.1
15.0
152.133333
10.133333
46.4
10.0
279.0
279.033333
274.033333
137.0
142.2
282.5
274.0
24.233333
147.066667
10.033333
388.3
415.433333
147.066667
299.5
10.733333
142.1
136.966667
10.033333
234.0
10.833333
145.766667
142.533333
10.033333
137.033333
137.033333
15.033333
147.133333
148.733333
15.033333
137.133333
224.166667
137.033333
147.0
5.1
136.933333
5.066667
147.033333
25.0
145.966667
146.9
10.133333
5.133333
5.033333
10.0
20.0
5.0
5.033333
276.366667
5.0
136.933333
5.133333
14.6
5.0
252.933333
15.1
137.133333
149.733333
292.833333
142.066667
129.566667
10.133333
10.066667
152.0
29.633333
5.1
249.466667
15.0
152.0
5.166667
5.033333
20.1
137.033333
160.633333
5.0
10.033333
137.066667
147.033333
5.033333
10.366667
15.166667
152.0
15.333333
20.1
28.6
10.033333
274.233333
137.133333
137.0
5.233333
20.133333
289.466667
12.233333
148.533333
312.233333
10.033333
279.066667
415.966667
145.066667
130.733333
142.033333
136.866667
6.466667
141.933333
157.8
142.033333
5.166667
255.4
420.5
153.366667
289.233333
146.966667
137.3
6.533333
10.033333
5.033333
15.066667
5.066667
5.066667
5.0
416.033333
25.133333
147.033333
5.0
7.733333
137.0
136.966667
15.066667
27.566667
274.033333
5.033333
136.933333
14.233333
60.966667
25.0
28.733333
150.1
5.0
15.033333
157.066667
20.0
144.233333
142.033333
147.066667
97.366667
278.966667
157.233333
147.266667
15.0
5.1
7.833333
5.133333
5.066667
15.1
5.1
142.066667
10.033333
14.366667
315.733333
15.033333
143.0
5.033333
284.066667
247.2
238.3
273.933333
142.0
137.033333
55.533333
195.766667
10.066667
289.066667
5.2
154.333333
140.266667
101.966667
146.833333
238.666667
15.066667
5.033333
6.7
5.033333
5.033333
15.066667
5.066667
15.0
16.3
5.0
151.5
139.8
25.066667
16.633333
5.0
15.3
13.633333
10.1
17.033333
5.033333
221.3
20.066667
147.0
5.033333
5.166667
289.0
11.6
147.033333
137.0
142.133333
21.0
10.066667
157.0
151.966667
231.633333
15.0
11.566667
391.366667
20.066667
279.266667
274.033333
400.733333
10.033333
142.1
5.0
5.066667
5.033333
147.066667
15.233333
5.133333
25.0
15.1
5.066667
38.166667
15.0
5.1
284.033333
7.2
15.0
27.933333
5.033333
142.0
149.033333
144.733333
137.0
10.066667
11.266667
344.133333
6.233333
26.133333
5.066667
10.066667
13.433333
152.033333
152.1
137.0
15.0
141.8
15.1
142.166667
126.133333
5.0
137.166667
5.033333
5.0
5.133333
16.266667
54.933333
5.033333
279.066667
5.2
108.966667
23.566667
136.933333
419.366667
137.0
236.933333
319.433333
5.0
283.933333
17.966667
18.733333
137.033333
10.066667
146.933333
20.166667
5.2
167.2
24.8
10.0
235.133333
142.133333
10.033333
5.033333
5.033333
15.166667
5.066667
5.066667
37.066667
81.0
67.333333
5.066667
15.566667
20.066667
15.166667
5.066667
5.0
152.0
10.0
15.266667
20.066667
142.1
157.033333
5.1
142.1
5.066667
141.933333
5.066667
12.0
207.4
142.1
279.166667
390.7
10.033333
274.1
5.033333
5.066667
5.0
411.066667
15.166667
141.8
152.066667
5.033333
5.0
18.4
197.166667
140.533333
5.033333
157.1
238.533333
364.766667
142.033333
283.933333
5.066667
8.233333
137.0
10.066667
229.4
139.6
152.133333
6.933333
10.033333
147.1
16.466667
136.933333
147.1
5.0
142.0
10.066667
5.033333
5.066667
147.133333
10.066667
25.166667
137.0
5.1
137.1
51.933333
278.5
137.033333
137.1
20.1
21.5
279.1
143.4
157.1
10.066667
10.066667
142.133333
274.0
147.1
278.833333
5.033333
10.066667
147.766667
15.033333
147.166667
16.466667
42.166667
147.0
5.033333
174.633333
15.066667
273.933333
20.066667
137.0
17.0
15.1
252.033333
137.033333
10.133333
11.266667
153.8
137.133333
5.033333
10.0
137.033333
137.066667
278.966667
20.066667
10.066667
136.8
137.0
15.033333
20.133333
164.633333
5.066667
142.133333
20.033333
155.533333
5.166667
5.033333
18.266667
20.1
5.0
157.1
104.866667
5.033333
152.166667
151.966667
141.966667
152.966667
142.066667
5.033333
278.933333
148.133333
137.0
416.066667
5.1
15.066667
142.166667
137.033333
25.1
137.233333
152.166667
5.066667
5.1
15.133333
273.933333
15.0
133.866667
15.2
15.066667
152.1
20.733333
5.033333
147.133333
152.133333
136.966667
12.633333
202.4
25.066667
5.066667
137.1
17.333333
411.0
147.2
5.033333
5.033333
107.5
238.066667
15.0
137.033333
6.9
35.433333
5.0
147.133333
5.033333
5.066667
242.8
5.033333
5.0
284.2
142.066667
142.066667
5.0
152.133333
10.033333
116.066667
5.0
15.1
147.033333
17.133333
20.066667
21.633333
5.033333
274.0
152.0
163.7
5.066667
12.966667
137.033333
40.4
15.0
292.1
191.166667
136.9
147.3
147.0
5.0
142.633333
5.033333
15.133333
10.033333
273.966667
20.166667
86.8
10.2
5.033333
289.1
5.033333
25.033333
5.066667
10.066667
5.166667
283.933333
10.033333
15.0
12.466667
6.633333
319.466667
178.266667
5.133333
274.1
137.033333
142.0
36.866667
142.3
136.966667
5.1
279.233333
157.066667
149.066667
276.866667
142.333333
70.9
137.066667
283.866667
236.233333
5.1
210.833333
15.2
151.8
154.433333
147.133333
134.766667
5.0
5.0
5.0
10.233333
152.166667
137.0
254.066667
25.1
137.133333
10.1
142.1
147.133333
15.066667
274.133333
284.0
272.566667
137.133333
274.066667
5.066667
142.066667
274.066667
133.6
165.9
137.1
142.166667
5000
5.066667
411.033333
421.1
5.0
157.066667
157.0
279.066667
142.433333
5.033333
137.066667
5.233333
157.066667
146.966667
154.066667
278.933333
113.4
265.366667
20.066667
143.866667
130.166667
142.033333
141.933333
10.033333
161.566667
137.1
142.033333
14.766667
157.166667
137.066667
147.366667
12.866667
5.066667
30.566667
79.4
5.1
6.8
152.0
8.7
279.1
152.066667
5.033333
5.0
147.0
5.033333
15.1
141.966667
5.0
142.0
12.366667
5.166667
194.7
15.033333
137.066667
137.033333
147.066667
273.933333
147.066667
156.933333
10.033333
152.133333
23.7
142.066667
5.066667
137.133333
15.033333
10.033333
176.566667
5.0
15.033333
15.0
13.6
10.033333
5.066667
10.033333
151.966667
5.033333
24.633333
137.1
86.3
5.033333
5.066667
22.433333
15.133333
99.933333
66.2
136.866667
31.266667
20.166667
12.1
5.0
68.533333
23.1
171.366667
133.566667
5.066667
5.033333
117.566667
15.066667
148.533333
5.066667
142.133333
14.033333
150.066667
142.033333
10.1
10.066667
415.966667
415.966667
5.066667
25.1
137.0
15.133333
289.433333
25.766667
20.133333
142.033333
137.2
219.633333
10.166667
121.966667
149.8
156.033333
5.066667
196.666667
156.466667
199.166667
13.533333
142.033333
5.566667
286.3
152.0
15.033333
10.033333
5.066667
26.633333
228.933333
5.1
141.966667
254.9
6.533333
137.1
137.066667
10.1
5.0
147.033333
19.0
71.266667
30.133333
17.2
7.233333
16.633333
279.566667
137.066667
5.066667
272.8
149.7
168.666667
10.066667
20.133333
137.1
15.0
279.033333
25.166667
47.666667
319.066667
10.066667
287.666667
5.033333
137.0
146.966667
10.0
5.033333
188.433333
137.133333
152.066667
125.766667
147.033333
136.866667
142.033333
141.966667
137.033333
10.233333
157.066667
10.233333
5.166667
284.033333
284.033333
15.033333
142.033333
136.966667
150.6
198.333333
5.033333
142.033333
137.133333
142.1
17.0
5.0
5.066667
327.166667
18.266667
136.966667
5.1
20.933333
137.0
5.033333
6.666667
5.033333
274.033333
277.566667
142.166667
15.2
10.033333
278.833333
15.066667
142.066667
20.6
56.166667
87.0
152.0
288.966667
29.166667
10.0
142.066667
5.1
415.833333
137.033333
5.133333
5.133333
5.066667
5.0
22.166667
10.033333
141.9
10.066667
5.133333
25.0
5.1
6.433333
20.1
10.066667
15.1
23.5
136.933333
136.9
5.0
11.6
152.233333
5.1
5.0
158.166667
15.1
10.033333
5.033333
147.0
147.1
5.0
5.033333
5.066667
5.066667
5.066667
410.966667
279.0
137.0
156.9
157.033333
142.1
15.1
142.0
5.033333
5.066667
156.166667
22.7
15.166667
25.166667
157.6
18.133333
279.0
284.033333
5.033333
137.033333
15.966667
5.033333
147.033333
137.1
147.066667
5.066667
147.066667
5.0
152.1
25.066667
284.2
137.133333
17.166667
60.466667
144.866667
20.033333
20.0
20.133333
59.1
91.2
137.0
5.133333
17.7
291.833333
5.033333
408.3
137.1
284.066667
416.133333
10.066667
5.0
142.033333
5.066667
292.366667
9.2
10.066667
15.1
25.133333
151.433333
142.033333
416.066667
10.0
19.5
10.0
9.766667
137.1
136.966667
411.1
10.033333
415.933333
157.3
5.0
5.166667
5.033333
289.066667
147.0
155.266667
15.133333
26.766667
10.033333
20.233333
13.233333
37.466667
289.133333
15.066667
136.966667
142.0
5.033333
284.033333
284.0
5.0
5.0
141.966667
245.433333
101.166667
5.066667
7.466667
141.966667
137.066667
136.933333
173.0
142.033333
90.133333
146.833333
10.0
10.066667
141.966667
15.033333
141.833333
279.066667
142.133333
141.966667
7.866667
15.1
5.1
20.1
5.066667
5.0
155.233333
25.133333
137.033333
15.066667
20.066667
15.166667
10.033333
278.9
152.2
10.0
137.033333
10.133333
5.033333
15.2
137.033333
10.0
5.0
5.0
10.066667
15.033333
15.0
171.366667
5.0
5.0
137.0
23.233333
137.066667
148.3
5.033333
114.033333
137.0
5.066667
10.166667
34.0
137.133333
15.166667
147.1
137.033333
20.066667
5.0
140.9
137.066667
5.033333
64.4
274.066667
5.066667
10.066667
15.0
5.066667
15.7
5.1
5.033333
279.066667
15.0
156.866667
137.066667
142.1
137.2
5.0
25.1
25.066667
10.066667
10.233333
13.3
10.033333
5.0
15.1
137.1
20.133333
152.9
16.933333
137.233333
284.1
6.733333
10.033333
155.733333
20.133333
5.0
240.466667
5.033333
15.066667
5.0
139.566667
136.966667
15.0
10.166667
421.0
10.066667
415.933333
25.0
279.2
283.866667
8.8
5.066667
8.933333
18.633333
137.033333
274.066667
5.0
420.966667
221.666667
10.033333
283.866667
15.033333
141.966667
8.333333
259.633333
152.033333
5.0
136.933333
331.733333
137.0
5.066667
137.066667
16.3
15.133333
5.066667
10.033333
284.233333
136.933333
5.066667
274.1
55.633333
15.1
147.1
415.966667
411.133333
10.0
142.0
20.133333
5.033333
10.066667
284.0
15.433333
142.766667
273.866667
280.633333
10.066667
5.033333
155.766667
15.066667
274.1
142.066667
10.0
152.066667
5.033333
10.1
210.3
137.066667
5.066667
10.066667
5.0
21.166667
137.166667
188.7
151.2
292.533333
146.966667
147.5
5.1
97.933333
137.0
10.033333
15.5
15.1
20.1
157.833333
411.066667
147.0
137.033333
25.1
5.033333
20.666667
56.633333
15.033333
137.133333
5.0
5.1
10.033333
279.033333
274.066667
10.033333
5.0
137.1
5.066667
258.333333
10.133333
20.233333
87.233333
136.833333
5.0
5.033333
5.7
31.666667
50.8
11.033333
15.233333
142.1
157.033333
137.433333
20.133333
162.5
137.0
12.5
144.366667
5.0
152.1
209.166667
137.0
21.266667
272.2
5.0
57.566667
181.1
10.066667
124.433333
5.033333
147.133333
112.5
10.066667
5.0
142.033333
152.1
146.833333
141.933333
20.0
137.0
147.066667
137.133333
160.566667
137.1
137.1
137.033333
5.066667
5.033333
137.066667
137.1
10.133333
25.2
210.5
137.0
5.066667
137.1
152.066667
5.033333
142.033333
5.033333
25.3
146.866667
5.133333
15.0
5.1
10.133333
5.133333
136.9
5.066667
146.8
20.1
148.633333
157.133333
25.066667
289.133333
279.2
5.033333
20.066667
5.033333
101.833333
15.133333
5.066667
15.133333
271.3
15.366667
274.033333
157.1
10.1
20.133333
21.1
44.266667
5.033333
137.0
10.033333
137.133333
16.166667
137.0
142.0
5.0
137.033333
10.1
137.133333
147.0
147.0
14.6
15.033333
129.166667
240.466667
137.066667
20.0
147.0
10.066667
137.066667
10.1
18.033333
5.0
133.033333
5.0
152.066667
15.1
142.033333
6.433333
8.466667
200.266667
186.166667
5.1
142.1
136.866667
410.966667
5.033333
274.066667
5.0
20.0
20.0
152.0
176.833333
284.1
136.933333
352.166667
137.2
10.066667
147.0
273.966667
5.033333
5.066667
137.033333
10.066667
99.933333
66.833333
153.466667
147.066667
137.133333
5.033333
152.133333
16.666667
5.1
20.133333
136.933333
5.0
5.033333
137.066667
123.766667
146.966667
284.1
10.0
152.2
284.033333
157.0
151.066667
10.033333
5.033333
5.033333
5.133333
152.066667
300.333333
15.1
137.066667
15.166667
152.1
10.033333
137.033333
25.066667
410.433333
6.433333
5.033333
15.1
137.033333
18.266667
15.033333
17.3
20.766667
28.033333
213.066667
152.133333
152.066667
334.333333
558.033333
10.1
5.033333
151.966667
136.933333
147.1
137.066667
242.266667
137.066667
20.033333
5.0
142.033333
152.3
25.6
15.066667
10.133333
10.2
10.033333
80.733333
274.133333
147.033333
20.2
5.133333
152.033333
5.066667
19.066667
25.1
173.733333
137.133333
147.5
274.1
416.133333
5.166667
5.1
10.0
137.066667
284.066667
24.166667
416.133333
15.066667
18.533333
136.866667
30.866667
274.066667
10.066667
137.033333
147.0
137.0
5.066667
136.966667
10.066667
10.9
176.466667
10.033333
6.166667
10.0
147.0
13.7
5.033333
49.866667
142.033333
164.366667
137.066667
5.066667
151.966667
5.033333
152.166667
18.266667
284.033333
157.033333
416.133333
17.0
119.833333
10.133333
15.166667
142.2
144.366667
5.066667
136.933333
141.9
5.033333
15.066667
5.066667
5.033333
136.933333
5.066667
25.166667
241.466667
10.033333
411.066667
10.133333
10.066667
152.1
142.0
5.066667
258.0
158.0
138.066667
5.033333
7.433333
148.866667
162.066667
10.066667
25.133333
87.733333
17.733333
84.9
142.066667
10.0
5.066667
5.033333
5.033333
25.166667
5.033333
10.133333
15.133333
14.466667
108.9
25.233333
106.533333
137.033333
137.166667
10.066667
18.066667
5.4
5.166667
137.066667
5.066667
278.966667
29.333333
157.133333
152.133333
5.1
273.933333
15.066667
147.1
142.033333
137.033333
15.033333
5.0
15.033333
5.033333
18.733333
10.1
10.066667
148.166667
137.066667
89.666667
20.633333
5.066667
5.033333
137.0
112.866667
5.0
157.1
5.033333
149.1
20.133333
161.4
51.266667
136.966667
5.066667
125.333333
142.1
147.466667
5.0
39.533333
5.0
5.033333
401.133333
5.066667
25.1
17.1
137.033333
155.666667
278.966667
278.0
15.133333
146.933333
10.066667
137.033333
25.1
137.1
10.0
154.866667
25.066667
147.066667
152.1
15.066667
137.033333
5.033333
24.266667
10.0
288.9
194.466667
278.866667
5.0
5.033333
18.4
17.933333
141.866667
5.066667
137.033333
133.433333
283.933333
10.066667
21.2
5.0
20.133333
411.1
5.1
345.966667
152.066667
47.033333
141.966667
5.0
126.633333
9.166667
147.133333
55.766667
141.966667
179.033333
92.633333
147.0
5.066667
148.866667
5.033333
233.466667
152.033333
415.966667
147.066667
141.966667
137.1
416.033333
223.6
5.033333
5.0
5.0
10.0
15.033333
279.066667
10.1
142.0
347.166667
5.033333
30.133333
16.666667
10.066667
142.066667
297.966667
274.0
146.933333
5.066667
279.0
20.166667
142.0
15.066667
137.066667
20.766667
137.066667
147.066667
15.166667
25.066667
108.366667
5.0
142.1
5.033333
147.233333
157.133333
5.033333
136.966667
20.1
15.066667
5.0
20.166667
137.266667
157.066667
15.1
5.0
10.066667
142.033333
142.2
30.133333
147.033333
10.0
222.6
20.133333
278.966667
22.666667
137.033333
273.9
137.1
141.9
157.966667
274.1
119.066667
10.133333
156.933333
142.2
288.266667
137.033333
15.1
283.9
10.666667
137.133333
10.033333
137.0
142.033333
5.1
137.1
5.1
152.1
163.733333
5.033333
15.133333
10.0
5.1
15.0
52.9
279.133333
5.066667
23.266667
137.066667
114.066667
5.166667
219.366667
5.0
5.066667
136.966667
5.133333
137.066667
255.7
186.066667
10.133333
284.066667
147.2
147.0
56.2
10.066667
8.366667
137.0
5.033333
278.9
279.066667
274.133333
10.033333
130.133333
279.066667
221.133333
45.933333
15.0
5.066667
130.1
143.833333
280.4
313.933333
284.066667
25.1
274.133333
15.1
25.1
34.2
279.1
279.166667
416.066667
148.333333
284.2
146.2
142.066667
333.3
92.466667
5.0
25.166667
135.933333
142.1
15.066667
77.0
103.966667
137.166667
286.066667
5.0
5.0
119.066667
5.066667
17.066667
145.333333
107.866667
137.0
142.2
10.233333
137.1
137.133333
15.066667
10.0
20.033333
137.0
137.033333
10.033333
20.1
26.633333
10.066667
5.0
14.566667
15.0
10.066667
149.6
137.233333
5.033333
5.033333
15.033333
137.033333
137.1
20.0
136.966667
136.933333
15.133333
142.066667
5.0
152.666667
20.133333
15.133333
22.166667
5.1
72.666667
15.066667
20.133333
136.966667
137.1
10.066667
147.066667
73.466667
136.966667
10.466667
162.1
5.033333
20.066667
179.066667
19.866667
150.733333
416.066667
10.0
137.266667
137.033333
280.366667
142.133333
5.1
137.0
55.366667
16.066667
291.733333
137.033333
279.033333
415.966667
137.033333
7.066667
137.0
5.066667
126.8
147.1
273.933333
279.0
195.833333
10.066667
5.0
5.033333
278.2
264.066667
234.166667
142.033333
152.1
141.966667
142.033333
6.533333
136.933333
137.066667
27.333333
137.066667
137.0
5.066667
18.333333
15.033333
20.033333
279.0
162.166667
410.833333
142.033333
411.1
5.033333
5.0
310.266667
547.866667
144.433333
247.2
289.4
12.533333
5.133333
136.966667
5.066667
274.1
10.233333
5.166667
76.966667
278.933333
9.7
154.4
284.0
7.8
19.7
20.033333
5.033333
27.0
273.933333
8.833333
21.2
15.066667
28.666667
135.766667
152.133333
15.233333
137.133333
5.1
5.0
25.233333
274.033333
137.0
17.5
8.033333
10.033333
137.166667
221.566667
55.733333
5.1
20.0
5.0
15.1
23.266667
137.033333
6.666667
278.966667
18.3
137.0
229.9
410.9
137.133333
237.2
156.133333
5.1
283.9
274.066667
5.033333
15.066667
400.4
5.033333
5.0
5.033333
5.033333
10.033333
137.066667
161.9
421.0
20.066667
5.066667
114.4
5.266667
137.2
137.0
19.266667
15.033333
5.0
150.766667
12.466667
92.466667
279.033333
5.033333
5.033333
273.966667
5.066667
5.0
5.0
271.3
10.033333
5.033333
20.066667
50.533333
16.266667
119.5
392.366667
283.966667
15.066667
142.1
22.966667
142.066667
7.033333
10.033333
136.933333
7.533333
97.766667
7.866667
15.133333
141.933333
48.566667
6.966667
10.0
7.133333
5.0
10.066667
136.933333
137.0
5.033333
192.0
10.1
142.1
147.0
137.066667
411.033333
10.166667
147.066667
5.033333
10.033333
15.2
147.0
5.1
15.033333
10.1
11.666667
150.4
5.033333
238.833333
8.933333
10.1
5.033333
157.066667
152.2
147.133333
10.1
283.9
157.066667
137.033333
15.033333
18.166667
142.2
142.066667
10.033333
26.1
61.766667
147.166667
136.966667
136.9
52.866667
12.266667
15.033333
25.066667
284.066667
25.066667
5.133333
10.033333
5.1
5.033333
15.0
159.2
10.1
10.033333
15.2
5.066667
142.0
15.066667
136.966667
6.5
15.066667
5.233333
137.066667
146.9
136.966667
147.0
137.133333
59.766667
5.0
137.0
10.0
147.033333
5.0
194.433333
149.5
137.0
136.966667
5.0
102.633333
223.966667
5.133333
20.066667
143.266667
454.0
411.0
279.233333
20.033333
16.366667
15.0
137.1
137.0
137.166667
20.133333
15.066667
5.066667
5.066667
5.0
147.1
243.766667
5.0
8.033333
15.966667
129.533333
5.033333
10.033333
137.033333
10.033333
5.133333
279.133333
157.2
26.833333
144.8
137.1
251.5
142.133333
5.066667
5.033333
5.1
5.166667
6.566667
6.5
61.166667
137.066667
5.0
78.566667
34.466667
157.0
154.066667
5.166667
25.033333
40.7
15.066667
5.033333
146.933333
17.933333
142.0
5.066667
137.033333
250.966667
278.933333
410.933333
5.1
415.966667
5.066667
5.033333
5.233333
6.733333
120.566667
5.066667
15.1
189.9
5.0
10.1
5.0
10.1
146.933333
10.0
25.866667
240.866667
97.733333
152.166667
137.066667
5.166667
93.5
15.033333
157.033333
284.066667
159.8
5.1
157.0
146.9
137.033333
137.033333
416.1
147.066667
264.2
20.1
5.1
415.933333
13.4
137.033333
150.666667
279.0
20.0
142.1
15.566667
137.133333
154.466667
63.133333
10.033333
107.966667
79.4
5.333333
18.8
109.633333
283.4
411.2
146.966667
273.766667
5.033333
190.1
5.1
34.4
5.133333
137.066667
137.1
136.933333
284.1
15.066667
5.066667
20.133333
15.033333
142.033333
147.066667
5.033333
30.1
137.1
10.033333
8.1
5.1
5.133333
142.033333
15.7
20.133333
10.033333
159.066667
5.0
15.233333
40.6
137.0
137.033333
167.066667
10.133333
157.066667
43.433333
5.066667
141.866667
5.133333
42.9
5.1
147.033333
283.933333
142.033333
5.3
157.033333
142.066667
6.433333
10.033333
142.0
410.7
142.0
283.933333
284.033333
15.0
147.1
274.2
290.3
211.933333
139.166667
10.066667
137.033333
176.533333
46.7
137.033333
147.1
279.0
137.066667
243.366667
20.1
5.033333
157.2
147.1
15.1
137.033333
137.0
274.0
15.1
137.033333
5.1
53.133333
10.133333
10.033333
136.966667
146.933333
273.8
5.1
273.966667
137.0
15.066667
137.033333
274.066667
13.233333
137.066667
5.033333
5.033333
199.666667
15.133333
189.466667
152.033333
20.066667
168.066667
5.033333
137.066667
152.066667
6.9
420.833333
137.066667
147.033333
137.066667
137.066667
331.7
137.1
5.1
147.066667
5.066667
13.8
278.9
5.0
20.1
137.133333
147.166667
5.0
15.133333
5.0
5.2
42.733333
10.233333
5.166667
136.966667
5.1
15.033333
20.233333
5.0
89.333333
15.166667
5.033333
15.0
17.1
5.2
176.166667
6.1
20.0
147.1
5.0
136.966667
137.066667
137.033333
13.433333
147.0
137.0
20.1
5.033333
142.0
142.1
421.033333
137.066667
417.033333
5.066667
273.966667
279.133333
284.0
5.0
279.0
10.033333
284.066667
23.8
136.933333
274.0
10.033333
157.066667
5.0
274.033333
20.033333
47.966667
177.966667
137.033333
5.066667
10.033333
274.0
147.133333
137.0
142.066667
274.033333
156.066667
5.0
223.966667
137.1
279.0
5.0
137.2
25.133333
415.933333
20.033333
147.1
21.933333
5.0
5.0
5.033333
65.3
10.133333
272.366667
5.033333
46.633333
136.9
7.433333
137.0
6.066667
5.0
74.033333
10.033333
5.1
10.0
17.033333
24.5
72.666667
136.9
153.766667
284.1
5.033333
5.0
284.066667
284.066667
151.966667
146.933333
5.466667
279.1
142.0
5.033333
137.033333
5.0
5.0
5.0
5.0
5.0
150.866667
254.766667
136.333333
547.633333
5.033333
142.0
284.033333
147.066667
414.466667
5.033333
92.9
147.1
234.266667
17.833333
250.533333
15.033333
416.366667
153.266667
5.066667
5.033333
137.066667
136.966667
5.033333
5.1
10.066667
76.966667
15.066667
5.2
10.166667
135.066667
5.1
138.7
5.1
149.6
147.033333
10.066667
18.966667
136.933333
157.0
10.033333
15.0
13.1
20.2
70.666667
10.033333
151.7
25.066667
218.933333
136.933333
137.066667
10.033333
137.133333
284.133333
11.633333
143.5
10.0
10.0
147.133333
275.333333
10.1
5.033333
5.1
25.2
5.1
5.033333
15.333333
10.0
5.066667
5.1
44.8
5.033333
10.0
5.066667
20.066667
10.066667
8.133333
10.166667
131.433333
20.133333
95.033333
5.033333
283.233333
137.066667
10.033333
10.1
10.1
137.066667
5.033333
5.0
151.933333
5.0
142.066667
152.033333
5.0
15.933333
5.066667
5.0
10.066667
10.133333
5.0
163.266667
137.033333
137.133333
279.9
278.966667
136.966667
15.133333
279.0
19.733333
25.033333
15.066667
7.4
5.066667
20.1
15.133333
147.0
8.266667
284.133333
137.033333
5.1
5.066667
153.533333
5.0
136.933333
137.033333
142.0
5.0
261.233333
147.0
10.066667
12.933333
11.533333
5.1
5.066667
88.0
21.633333
137.033333
141.4
15.033333
10.166667
15.0
137.1
5.133333
5.0
152.066667
146.866667
153.433333
10.1
10.1
112.833333
8.4
213.8
9.3
137.033333
294.0
27.533333
137.033333
416.1
416.066667
137.066667
151.8
284.166667
5.066667
278.933333
149.233333
130.366667
114.8
411.1
136.966667
10.066667
137.033333
289.033333
10.033333
249.833333
15.1
20.166667
23.833333
410.8
10.133333
148.7
12.7
147.0
5.133333
289.066667
5.033333
137.133333
5.0
15.033333
5.0
20.066667
152.0
152.166667
289.033333
147.2
147.0
137.133333
147.033333
274.233333
20.0
147.033333
137.033333
137.066667
136.9
5.1
146.9
158.0
273.933333
5.0
137.066667
5.0
137.033333
15.2
147.1
147.033333
141.966667
10.066667
137.133333
69.8
152.033333
10.066667
266.9
10.0
10.033333
25.133333
141.666667
9.0
147.033333
15.033333
142.1
137.033333
155.066667
148.2
142.033333
152.266667
5.133333
15.133333
141.833333
5.033333
147.066667
5.033333
157.166667
5.0
154.4
224.066667
152.066667
9.233333
221.766667
108.1
279.0
5.0
29.4
136.866667
127.933333
15.1
285.933333
152.0
19.766667
15.133333
279.066667
5.066667
5.0
10.4
215.533333
10.0
129.766667
5.033333
142.0
10.0
6.633333
63.833333
15.066667
9.166667
10.033333
287.666667
25.066667
274.0
137.1
15.066667
15.066667
15.033333
146.533333
15.033333
147.033333
137.066667
5.033333
5.066667
147.166667
5.166667
147.066667
27.733333
17.7
20.066667
5.0
274.0
10.0
426.033333
25.0
279.0
137.133333
123.933333
10.033333
5.0
90.266667
137.066667
273.933333
137.166667
10.0
152.066667
5.033333
15.066667
5.066667
143.033333
157.233333
20.033333
15.1
15.133333
16.366667
20.1
241.166667
30.1
5.0
10.033333
20.166667
18.033333
15.2
270.8
137.066667
5.066667
5.0
5.033333
30.1
6.433333
5.066667
25.066667
8.233333
10.033333
10.033333
5.1
46.466667
236.133333
15.266667
278.966667
154.866667
5.1
147.1
278.833333
5.0
157.033333
142.0
5.6
42.866667
54.066667
20.033333
6.1
136.833333
152.066667
134.9
137.033333
22.833333
136.966667
136.966667
5.033333
150.866667
278.933333
10.033333
296.266667
5.0
27.2
157.2
97.833333
10.066667
15.1
274.0
278.966667
20.033333
10.1
5.033333
137.0
10.066667
10.033333
147.0
10.133333
181.033333
15.066667
10.066667
20.066667
59.133333
5.0
152.0
43.166667
125.733333
119.366667
114.133333
175.033333
5.066667
151.9
5.033333
5.366667
15.166667
5.033333
6.133333
137.0
51.433333
137.2
136.966667
153.9
147.0
7.266667
10.033333
234.7
5.033333
157.133333
409.6
278.966667
149.033333
154.7
336.766667
5.033333
10.0
5.166667
27.333333
152.0
137.1
147.033333
95.366667
231.866667
151.966667
274.033333
284.133333
5.0
137.166667
137.066667
91.766667
147.033333
142.166667
142.0
314.9
137.033333
137.066667
15.033333
151.366667
15.066667
20.066667
13.666667
152.1
142.033333
10.033333
16.2
162.2
285.366667
15.066667
16.1
147.033333
5.066667
274.1
274.1
15.0
10.033333
23.266667
221.8
274.066667
137.033333
137.066667
284.066667
137.1
265.033333
13.566667
136.966667
137.033333
156.166667
137.066667
410.966667
137.0
5.033333
147.1
5.0
10.033333
175.066667
152.1
415.966667
15.066667
5.033333
5.9
5.033333
5.0
142.033333
5.033333
15.1
102.8
5.033333
5.1
137.1
142.066667
5.0
31.6
5.033333
5.0
137.2
15.066667
5.933333
113.233333
15.066667
136.866667
152.0
137.2
142.066667
273.866667
15.066667
152.1
20.033333
5.133333
10.066667
10.066667
5.066667
137.066667
137.0
259.566667
15.2
20.166667
5.1
15.033333
5.133333
279.0
20.066667
147.0
147.0
10.033333
5.0
142.033333
10.066667
5.2
7.033333
20.066667
20.066667
13.233333
156.9
18.266667
403.3
89.8
15.1
5.0
20.0
5.0
173.3
6.433333
130.1
72.266667
5.033333
151.033333
20.033333
26.1
61.833333
5.066667
161.033333
10.066667
147.033333
147.133333
146.966667
5.0
137.033333
21.733333
10.066667
5.066667
137.133333
137.033333
20.2
5.0
152.1
148.366667
23.066667
5.0
20.133333
20.033333
17.533333
21.166667
137.0
16.966667
142.033333
147.033333
13.3
5.033333
10.033333
77.533333
137.1
12.5
416.0
15.033333
10.033333
137.033333
137.066667
5.066667
147.0
10.133333
5.3
15.066667
152.0
92.366667
13.033333
146.733333
137.1
12.2
20.1
5.1
136.966667
157.1
10.033333
141.066667
142.133333
5.1
8.5
25.0
15.033333
10.033333
15.066667
21.466667
142.0
10.066667
5.0
5.033333
20.033333
21.333333
11.4
10.133333
289.1
147.1
269.033333
5.066667
146.966667
136.966667
20.033333
5.066667
20.7
137.0
5.0
152.033333
60.3
278.966667
74.366667
5.133333
5.033333
103.766667
273.933333
249.266667
416.1
5.066667
279.1
5.066667
5.133333
137.066667
273.966667
20.1
185.266667
34.0
24.5
198.0
151.966667
336.5
390.566667
15.033333
273.9
79.766667
21.6
289.2
5.0
358.3
157.133333
547.9
548.0
152.0
10.1
10.066667
278.966667
20.033333
5.033333
5.033333
5.0
152.066667
147.766667
10.066667
15.033333
142.1
15.0
162.033333
152.066667
15.033333
137.133333
258.966667
279.133333
287.133333
10.066667
25.133333
29.866667
10.033333
277.966667
10.033333
137.033333
152.033333
142.1
20.8
10.066667
54.733333
10.066667
100.933333
5.066667
15.066667
137.033333
137.133333
161.366667
137.033333
153.233333
137.1
137.0
15.1
5.133333
152.166667
10.033333
142.1
21.833333
15.033333
18.0
5.033333
10.033333
15.133333
5.0
5.133333
139.766667
137.0
20.033333
243.266667
10.066667
19.933333
241.466667
137.0
5.3
5.033333
52.133333
137.033333
361.633333
271.4
5.833333
137.033333
15.066667
147.0
278.833333
137.033333
6.1
15.033333
152.066667
411.166667
10.033333
25.633333
157.1
137.133333
15.2
87.966667
5.066667
284.133333
10.0
142.0
5.1
49.4
274.066667
152.1
219.0
55.333333
10.0
286.8
285.266667
137.066667
274.033333
137.066667
142.233333
24.866667
152.166667
142.1
279.1
152.1
5.066667
10.066667
137.1
10.066667
15.033333
50.1
143.366667
137.033333
10.1
137.033333
5.033333
15.0
157.133333
5.166667
5.033333
5.0
273.933333
279.1
15.033333
137.1
137.333333
142.1
269.933333
136.9
142.066667
15.033333
10.0
274.033333
5.1
5.033333
10.066667
137.0
274.0
142.033333
5.033333
19.333333
142.0
10.133333
142.033333
5.033333
85.233333
137.133333
5.066667
274.0
152.066667
137.1
5.0
10.033333
137.033333
151.933333
416.0
142.133333
5.0
15.066667
5.133333
15.033333
10.066667
5.033333
146.966667
126.6
287.933333
8.933333
15.966667
137.033333
409.633333
20.1
279.1
5.066667
20.0
10.0
5.033333
20.066667
10.033333
5.033333
147.066667
15.166667
5.066667
5.066667
12.5
20.0
137.133333
15.066667
20.066667
5.066667
16.866667
5.1
5.033333
20.233333
15.166667
24.233333
61.966667
5.066667
147.066667
5.133333
137.0
137.066667
5.0
142.166667
5.0
12.1
137.033333
5.033333
6.166667
136.966667
12.266667
10.0
21.533333
10.1
136.9
5.033333
15.166667
137.1
5.266667
10.1
10.033333
19.333333
16.0
26.7
264.566667
273.9
10.166667
15.066667
5.1
150.7
20.0
146.8
5.033333
15.166667
5.033333
10.1
147.1
15.0
5.066667
21.2
157.0
28.033333
157.066667
136.966667
10.0
10.033333
5.0
147.033333
157.033333
151.933333
270.933333
142.066667
147.066667
5.266667
10.066667
157.2
136.966667
142.0
279.033333
240.866667
273.966667
15.066667
274.1
143.666667
15.166667
148.1
142.033333
109.433333
19.766667
5.0
149.533333
152.0
152.1
25.033333
5.066667
147.033333
152.1
6.3
271.766667
142.066667
5.066667
10.0
142.033333
157.0
136.966667
15.033333
279.0
5.0
152.033333
142.1
137.066667
5.066667
15.0
10.0
20.1
20.033333
24.166667
5.1
5.066667
134.433333
6.866667
150.066667
147.066667
136.966667
287.1
15.066667
9.133333
137.133333
191.7
415.9
5.033333
150.4
379.233333
278.966667
283.966667
142.0
5.166667
10.133333
142.033333
146.833333
290.8
307.633333
136.933333
89.066667
274.2
142.2
5000
137.0
136.866667
75.5
142.166667
142.1
137.066667
6.166667
5.0
5.133333
137.033333
5.1
142.066667
278.9
5.033333
20.233333
284.033333
147.1
284.1
147.066667
5.033333
20.0
10.033333
5.0
274.066667
5.066667
18.766667
137.033333
137.0
147.066667
10.133333
155.433333
5.066667
20.066667
152.066667
15.0
5.0
11.0
141.7
5.066667
149.033333
137.066667
20.133333
193.7
10.0
10.033333
136.866667
10.033333
156.866667
15.6
273.933333
5.0
142.066667
273.933333
5.033333
7.2
15.166667
5.1
157.033333
49.966667
15.033333
20.133333
5.033333
29.466667
13.1
210.533333
142.066667
115.7
137.033333
147.133333
152.133333
31.1
142.1
5.1
274.2
8.366667
10.066667
147.033333
15.066667
25.266667
137.066667
396.266667
5.066667
15.2
279.0
5.0
137.166667
274.066667
274.133333
149.0
284.133333
5.066667
137.233333
20.133333
137.0
14.7
176.266667
33.166667
136.2
15.066667
142.0
5.033333
145.033333
5.1
5.0
5.0
5.0
15.033333
274.1
10.166667
5.066667
5.033333
152.1
21.566667
10.066667
5.066667
5.2
5.066667
10.0
142.1
157.133333
25.266667
5.066667
28.466667
273.866667
10.133333
5.233333
11.5
5.066667
15.066667
366.7
10.0
15.066667
23.3
85.166667
274.066667
279.033333
10.033333
157.166667
279.033333
137.1
5.1
274.166667
5.066667
147.166667
283.3
201.966667
10.1
137.0
5.133333
137.066667
137.1
137.166667
147.3
5.033333
5.066667
11.8
5.066667
137.166667
15.033333
142.966667
15.1
23.066667
65.733333
10.033333
15.133333
136.8
157.066667
15.033333
17.466667
10.1
5.066667
5.066667
19.833333
137.033333
166.866667
20.133333
143.666667
136.966667
5.0
284.033333
137.033333
137.133333
5.033333
273.833333
162.066667
152.133333
152.433333
5.033333
158.266667
149.366667
10.133333
10.166667
151.8
5.1
10.0
147.0
10.033333
274.066667
21.533333
20.0
10.1
61.766667
30.033333
5.133333
157.066667
136.966667
273.966667
15.0
143.4
157.133333
15.1
145.433333
10.133333
9.666667
274.066667
23.933333
286.5
274.133333
137.0
137.166667
15.966667
10.0
268.266667
231.966667
10.933333
205.5
15.066667
244.233333
10.066667
10.066667
10.133333
152.033333
142.1
274.166667
151.933333
137.033333
152.1
142.233333
10.033333
274.2
5.066667
22.5
136.933333
123.566667
142.1
289.066667
10.033333
265.033333
15.033333
15.166667
15.066667
112.7
137.033333
150.5
17.666667
5.033333
5.5
147.066667
10.033333
538.933333
274.1
74.533333
10.0
15.0
26.0
20.0
5.033333
20.033333
15.066667
72.3
5.1
25.1
20.066667
25.933333
5.1
208.6
17.433333
10.0
5.0
136.966667
152.033333
15.1
5.0
142.166667
137.1
10.066667
15.1
147.133333
152.033333
323.2
5.133333
410.833333
142.133333
152.2
411.0
5.033333
5.1
15.066667
147.1
15.133333
210.766667
35.433333
26.866667
10.066667
137.0
5.066667
10.5
148.266667
9.1
274.0
147.233333
415.966667
157.266667
111.3
5.066667
15.0
274.0
10.4
11.366667
5.066667
15.1
78.766667
17.066667
15.1
57.6
250.966667
5.033333
43.466667
218.433333
154.4
5.033333
416.0
5.0
288.966667
20.766667
136.966667
137.033333
137.033333
416.0
137.166667
10.766667
5.066667
274.066667
10.1
38.033333
273.9
137.066667
137.1
147.1
305.9
142.066667
284.066667
5.033333
142.033333
5.033333
202.5
137.066667
154.1
134.333333
279.0
142.0
137.133333
15.166667
411.033333
142.133333
142.033333
147.0
294.133333
5.0
411.166667
15.133333
548.066667
10.066667
10.133333
147.133333
15.033333
142.033333
152.1
5.066667
5.0
15.033333
5.1
6.733333
47.966667
158.1
16.733333
99.133333
301.166667
149.5
142.066667
151.966667
10.733333
21.466667
10.066667
137.1
10.066667
147.066667
142.0
137.066667
15.066667
5.066667
20.1
5.033333
137.033333
137.0
153.533333
29.6
283.966667
152.033333
5.066667
287.766667
142.0
142.166667
5.033333
137.0
152.133333
5.0
20.1
142.166667
20.233333
20.1
136.966667
15.2
55.433333
142.1
99.5
147.033333
152.0
143.866667
136.866667
137.066667
142.033333
137.0
137.0
156.3
415.966667
5.033333
284.866667
279.233333
10.066667
5.0
279.2
147.033333
15.0
6.133333
5.066667
25.2
80.433333
344.266667
147.133333
142.0
278.866667
157.133333
148.633333
137.066667
15.733333
5.066667
5.033333
137.0
5.1
10.033333
164.0
137.0
20.133333
15.033333
5.066667
18.033333
5.1
28.2
18.766667
5.033333
128.5
284.6
97.933333
336.066667
6.6
284.0
5.1
142.1
25.033333
5.066667
150.966667
279.033333
79.366667
177.933333
10.133333
142.066667
288.833333
142.033333
415.933333
5.066667
136.933333
152.233333
5.033333
136.933333
142.066667
5.033333
15.1
13.3
136.033333
142.1
105.733333
15.066667
147.133333
5.0
137.033333
5.033333
5.0
136.866667
16.133333
158.733333
159.033333
136.933333
140.366667
15.033333
147.066667
305.033333
266.5
10.066667
10.066667
10.033333
10.066667
5.1
10.066667
15.033333
5.066667
5.033333
5.1
15.866667
142.1
141.966667
153.766667
5.066667
42.2
142.0
5.066667
147.433333
142.033333
137.0
15.133333
16.633333
7.0
190.233333
157.3
5.033333
79.5
10.066667
15.066667
15.133333
79.033333
279.033333
274.066667
137.133333
122.566667
82.833333
136.033333
