10.066667
10.066667
5.133333
10.033333
5.066667
5.0
20.066667
5.066667
20.0
20.066667
5.033333
26.433333
5.0
10.166667
26.233333
197.1
14.4
5.066667
113.533333
15.033333
25.1
35.3
5.0
20.433333
10.266667
136.966667
10.0
30.133333
20.033333
134.366667
10.2
266.1
5.033333
10.1
20.1
10.033333
10.033333
10.066667
26.033333
52.9
5.0
143.3
194.2
5.0
147.233333
279.0
10.133333
154.133333
10.133333
5.133333
5.1
5.0
212.566667
10.2
214.733333
25.0
25.4
288.866667
10.133333
5.033333
136.966667
15.033333
10.0
136.933333
13.5
267.166667
283.833333
27.1
284.1
10.9
5.033333
152.066667
553.066667
23.833333
25.066667
17.633333
10.033333
822.133333
411.133333
15.133333
10.033333
15.133333
274.066667
10.833333
9.0
166.566667
5.033333
5.033333
152.033333
218.033333
12.466667
5.133333
5.066667
5.066667
15.066667
416.166667
10.0
410.933333
73.5
97.766667
137.133333
5.033333
5.0
137.066667
100.4
5.0
10.033333
146.8
10.0
286.033333
159.1
188.133333
142.133333
5.033333
13.566667
5.0
250.2
154.433333
25.333333
25.133333
5.0
5.033333
5.033333
15.133333
10.0
10.066667
152.1
10.1
157.166667
175.4
20.133333
5.066667
15.2
6.1
606.033333
30.9
699.5
141.933333
5.066667
5.133333
16.733333
558.066667
25.0
15.566667
5.033333
187.166667
152.066667
142.433333
5.0
13.7
293.966667
15.033333
14.133333
40.833333
262.966667
5.0
114.9
279.966667
137.033333
155.133333
11.366667
47.033333
6.7
553.166667
6.366667
163.166667
5.0
157.666667
233.433333
293.933333
137.033333
77.033333
5.0
142.0
142.033333
558.3
15.033333
5.266667
137.1
10.066667
10.566667
17.533333
220.933333
5.1
15.066667
15.133333
136.833333
98.4
205.4
423.833333
5.1
137.133333
10.033333
126.2
161.9
142.0
142.033333
10.066667
10.033333
137.066667
13.066667
137.0
43.433333
137.1
367.766667
5.033333
5.0
261.3
147.1
142.1
9.966667
161.6
141.933333
5.066667
416.0
5.066667
274.033333
422.533333
5.033333
10.1
424.933333
20.033333
137.133333
400.2
645.6
186.733333
136.933333
5.066667
68.1
274.033333
10.1
5.1
137.1
20.966667
10.1
81.266667
152.0
136.933333
5.0
142.2
5.1
5.1
279.0
137.166667
19.0
5.0
5.033333
5.066667
20.066667
295.6
137.166667
5.166667
162.166667
25.033333
15.033333
5.333333
137.1
147.066667
17.3
147.1
20.033333
25.066667
5.033333
5.033333
15.1
10.0
5.1
136.933333
15.033333
5.066667
152.0
23.233333
261.4
55.633333
234.533333
5.1
152.666667
121.466667
10.5
10.066667
157.6
5.066667
5.033333
5.033333
276.0
289.033333
9.9
412.566667
10.1
16.633333
11.166667
410.866667
11.6
411.033333
137.066667
197.8
147.0
5.0
136.933333
17.433333
5.033333
10.033333
136.866667
206.133333
7.5
43.5
5.066667
259.133333
15.0
5.0
20.033333
10.133333
101.866667
177.833333
5.0
10.033333
5.033333
5.066667
27.233333
5.166667
10.1
20.133333
24.8
5.066667
137.166667
5.033333
5.033333
147.0
137.1
10.066667
5.1
162.533333
208.1
137.0
10.066667
10.233333
14.933333
11.633333
155.2
5.066667
137.033333
5.033333
13.1
178.833333
131.866667
137.933333
137.1
410.8
5.066667
10.066667
5.1
274.0
5.066667
411.633333
5.1
20.1
10.166667
121.3
137.1
26.5
44.533333
10.033333
5.133333
25.0
274.033333
5.066667
283.933333
142.066667
5.1
147.066667
5.066667
282.5
137.0
137.033333
136.966667
10.8
142.2
142.0
5.033333
32.3
142.133333
20.033333
113.533333
136.866667
126.233333
137.066667
152.2
137.066667
137.1
105.266667
142.133333
137.1
5.033333
314.0
274.033333
5.033333
147.0
137.066667
289.233333
5.1
22.566667
142.033333
20.166667
21.6
5.133333
5.033333
224.166667
10.1
150.0
5.0
10.066667
5.066667
5.133333
5.033333
24.8
81.033333
5.066667
5.0
10.033333
330.033333
137.033333
5.0
10.033333
15.066667
10.133333
13.566667
10.066667
10.166667
17.1
5.033333
15.1
6.866667
152.133333
5.033333
5.033333
147.266667
151.6
288.966667
20.2
10.1
142.1
20.133333
137.066667
137.033333
283.9
28.233333
258.2
10.033333
137.0
5.0
142.033333
137.033333
142.033333
5.633333
137.066667
10.233333
20.2
157.533333
341.333333
25.0
15.0
5.066667
5.033333
10.066667
137.133333
5.033333
22.133333
142.033333
273.9
10.0
137.133333
148.366667
10.066667
137.133333
20.066667
279.033333
157.066667
20.533333
142.133333
142.0
141.9
21.3
147.066667
274.233333
5.1
15.1
16.466667
278.9
5.033333
10.166667
5.033333
5.066667
5.933333
142.033333
10.066667
5.1
57.766667
5.033333
5.1
141.966667
23.466667
142.266667
19.6
53.6
415.966667
137.066667
142.066667
416.1
5.033333
5.033333
15.066667
253.933333
10.166667
20.033333
28.366667
5.033333
10.066667
5.0
13.233333
10.066667
286.933333
10.1
103.166667
289.166667
288.966667
10.233333
5.0
822.2
10.133333
10.1
25.066667
5.066667
5.066667
285.833333
5.033333
221.466667
5.1
25.166667
26.1
136.9
162.166667
39.933333
14.266667
540.633333
156.933333
182.966667
176.6
137.066667
219.066667
15.133333
10.033333
306.266667
80.4
15.0
191.366667
147.066667
10.1
558.666667
137.0
5.033333
5.166667
136.933333
5.066667
142.166667
136.966667
137.0
558.366667
10.033333
5.1
137.066667
20.133333
162.0
5.1
146.966667
5.133333
5.066667
20.833333
137.066667
27.466667
558.266667
20.233333
5.166667
125.633333
5.066667
72.966667
10.1
137.066667
137.0
27.633333
5.1
5.033333
5.5
157.033333
157.366667
18.933333
10.133333
9.033333
5.233333
284.033333
5.066667
279.133333
5.066667
137.1
25.133333
49.166667
136.933333
553.033333
5.0
15.066667
137.033333
5.1
95.033333
152.0
137.066667
142.033333
683.633333
13.7
284.166667
147.066667
147.066667
591.133333
137.1
142.133333
142.566667
380.133333
143.8
5.1
558.666667
685.2
35.166667
10.1
279.0
284.033333
137.066667
137.066667
274.066667
137.066667
365.6
137.133333
5.1
137.033333
694.8
11.2
596.866667
289.066667
157.066667
284.0
142.066667
70.133333
553.866667
137.1
25.133333
289.0
283.266667
5.0
142.133333
424.733333
222.466667
7.333333
149.9
274.233333
137.033333
5.0
273.9
284.1
10.1
46.866667
5.0
142.0
5.033333
10.033333
229.7
66.7
10.033333
411.133333
9.966667
152.166667
20.133333
414.7
78.666667
31.733333
273.933333
152.133333
10.033333
147.033333
294.033333
5.1
5.033333
5.033333
157.0
10.066667
157.366667
10.033333
371.133333
152.266667
216.8
137.166667
5.066667
157.2
142.066667
5.133333
147.1
10.2
98.366667
19.166667
392.666667
5.033333
10.066667
156.033333
142.133333
5.0
437.866667
5.066667
25.0
168.5
157.066667
142.066667
5.033333
154.166667
22.0
157.066667
137.1
20.133333
137.033333
15.0
142.0
142.066667
294.0
142.1
157.033333
157.066667
142.133333
137.1
10.066667
20.233333
152.066667
216.166667
5.066667
5.0
5.066667
137.033333
137.066667
10.066667
142.166667
137.066667
150.466667
172.066667
10.066667
20.733333
20.033333
147.033333
137.066667
141.833333
5.066667
5.066667
179.2
5.1
15.066667
274.066667
10.0
10.1
87.566667
10.066667
136.033333
15.333333
25.566667
10.066667
5.0
65.066667
273.866667
15.066667
25.066667
10.066667
242.0
5.066667
5.033333
124.6
553.233333
10.066667
25.066667
152.066667
25.7
10.066667
563.266667
227.4
5.1
6.8
553.233333
15.133333
16.3
16.433333
15.1
294.2
278.9
20.133333
152.0
10.033333
14.666667
146.933333
5.033333
10.233333
15.066667
136.933333
6.033333
147.033333
5.033333
152.1
226.133333
176.7
137.033333
5.133333
15.133333
144.133333
5.133333
10.1
5.066667
16.8
142.033333
26.866667
142.066667
10.033333
162.133333
10.033333
6.433333
215.3
5.033333
5.233333
38.1
5.033333
152.1
61.2
5.0
5.3
13.033333
5.0
15.033333
14.166667
57.466667
142.066667
34.633333
5.066667
558.2
10.1
10.0
136.933333
8.533333
5.0
11.133333
10.066667
44.733333
615.766667
66.366667
559.1
5.033333
5.066667
274.066667
10.033333
136.966667
81.733333
273.866667
267.666667
548.2
261.466667
294.033333
136.866667
273.9
5.033333
10.0
145.466667
27.066667
137.1
416.133333
20.033333
10.1
10.0
289.166667
289.133333
284.066667
5.066667
30.266667
15.066667
147.133333
141.966667
5.066667
289.033333
5.066667
319.233333
6.866667
15.066667
7.266667
135.8
20.2
137.066667
10.066667
132.6
553.1
143.833333
113.5
10.133333
146.766667
113.733333
10.066667
10.033333
5.066667
5.033333
142.033333
142.0
5.066667
27.533333
264.266667
142.066667
5.1
373.8
5.133333
137.1
138.033333
5.033333
142.133333
137.0
396.4
25.066667
410.866667
137.066667
416.066667
25.0
10.033333
5.2
10.033333
5.066667
50.633333
85.733333
20.0
10.0
246.5
5.033333
5.033333
82.566667
137.066667
142.166667
20.2
20.066667
10.033333
142.066667
230.233333
578.5
133.0
426.1
142.066667
20.1
10.0
5.066667
20.233333
20.033333
129.8
137.033333
425.8
137.066667
142.1
5.1
24.366667
147.133333
102.6
10.066667
157.133333
157.0
279.066667
5.033333
20.066667
91.033333
73.8
10.1
21.766667
147.033333
10.833333
137.033333
5.033333
5.066667
137.0
38.466667
142.033333
147.166667
6.133333
5.133333
136.966667
30.733333
103.933333
146.066667
137.066667
675.4
15.1
146.966667
10.133333
181.6
5.0
5.133333
10.0
15.266667
137.0
10.033333
25.266667
10.133333
5.166667
14.4
15.066667
31.533333
137.066667
16.166667
5.3
15.0
670.966667
143.933333
10.1
137.166667
5.033333
5.033333
5.0
5.133333
147.033333
23.9
139.9
5.033333
10.1
161.933333
142.033333
157.066667
695.5
20.166667
137.133333
5.066667
10.1
5.133333
137.166667
192.566667
152.4
137.0
21.733333
157.1
16.766667
152.033333
10.033333
142.1
15.8
137.066667
10.033333
136.933333
142.066667
67.733333
142.166667
5.033333
147.033333
530.666667
136.9
5.033333
22.033333
5.2
634.066667
147.133333
5.1
157.1
15.066667
5.033333
5.0
46.833333
77.433333
5.133333
5.1
5.066667
5.133333
10.0
5.033333
95.8
141.833333
21.933333
289.066667
83.166667
83.633333
254.8
273.9
10.066667
289.133333
25.166667
137.133333
5.033333
136.966667
10.7
147.0
155.533333
5.0
147.033333
137.133333
142.066667
5.133333
157.0
137.1
20.066667
274.0
10.066667
21.8
20.033333
273.933333
142.1
5.0
20.1
137.033333
25.1
273.933333
152.033333
14.066667
147.1
137.1
6.233333
142.2
37.633333
392.933333
142.066667
5.033333
76.0
5.1
137.1
156.933333
15.566667
137.1
10.0
40.666667
136.966667
137.066667
5.066667
274.133333
136.966667
137.1
294.033333
142.1
157.0
137.033333
15.0
15.166667
289.0
137.033333
16.566667
137.266667
135.866667
23.533333
137.1
274.066667
15.866667
605.933333
20.1
10.066667
5.0
5.066667
137.733333
289.133333
5.1
421.133333
10.1
421.0
163.033333
35.0
15.066667
279.033333
281.166667
271.266667
164.1
137.166667
416.033333
416.2
10.033333
137.066667
274.2
15.2
553.1
5.033333
151.9
361.666667
5.133333
142.033333
137.0
5.1
5.133333
553.533333
563.233333
10.033333
5.066667
14.1
10.1
5.2
553.033333
553.166667
15.1
20.033333
30.3
10.7
40.4
279.1
142.1
6.5
10.1
137.133333
5.1
142.066667
20.0
151.933333
6.533333
5.066667
10.1
297.1
137.066667
5.133333
297.7
5.066667
141.966667
115.066667
137.033333
163.4
5.066667
137.066667
15.033333
294.266667
284.033333
137.033333
21.0
274.133333
147.066667
10.1
5.0
10.033333
5.066667
157.066667
10.333333
690.4
152.066667
157.166667
147.233333
563.966667
137.3
25.0
5.066667
5.0
133.3
5.4
10.3
136.866667
289.133333
695.066667
5.033333
81.833333
395.333333
691.933333
344.233333
15.066667
137.1
142.133333
137.0
136.966667
211.166667
5.2
5.0
168.066667
5.133333
126.466667
136.966667
5.066667
5.066667
136.9
170.7
685.233333
21.4
44.966667
10.1
136.9
137.033333
283.9
10.1
5.066667
5.0
142.1
142.1
5.033333
10.166667
160.233333
145.933333
289.233333
162.2
6.666667
12.333333
15.133333
10.066667
21.033333
137.233333
5.1
152.1
10.233333
90.4
548.266667
25.233333
68.466667
147.1
5.233333
672.133333
5.166667
15.033333
49.7
5.066667
20.066667
5.233333
53.166667
20.133333
152.033333
19.4
10.1
278.9
5.0
20.266667
14.566667
152.1
55.166667
17.133333
137.0
5.066667
10.1
66.6
145.9
15.2
147.066667
263.4
103.6
127.566667
5.033333
553.333333
10.033333
5.166667
263.4
137.1
289.066667
142.033333
10.066667
10.1
5.033333
15.0
284.0
5.066667
5.033333
10.766667
283.8
10.0
137.066667
5.0
157.1
5.033333
15.266667
23.933333
164.266667
99.633333
199.033333
181.2
137.066667
5.133333
45.733333
283.866667
157.0
5.0
167.766667
284.333333
5.1
162.166667
152.133333
137.233333
20.066667
553.333333
147.2
15.1
10.033333
5.0
5.066667
5.133333
10.033333
5.233333
10.2
157.4
10.133333
15.033333
147.033333
20.1
134.233333
553.166667
5.066667
5.133333
10.0
5.1
301.5
91.833333
10.133333
273.9
131.3
152.166667
21.766667
113.666667
558.233333
5.033333
71.833333
558.233333
142.0
5.033333
135.8
5.0
25.2
5.066667
10.1
10.0
5.133333
5.0
10.066667
5.133333
289.1
274.0
10.0
152.0
152.166667
141.966667
5.0
113.2
10.1
159.533333
315.3
30.066667
5.033333
25.066667
137.0
142.133333
416.0
274.033333
289.066667
147.133333
5.0
289.1
137.0
20.1
15.066667
10.1
137.066667
142.2
20.033333
10.066667
289.033333
208.466667
122.133333
10.0
15.1
15.133333
5.033333
5.066667
421.1
147.933333
283.966667
5.0
29.566667
5.1
15.133333
146.933333
278.966667
30.9
274.033333
142.2
137.0
147.066667
10.1
10.0
294.566667
274.0
147.133333
137.066667
137.133333
137.133333
152.1
15.066667
137.066667
5.033333
162.0
10.033333
5.0
137.066667
147.033333
273.966667
18.666667
225.633333
12.866667
136.933333
298.566667
5.066667
6.266667
152.0
10.133333
15.1
230.066667
162.566667
136.966667
10.033333
16.0
148.566667
245.233333
152.3
279.033333
133.6
329.666667
142.266667
41.7
93.0
116.866667
147.1
10.266667
16.666667
5.0
142.1
162.133333
15.066667
5.133333
101.8
5.1
20.166667
157.066667
10.2
15.1
548.166667
10.033333
10.0
81.533333
5.0
60.0
274.133333
5.0
15.066667
10.0
5.0
10.1
5.0
5.133333
20.966667
5.1
553.233333
137.033333
10.033333
149.733333
7.8
74.2
147.133333
5.133333
685.366667
274.0
142.066667
147.033333
5.066667
5.033333
137.066667
137.1
79.6
10.1
152.033333
147.033333
5.0
168.333333
8.166667
5.066667
13.366667
147.066667
277.5
10.033333
5.066667
25.066667
263.8
101.066667
24.0
5.0
20.066667
8.033333
5.1
147.066667
25.033333
5.066667
5.066667
5.1
6.6
65.366667
5.0
612.166667
5.1
68.366667
685.233333
78.366667
5.033333
293.733333
142.033333
141.966667
15.1
157.166667
11.666667
15.0
148.133333
137.1
152.6
5.1
11.866667
15.066667
10.066667
26.133333
8.033333
5.033333
147.066667
26.233333
168.133333
123.766667
685.366667
5.033333
22.866667
136.9
10.033333
5.1
25.066667
279.1
15.066667
690.2
5.033333
9.1
147.266667
10.033333
294.033333
142.1
137.0
5.166667
152.7
142.066667
15.0
156.266667
10.0
12.166667
54.433333
15.0
6.166667
151.366667
5.133333
5.1
142.166667
294.166667
309.833333
152.866667
153.133333
827.0
162.166667
269.0
10.0
252.1
289.1
142.066667
15.1
289.066667
155.133333
137.0
137.033333
132.133333
10.033333
119.1
5.0
437.466667
558.333333
94.4
20.466667
153.766667
5.033333
15.133333
137.033333
5.066667
142.0
7.566667
162.133333
5.1
153.966667
7.966667
86.633333
273.933333
157.2
284.233333
142.1
289.0
274.066667
274.0
160.433333
183.8
274.066667
137.133333
137.1
136.966667
553.166667
142.033333
23.666667
137.0
234.633333
5.033333
7.033333
20.033333
553.466667
7.366667
5.033333
20.166667
419.566667
5.0
18.333333
279.1
421.1
32.7
436.7
20.0
137.2
5.066667
5.1
271.466667
5.066667
20.166667
19.766667
5.033333
24.1
10.266667
37.233333
15.1
22.1
123.966667
5.1
65.1
5.0
5.0
5.066667
5.033333
31.266667
319.733333
553.2
162.733333
142.033333
147.2
5.066667
137.066667
141.833333
178.7
27.233333
137.0
5.066667
10.1
10.033333
157.066667
10.966667
20.5
171.066667
5.033333
10.0
10.1
22.133333
5.0
142.0
142.066667
19.333333
137.066667
29.766667
279.033333
24.3
6.033333
10.066667
5.1
5.166667
127.866667
5.0
110.766667
10.0
154.533333
10.033333
63.533333
170.133333
152.033333
136.933333
233.8
5.0
146.933333
279.1
166.233333
164.6
5.066667
12.4
265.6
20.066667
24.766667
10.0
279.1
137.033333
15.033333
5.133333
137.2
10.066667
162.1
30.766667
348.666667
147.1
20.033333
5.066667
142.033333
136.9
5.0
310.066667
17.066667
157.166667
54.2
5.066667
5.233333
141.966667
157.033333
147.133333
142.0
296.433333
32.966667
152.033333
5.1
15.033333
627.266667
137.033333
152.033333
401.1
5.066667
5.033333
5.066667
137.0
20.066667
158.933333
5.033333
10.066667
26.1
5.0
554.333333
558.366667
157.033333
20.066667
137.033333
273.1
20.166667
5.066667
5.0
15.033333
20.033333
142.166667
10.0
152.4
15.2
5.033333
99.8
135.6
117.166667
157.066667
142.066667
137.1
148.8
10.0
5.066667
147.2
10.133333
136.9
11.2
142.0
152.066667
5.066667
158.133333
5.033333
21.433333
21.5
152.233333
92.066667
19.566667
410.633333
426.0
195.566667
103.433333
557.9
15.066667
12.233333
5.0
5.0
15.0
10.6
279.666667
10.0
695.133333
82.6
142.066667
685.333333
149.7
296.633333
421.033333
142.066667
150.366667
147.133333
5.0
10.066667
21.333333
332.666667
284.033333
153.633333
10.033333
273.933333
273.966667
7.966667
10.1
5.133333
5.033333
15.133333
25.2
5.066667
15.466667
10.166667
5.0
154.533333
5.033333
12.533333
5.066667
142.033333
10.066667
5.0
147.2
142.0
289.333333
199.0
234.333333
289.2
25.066667
137.033333
137.0
137.0
288.866667
5.066667
142.033333
15.033333
142.0
136.966667
148.033333
137.066667
151.533333
21.8
147.1
141.966667
126.2
142.3
142.033333
142.1
157.166667
558.333333
146.966667
10.033333
21.533333
558.266667
5.1
157.266667
5.033333
5.0
137.0
10.0
147.433333
29.766667
142.233333
309.6
142.166667
273.9
11.933333
202.7
10.033333
20.033333
15.1
685.233333
284.266667
7.333333
137.0
159.1
105.9
147.133333
137.066667
136.933333
5.166667
35.266667
7.833333
413.366667
157.2
136.866667
137.033333
5.0
147.2
137.1
136.966667
147.066667
34.866667
147.0
19.433333
327.3
62.8
695.2
15.1
137.066667
5.133333
5.066667
87.266667
5.033333
415.833333
25.1
10.1
10.033333
18.666667
20.1
15.133333
10.033333
25.133333
5.066667
20.066667
18.5
39.733333
15.1
5.066667
5.0
279.166667
440.333333
15.033333
26.9
5.033333
25.1
20.133333
14.533333
172.466667
5.033333
140.3
20.133333
5.033333
10.166667
142.033333
25.133333
137.0
152.033333
147.033333
152.8
149.533333
98.0
5.0
5.0
5.066667
10.0
10.1
18.066667
5.0
10.033333
157.033333
5.0
5.0
7.266667
137.033333
15.066667
137.0
5.066667
282.166667
10.133333
18.433333
136.966667
15.033333
147.0
8.2
10.133333
15.066667
695.233333
5.033333
157.133333
157.066667
42.5
5.033333
5.066667
293.966667
137.066667
695.133333
152.1
5.233333
142.0
18.433333
175.933333
5.066667
152.066667
20.1
137.0
137.033333
279.033333
15.0
142.066667
142.133333
137.066667
428.5
15.066667
502.566667
142.033333
34.066667
558.166667
10.266667
5.0
25.466667
15.033333
548.133333
190.533333
6.366667
5.1
223.933333
55.6
548.266667
5.033333
10.066667
690.233333
10.0
145.266667
17.033333
15.1
15.1
575.433333
10.0
30.1
137.033333
5.033333
146.366667
20.033333
5.0
13.533333
600.866667
5.133333
63.966667
5.0
9.166667
202.733333
10.166667
15.6
11.4
5.233333
5.066667
16.566667
11.233333
72.966667
156.1
5.066667
146.4
137.0
273.933333
199.8
137.0
20.033333
10.1
273.833333
162.133333
137.1
142.1
289.033333
149.033333
142.0
15.1
157.066667
5.066667
136.966667
5.0
10.933333
48.0
137.0
151.966667
14.233333
558.2
5.033333
39.833333
690.566667
5.033333
19.066667
142.033333
10.066667
183.166667
5.066667
10.066667
137.1
15.033333
410.766667
25.1
5.0
11.633333
274.0
10.066667
410.8
5.066667
679.7
137.033333
137.166667
105.333333
426.066667
274.033333
391.4
405.333333
137.066667
20.166667
5.0
137.166667
13.833333
157.133333
137.0
137.033333
137.0
10.0
137.1
141.933333
136.933333
10.133333
110.366667
153.133333
274.0
15.133333
15.2
10.033333
142.033333
136.966667
5.1
5.066667
5.066667
25.233333
5.033333
20.333333
26.366667
5.166667
12.566667
151.433333
135.833333
137.033333
5.066667
147.066667
19.733333
684.933333
5.033333
137.066667
5.0
548.166667
143.5
137.033333
137.0
142.1
695.233333
137.0
147.0
5.033333
157.1
144.233333
5.066667
147.066667
5.033333
22.366667
16.633333
5.033333
5.066667
21.6
15.066667
5.1
118.0
21.4
11.966667
5.1
283.966667
553.266667
162.066667
9.6
5.633333
289.233333
12.3
147.066667
137.166667
137.033333
147.1
289.1
143.766667
5.133333
27.333333
5.0
85.733333
5.033333
151.966667
10.0
142.166667
5.1
188.5
137.133333
5.033333
137.133333
12.5
141.9
10.066667
152.033333
147.166667
5.0
23.866667
284.133333
15.066667
5.0
17.266667
14.6
5.133333
157.566667
28.333333
23.8
5.166667
141.866667
16.4
553.0
71.433333
5.133333
10.066667
5.0
223.766667
142.1
10.066667
5.066667
45.966667
22.566667
7.033333
137.066667
137.0
104.2
162.033333
152.066667
137.1
5.066667
25.633333
685.3
5.033333
137.133333
142.0
294.033333
137.066667
28.666667
137.0
273.9
10.1
5.033333
137.0
572.466667
10.1
425.966667
5.033333
137.1
5.033333
5.033333
137.133333
207.6
152.033333
136.766667
152.033333
157.0
284.033333
6.966667
15.1
136.933333
149.4
5.0
12.366667
284.133333
15.0
20.466667
95.233333
284.033333
20.0
5.033333
5.066667
179.433333
141.933333
5.133333
10.1
23.4
32.133333
25.1
10.166667
26.266667
10.1
20.0
35.6
119.0
39.466667
10.033333
67.933333
156.966667
152.1
85.666667
137.066667
8.566667
224.9
558.2
147.0
73.7
123.6
5.066667
5.0
5.133333
5.0
113.3
137.0
97.166667
142.033333
558.2
283.9
147.066667
157.133333
93.933333
5.0
20.133333
10.0
33.866667
5.033333
137.133333
25.133333
5.066667
142.233333
5.1
30.5
137.033333
137.033333
5.133333
20.033333
136.966667
11.1
356.366667
10.266667
5.1
5.0
10.0
5.1
250.0
10.066667
137.133333
274.033333
5.066667
142.166667
5.033333
10.033333
237.566667
5.033333
565.333333
6.6
284.066667
241.4
147.066667
280.3
182.866667
196.633333
157.1
274.1
5.1
149.733333
5.366667
25.066667
142.1
426.033333
274.033333
278.966667
10.1
10.033333
5.033333
10.1
147.066667
48.8
278.933333
6.866667
279.033333
5.066667
5.0
10.2
27.7
35.933333
5.066667
36.933333
5.533333
17.9
5.1
29.333333
5.066667
553.266667
30.933333
5.033333
5.0
15.066667
15.066667
148.666667
5.033333
5.066667
8.233333
47.766667
142.0
273.966667
142.033333
5.0
5.033333
152.1
10.066667
137.033333
19.133333
474.533333
20.066667
137.066667
142.033333
15.033333
15.1
9.366667
142.033333
553.133333
10.033333
5.1
136.866667
142.066667
22.433333
31.366667
10.033333
5.033333
5.166667
10.033333
17.166667
112.966667
21.366667
10.066667
10.1
125.166667
5.0
5.3
5.066667
5.033333
5.0
17.366667
201.633333
5.066667
54.666667
10.1
20.166667
5.033333
10.033333
162.0
5.133333
10.066667
154.2
5.033333
440.9
10.033333
16.833333
5.033333
5.033333
15.033333
5.033333
27.033333
22.033333
20.3
5.0
10.0
28.4
5.0
137.133333
5.0
23.066667
24.933333
5.066667
10.033333
20.1
152.0
10.033333
15.066667
12.233333
108.633333
142.233333
10.066667
15.066667
5.066667
15.066667
27.3
25.2
19.466667
12.166667
46.3
5.033333
5.0
25.0
10.033333
114.533333
147.033333
5.033333
5.066667
5.366667
553.266667
136.966667
6.1
142.033333
15.0
157.033333
5.033333
555.933333
10.0
5.133333
5.033333
136.9
141.933333
685.133333
169.466667
10.0
137.033333
5.1
10.033333
5.066667
16.433333
156.433333
137.0
27.5
201.733333
10.0
137.133333
157.1
5.1
157.066667
274.366667
142.0
8.533333
278.833333
152.066667
15.066667
5.2
5.066667
15.066667
50.6
20.2
243.3
69.166667
116.833333
92.533333
142.5
173.6
136.866667
157.066667
10.166667
558.4
147.0
20.1
10.1
306.366667
5.0
137.033333
5.033333
5.0
5.0
10.066667
548.2
162.2
20.033333
5.0
279.033333
10.066667
5.033333
157.266667
10.033333
5.033333
10.033333
144.2
10.033333
11.0
15.233333
126.2
288.433333
137.0
553.1
29.7
146.966667
137.066667
15.1
142.1
273.866667
137.033333
10.0
15.066667
152.2
5.033333
27.833333
25.066667
16.266667
137.2
5.066667
10.133333
30.533333
20.066667
142.033333
5.066667
11.5
5.033333
5.033333
5.066667
271.533333
160.5
147.633333
23.433333
7.0
137.0
10.1
5.0
30.1
199.3
10.133333
5.1
152.166667
5.0
27.833333
283.866667
5.033333
190.466667
20.2
269.0
15.066667
260.833333
15.133333
15.133333
8.433333
198.266667
5.066667
61.3
40.533333
80.3
10.666667
31.8
20.1
153.633333
137.133333
413.266667
142.066667
152.066667
147.066667
288.833333
141.833333
15.033333
289.2
296.1
5.0
134.233333
5.0
5.033333
10.066667
275.466667
416.033333
151.266667
157.0
5.066667
149.3
12.666667
137.033333
152.1
158.166667
142.166667
5.0
147.0
5.033333
103.4
15.066667
152.766667
217.933333
147.033333
5.066667
289.3
10.1
15.166667
10.066667
284.033333
8.833333
274.033333
137.066667
5.033333
157.066667
212.166667
15.5
283.033333
5.033333
10.066667
39.2
35.133333
249.666667
5.066667
25.133333
5.0
5.066667
5.033333
186.066667
25.0
289.066667
137.1
19.933333
137.1
5.033333
538.266667
5.0
5.1
42.9
137.033333
165.866667
5.066667
5.033333
8.366667
669.933333
10.033333
15.1
141.966667
147.166667
5.0
137.066667
5.033333
137.033333
274.0
548.1
10.066667
5.0
274.0
147.366667
294.1
136.966667
296.4
553.3
5.0
136.933333
147.133333
142.133333
137.0
5.066667
5.033333
15.1
147.033333
136.966667
553.366667
684.133333
15.1
5.033333
300.633333
137.133333
137.033333
137.133333
136.966667
142.033333
137.1
283.166667
179.166667
5.0
142.0
416.133333
274.1
136.966667
289.033333
279.1
21.9
284.0
15.1
71.833333
90.766667
289.1
142.166667
6.866667
284.033333
5.066667
137.033333
5.066667
136.8
142.1
5.033333
142.066667
153.766667
157.0
93.033333
137.166667
363.533333
273.333333
5.0
136.9
5.066667
5.1
274.033333
5.0
274.033333
137.033333
137.033333
157.2
228.0
274.066667
20.066667
179.933333
185.1
232.7
192.066667
21.6
15.9
244.766667
5.066667
20.533333
5.0
101.433333
553.4
25.066667
137.133333
10.066667
15.133333
5.033333
5.066667
5.0
684.8
19.0
5.033333
157.0
146.033333
152.066667
137.066667
6.233333
5.1
5.1
160.4
5.033333
15.033333
25.933333
382.133333
296.966667
10.033333
11.533333
283.166667
142.333333
59.4
695.133333
684.933333
247.3
257.1
5.066667
10.133333
5.0
142.0
16.366667
10.1
15.066667
147.033333
140.533333
142.066667
669.0
5.066667
273.933333
16.666667
274.133333
122.033333
5.066667
10.166667
157.133333
137.066667
5.1
10.066667
137.0
137.0
151.833333
137.1
142.033333
142.033333
147.2
136.966667
279.1
10.066667
5.033333
5.033333
142.1
137.0
10.1
279.066667
256.5
25.133333
274.0
416.066667
5.066667
137.033333
5.033333
548.233333
279.033333
274.1
5.066667
135.2
411.066667
137.033333
157.1
10.066667
70.4
5.0
137.066667
142.1
137.033333
142.0
5.166667
142.0
20.1
274.1
5.033333
279.066667
137.0
152.033333
10.033333
289.066667
274.066667
157.166667
10.066667
137.133333
15.066667
5.066667
16.6
105.433333
100.333333
147.433333
157.433333
15.0
142.066667
278.8
15.1
157.0
122.033333
12.666667
20.0
147.0
10.033333
157.2
25.1
137.0
278.966667
127.0
147.033333
147.166667
284.2
5.1
10.033333
279.033333
136.9
278.966667
5.0
5.066667
15.1
293.566667
5.033333
284.033333
5.033333
10.066667
11.3
5.033333
5.066667
5.2
15.033333
147.0
11.833333
14.7
5.033333
5.0
7.133333
5.0
5.033333
24.2
15.033333
147.066667
20.1
11.966667
25.133333
142.0
147.166667
5.066667
20.0
238.133333
10.033333
15.033333
12.833333
157.0
137.033333
10.033333
11.966667
17.2
137.066667
8.333333
5.0
19.7
5.033333
5.566667
142.033333
410.933333
281.2
137.133333
411.033333
53.9
137.0
5.0
192.5
142.133333
5.033333
152.233333
188.2
10.033333
5.066667
5.033333
142.033333
284.033333
10.0
11.3
5.133333
10.066667
137.1
154.333333
5.033333
137.1
289.066667
22.933333
33.166667
15.133333
147.1
11.833333
41.8
5.066667
423.466667
162.0
169.633333
142.066667
5.033333
5.033333
274.1
142.0
10.033333
146.933333
137.1
136.966667
273.966667
5000
157.033333
60.666667
10.066667
15.1
147.066667
10.0
162.033333
122.5
264.266667
255.366667
137.233333
10.966667
5.1
15.033333
15.066667
137.0
10.1
137.0
137.066667
60.2
137.133333
273.866667
279.066667
149.733333
5.166667
137.1
410.933333
5.033333
5.066667
397.366667
15.033333
137.0
10.033333
25.033333
278.966667
15.1
274.066667
137.2
5.1
279.133333
15.066667
20.1
240.733333
15.166667
157.1
159.866667
147.0
152.066667
421.133333
10.1
420.733333
10.033333
28.1
15.133333
13.933333
137.1
20.133333
30.033333
26.5
147.033333
234.966667
137.1
142.033333
5.1
137.0
5.1
20.066667
161.5
10.066667
18.2
66.233333
5.033333
56.0
5.0
5.033333
137.066667
339.666667
142.1
213.166667
289.033333
293.033333
147.1
5.066667
364.966667
5.0
100.633333
143.233333
137.066667
147.066667
147.133333
5.0
147.0
15.1
6.6
111.0
7.733333
204.766667
206.033333
510.766667
5.266667
10.033333
27.1
147.066667
142.133333
10.1
10.066667
137.1
27.033333
5.033333
136.933333
15.066667
20.1
172.9
148.9
279.066667
5.133333
250.966667
533.666667
257.433333
5.133333
137.033333
10.0
156.933333
15.066667
8.066667
5.0
142.033333
5.0
141.766667
5.1
15.2
147.033333
278.966667
137.0
147.033333
289.033333
157.0
264.366667
142.0
274.133333
137.133333
171.966667
411.133333
136.933333
5.033333
15.066667
137.133333
152.6
5.066667
5.033333
294.133333
137.0
15.433333
5.0
294.3
169.633333
5.066667
142.033333
5.1
10.066667
152.133333
78.6
428.033333
147.066667
154.566667
10.133333
273.966667
10.1
5.066667
5.033333
5.066667
5.033333
10.066667
20.066667
5.133333
5.1
200.666667
279.033333
278.933333
162.133333
5.0
162.066667
10.2
289.066667
10.0
146.966667
10.0
137.1
136.9
137.133333
129.733333
10.133333
15.133333
10.033333
8.566667
5.033333
15.1
156.9
25.066667
5.066667
10.066667
5.033333
186.1
136.833333
15.566667
5.033333
137.1
83.533333
10.066667
342.9
5.033333
10.0
5.0
10.033333
10.033333
127.8
5.0
263.366667
20.133333
10.1
411.766667
5.1
25.066667
5.033333
11.833333
19.2
294.033333
136.966667
15.1
5.033333
5.1
137.1
5.066667
273.866667
147.0
241.0
147.066667
10.0
161.933333
142.133333
147.0
147.133333
5.033333
10.033333
10.033333
137.033333
5.033333
15.133333
18.033333
142.066667
99.433333
10.066667
147.2
15.066667
15.033333
152.1
137.033333
10.1
10.0
136.933333
137.0
11.9
147.0
137.033333
288.9
141.933333
5.033333
292.6
15.033333
5.0
136.933333
5.066667
425.933333
10.066667
137.0
273.9
279.066667
137.1
5.066667
15.166667
142.1
5.0
136.966667
152.066667
10.033333
15.133333
5.133333
147.0
142.066667
11.533333
12.533333
190.733333
157.1
5.033333
10.466667
15.133333
152.133333
152.066667
162.066667
147.1
10.066667
5.066667
5.033333
137.033333
5.033333
5.066667
157.3
212.333333
152.0
5.1
5.166667
11.566667
6.166667
5.1
52.566667
5.1
147.1
20.133333
15.133333
32.933333
30.066667
142.0
10.1
10.066667
120.1
148.166667
23.533333
5.066667
51.733333
248.833333
279.1
142.0
100.1
285.8
144.666667
284.033333
6.666667
400.0
177.066667
20.0
135.733333
5.033333
20.033333
10.066667
137.066667
18.8
136.966667
5.066667
281.866667
5.066667
294.033333
283.866667
20.1
207.733333
137.0
5.1
10.1
5.066667
28.833333
5.033333
5.1
15.1
142.066667
152.033333
17.566667
18.5
10.033333
15.4
15.066667
20.466667
5.0
5.133333
10.033333
10.166667
24.7
5.1
151.966667
10.133333
5.033333
5.0
5.1
12.666667
411.1
5.033333
136.033333
10.066667
15.066667
5.033333
53.2
10.066667
20.766667
8.966667
5.066667
5.066667
10.133333
269.033333
137.2
5.166667
142.1
5.133333
15.066667
10.133333
10.0
10.1
166.8
15.0
15.0
288.9
294.1
29.2
85.866667
122.1
18.666667
5.066667
142.033333
134.466667
283.966667
10.066667
279.2
16.5
226.566667
5.033333
5.0
289.4
139.7
15.033333
7.266667
158.333333
161.133333
162.1
137.066667
5.033333
15.066667
16.433333
25.0
5.066667
246.133333
345.433333
6.066667
27.666667
5.566667
142.066667
147.2
147.033333
14.2
5.066667
5.066667
5.1
274.0
147.233333
147.033333
157.266667
20.0
148.666667
28.133333
13.466667
137.066667
11.566667
5.0
283.833333
136.9
181.9
142.033333
6.6
5.333333
415.9
273.933333
156.866667
92.833333
5.066667
149.0
5.066667
142.066667
21.266667
5.0
25.2
147.0
26.133333
10.9
270.533333
8.566667
137.033333
144.766667
7.566667
147.033333
141.4
274.166667
289.233333
5.033333
147.1
10.033333
279.233333
137.033333
153.633333
5.1
15.0
274.1
278.966667
64.933333
10.0
30.1
273.833333
5.033333
5.033333
146.933333
153.1
137.133333
5.0
278.966667
137.066667
142.133333
5.033333
274.133333
7.833333
137.0
40.733333
15.766667
284.233333
137.033333
136.966667
20.066667
136.933333
20.033333
238.833333
137.033333
147.0
147.366667
142.0
5.033333
10.066667
137.1
13.7
152.0
16.6
137.066667
10.066667
10.0
284.133333
17.766667
5.066667
152.233333
15.066667
289.0
137.033333
20.233333
70.233333
10.033333
142.066667
273.9
10.0
5.033333
5.766667
10.133333
147.1
5.066667
5.033333
227.366667
137.033333
284.3
147.066667
136.966667
20.133333
92.566667
5.133333
141.933333
5.0
152.066667
15.1
137.0
5.1
141.9
159.266667
147.1
274.1
146.933333
152.133333
5.0
416.333333
156.6
138.7
5.066667
28.966667
152.2
416.033333
5.1
10.133333
137.2
6.433333
20.0
142.033333
10.033333
15.133333
5.433333
5.033333
10.033333
240.766667
274.033333
152.0
15.066667
294.066667
10.133333
15.0
19.566667
52.066667
5.0
15.133333
137.0
25.133333
15.0
113.933333
139.966667
5.0
10.033333
147.033333
17.766667
257.3
141.966667
7.0
10.033333
20.066667
5.133333
147.033333
52.833333
5.033333
147.033333
5.033333
294.166667
10.1
5.033333
284.166667
157.133333
32.2
5.066667
147.133333
294.233333
147.066667
10.166667
137.033333
15.1
162.1
5.0
141.966667
137.066667
137.066667
5.066667
155.2
289.0
279.2
137.166667
64.033333
142.133333
279.033333
5.066667
143.533333
186.066667
142.0
147.133333
287.166667
22.233333
20.233333
279.033333
279.033333
21.133333
5.033333
10.0
278.933333
152.033333
5.233333
103.666667
5.066667
32.066667
157.033333
411.033333
10.033333
152.066667
150.5
142.233333
273.966667
283.966667
136.933333
5.066667
137.066667
149.666667
283.133333
20.1
105.333333
51.966667
11.233333
278.9
10.066667
214.7
163.0
155.5
161.233333
355.633333
5.033333
5.033333
7.333333
10.133333
284.066667
278.966667
286.866667
5.566667
53.133333
147.0
162.133333
136.966667
137.0
147.033333
136.966667
137.066667
274.1
279.233333
137.066667
149.033333
274.1
5.033333
274.033333
20.133333
30.933333
142.1
146.9
261.566667
136.966667
137.066667
137.133333
5.0
25.033333
137.066667
157.166667
136.966667
15.066667
10.033333
137.1
17.166667
59.2
15.133333
10.1
5.166667
111.766667
147.3
165.4
137.0
5.0
94.633333
10.066667
15.1
5.0
5.0
15.133333
6.1
15.0
16.9
96.4
5.0
15.033333
11.833333
10.0
5.033333
15.0
10.033333
10.0
5.033333
5.1
15.0
66.2
188.733333
137.033333
5.0
49.333333
164.066667
15.133333
10.066667
26.133333
56.566667
12.6
36.566667
283.966667
293.933333
274.066667
147.2
274.0
5.1
146.966667
283.966667
426.0
137.066667
273.966667
16.366667
137.0
313.066667
256.466667
147.0
5.033333
147.866667
56.3
137.1
183.7
420.966667
29.9
442.0
142.0
9.133333
20.033333
10.033333
153.433333
5.033333
147.233333
424.633333
25.066667
147.0
5.033333
137.066667
5.133333
10.033333
136.9
165.4
137.033333
137.0
147.033333
284.0
142.566667
273.966667
51.533333
147.033333
137.066667
152.066667
10.166667
156.933333
10.066667
147.533333
278.866667
137.066667
172.433333
292.0
279.0
5.0
136.966667
162.066667
149.266667
73.4
20.033333
450.333333
137.066667
15.1
5.266667
15.1
236.6
10.0
5.066667
142.066667
143.066667
284.033333
5.033333
284.166667
300.333333
219.233333
107.3
5.0
313.333333
152.066667
10.0
15.1
159.266667
5.1
136.933333
5.066667
15.066667
146.933333
147.066667
5.0
411.1
168.7
15.1
136.966667
147.033333
144.833333
147.1
137.1
156.166667
147.1
5.033333
147.066667
10.066667
136.966667
10.1
11.633333
273.9
16.133333
386.4
25.1
5.033333
19.3
73.466667
206.766667
152.0
5.033333
65.366667
137.066667
137.033333
156.133333
20.0
25.333333
5.0
5.066667
279.1
353.7
15.0
142.066667
274.033333
160.2
10.2
116.766667
289.166667
10.166667
239.433333
151.9
420.933333
292.933333
5.066667
8.5
8.766667
109.566667
15.1
294.0
30.066667
137.066667
149.766667
190.366667
5.066667
14.033333
15.366667
278.866667
141.9
5.066667
13.466667
313.033333
425.933333
274.3
199.7
48.633333
5.066667
5.033333
16.233333
57.3
147.033333
144.9
14.8
281.033333
6.5
36.4
157.2
137.033333
7.266667
137.066667
147.133333
141.966667
147.033333
205.533333
13.6
185.533333
274.066667
5.1
147.166667
313.766667
92.966667
5.1
152.1
5.033333
20.1
10.066667
28.166667
7.066667
274.0
86.1
141.4
280.966667
10.3
20.533333
5.066667
25.633333
5.066667
285.333333
5.033333
33.933333
302.366667
10.033333
28.166667
5.066667
142.166667
14.0
7.4
208.366667
159.533333
152.033333
5.0
5.066667
151.766667
5.0
150.266667
10.033333
20.1
15.133333
28.4
142.0
273.833333
283.966667
10.033333
137.0
142.166667
274.033333
25.2
5.033333
274.0
5.033333
278.9
15.066667
136.933333
22.0
10.033333
10.133333
25.066667
137.033333
5.066667
137.033333
15.0
136.966667
249.833333
274.033333
15.0
10.133333
5.0
5.066667
25.166667
38.966667
5.033333
15.033333
15.666667
30.066667
5.033333
137.1
136.966667
148.966667
135.066667
41.466667
10.033333
19.066667
84.833333
15.133333
130.966667
137.066667
152.033333
557.8
10.1
10.066667
5.0
37.633333
5.033333
5.066667
10.1
5.066667
5.066667
10.066667
5.033333
25.1
15.1
137.066667
10.133333
15.1
5.033333
11.166667
68.933333
5.1
289.266667
147.166667
20.033333
10.033333
8.366667
5.066667
10.066667
26.466667
5.066667
5.1
137.066667
137.0
289.033333
20.1
142.033333
162.033333
137.0
284.0
28.2
8.5
15.1
5.066667
309.9
10.033333
12.066667
164.966667
136.966667
152.1
88.933333
274.1
152.2
16.866667
142.0
5.033333
151.2
137.066667
5.166667
137.233333
21.1
40.266667
20.166667
283.966667
137.033333
137.133333
126.7
10.0
73.433333
10.1
5.0
15.166667
137.0
5.0
15.133333
149.6
15.1
10.1
15.0
10.1
5.066667
13.566667
23.933333
159.533333
147.0
5.033333
5.066667
7.2
284.033333
5.1
15.166667
25.033333
274.066667
147.833333
15.033333
20.0
25.233333
5.1
5.033333
284.166667
142.1
92.933333
356.166667
7.166667
416.066667
426.133333
5.066667
21.2
5.0
20.0
291.666667
273.933333
15.066667
142.1
289.033333
25.033333
284.933333
31.9
20.133333
113.766667
5.066667
147.166667
146.833333
24.8
5.066667
136.966667
337.333333
596.033333
274.133333
137.266667
137.1
16.766667
10.0
20.133333
146.966667
15.0
147.033333
279.1
23.366667
293.0
10.1
5.033333
5.066667
15.333333
15.0
6.633333
15.133333
145.6
5.066667
274.0
137.2
284.1
27.733333
250.366667
137.033333
15.133333
239.733333
5.033333
147.1
15.1
5.0
10.033333
17.466667
10.0
142.033333
10.0
25.066667
10.266667
10.066667
10.133333
15.066667
5.1
24.9
15.066667
10.033333
171.7
284.066667
19.3
10.066667
136.966667
5.033333
17.633333
162.033333
5.0
181.533333
157.166667
5.066667
10.166667
11.733333
35.733333
5.033333
279.166667
142.1
274.2
6.066667
137.133333
340.8
25.6
152.0
137.033333
142.033333
142.133333
11.733333
5.033333
289.066667
137.0
137.066667
10.033333
147.4
104.133333
10.1
15.066667
15.0
5.133333
22.566667
147.066667
20.066667
149.433333
44.3
5.1
192.6
10.1
243.833333
152.0
284.1
5.033333
20.133333
157.1
137.066667
5.066667
136.933333
20.0
157.8
5.1
10.1
137.133333
5.0
142.233333
15.033333
137.2
147.066667
137.066667
136.633333
5.366667
21.233333
15.066667
5.2
5.1
137.0
5.033333
147.0
151.066667
5.066667
10.2
137.066667
66.766667
20.1
83.7
7.133333
25.2
157.1
5.733333
25.233333
293.933333
15.066667
137.133333
5.0
137.133333
265.966667
5.1
234.066667
137.033333
137.1
39.866667
137.033333
5.0
273.866667
186.666667
147.2
10.166667
179.233333
136.966667
279.033333
8.6
5.066667
10.066667
136.9
17.066667
264.866667
246.766667
398.433333
5.066667
353.8
5.0
144.3
176.933333
262.066667
136.966667
152.0
10.033333
15.1
5.1
331.166667
10.0
20.133333
15.066667
152.0
10.066667
5.0
40.433333
10.033333
9.266667
5.066667
84.4
292.4
157.133333
142.033333
15.066667
5.133333
10.033333
5.0
136.966667
147.566667
20.1
25.166667
137.033333
10.066667
250.033333
109.7
109.733333
142.1
421.066667
15.033333
152.2
430.9
9.333333
15.2
137.0
288.933333
137.066667
10.133333
10.033333
10.1
273.933333
20.433333
11.533333
20.133333
137.1
9.0
194.0
136.966667
152.0
89.366667
5.033333
5.033333
10.166667
25.166667
5.033333
340.166667
82.633333
18.666667
280.766667
365.866667
5.0
5.033333
16.066667
138.0
22.1
137.066667
20.733333
76.366667
293.0
142.033333
142.033333
137.033333
20.066667
10.566667
10.1
15.066667
15.033333
299.133333
148.3
23.966667
162.733333
5.1
10.166667
142.066667
5.033333
147.933333
142.1
40.033333
5.066667
15.033333
137.066667
137.1
5.066667
152.066667
147.0
294.133333
15.1
152.1
32.533333
255.1
5.033333
222.866667
242.866667
137.0
294.166667
5.066667
17.133333
5.3
137.066667
162.1
295.033333
15.0
10.033333
10.133333
137.033333
137.066667
153.4
137.0
141.9
147.033333
15.066667
147.1
141.966667
5.1
147.033333
69.333333
148.233333
137.033333
137.033333
279.0
167.8
137.166667
10.133333
421.033333
15.066667
137.1
137.033333
147.1
5.033333
5.1
368.466667
147.1
15.366667
11.6
15.066667
5.166667
5.033333
151.533333
99.133333
283.933333
147.033333
136.933333
118.766667
124.3
147.266667
5.033333
5.0
5.033333
5.0
153.233333
147.033333
10.0
5.133333
5.033333
21.566667
279.066667
411.0
105.333333
62.633333
15.033333
5.1
10.066667
280.866667
200.733333
5.033333
152.733333
5.066667
12.5
67.6
15.033333
5.033333
8.633333
137.033333
294.266667
15.066667
152.066667
10.166667
137.033333
20.166667
279.1
152.633333
10.033333
284.066667
274.066667
284.033333
147.166667
284.0
10.133333
136.966667
279.1
5.0
10.1
5.033333
20.133333
274.133333
137.1
118.433333
137.2
18.033333
26.1
376.833333
279.0
10.1
279.2
15.1
10.033333
10.033333
64.433333
158.233333
382.1
440.866667
137.0
5.033333
558.166667
558.166667
142.1
274.033333
20.066667
142.0
25.1
157.066667
284.033333
147.0
162.3
24.266667
410.833333
147.066667
9.033333
71.666667
116.7
137.066667
5.066667
90.2
112.133333
5.033333
25.066667
116.0
15.166667
294.266667
57.5
107.0
5.066667
11.233333
5.033333
5.033333
5.0
76.633333
22.433333
8.133333
62.3
14.933333
9.933333
273.833333
288.833333
15.066667
5.066667
146.966667
136.8
136.966667
10.066667
5.066667
274.133333
5.733333
43.633333
15.033333
147.033333
151.9
42.2
13.3
5.0
95.933333
5.133333
5.1
15.2
25.1
15.1
30.033333
157.4
5.1
15.0
10.466667
279.0
557.866667
137.033333
5.1
15.1
159.033333
5.166667
426.133333
5.033333
15.166667
5.166667
5.0
274.033333
142.0
137.066667
142.066667
8.666667
5.033333
5.1
147.266667
15.733333
97.9
142.1
5.066667
5.066667
152.1
5.033333
20.1
142.1
5.1
5.1
107.833333
5.066667
33.966667
156.166667
16.533333
15.133333
10.066667
145.933333
5.0
301.166667
5.166667
10.033333
36.4
23.466667
83.466667
10.166667
165.266667
137.0
10.0
28.766667
328.833333
283.9
5.2
137.033333
152.166667
272.5
5.1
136.966667
137.0
294.1
10.1
10.033333
23.533333
147.466667
10.066667
22.9
5.066667
182.2
25.066667
15.1
137.066667
8.666667
143.233333
39.066667
15.033333
137.033333
5.066667
5.033333
20.1
20.066667
6.3
5.066667
5.033333
6.433333
5.166667
46.333333
5.033333
15.033333
12.266667
5.033333
5.3
76.533333
15.033333
241.033333
266.733333
10.1
137.066667
274.1
10.033333
5.0
5.1
15.1
10.033333
157.066667
58.833333
15.066667
5.033333
10.033333
5.0
15.1
161.733333
148.8
5.1
158.966667
284.166667
5.0
20.033333
10.0
157.2
5.033333
142.1
5.033333
14.533333
192.133333
5.033333
5.0
142.066667
137.066667
684.8
274.033333
137.0
20.133333
10.066667
411.133333
284.233333
24.4
20.166667
5.033333
274.0
108.266667
162.066667
178.633333
8.033333
147.066667
547.866667
284.066667
137.033333
142.1
5.666667
162.266667
10.066667
147.033333
15.1
15.1
54.233333
410.833333
10.1
136.933333
142.066667
73.966667
137.166667
150.366667
141.9
109.2
136.933333
136.866667
136.933333
142.033333
142.066667
10.033333
67.666667
142.066667
14.966667
156.966667
5.0
137.066667
5.0
147.066667
10.133333
5.066667
137.233333
142.0
137.033333
21.5
15.033333
20.0
5.066667
151.933333
15.033333
5.133333
137.1
15.1
63.9
15.7
29.866667
221.266667
20.1
5.033333
5.033333
10.0
150.933333
78.1
5.0
142.033333
300.6
279.1
5.066667
411.133333
142.133333
5.0
5.066667
5.0
288.1
283.766667
15.033333
274.0
15.033333
5.0
318.866667
25.733333
10.066667
20.1
272.733333
15.166667
137.033333
10.033333
15.066667
210.933333
185.633333
137.066667
5.066667
156.5
10.0
22.566667
136.966667
37.8
15.066667
10.366667
137.166667
273.9
21.233333
5.033333
121.166667
225.766667
5.033333
5.033333
288.766667
136.9
142.1
15.066667
288.933333
5.0
142.033333
142.166667
157.033333
157.066667
15.066667
5.033333
156.866667
274.0
142.033333
136.966667
137.033333
274.033333
5.0
10.0
136.933333
137.166667
136.933333
15.0
137.066667
137.066667
162.166667
5.033333
142.033333
137.066667
261.833333
199.4
5.033333
137.1
137.166667
141.933333
15.066667
25.066667
162.2
10.133333
15.033333
10.1
395.433333
122.9
20.5
162.033333
7.2
13.533333
15.1
295.8
141.933333
15.1
346.4
117.066667
15.0
19.733333
274.0
134.866667
5.0
5.066667
10.033333
158.666667
13.233333
291.7
146.966667
10.1
5.066667
15.133333
136.966667
5.033333
157.033333
15.066667
15.033333
10.166667
279.666667
10.133333
10.1
290.033333
145.833333
137.1
137.1
25.1
157.366667
147.5
147.933333
178.633333
146.933333
157.966667
157.0
15.0
5.1
142.133333
33.166667
5.1
137.1
144.933333
5.133333
152.0
293.966667
10.0
20.233333
182.8
10.033333
264.066667
81.266667
5.033333
11.9
60.566667
5.033333
142.066667
10.0
137.1
147.2
280.5
180.8
279.0
274.1
279.133333
284.1
284.333333
152.866667
147.133333
137.0
15.1
5.066667
165.366667
157.033333
147.033333
137.066667
279.1
285.966667
276.9
142.133333
162.066667
369.333333
152.066667
5.1
152.1
137.0
284.066667
152.033333
152.133333
137.033333
284.1
137.1
147.066667
10.0
8.366667
5.066667
147.1
10.1
329.666667
5.066667
10.133333
5.066667
137.0
363.5
152.1
279.066667
421.0
157.266667
22.9
279.033333
421.633333
137.2
10.1
5.033333
5.1
136.9
20.033333
137.166667
137.033333
20.033333
281.8
137.0
147.1
10.033333
16.166667
183.4
137.033333
10.1
8.266667
57.533333
271.233333
137.1
144.966667
289.233333
142.0
147.133333
147.1
142.0
5.133333
10.0
16.466667
10.066667
10.033333
5.066667
20.033333
5.066667
10.066667
10.2
141.966667
5.066667
5.1
10.033333
147.033333
25.166667
146.8
5.133333
10.433333
189.4
284.1
193.266667
279.166667
5.066667
287.366667
415.966667
150.0
25.1
132.2
425.9
25.033333
30.2
30.1
137.033333
6.3
54.8
157.466667
289.066667
5.066667
152.133333
6.0
141.966667
26.666667
145.1
5.133333
13.833333
137.1
5.033333
307.433333
142.0
12.7
137.0
294.1
137.066667
137.1
288.966667
137.133333
5.033333
10.066667
10.066667
169.2
137.033333
5.066667
157.233333
147.066667
5.033333
5.033333
33.966667
281.166667
122.066667
138.633333
5.066667
445.166667
10.233333
5.1
157.166667
279.066667
136.933333
147.1
294.233333
6.4
283.933333
137.033333
15.066667
153.133333
25.1
289.466667
10.0
284.066667
15.133333
5.166667
20.166667
108.466667
416.0
294.033333
5.8
142.1
416.066667
10.133333
5.033333
110.233333
152.033333
152.033333
23.5
5.033333
157.133333
5.133333
142.1
137.033333
25.0
137.033333
165.033333
147.166667
152.166667
152.566667
147.1
6.966667
149.266667
142.066667
146.966667
146.833333
5.9
142.1
142.033333
146.233333
5.166667
5.133333
5.066667
112.866667
137.1
289.066667
15.1
10.066667
20.1
5.066667
158.833333
11.933333
133.366667
6.633333
279.033333
142.033333
15.066667
10.066667
5.1
16.033333
137.066667
10.033333
139.1
281.6
20.1
102.133333
15.166667
18.033333
5.033333
157.0
25.066667
5.1
89.2
5.066667
11.6
426.0
152.033333
5.033333
189.5
162.1
142.1
338.633333
162.1
7.1
21.966667
15.0
264.166667
151.933333
284.0
294.166667
10.1
5.066667
147.1
137.0
16.6
136.933333
289.033333
279.133333
5.066667
10.366667
165.233333
312.5
446.4
9.433333
108.866667
5.066667
5.0
267.766667
137.066667
157.033333
20.133333
136.966667
137.066667
10.0
5.033333
137.1
147.066667
137.066667
142.033333
203.433333
5.033333
16.433333
142.0
15.133333
247.733333
5.066667
20.066667
20.0
137.166667
144.4
137.066667
210.566667
5.133333
279.066667
137.1
142.0
137.033333
136.966667
5.066667
137.1
137.1
15.066667
5.033333
10.033333
15.0
15.066667
142.133333
13.233333
141.733333
10.033333
274.066667
279.1
5.0
10.033333
15.033333
142.133333
274.066667
152.233333
284.066667
411.0
5.0
162.133333
147.033333
284.033333
158.233333
5.066667
274.033333
5.0
287.433333
160.666667
359.0
293.933333
5.066667
282.1
10.033333
20.066667
147.166667
293.4
11.366667
274.133333
137.0
5.033333
236.066667
5.033333
136.966667
165.966667
655.2
152.0
5.066667
10.1
260.633333
158.033333
137.1
226.833333
147.033333
5.033333
137.0
5.066667
147.066667
287.933333
137.0
137.0
283.966667
278.966667
69.766667
10.0
15.0
10.166667
8.566667
8.9
79.766667
142.133333
146.966667
15.166667
5.0
152.0
156.1
15.033333
90.4
271.633333
10.166667
274.066667
25.033333
5.0
157.033333
5.033333
10.1
35.966667
136.966667
137.0
142.133333
10.066667
288.866667
5.066667
25.133333
33.4
15.0
10.0
137.033333
5.166667
24.166667
283.933333
142.066667
147.033333
5.0
100.9
283.866667
10.133333
137.0
119.7
10.033333
10.033333
137.0
15.166667
10.533333
162.133333
10.033333
159.2
279.1
137.133333
5.033333
5.433333
27.266667
279.066667
5.1
289.166667
5.033333
147.0
15.0
5.066667
5.133333
25.033333
137.166667
10.033333
226.933333
5.033333
283.1
147.0
5.1
137.033333
51.8
12.233333
318.133333
5.033333
147.033333
279.133333
10.033333
251.033333
15.033333
128.2
279.133333
151.9
5.033333
8.566667
137.066667
5.066667
389.633333
75.233333
15.033333
179.666667
5.0
289.366667
166.533333
284.033333
15.0
359.333333
108.733333
127.366667
20.033333
110.0
10.133333
117.566667
279.033333
85.366667
137.066667
148.3
425.1
142.0
278.933333
157.0
142.133333
159.133333
160.233333
155.466667
295.3
16.333333
284.033333
279.066667
142.0
136.9
36.8
279.133333
152.0
136.933333
5.0
137.033333
5.166667
137.1
25.1
293.333333
142.166667
5.066667
155.466667
15.0
90.1
142.133333
5.1
147.133333
147.0
411.033333
5.0
147.133333
283.933333
137.0
274.8
142.6
137.166667
136.833333
136.966667
5.066667
142.233333
147.166667
15.0
10.033333
25.166667
142.066667
256.2
10.066667
9.9
5.066667
289.066667
5.066667
25.0
15.0
31.133333
157.066667
94.166667
5.033333
5.033333
157.7
207.333333
38.466667
151.9
137.033333
270.933333
137.033333
121.666667
5.166667
152.666667
5.033333
5.066667
16.0
142.0
142.0
274.033333
137.133333
137.0
284.133333
5.0
103.666667
20.0
10.1
137.066667
15.066667
10.066667
142.133333
25.166667
27.1
10.033333
137.033333
10.1
15.033333
137.066667
25.333333
147.566667
142.566667
137.0
25.0
10.066667
410.833333
152.033333
10.133333
298.166667
15.8
136.966667
48.9
10.066667
5.066667
10.033333
10.0
5.0
5.0
142.0
5.033333
15.066667
141.966667
12.433333
193.733333
5.066667
5.033333
279.033333
5.1
142.1
39.166667
142.133333
15.1
162.1
284.066667
5.033333
147.1
147.1
27.566667
94.666667
137.066667
423.1
426.033333
167.233333
21.066667
142.033333
152.1
6.866667
273.866667
240.9
274.0
24.2
279.2
137.0
5.033333
247.466667
142.033333
286.333333
5.1
16.733333
279.066667
15.066667
5.3
137.133333
278.866667
5.0
206.4
283.9
137.0
278.966667
137.033333
16.966667
5.166667
137.166667
157.033333
5.0
15.0
157.166667
398.4
137.033333
5.033333
142.2
147.166667
137.133333
142.066667
147.066667
5.033333
147.1
10.1
10.1
147.733333
152.033333
279.033333
426.166667
61.533333
146.933333
284.066667
176.2
5.1
274.033333
5.0
294.066667
10.0
11.5
142.0
196.033333
102.066667
5.066667
20.333333
271.333333
10.033333
5.033333
411.1
10.0
5.066667
93.666667
147.033333
40.866667
147.166667
284.1
158.933333
15.1
147.033333
137.1
221.166667
153.233333
517.2
133.6
278.933333
249.266667
279.033333
410.933333
5.033333
163.533333
46.866667
10.033333
137.033333
15.9
295.1
15.133333
136.833333
152.066667
10.066667
152.066667
10.0
10.066667
137.0
140.8
20.1
10.0
151.966667
15.1
147.066667
10.0
153.266667
287.633333
5.0
142.2
147.166667
15.133333
142.033333
5.066667
137.033333
5.033333
20.1
147.133333
5.033333
5.066667
10.1
274.1
5.033333
137.0
10.0
144.466667
5.033333
5.1
162.033333
43.1
278.966667
302.333333
152.066667
146.966667
10.166667
157.966667
147.0
212.4
137.066667
57.133333
147.066667
143.2
10.133333
5.0
156.966667
5.033333
194.766667
162.066667
10.1
136.933333
137.0
146.4
137.1
20.033333
5.033333
5.1
142.066667
5.166667
5.866667
142.0
10.033333
15.1
136.966667
5.033333
155.4
25.1
15.0
274.066667
278.966667
137.066667
147.133333
137.266667
15.133333
5.066667
278.966667
5.133333
5.0
5.0
15.1
15.033333
137.1
152.033333
137.033333
279.066667
147.166667
10.033333
147.333333
5.066667
146.833333
5.033333
147.0
80.266667
137.133333
136.9
5.0
147.1
5.0
150.133333
136.966667
137.033333
78.2
92.266667
137.0
15.033333
5.066667
10.066667
25.166667
162.033333
137.1
146.966667
10.0
263.533333
137.1
137.0
6.566667
146.966667
10.033333
147.033333
5.0
142.0
143.233333
20.066667
258.1
425.966667
5.0
141.966667
426.1
12.6
45.2
15.1
152.266667
10.033333
5.066667
147.233333
137.066667
98.5
152.266667
154.7
284.033333
137.033333
284.1
15.233333
10.0
20.1
11.066667
152.066667
137.033333
284.2
23.766667
5.0
5.033333
5.033333
82.2
5.1
6.866667
11.4
10.133333
5.0
5.033333
55.7
5.0
153.833333
142.0
180.633333
5.0
12.066667
152.033333
73.1
136.966667
147.166667
10.166667
284.1
147.1
152.133333
137.066667
153.7
176.233333
137.066667
29.933333
142.066667
38.466667
5.0
147.2
5.033333
28.333333
11.466667
5.066667
149.833333
301.733333
16.833333
157.033333
283.966667
15.1
137.033333
172.0
15.1
274.033333
15.066667
141.966667
157.066667
283.966667
136.966667
5.033333
158.566667
11.4
10.066667
152.033333
15.1
120.366667
5.066667
5.066667
5.066667
5.066667
16.866667
284.1
10.1
279.066667
11.9
284.266667
10.033333
20.2
20.133333
147.066667
5.066667
152.2
10.066667
344.033333
409.133333
282.533333
145.466667
218.7
147.1
136.933333
10.166667
25.1
137.033333
10.033333
5.0
279.266667
15.033333
294.633333
137.066667
5.033333
157.366667
279.133333
421.133333
123.333333
265.933333
151.533333
273.9
152.033333
273.933333
5.066667
5.033333
137.1
142.0
273.933333
106.8
137.033333
194.0
157.0
152.5
274.033333
5.1
5.033333
279.1
136.966667
15.033333
10.0
137.033333
137.0
67.7
142.1
6.8
25.1
10.0
20.1
141.9
137.0
136.466667
258.1
136.966667
136.966667
5.1
15.033333
137.1
162.1
137.0
142.033333
5.033333
157.166667
5.1
42.566667
5.1
15.033333
7.3
274.066667
5.1
15.1
147.033333
20.066667
20.033333
10.1
154.7
137.1
16.466667
154.433333
5.033333
5.7
5.033333
284.1
411.0
5.033333
137.066667
137.1
5.033333
8.133333
10.033333
5.1
137.0
5.1
20.033333
167.966667
157.033333
8.866667
203.4
15.0
21.8
214.166667
147.033333
150.866667
152.1
289.033333
15.466667
137.033333
300.8
273.966667
410.966667
5.066667
142.033333
480.433333
456.3
157.1
147.033333
420.866667
252.133333
5.0
284.0
15.033333
10.0
244.6
82.233333
5.0
162.466667
25.566667
416.066667
46.533333
179.666667
411.1
5.066667
416.233333
5.033333
157.033333
5.1
10.066667
5.033333
147.0
230.733333
279.666667
185.133333
5.066667
119.3
5.533333
37.4
56.3
137.066667
51.233333
10.033333
15.0
126.966667
149.066667
279.0
157.066667
10.133333
5.1
10.0
137.066667
15.066667
147.0
149.2
5.066667
20.066667
11.466667
152.033333
15.1
10.133333
5.1
15.1
10.033333
10.033333
25.066667
21.0
15.1
5.233333
5.0
149.5
13.8
6.333333
137.066667
15.0
141.9
129.133333
165.0
15.0
256.366667
137.033333
147.066667
137.133333
15.1
15.033333
20.033333
165.666667
137.166667
284.1
147.366667
136.933333
137.1
15.0
5.066667
40.9
157.066667
151.933333
238.766667
152.266667
5.133333
183.866667
157.066667
552.933333
327.5
401.933333
420.9
415.966667
5.133333
5.233333
388.433333
5.033333
5.033333
10.133333
279.1
33.9
10.0
9.0
15.3
6.433333
5.166667
427.133333
156.966667
10.066667
142.066667
137.1
137.133333
12.466667
104.233333
136.966667
152.166667
10.033333
16.533333
108.3
13.6
66.5
293.1
295.0
164.566667
136.966667
347.1
20.133333
420.933333
20.866667
15.133333
20.066667
274.166667
137.1
53.8
11.2
279.566667
15.166667
137.3
142.0
5.1
5.166667
147.066667
289.033333
137.166667
289.2
18.466667
5.033333
144.8
5.033333
160.566667
160.466667
232.9
141.933333
10.133333
17.833333
147.066667
20.166667
5.033333
147.633333
68.0
147.733333
142.133333
136.966667
38.333333
15.1
6.066667
137.066667
289.733333
10.033333
6.766667
283.766667
137.133333
150.9
5.1
95.266667
20.2
154.833333
184.933333
415.933333
137.133333
85.733333
408.833333
267.066667
282.066667
10.1
284.1
142.066667
137.0
137.033333
137.1
147.1
15.033333
20.066667
147.1
142.066667
142.1
152.066667
299.0
15.033333
305.366667
246.7
25.166667
26.166667
137.133333
5.066667
274.066667
411.0
5.133333
5.0
91.3
172.7
416.0
264.066667
137.033333
5.1
162.1
11.633333
47.0
326.466667
235.033333
149.8
142.066667
7.866667
5.066667
6.533333
5.066667
83.466667
5.033333
152.1
31.633333
147.033333
5.0
15.0
5.033333
9.966667
245.1
136.966667
16.5
288.966667
12.6
24.833333
15.2
6.466667
20.533333
144.566667
137.033333
136.966667
157.766667
167.766667
157.2
158.8
10.033333
5.066667
147.1
5.033333
10.1
6.233333
136.966667
5.033333
5.033333
274.133333
284.166667
313.966667
142.0
6.2
199.433333
20.066667
152.7
5.0
147.2
5.133333
10.1
5.166667
5.033333
147.1
7.366667
170.533333
146.933333
235.2
248.5
147.2
5.0
149.333333
30.1
5.133333
273.966667
10.033333
147.033333
142.133333
5.066667
147.066667
157.9
101.3
5.0
20.5
5.0
5.1
137.033333
152.166667
5.066667
15.166667
5.133333
18.0
22.533333
273.8
52.966667
137.0
26.733333
20.0
10.133333
10.1
28.433333
10.033333
20.0
136.966667
277.233333
26.533333
5.066667
5.0
273.933333
15.166667
10.133333
172.6
151.966667
15.2
5.0
20.066667
10.1
267.866667
20.033333
25.133333
146.866667
142.066667
265.533333
422.666667
17.5
278.9
289.2
152.066667
10.033333
10.066667
20.0
11.566667
6.066667
148.166667
5.1
30.3
252.166667
5.066667
142.0
142.9
5.033333
6.666667
10.066667
15.1
5.1
10.0
5.1
143.366667
80.1
123.266667
288.833333
5.0
141.9
146.966667
137.0
5.066667
7.666667
5.1
281.133333
325.566667
147.0
141.933333
10.0
10.033333
246.0
205.733333
147.1
20.133333
69.566667
137.033333
142.0
147.2
19.233333
10.0
5.1
9.966667
127.833333
10.066667
94.3
10.3
135.666667
5.0
75.6
152.033333
30.466667
151.9
136.833333
238.166667
136.9
10.066667
171.6
173.166667
345.4
142.066667
426.066667
110.566667
142.1
137.033333
10.033333
142.1
147.1
137.0
5.066667
5.033333
30.1
69.7
297.0
173.166667
157.066667
335.833333
5.033333
142.033333
5.0
15.133333
46.2
165.733333
147.0
293.633333
10.0
416.233333
415.966667
10.1
26.766667
10.033333
5.2
150.9
15.066667
252.133333
15.033333
146.9
280.933333
25.033333
10.066667
20.066667
15.1
5.066667
11.133333
10.033333
142.033333
154.366667
137.133333
5.2
147.133333
20.066667
162.5
147.633333
210.433333
152.133333
10.0
10.0
10.066667
10.066667
5.0
32.566667
10.1
6.766667
5.133333
5.266667
20.066667
25.266667
317.033333
189.1
5.066667
5.133333
164.8
5.033333
142.0
5.033333
12.433333
5.0
149.966667
196.766667
137.1
5.0
137.033333
147.0
5.033333
5.1
136.933333
13.0
15.033333
5.0
279.066667
289.0
278.9
147.066667
15.033333
137.066667
15.1
137.1
137.1
137.066667
136.9
5.0
20.1
15.133333
25.2
425.966667
137.066667
5.066667
122.033333
5.033333
134.033333
5.066667
124.366667
137.1
147.033333
5.033333
152.166667
5.033333
5.0
5.066667
142.066667
10.066667
5.133333
10.233333
5.1
129.3
147.0
5.066667
255.633333
162.4
80.966667
7.466667
20.0
7.1
257.533333
281.633333
188.633333
8.466667
579.333333
15.0
411.0
179.133333
279.0
142.066667
164.1
152.1
147.066667
7.966667
25.2
178.0
341.333333
5.0
521.566667
294.133333
137.1
147.033333
146.8
5.233333
137.0
5.033333
396.333333
5.0
10.1
137.0
5.033333
136.966667
5.033333
18.866667
5.033333
10.1
142.133333
15.1
141.9
69.966667
147.0
279.133333
152.066667
15.033333
137.033333
116.9
5.066667
273.833333
15.033333
142.033333
137.066667
283.2
278.033333
87.533333
188.4
279.066667
137.166667
22.2
416.033333
117.433333
5.033333
147.166667
137.033333
152.133333
415.966667
25.666667
15.066667
5.033333
147.133333
137.033333
137.033333
273.933333
162.1
292.1
225.533333
20.1
20.033333
10.066667
137.066667
137.2
225.566667
380.966667
142.066667
136.966667
136.933333
142.166667
96.933333
137.066667
10.066667
99.033333
289.1
226.3
15.166667
10.1
5.233333
5.066667
150.7
5.1
237.466667
10.166667
10.0
136.9
10.033333
15.133333
5.0
15.066667
269.866667
32.7
9.333333
315.3
5.033333
11.133333
86.333333
5.033333
15.033333
152.1
16.666667
147.033333
142.0
162.3
5.033333
15.033333
20.066667
101.033333
10.133333
289.1
5.1
284.066667
289.066667
142.0
153.133333
289.2
5.0
152.0
5.066667
152.1
289.1
20.1
5.0
17.1
318.9
10.066667
152.0
5.1
410.7
283.466667
20.1
137.233333
10.066667
274.166667
5.033333
152.133333
147.133333
285.933333
279.033333
5.033333
25.133333
137.1
147.2
421.166667
5.033333
136.533333
181.633333
5.766667
137.133333
25.066667
416.033333
20.033333
147.1
6.3
70.233333
5.1
10.033333
162.333333
35.033333
162.133333
5.033333
274.133333
239.466667
137.2
137.0
5.066667
137.0
13.866667
8.933333
140.4
217.3
15.066667
146.833333
20.1
21.766667
294.1
15.133333
5.0
10.033333
137.233333
414.166667
5.0
10.066667
20.166667
147.033333
147.1
136.933333
137.066667
5.066667
288.966667
151.0
137.0
5.133333
5.0
186.533333
284.1
47.7
291.7
137.033333
142.133333
278.833333
142.0
289.0
318.833333
5.033333
274.033333
146.933333
25.933333
189.9
5.0
142.133333
5.0
284.1
66.033333
9.333333
20.033333
152.833333
152.0
10.0
10.1
10.033333
10.1
5.0
156.966667
15.033333
20.0
126.4
20.033333
147.033333
61.2
144.5
20.1
19.1
142.0
137.033333
142.066667
18.866667
66.766667
5.033333
20.033333
10.066667
15.1
293.933333
15.1
20.066667
147.033333
137.133333
25.133333
5.066667
16.466667
8.966667
142.033333
137.133333
10.133333
241.766667
5.033333
221.1
137.0
137.166667
5.066667
10.233333
5.033333
6.633333
8.3
15.2
291.433333
25.0
14.2
10.066667
269.366667
22.566667
275.9
5.4
158.966667
323.8
5.033333
141.966667
5.033333
152.133333
10.0
143.233333
137.066667
147.133333
5.066667
137.0
124.366667
137.0
15.133333
69.966667
20.066667
5.1
5.066667
5.066667
162.1
25.066667
5.1
25.0
137.033333
421.1
5.033333
499.733333
15.133333
5000
137.0
153.9
274.0
684.733333
243.066667
136.966667
410.866667
10.066667
152.066667
137.033333
147.1
161.0
5.033333
142.066667
5.033333
147.033333
142.533333
156.866667
15.0
10.7
163.1
284.0
20.066667
146.833333
142.133333
274.1
5.033333
99.6
152.233333
274.066667
5.033333
26.066667
410.9
426.033333
137.166667
146.966667
289.133333
137.066667
142.0
147.1
136.966667
5.033333
15.133333
274.0
20.0
5.033333
20.066667
15.166667
5.066667
5.066667
10.033333
279.0
142.066667
26.2
278.966667
23.333333
134.433333
15.1
15.133333
279.1
115.233333
119.433333
5.0
20.933333
10.166667
90.0
136.966667
141.966667
285.0
142.066667
10.2
5.033333
10.0
154.2
137.066667
147.066667
20.0
142.1
147.066667
120.3
20.066667
5.033333
15.066667
25.133333
33.766667
137.0
287.066667
129.733333
143.4
152.1
172.3
5.033333
400.3
10.1
5.066667
15.1
176.5
5.066667
5.033333
236.733333
279.033333
87.4
5.1
75.066667
10.0
149.0
16.8
48.2
5.033333
207.366667
137.0
15.0
142.0
274.133333
279.833333
10.066667
284.066667
421.1
146.966667
25.333333
136.933333
137.066667
6.6
136.933333
150.466667
414.966667
142.033333
289.566667
147.066667
5.0
142.033333
30.066667
31.2
20.0
30.166667
7.566667
5.033333
142.066667
5.066667
20.1
137.1
311.133333
5.033333
416.0
15.1
10.033333
5.033333
136.833333
86.133333
5.033333
5.033333
15.066667
152.066667
99.866667
10.1
5.066667
137.0
16.766667
5.0
75.366667
15.033333
5.033333
5.1
155.233333
12.233333
5.0
10.033333
5.0
5.033333
70.233333
137.0
7.333333
25.066667
7.0
147.766667
138.666667
157.1
20.0
278.9
137.0
5.0
289.133333
274.033333
10.1
20.133333
172.733333
278.866667
279.0
16.8
38.0
137.066667
70.3
162.366667
10.033333
10.066667
278.966667
142.033333
5.066667
141.933333
404.433333
137.133333
288.966667
15.2
137.033333
137.033333
137.133333
63.166667
10.1
273.933333
5.233333
137.133333
5.033333
20.033333
101.433333
46.666667
152.033333
8.3
5.033333
5.033333
16.433333
5.1
5.033333
5.033333
18.2
10.366667
15.933333
143.366667
15.066667
10.066667
160.866667
12.433333
8.8
120.833333
31.266667
137.0
157.033333
141.933333
146.966667
558.066667
15.033333
5.1
558.066667
142.1
5.0
190.566667
5.066667
281.633333
10.0
137.066667
15.033333
284.1
142.066667
279.0
137.033333
292.833333
5.066667
162.033333
10.066667
5.0
10.133333
153.633333
426.133333
153.5
143.033333
157.266667
256.866667
10.0
147.133333
283.966667
137.0
426.133333
284.1
183.9
137.166667
177.733333
142.066667
136.933333
152.066667
137.166667
149.166667
137.133333
5.133333
15.066667
20.3
10.033333
238.933333
91.6
11.233333
279.0
5.066667
274.133333
20.0
298.7
5.033333
10.1
17.5
25.066667
136.333333
11.966667
148.966667
13.1
137.133333
301.266667
289.8
10.166667
10.0
411.033333
5.033333
278.8
5.033333
15.033333
293.933333
137.133333
83.4
15.0
5.1
10.2
114.433333
20.033333
18.833333
5.033333
5.033333
22.133333
5.033333
5.1
15.1
131.266667
146.933333
25.066667
5.033333
5.033333
18.833333
22.4
283.333333
142.1
274.0
5.066667
152.0
146.933333
152.133333
160.633333
264.833333
284.1
5.066667
142.066667
5.0
16.1
18.2
150.866667
15.066667
257.733333
20.133333
5.733333
5.066667
6.3
152.1
8.0
180.9
147.166667
5.0
137.0
142.066667
12.233333
147.166667
15.066667
289.0
136.966667
5.0
10.2
137.066667
141.933333
147.066667
93.666667
5.0
5.066667
15.066667
27.166667
15.133333
25.2
295.033333
10.066667
9.666667
5.033333
5.033333
5.466667
5.033333
5.066667
5.033333
161.933333
5.033333
5.033333
111.166667
5.033333
152.1
157.1
16.433333
5.066667
101.7
8.6
15.133333
10.033333
137.1
27.1
79.733333
15.0
99.633333
137.066667
5.1
5.066667
159.366667
12.933333
15.033333
94.4
15.233333
152.0
5.066667
228.1
10.1
142.2
15.133333
5.033333
137.033333
15.033333
5.033333
137.066667
137.033333
20.066667
8.133333
151.966667
8.4
5.133333
5.033333
137.133333
152.033333
142.566667
147.0
5.0
137.066667
152.1
20.033333
5.1
147.0
10.0
136.966667
147.166667
168.9
104.766667
121.233333
141.433333
146.766667
157.066667
142.066667
137.0
294.1
10.033333
18.033333
98.433333
136.9
142.2
141.9
15.1
25.166667
10.1
5.2
103.466667
5.066667
145.2
141.966667
131.333333
32.033333
57.1
5.066667
137.0
142.5
136.966667
155.2
8.133333
629.966667
274.033333
10.133333
553.1
20.0
274.033333
552.966667
414.133333
274.033333
15.066667
411.1
5.066667
137.066667
278.933333
152.1
5.0
137.066667
137.033333
15.1
146.966667
137.033333
17.733333
5.033333
104.833333
152.0
5.066667
62.233333
146.666667
5.0
5.0
411.033333
5.066667
135.366667
142.1
142.066667
5.033333
294.1
22.833333
5.066667
5.033333
5.066667
15.133333
10.033333
5.133333
5.033333
142.033333
137.033333
137.1
26.0
137.066667
10.1
5.066667
284.033333
5.033333
20.0
5.033333
425.833333
137.033333
152.066667
137.1
14.066667
129.366667
146.966667
174.466667
8.933333
147.133333
142.066667
419.0
15.133333
13.466667
5.0
137.0
38.866667
146.9
137.066667
20.0
137.0
5.0
5.0
15.066667
10.066667
21.633333
5.0
5.1
35.1
5.033333
283.9
15.0
276.066667
5.066667
258.633333
130.3
94.566667
116.333333
279.133333
10.033333
5.033333
327.3
553.166667
136.933333
537.9
147.166667
157.033333
147.2
15.1
5.066667
15.033333
685.166667
147.1
5.966667
289.0
137.1
147.2
5.1
142.033333
10.1
15.033333
5.1
279.166667
10.066667
91.7
209.033333
147.066667
5.0
141.933333
280.266667
156.2
137.1
157.733333
136.8
15.033333
116.9
206.933333
289.633333
137.1
279.033333
157.366667
294.1
147.1
162.733333
278.966667
10.033333
284.1
5.033333
5.166667
10.033333
152.133333
284.066667
147.033333
5.066667
11.266667
5.033333
13.333333
10.066667
284.033333
288.9
24.133333
5.066667
5.0
142.133333
20.066667
299.033333
137.033333
20.1
5.033333
40.666667
137.1
284.9
151.966667
147.066667
137.0
5.133333
278.966667
158.9
411.033333
284.0
152.033333
147.166667
15.166667
5.033333
20.166667
274.0
152.066667
147.033333
137.0
279.066667
20.3
137.066667
5.0
279.133333
137.033333
151.933333
279.166667
279.1
10.1
5.066667
136.966667
8.233333
20.066667
142.866667
17.5
183.5
15.066667
10.033333
141.866667
5.066667
273.9
157.033333
284.233333
273.9
152.133333
152.0
274.166667
18.466667
411.066667
10.1
20.133333
147.1
5.066667
5.1
5.066667
21.333333
329.633333
15.033333
5.033333
160.5
9.8
145.3
5.0
10.1
5.066667
10.033333
25.033333
24.566667
50.233333
5.0
5.066667
15.0
25.033333
19.566667
5.066667
5.6
127.666667
137.366667
96.666667
5.066667
142.133333
5.033333
29.366667
147.066667
5.066667
5.066667
10.066667
10.033333
24.5
20.033333
5.133333
150.366667
150.933333
10.066667
5.066667
15.033333
5.1
22.8
5.033333
5.166667
10.033333
5.033333
15.033333
5.033333
382.933333
15.1
149.466667
20.233333
5.066667
5.066667
39.833333
141.966667
5.033333
166.766667
22.566667
147.1
133.766667
137.0
157.066667
5.566667
210.5
5.0
22.966667
20.033333
137.166667
5.0
5.0
96.333333
15.866667
219.866667
5.033333
142.033333
147.033333
13.533333
15.133333
146.9
142.0
10.0
146.366667
137.066667
137.033333
5.1
152.6
137.0
137.066667
23.633333
226.133333
142.033333
278.833333
151.233333
146.933333
294.633333
137.066667
137.066667
313.333333
10.166667
279.033333
274.0
10.0
137.033333
137.1
132.666667
10.066667
5.1
279.0
274.066667
147.033333
25.066667
137.066667
15.066667
5.0
10.066667
146.8
5.033333
25.066667
136.833333
136.9
137.033333
142.1
279.0
278.966667
5.033333
147.0
279.1
142.066667
5.066667
148.366667
12.8
141.166667
5.0
10.133333
152.0
156.933333
136.966667
141.966667
147.1
10.1
284.066667
149.1
15.133333
151.966667
10.033333
137.1
321.233333
5.066667
57.066667
157.8
147.033333
136.9
147.033333
108.233333
142.133333
416.066667
36.766667
274.033333
410.9
279.033333
15.1
5.033333
137.066667
288.966667
5.133333
284.5
147.166667
270.1
142.066667
15.033333
152.033333
147.066667
279.6
147.033333
307.1
293.433333
10.033333
136.933333
141.933333
152.166667
289.266667
10.1
137.033333
20.066667
199.133333
283.9
137.066667
5.066667
15.1
137.0
142.166667
128.5
142.033333
147.066667
5.1
146.9
15.1
10.033333
5.166667
10.066667
16.733333
10.266667
284.033333
30.166667
15.166667
279.033333
15.166667
6.4
294.166667
5.033333
142.0
155.5
49.666667
10.033333
60.566667
242.9
134.466667
279.066667
25.1
72.5
148.1
426.166667
13.766667
68.8
5.033333
318.066667
141.866667
5.033333
280.733333
397.133333
147.066667
198.133333
274.1
274.066667
152.066667
137.033333
8.333333
88.633333
147.0
137.066667
5.033333
10.066667
146.0
5.066667
137.1
15.0
5.033333
289.033333
65.366667
132.066667
137.0
137.133333
10.033333
5.066667
5.066667
15.033333
20.2
15.1
166.166667
137.033333
5.0
152.066667
10.0
157.1
192.066667
6.2
6.933333
137.133333
284.1
284.266667
20.466667
137.1
21.0
10.1
255.3
416.066667
137.0
18.033333
94.966667
147.033333
15.033333
5.033333
136.966667
137.1
5.0
5.066667
289.133333
141.9
29.233333
10.0
147.066667
10.033333
15.066667
5.0
11.366667
137.133333
5.066667
5.033333
10.033333
67.266667
189.666667
10.1
25.533333
137.0
137.133333
41.333333
13.066667
20.033333
91.866667
30.133333
135.233333
146.766667
15.0
15.066667
10.066667
10.0
274.133333
10.1
157.133333
142.0
279.133333
18.5
86.166667
278.933333
20.133333
16.333333
5.0
137.166667
10.033333
5.166667
160.566667
161.433333
137.0
5.1
15.133333
12.866667
279.166667
152.1
421.166667
137.033333
5.233333
261.166667
114.233333
294.033333
137.166667
289.066667
137.033333
15.033333
142.066667
146.366667
10.033333
137.066667
32.466667
147.033333
15.066667
147.1
10.133333
152.166667
5.033333
152.133333
20.033333
30.566667
163.4
155.6
30.133333
5.033333
111.0
10.0
147.066667
20.1
142.1
147.033333
298.166667
15.033333
147.0
15.3
12.4
146.3
273.933333
137.0
146.9
142.066667
278.933333
5.033333
147.066667
15.033333
137.1
10.1
137.1
137.2
137.066667
137.066667
197.5
162.033333
15.133333
137.033333
142.066667
5.1
274.166667
147.033333
5.0
142.0
13.233333
246.966667
5.066667
146.933333
137.0
10.166667
20.166667
152.066667
152.2
274.066667
146.966667
152.0
6.766667
142.1
20.0
137.166667
294.233333
284.1
17.033333
273.966667
152.066667
27.7
5.0
142.033333
16.766667
10.366667
150.4
288.966667
10.066667
10.2
147.0
5.1
15.033333
5.166667
5.0
5.033333
238.766667
28.9
5.066667
8.366667
44.5
152.066667
163.866667
5.0
15.1
137.066667
10.033333
5.066667
137.1
10.0
34.8
5.1
88.133333
5.0
15.0
15.033333
15.0
17.133333
136.9
136.933333
21.233333
30.333333
18.333333
10.1
137.066667
220.366667
5.033333
137.0
5.066667
137.1
421.666667
22.366667
161.666667
136.933333
87.366667
5.133333
7.6
10.066667
33.333333
147.1
167.8
288.833333
137.033333
289.066667
137.066667
147.233333
426.066667
140.8
10.366667
5.1
177.033333
122.133333
137.066667
144.166667
160.8
426.033333
415.766667
137.1
5.0
147.0
137.133333
20.1
5.0
274.033333
72.0
273.933333
5.033333
5.0
274.0
284.066667
232.866667
142.066667
203.233333
284.0
20.033333
5.033333
5.066667
5.0
5.033333
6.166667
147.1
10.066667
5.066667
5.066667
279.0
10.1
146.966667
5.033333
168.7
147.1
145.566667
421.066667
10.3
10.1
15.033333
142.133333
142.166667
161.166667
284.3
81.166667
23.966667
244.033333
97.333333
5.166667
11.233333
336.866667
366.0
289.0
410.966667
137.066667
10.066667
137.033333
15.066667
415.866667
141.966667
231.1
126.233333
15.033333
16.533333
142.166667
311.566667
5.1
142.033333
359.6
142.1
5.033333
10.066667
279.133333
136.2
289.233333
151.933333
151.866667
152.2
289.1
10.0
142.0
137.0
281.833333
393.166667
156.9
157.066667
15.2
10.066667
15.066667
421.2
137.2
15.0
5.0
115.633333
5.0
137.033333
147.166667
215.8
5.0
52.833333
332.633333
15.0
15.0
143.4
5.1
20.033333
142.466667
137.0
5.1
5.0
154.433333
5.0
5.166667
137.033333
5.0
137.0
142.133333
157.166667
49.9
294.066667
5.033333
148.533333
5.066667
5.066667
137.066667
142.066667
10.033333
18.766667
5.066667
70.266667
152.066667
292.366667
147.066667
148.6
150.733333
5.033333
5.066667
152.233333
10.233333
5.066667
279.1
10.1
274.1
9.033333
142.0
10.1
5.033333
142.066667
15.066667
122.433333
115.6
147.033333
142.066667
283.9
5.033333
22.466667
137.033333
284.066667
416.1
44.933333
10.133333
426.233333
274.0
25.1
5.1
137.1
152.066667
416.133333
152.0
426.166667
416.233333
273.833333
152.2
136.966667
137.033333
6.2
137.066667
5.066667
136.933333
5.033333
5.066667
5.133333
137.033333
341.133333
273.9
152.366667
24.666667
137.133333
157.4
151.966667
147.066667
58.566667
15.1
296.1
5.0
14.1
30.8
281.066667
274.033333
410.866667
411.166667
284.0
10.1
279.1
15.166667
40.5
5.066667
82.133333
5.066667
157.133333
294.2
5.033333
53.366667
5.133333
10.033333
5.0
213.366667
142.133333
25.1
152.0
147.066667
137.066667
137.1
5.033333
157.1
10.033333
157.166667
147.066667
10.033333
147.066667
29.466667
147.1
157.133333
136.966667
137.033333
5.033333
5.1
235.366667
10.133333
278.866667
141.966667
229.366667
15.1
10.066667
10.066667
5.033333
5.033333
19.166667
180.666667
26.166667
284.0
5.0
14.0
195.233333
152.066667
137.1
10.133333
50.066667
5.0
162.166667
10.066667
10.033333
284.1
5.1
163.733333
273.966667
158.466667
307.333333
76.3
102.9
5.066667
116.666667
5.1
146.933333
136.933333
25.066667
148.466667
15.033333
104.533333
137.1
137.066667
266.3
8.966667
208.633333
10.066667
318.6
136.866667
15.433333
131.433333
10.0
274.066667
150.166667
151.966667
137.1
137.066667
234.9
274.133333
