0.0
0.0
0.0
0.0
0.0
0.0
0.0
0.0
0.0
0.0
0.0
0.0
0.305556
0.0
0.0
0.122807
0.0
0.0
0.0
0.056604
0.0
0.0
0.0
0.0
0.0
0.295775
0.0
0.0
0.0
0.0
0.019608
0.0
0.0
0.0
0.0
0.0
0.0
0.074074
0.404762
0.180328
0.0
0.324324
0.411765
0.0
0.350649
0.0
0.519231
0.122807
0.0
0.418605
0.0
0.0
0.0
0.0
0.324324
0.0
0.0
0.137931
0.0
0.152542
0.0
0.333333
0.642857
0.0
0.642857
0.0
0.242424
0.53271
0.375
0.0
0.0
0.0
0.0
0.0
0.462366
0.612403
0.350649
0.0
0.122807
0.637681
0.056604
0.0
0.431818
0.0
0.0
0.0
0.0
0.264706
0.0
0.253731
0.275362
0.122807
0.305556
0.305556
0.056604
0.0
0.0
0.0
0.0
0.137931
0.0
0.0
0.0
0.152542
0.444444
0.0
0.242424
0.0
0.0
0.0
0.0
0.411765
0.0
0.0
0.0
0.0
0.193548
0.253731
0.489796
0.122807
0.657534
0.438202
0.0
0.0
0.0
0.193548
0.152542
0.350649
0.0
0.107143
0.0
0.0
0.0
0.242424
0.0
0.0
0.0
0.0
0.206349
0.0
0.0
0.0
0.342105
0.0
0.166667
0.242424
0.528302
0.0
0.425287
0.0
0.0
0.0
0.206349
0.0
0.0
0.0
0.832215
0.295775
0.0
0.0
0.0
0.0
0.655172
0.479167
0.0
0.264706
0.0
0.264706
0.21875
0.0
0.253731
0.0
0.0
0.0
0.404762
0.253731
0.0
0.0
0.0
0.0
0.230769
0.0
0.456522
0.056604
0.0
0.0
0.305556
0.358974
0.180328
0.21875
0.0
0.253731
0.0
0.0
0.0
0.0
0.0
0.358974
0.411765
0.0
0.21875
0.0
0.0
0.0
0.0
0.0
0.0
0.152542
0.0
0.0
0.0
0.0
0.0
0.0
0.0
0.285714
0.0
0.275362
0.0
0.264706
0.0
0.0
0.382716
0.0
0.305556
0.0
0.0
0.0
0.0
0.0
0.0
0.519231
0.704142
0.0
0.64539
0.107143
0.056604
0.0
0.0
0.0
0.0
0.056604
0.0
0.324324
0.0
0.0
0.0
0.0
0.0
0.0
0.0
0.0
0.0
0.0
0.21875
0.0
0.152542
0.50495
0.603175
0.0
0.0
0.0
0.333333
0.0
0.418605
0.444444
0.0
0.367089
0.0
0.0
0.0
0.0
0.0
0.456522
0.0
0.0
0.0
0.0
0.0
0.0
0.0
0.0
0.0
0.0
0.0
0.0
0.0
0.0
0.468085
0.0
0.137931
0.0
0.0
0.0
0.107143
0.0
0.0
0.152542
0.0
0.0
0.0
0.0
0.0
0.0
0.0
0.0
0.0
0.038462
0.0
0.0
0.0
0.0
0.39759
0.50495
0.0
0.411765
0.285714
0.0
0.0
0.0
0.489796
0.180328
0.358974
0.285714
0.0
0.152542
0.166667
0.0
0.0
0.0
0.315068
0.462366
0.0
0.0
0.39759
0.0
0.0
0.0
0.324324
0.0
0.230769
0.65035
0.438202
0.0
0.0
0.0
0.342105
0.0
0.509804
0.816176
0.107143
0.438202
0.0
0.375
0.519231
0.0
0.0
0.285714
0.180328
0.305556
0.305556
0.0
0.090909
0.382716
0.0
0.0
0.0
0.0
0.0
0.0
0.382716
0.0
0.0
0.180328
0.0
0.0
0.324324
0.0
0.0
0.0
0.0
0.0
0.342105
0.152542
0.0
0.5
0.489796
0.242424
0.0
0.137931
0.0
0.0
0.180328
0.830508
0.0
0.0
0.090909
0.0
0.593496
0.0
0.21875
0.0
0.0
0.561404
0.0
0.0
0.0
0.0
0.0
0.53271
0.074074
0.166667
0.275362
0.0
0.418605
0.166667
0.0
0.074074
0.606299
0.0
0.0
0.038462
0.0
0.0
0.390244
0.333333
0.0
0.0
0.019608
0.0
0.0
0.0
0.0
0.0
0.462366
0.0
0.0
0.333333
0.275362
0.0
0.0
0.568966
0.0
0.090909
0.0
0.137931
0.056604
0.0
0.0
0.137931
0.382716
0.324324
0.0
0.324324
0.411765
0.152542
0.456522
0.484536
0.484536
0.367089
0.431818
0.0
0.0
0.609375
0.342105
0.0
0.0
0.038462
0.0
0.0
0.565217
0.137931
0.675325
0.57265
0.746193
0.230769
0.0
0.0
0.152542
0.382716
0.0
0.489796
0.0
0.0
0.152542
0.285714
0.122807
0.137931
0.0
0.509804
0.0
0.038462
0.0
0.230769
0.0
0.431818
0.230769
0.0
0.0
0.367089
0.0
0.074074
0.0
0.0
0.0
0.358974
0.0
0.107143
0.0
0.315068
0.0
0.0
0.375
0.206349
0.0
0.180328
0.193548
0.0
0.0
0.0
0.038462
0.0
0.0
0.137931
0.0
0.0
0.295775
0.0
0.324324
0.358974
0.52381
0.333333
0.0
0.468085
0.0
0.152542
0.0
0.0
0.0
0.0
0.450549
0.0
0.090909
0.6
0.75
0.295775
0.305556
0.0
0.0
0.561404
0.367089
0.230769
0.315068
0.0
0.0
0.39759
0.0
0.0
0.0
0.0
0.0
0.0
0.5
0.557522
0.152542
0.0
0.425287
0.0
0.074074
0.056604
0.0
0.193548
0.074074
0.193548
0.090909
0.358974
0.0
0.206349
0.0
0.0
0.479167
0.21875
0.0
0.107143
0.285714
0.0
0.0
0.0
0.193548
0.0
0.230769
0.305556
0.0
0.949546
0.324324
0.0
0.0
0.358974
0.0
0.122807
0.152542
0.431818
0.122807
0.230769
0.0
0.242424
0.107143
0.295775
0.583333
0.122807
0.056604
0.090909
0.0
0.0
0.0
0.0
0.606299
0.431818
0.180328
0.0
0.0
0.193548
0.0
0.0
0.0
0.0
0.0
0.0
0.39759
0.019608
0.557522
0.0
0.0
0.53271
0.0
0.0
0.0
0.0
0.0
0.0
0.0
0.166667
0.0
0.375
0.0
0.358974
0.0
0.537037
0.253731
0.0
0.285714
0.375
0.230769
0.090909
0.137931
0.122807
0.418605
0.0
0.0
0.315068
0.230769
0.342105
0.0
0.0
0.0
0.166667
0.122807
0.242424
0.315068
0.0
0.0
0.074074
0.0
0.0
0.0
0.0
0.074074
0.090909
0.0
0.0
0.0
0.295775
0.0
0.0
0.180328
0.0
0.0
0.0
0.0
0.0
0.0
0.0
0.0
0.166667
0.473684
0.0
0.285714
0.0
0.404762
0.0
0.122807
0.0
0.0
0.180328
0.0
0.0
0.0
0.253731
0.444444
0.0
0.333333
0.0
0.0
0.333333
0.0
0.0
0.193548
0.382716
0.305556
0.206349
0.0
0.0
0.0
0.0
0.0
0.0
0.0
0.253731
0.0
0.425287
0.315068
0.637681
0.528302
0.5
0.0
0.0
0.285714
0.489796
0.0
0.0
0.0
0.0
0.0
0.0
0.090909
0.418605
0.333333
0.206349
0.0
0.0
0.019608
0.0
0.056604
0.193548
0.0
0.0
0.0
0.0
0.0
0.122807
0.0
0.358974
0.0
0.0
0.382716
0.305556
0.0
0.21875
0.438202
0.666667
0.0
0.0
0.0
0.659864
0.450549
0.0
0.333333
0.107143
0.0
0.0
0.0
0.0
0.324324
0.206349
0.019608
0.0
0.137931
0.324324
0.0
0.557522
0.0
0.0
0.275362
0.074074
0.0
0.683544
0.152542
0.0
0.0
0.0
0.671053
0.0
0.0
0.0
0.367089
0.275362
0.0
0.759615
0.815498
0.0
0.342105
0.0
0.418605
0.0
0.0
0.333333
0.0
0.0
0.0
0.122807
0.019608
0.0
0.0
0.295775
0.0
0.763033
0.0
0.180328
0.0
0.0
0.0
0.0
0.0
0.0
0.382716
0.0
0.0
0.0
0.315068
0.038462
0.166667
0.0
0.0
0.0
0.074074
0.0
0.0
0.0
0.242424
0.230769
0.0
0.107143
0.561404
0.0
0.107143
0.090909
0.565217
0.038462
0.0
0.038462
0.193548
0.0
0.0
0.137931
0.0
0.0
0.0
0.0
0.0
0.0
0.0
0.0
0.0
0.0
0.21875
0.0
0.0
0.0
0.056604
0.0
0.0
0.0
0.0
0.537037
0.0
0.0
0.152542
0.0
0.0
0.333333
0.0
0.0
0.0
0.305556
0.0
0.479167
0.528302
0.090909
0.0
0.565217
0.0
0.333333
0.0
0.358974
0.0
0.0
0.514563
0.342105
0.438202
0.50495
0.431818
0.0
0.0
0.0
0.0
0.0
0.0
0.0
0.0
0.315068
0.0
0.484536
0.315068
0.0
0.767442
0.731183
0.193548
0.333333
0.350649
0.0
0.152542
0.0
0.152542
0.242424
0.166667
0.0
0.0
0.0
0.0
0.541284
0.324324
0.411765
0.0
0.264706
0.0
0.0
0.0
0.0
0.715909
0.315068
0.107143
0.038462
0.137931
0.0
0.382716
0.230769
0.0
0.0
0.019608
0.473684
0.180328
0.0
0.0
0.152542
0.404762
0.0
0.242424
0.39759
0.609375
0.0
0.0
0.0
0.21875
0.0
0.264706
0.107143
0.0
0.0
0.438202
0.295775
0.305556
0.0
0.350649
0.537037
0.166667
0.324324
0.253731
0.180328
0.090909
0.180328
0.0
0.0
0.0
0.0
0.0
0.038462
0.0
0.0
0.0
0.0
0.090909
0.0
0.0
0.418605
0.074074
0.5
0.152542
0.264706
0.21875
0.425287
0.0
0.0
0.074074
0.193548
0.253731
0.0
0.0
0.324324
0.0
0.494949
0.0
0.0
0.264706
0.0
0.0
0.206349
0.264706
0.0
0.122807
0.418605
0.652778
0.484536
0.056604
0.0
0.0
0.315068
0.390244
0.21875
0.0
0.0
0.137931
0.754902
0.074074
0.0
0.0
0.0
0.090909
0.568966
0.137931
0.0
0.0
0.456522
0.193548
0.553571
0.122807
0.242424
0.609375
0.090909
0.193548
0.107143
0.019608
0.0
0.324324
0.450549
0.0
0.561404
0.418605
0.0
0.0
0.494949
0.0
0.0
0.0
0.253731
0.0
0.39759
0.0
0.0
0.0
0.0
0.64539
0.0
0.0
0.673203
0.0
0.0
0.0
0.0
0.0
0.074074
0.0
0.731183
0.242424
0.342105
0.0
0.0
0.593496
0.0
0.0
0.0
0.579832
0.090909
0.0
0.107143
0.0
0.122807
0.0
0.193548
0.0
0.0
0.305556
0.0
0.0
0.152542
0.107143
0.0
0.285714
0.305556
0.0
0.0
0.0
0.801587
0.193548
0.137931
0.0
0.444444
0.603175
0.285714
0.637681
0.484536
0.137931
0.382716
0.0
0.0
0.0
0.367089
0.375
0.107143
0.0
0.603175
0.586777
0.717514
0.0
0.479167
0.0
0.324324
0.0
0.0
0.0
0.122807
0.0
0.0
0.0
0.0
0.0
0.038462
0.0
0.0
0.0
0.0
0.390244
0.193548
0.0
0.0
0.0
0.180328
0.285714
0.0
0.295775
0.576271
0.180328
0.553571
0.264706
0.0
0.0
0.0
0.180328
0.0
0.0
0.230769
0.0
0.462366
0.206349
0.0
0.305556
0.275362
0.0
0.0
0.0
0.0
0.709302
0.0
0.586777
0.0
0.0
0.0
0.0
0.0
0.0
0.0
0.0
0.367089
0.411765
0.0
0.0
0.404762
0.606299
0.0
0.122807
0.0
0.152542
0.375
0.0
0.0
0.0
0.450549
0.0
0.0
0.358974
0.152542
0.375
0.0
0.074074
0.52381
0.019608
0.152542
0.0
0.0
0.0
0.0
0.0
0.652778
0.0
0.0
0.107143
0.0
0.0
0.0
0.074074
0.0
0.056604
0.193548
0.0
0.0
0.090909
0.350649
0.431818
0.0
0.0
0.0
0.0
0.444444
0.0
0.253731
0.0
0.0
0.0
0.0
0.0
0.0
0.0
0.0
0.019608
0.137931
0.295775
0.0
0.494949
0.731183
0.468085
0.404762
0.275362
0.152542
0.350649
0.0
0.0
0.285714
0.264706
0.21875
0.0
0.0
0.39759
0.0
0.0
0.0
0.367089
0.285714
0.038462
0.404762
0.0
0.074074
0.0
0.0
0.056604
0.074074
0.62406
0.0
0.242424
0.315068
0.0
0.411765
0.431818
0.418605
0.206349
0.0
0.0
0.0
0.0
0.0
0.0
0.0
0.122807
0.418605
0.0
0.230769
0.253731
0.264706
0.0
0.166667
0.285714
0.462366
0.0
0.0
0.0
0.180328
0.0
0.230769
0.137931
0.0
0.557522
0.0
0.230769
0.193548
0.0
0.479167
0.253731
0.122807
0.0
0.090909
0.0
0.0
0.137931
0.0
0.0
0.0
0.0
0.0
0.0
0.0
0.0
0.295775
0.0
0.342105
0.122807
0.0
0.0
0.468085
0.193548
0.0
0.0
0.62963
0.137931
0.382716
0.541284
0.333333
0.0
0.0
0.0
0.0
0.0
0.0
0.0
0.305556
0.5
0.0
0.0
0.0
0.468085
0.375
0.333333
0.152542
0.0
0.315068
0.090909
0.39759
0.350649
0.0
0.39759
0.21875
0.206349
0.275362
0.0
0.242424
0.0
0.0
0.0
0.090909
0.107143
0.0
0.0
0.0
0.0
0.0
0.0
0.253731
0.230769
0.0
0.0
0.0
0.0
0.0
0.0
0.0
0.0
0.0
0.0
0.0
0.0
0.0
0.019608
0.883721
0.193548
0.122807
0.0
0.342105
0.0
0.056604
0.0
0.541284
0.431818
0.305556
0.193548
0.230769
0.122807
0.0
0.0
0.0
0.0
0.0
0.333333
0.0
0.0
0.689441
0.0
0.0
0.056604
0.242424
0.315068
0.358974
0.152542
0.509804
0.65035
0.137931
0.390244
0.0
0.074074
0.425287
0.0
0.0
0.367089
0.768519
0.0
0.0
0.382716
0.0
0.0
0.0
0.152542
0.152542
0.52381
0.0
0.0
0.0
0.541284
0.056604
0.152542
0.537037
0.0
0.0
0.253731
0.0
0.0
0.0
0.0
0.0
0.206349
0.0
0.21875
0.324324
0.0
0.583333
0.612403
0.295775
0.0
0.0
0.0
0.0
0.0
0.0
0.528302
0.0
0.107143
0.0
0.0
0.0
0.0
0.0
0.0
0.0
0.642857
0.0
0.0
0.367089
0.038462
0.0
0.0
0.342105
0.0
0.285714
0.107143
0.0
0.0
0.689441
0.72067
0.137931
0.57265
0.0
0.0
0.193548
0.0
0.0
0.358974
0.367089
0.0
0.0
0.479167
0.450549
0.0
0.333333
0.0
0.0
0.264706
0.0
0.166667
0.137931
0.0
0.0
0.230769
0.0
0.0
0.0
0.0
0.0
0.0
0.0
0.0
0.57265
0.0
0.0
0.0
0.0
0.090909
0.253731
0.107143
0.0
0.0
0.0
0.0
0.090909
0.0
0.0
0.609375
0.0
0.0
0.206349
0.0
0.0
0.295775
0.0
0.152542
0.193548
0.603175
0.0
0.180328
0.484536
0.411765
0.0
0.0
0.107143
0.0
0.0
0.0
0.411765
0.0
0.0
0.444444
0.54955
0.324324
0.514563
0.166667
0.541284
0.295775
0.514563
0.0
0.0
0.0
0.152542
0.122807
0.019608
0.0
0.122807
0.305556
0.107143
0.180328
0.62963
0.0
0.0
0.122807
0.0
0.305556
0.404762
0.324324
0.72067
0.242424
0.0
0.404762
0.0
0.107143
0.390244
0.0
0.0
0.107143
0.0
0.53271
0.0
0.0
0.0
0.0
0.583333
0.0
0.0
0.193548
0.0
0.0
0.0
0.0
0.0
0.0
0.056604
0.0
0.0
0.0
0.0
0.038462
0.0
0.0
0.0
0.0
0.090909
0.0
0.206349
0.0
0.0
0.0
0.107143
0.180328
0.0
0.0
0.0
0.0
0.019608
0.0
0.0
0.0
0.107143
0.0
0.21875
0.0
0.0
0.0
0.230769
0.0
0.0
0.0
0.0
0.0
0.193548
0.137931
0.0
0.0
0.0
0.0
0.0
0.0
0.315068
0.253731
0.21875
0.0
0.0
0.450549
0.0
0.0
0.0
0.537037
0.230769
0.0
0.206349
0.0
0.152542
0.0
0.553571
0.0
0.479167
0.0
0.038462
0.0
0.0
0.0
0.090909
0.038462
0.137931
0.295775
0.0
0.0
0.206349
0.0
0.0
0.038462
0.0
0.52381
0.0
0.0
0.0
0.0
0.038462
0.056604
0.0
0.0
0.0
0.0
0.375
0.390244
0.0
0.39759
0.0
0.0
0.0
0.0
0.0
0.0
0.0
0.0
0.0
0.242424
1.0
0.0
0.0
0.0
0.019608
0.038462
0.242424
0.193548
0.0
0.456522
0.193548
0.074074
0.0
0.295775
0.295775
0.342105
0.122807
0.375
0.275362
0.0
0.0
0.180328
0.0
0.137931
0.305556
0.107143
0.0
0.0
0.0
0.425287
0.0
0.342105
0.0
0.230769
0.324324
0.0
0.122807
0.390244
0.0
0.0
0.0
0.0
0.637681
0.0
0.0
0.166667
0.0
0.5
0.0
0.462366
0.561404
0.0
0.0
0.635036
0.107143
0.425287
0.253731
0.285714
0.66443
0.494949
0.39759
0.0
0.0
0.019608
0.615385
0.0
0.0
0.0
0.0
0.0
0.519231
0.456522
0.0
0.242424
0.0
0.0
0.479167
0.0
0.0
0.0
0.0
0.315068
0.0
0.418605
0.0
0.122807
0.438202
0.0
0.93007
0.0
0.0
0.038462
0.253731
0.152542
0.0
0.166667
0.0
0.0
0.479167
0.206349
0.122807
0.0
0.0
0.0
0.0
0.0
0.0
0.0
0.074074
0.0
0.264706
0.39759
0.444444
0.315068
0.253731
0.275362
0.358974
0.0
0.0
0.0
0.0
0.315068
0.122807
0.390244
0.0
0.52381
0.0
0.264706
0.358974
0.264706
0.358974
0.367089
0.0
0.0
0.0
0.122807
0.0
0.0
0.0
0.0
0.180328
0.0
0.137931
0.0
0.0
0.494949
0.431818
0.342105
0.193548
0.473684
0.0
0.606299
0.0
0.152542
0.0
0.489796
0.0
0.358974
0.0
0.0
0.107143
0.0
0.0
0.0
0.0
0.242424
0.0
0.0
0.152542
0.242424
0.62406
0.418605
0.0
0.0
0.295775
0.537037
0.375
0.444444
0.122807
0.0
0.0
0.0
0.519231
0.390244
0.0
0.404762
0.0
0.206349
0.0
0.275362
0.21875
0.0
0.0
0.765258
0.553571
0.404762
0.350649
0.0
0.0
0.0
0.0
0.0
0.0
0.0
0.714286
0.074074
0.0
0.0
0.468085
0.0
0.0
0.484536
0.411765
0.0
0.382716
0.350649
0.305556
0.305556
0.0
0.0
0.264706
0.264706
0.056604
0.264706
0.324324
0.0
0.0
0.038462
0.462366
0.0
0.333333
0.456522
0.0
0.275362
0.038462
0.0
0.0
0.0
0.0
0.137931
0.206349
0.0
0.0
0.122807
0.0
0.0
0.0
0.0
0.0
0.0
0.0
0.0
0.0
0.0
0.0
0.367089
0.0
0.0
0.0
0.0
0.0
0.0
0.0
0.0
0.0
0.0
0.0
0.0
0.6
0.305556
0.342105
0.0
0.390244
0.0
0.0
0.0
0.074074
0.305556
0.0
0.0
0.0
0.166667
0.0
0.0
0.0
0.166667
0.180328
0.122807
0.0
0.418605
0.333333
0.456522
0.541284
0.541284
0.742268
0.206349
0.0
0.0
0.0
0.0
0.358974
0.0
0.53271
0.0
0.590164
0.0
0.0
0.0
0.137931
0.0
0.0
0.590164
0.0
0.725275
0.0
0.0
0.0
0.0
0.074074
0.0
0.0
0.0
0.0
0.0
0.0
0.0
0.324324
0.404762
0.0
0.0
0.545455
0.0
0.152542
0.0
0.253731
0.0
0.431818
0.0
0.0
0.0
0.659864
0.621212
0.468085
0.0
0.0
0.0
0.350649
0.090909
0.0
0.0
0.53271
0.0
0.122807
0.0
0.606299
0.0
0.382716
0.285714
0.107143
0.382716
0.107143
0.0
0.0
0.21875
0.0
0.137931
0.253731
0.0
0.0
0.0
0.565217
0.425287
0.0
0.242424
0.0
0.382716
0.489796
0.0
0.509804
0.6
0.537037
0.0
0.0
0.180328
0.0
0.264706
0.698795
0.0
0.0
0.0
0.456522
0.0
0.0
0.418605
0.444444
0.206349
0.494949
0.0
0.264706
0.514563
0.583333
0.0
0.0
0.0
0.626866
0.0
0.0
0.537037
0.264706
0.0
0.324324
0.038462
0.0
0.0
0.0
0.0
0.056604
0.0
0.0
0.0
0.0
0.0
0.0
0.122807
0.0
0.0
0.0
0.0
0.0
0.0
0.0
0.425287
0.333333
0.0
0.404762
0.166667
0.324324
0.0
0.0
0.152542
0.0
0.390244
0.0
0.375
0.0
0.545455
0.545455
0.431818
0.0
0.0
0.0
0.0
0.242424
0.0
0.0
0.275362
0.0
0.0
0.0
0.0
0.0
0.122807
0.090909
0.180328
0.0
0.090909
0.0
0.0
0.632353
0.0
0.305556
0.576271
0.0
0.0
0.0
0.0
0.528302
0.606299
0.0
0.0
0.275362
0.404762
0.0
0.66443
0.450549
0.0
0.0
0.375
0.0
0.230769
0.0
0.090909
0.0
0.404762
0.350649
0.0
0.0
0.390244
0.450549
0.0
0.0
0.0
0.0
0.0
0.264706
0.0
0.0
0.090909
0.0
0.122807
0.0
0.074074
0.180328
0.0
0.137931
0.411765
0.0
0.0
0.166667
0.807692
0.0
0.295775
0.122807
0.0
0.324324
0.0
0.0
0.0
0.0
0.382716
0.0
0.0
0.0
0.0
0.0
0.0
0.528302
0.0
0.612403
0.0
0.038462
0.0
0.0
0.0
0.0
0.0
0.0
0.0
0.0
0.0
0.038462
0.0
0.074074
0.404762
0.0
0.0
0.0
0.0
0.0
0.0
0.0
0.0
0.0
0.0
0.0
0.0
0.0
0.0
0.230769
0.0
0.0
0.0
0.056604
0.462366
0.0
0.0
0.0
0.456522
0.0
0.0
0.107143
0.137931
0.0
0.0
0.0
0.0
0.0
0.342105
0.285714
0.0
0.0
0.0
0.0
0.0
0.0
0.0
0.137931
0.411765
0.315068
0.0
0.0
0.0
0.358974
0.541284
0.305556
0.0
0.21875
0.0
0.444444
0.074074
0.137931
0.253731
0.0
0.0
0.0
0.333333
0.0
0.0
0.519231
0.0
0.0
0.230769
0.305556
0.479167
0.122807
0.350649
0.0
0.0
0.324324
0.0
0.137931
0.0
0.0
0.0
0.0
0.0
0.305556
0.0
0.0
0.0
0.107143
0.0
0.404762
0.253731
0.019608
0.0
0.342105
0.0
0.468085
0.0
0.367089
0.193548
0.0
0.0
0.509804
0.074074
0.333333
0.122807
0.0
0.295775
0.0
0.350649
0.0
0.21875
0.0
0.586777
0.689441
0.180328
0.0
0.0
0.0
0.122807
0.350649
0.324324
0.0
0.0
0.0
0.253731
0.137931
0.0
0.038462
0.0
0.264706
0.166667
0.0
0.122807
0.375
0.0
0.0
0.074074
0.275362
0.137931
0.107143
0.450549
0.253731
0.166667
0.324324
0.0
0.0
0.0
0.21875
0.57265
0.180328
0.0
0.090909
0.0
0.0
0.450549
0.264706
0.431818
0.0
0.0
0.0
0.056604
0.0
0.0
0.0
0.0
0.0
0.0
0.367089
0.0
0.166667
0.253731
0.090909
0.0
0.0
0.0
0.074074
0.0
0.0
0.367089
0.0
0.0
0.707602
0.739583
0.0
0.671053
0.0
0.350649
0.553571
0.0
0.514563
0.0
0.0
0.0
0.0
0.0
0.0
0.0
0.0
0.382716
0.206349
0.0
0.438202
0.0
0.090909
0.0
0.0
0.295775
0.0
0.462366
0.107143
0.324324
0.382716
0.64539
0.39759
0.350649
0.54955
0.0
0.0
0.242424
0.0
0.122807
0.0
0.107143
0.358974
0.0
0.0
0.122807
0.0
0.264706
0.350649
0.275362
0.0
0.264706
0.0
0.107143
0.342105
0.50495
0.0
0.382716
0.367089
0.586777
0.65035
0.596774
0.0
0.50495
0.0
0.57265
0.0
0.0
0.0
0.596774
0.39759
0.193548
0.166667
0.137931
0.315068
0.074074
0.0
0.0
0.798387
0.0
0.0
0.0
0.0
0.0
0.0
0.0
0.0
0.056604
0.0
0.0
0.0
0.0
0.0
0.0
0.0
0.0
0.0
0.0
0.0
0.0
0.0
0.090909
0.0
0.0
0.0
0.0
0.0
0.0
0.0
0.0
0.0
0.0
0.0
0.0
0.0
0.0
0.0
0.038462
0.315068
0.0
0.0
0.0
0.50495
0.0
0.390244
0.0
0.0
0.382716
0.0
0.122807
0.0
0.0
0.0
0.0
0.180328
0.0
0.444444
0.541284
0.603175
0.0
0.0
0.0
0.0
0.0
0.0
0.0
0.0
0.0
0.691358
0.0
0.206349
0.0
0.275362
0.0
0.253731
0.137931
0.0
0.489796
0.0
0.0
0.0
0.0
0.0
0.342105
0.514563
0.295775
0.206349
0.702381
0.0
0.0
0.519231
0.0
0.253731
0.0
0.0
0.0
0.21875
0.382716
0.0
0.0
0.0
0.0
0.425287
0.285714
0.193548
0.056604
0.342105
0.090909
0.0
0.0
0.0
0.411765
0.0
0.0
0.0
0.0
0.0
0.418605
0.0
0.468085
0.382716
0.756098
0.382716
0.0
0.090909
0.0
0.21875
0.702381
0.0
0.0
0.0
0.390244
0.0
0.0
0.0
0.230769
0.0
0.0
0.615385
0.090909
0.0
0.0
0.752475
0.122807
0.0
0.0
0.0
0.0
0.275362
0.333333
0.0
0.074074
0.390244
0.152542
0.0
0.0
0.53271
0.0
0.494949
0.0
0.0
0.0
0.0
0.0
0.0
0.342105
0.0
0.0
0.0
0.0
0.0
0.0
0.0
0.0
0.0
0.264706
0.0
0.0
0.565217
0.0
0.090909
0.0
0.21875
0.0
0.0
0.0
0.038462
0.206349
0.107143
0.333333
0.675325
0.73822
0.666667
0.710983
0.0
0.358974
0.72973
0.230769
0.324324
0.751244
0.390244
0.0
0.305556
0.038462
0.358974
0.324324
0.473684
0.122807
0.0
0.090909
0.0
0.0
0.122807
0.479167
0.0
0.0
0.0
0.21875
0.390244
0.0
0.305556
0.166667
0.152542
0.107143
0.305556
0.0
0.074074
0.180328
0.122807
0.0
0.0
0.0
0.0
0.0
0.285714
0.0
0.0
0.0
0.0
0.0
0.0
0.0
0.122807
0.122807
0.0
0.0
0.0
0.0
0.0
0.0
0.0
0.576271
0.0
0.0
0.0
0.0
0.0
0.21875
0.333333
0.655172
0.603175
0.019608
0.137931
0.137931
0.0
0.514563
0.0
0.390244
0.0
0.0
0.0
0.0
0.0
0.0
0.0
0.0
0.0
0.0
0.0
0.0
0.0
0.0
0.596774
0.285714
0.056604
0.0
0.0
0.411765
0.0
0.519231
0.0
0.0
0.0
0.0
0.484536
0.206349
0.444444
0.0
0.0
0.462366
0.0
0.367089
0.0
0.0
0.0
0.450549
0.0
0.0
0.557522
0.315068
0.0
0.0
0.0
0.0
0.0
0.0
0.074074
0.285714
0.0
0.0
0.0
0.0
0.0
0.0
0.0
0.537037
0.0
0.0
0.305556
0.438202
0.122807
0.565217
0.0
0.0
0.0
0.0
0.324324
0.0
0.0
0.0
0.0
0.285714
0.0
0.0
0.0
0.0
0.0
0.0
0.0
0.074074
0.152542
0.0
0.019608
0.0
0.0
0.0
0.206349
0.0
0.0
0.456522
0.0
0.0
0.324324
0.0
0.494949
0.418605
0.707602
0.0
0.166667
0.0
0.122807
0.0
0.0
0.0
0.0
0.0
0.0
0.0
0.0
0.0
0.285714
0.0
0.0
0.0
0.0
0.0
0.342105
0.53271
0.0
0.074074
0.0
0.122807
0.242424
0.0
0.479167
0.275362
0.0
0.0
0.038462
0.0
0.0
0.0
0.358974
0.090909
0.206349
0.0
0.655172
0.671053
0.390244
0.264706
0.39759
0.0
0.444444
0.0
0.0
0.315068
0.0
0.230769
0.0
0.324324
0.52381
0.137931
0.411765
0.090909
0.056604
0.473684
0.0
0.425287
0.0
0.019608
0.685535
0.019608
0.390244
0.21875
0.0
0.0
0.0
0.418605
0.0
0.0
0.0
0.137931
0.659864
0.367089
0.438202
0.206349
0.305556
0.0
0.50495
0.350649
0.295775
0.484536
0.0
0.404762
0.390244
0.0
0.0
0.0
0.0
0.382716
0.0
0.0
0.0
0.0
0.0
0.0
0.056604
0.5
0.0
0.0
0.0
0.618321
0.090909
0.0
0.0
0.0
0.0
0.074074
0.666667
0.0
0.0
0.0
0.074074
0.0
0.358974
0.193548
0.0
0.107143
0.0
0.0
0.0
0.0
0.462366
0.5
0.090909
0.462366
0.0
0.152542
0.0
0.568966
0.315068
0.0
0.0
0.295775
0.632353
0.137931
0.0
0.509804
0.0
0.468085
0.285714
0.382716
0.0
0.568966
0.0
0.519231
0.0
0.0
0.0
0.450549
0.390244
0.367089
0.0
0.0
0.0
0.0
0.0
0.576271
0.0
0.0
0.484536
0.0
0.0
0.425287
0.350649
0.0
0.242424
0.0
0.0
0.305556
0.350649
0.0
0.230769
0.0
0.0
0.0
0.0
0.0
0.0
0.0
0.0
0.206349
0.0
0.0
0.0
0.0
0.0
0.0
0.152542
0.0
0.358974
0.668874
0.180328
0.0
0.0
0.0
0.0
0.382716
0.324324
0.0
0.0
0.640288
0.0
0.315068
0.0
0.0
0.0
0.0
0.0
0.593496
0.166667
0.0
0.484536
0.0
0.0
0.0
0.0
0.0
0.0
0.019608
0.0
0.0
0.0
0.206349
0.0
0.342105
0.0
0.295775
0.425287
0.0
0.137931
0.324324
0.0
0.342105
0.0
0.0
0.0
0.180328
0.264706
0.324324
0.166667
0.0
0.0
0.0
0.0
0.0
0.0
0.425287
0.0
0.0
0.0
0.230769
0.074074
0.206349
0.0
0.0
0.0
0.0
0.0
0.418605
0.0
0.0
0.0
0.242424
0.0
0.315068
0.425287
0.0
0.0
0.0
0.253731
0.0
0.0
0.50495
0.285714
0.0
0.264706
0.0
0.253731
0.0
0.0
0.0
0.0
0.0
0.315068
0.0
0.0
0.0
0.0
0.0
0.019608
0.0
0.0
0.0
0.0
0.342105
0.0
0.0
0.152542
0.0
0.0
0.0
0.0
0.152542
0.0
0.0
0.0
0.21875
0.180328
0.0
0.350649
0.206349
0.090909
0.0
0.358974
0.0
0.0
0.652778
0.0
0.444444
0.295775
0.358974
0.0
0.0
0.324324
0.0
0.0
0.342105
0.0
0.0
0.0
0.0
0.0
0.0
0.0
0.0
0.0
0.0
0.0
0.0
0.0
0.0
0.137931
0.0
0.0
0.0
0.0
0.431818
0.0
0.21875
0.0
0.122807
0.333333
0.342105
0.0
0.0
0.0
0.0
0.0
0.285714
0.0
0.444444
0.107143
0.0
0.375
0.489796
0.39759
0.0
0.593496
0.107143
0.0
0.612403
0.0
0.0
0.350649
0.0
0.0
0.54955
0.450549
0.647887
0.0
0.0
0.230769
0.0
0.586777
0.0
0.0
0.342105
0.242424
0.0
0.0
0.0
0.285714
0.0
0.264706
0.0
0.0
0.0
0.0
0.166667
0.285714
0.0
0.137931
0.0
0.0
0.152542
0.0
0.64539
0.324324
0.0
0.0
0.479167
0.0
0.0
0.0
0.484536
0.206349
0.0
0.0
0.0
0.0
0.0
0.0
0.615385
0.0
0.52381
0.166667
0.0
0.473684
0.375
0.0
0.193548
0.0
0.621212
0.557522
0.090909
0.0
0.333333
0.0
0.0
0.253731
0.0
0.0
0.0
0.596774
0.438202
0.0
0.0
0.514563
0.0
0.0
0.0
0.0
0.0
0.0
0.0
0.0
0.0
0.074074
0.0
0.0
0.180328
0.0
0.0
0.0
0.264706
0.0
0.242424
0.074074
0.0
0.367089
0.090909
0.0
0.090909
0.0
0.0
0.295775
0.0
0.074074
0.122807
0.0
0.462366
0.0
0.0
0.0
0.0
0.0
0.180328
0.0
0.230769
0.333333
0.473684
0.242424
0.090909
0.264706
0.0
0.0
0.0
0.0
0.242424
0.0
0.0
0.404762
0.107143
0.509804
0.350649
0.0
0.275362
0.0
0.0
0.404762
0.0
0.305556
0.305556
0.358974
0.0
0.0
0.107143
0.0
0.557522
0.242424
0.0
0.137931
0.0
0.090909
0.275362
0.253731
0.382716
0.0
0.473684
0.0
0.193548
0.557522
0.450549
0.545455
0.0
0.0
0.0
0.0
0.431818
0.425287
0.0
0.0
0.193548
0.0
0.0
0.0
0.0
0.0
0.0
0.206349
0.0
0.0
0.285714
0.0
0.593496
0.0
0.315068
0.0
0.583333
0.0
0.0
0.275362
0.6
0.242424
0.462366
0.39759
0.0
0.367089
0.0
0.315068
0.444444
0.315068
0.0
0.479167
0.0
0.193548
0.0
0.0
0.0
0.0
0.0
0.0
0.305556
0.0
0.242424
0.315068
0.0
0.875312
0.342105
0.180328
0.576271
0.450549
0.919614
0.0
0.0
0.166667
0.107143
0.305556
0.324324
0.568966
0.0
0.206349
0.0
0.0
0.0
0.342105
0.0
0.0
0.456522
0.382716
0.0
0.295775
0.107143
0.107143
0.0
0.576271
0.275362
0.0
0.603175
0.0
0.315068
0.253731
0.038462
0.0
0.090909
0.382716
0.152542
0.0
0.375
0.404762
0.285714
0.0
0.21875
0.0
0.0
0.0
0.122807
0.137931
0.193548
0.333333
0.411765
0.473684
0.230769
0.342105
0.583333
0.0
0.206349
0.0
0.285714
0.367089
0.0
0.342105
0.242424
0.0
0.0
0.0
0.242424
0.0
0.0
0.166667
0.0
0.0
0.166667
0.242424
0.0
0.0
0.438202
0.0
0.21875
0.375
0.0
0.0
0.0
0.0
0.0
0.0
0.0
0.242424
0.0
0.0
0.137931
0.0
0.0
0.0
0.295775
0.180328
0.0
0.0
0.107143
0.0
0.324324
0.375
0.0
0.0
0.193548
0.0
0.382716
0.514563
0.0
0.0
0.50495
0.342105
0.0
0.0
0.180328
0.0
0.0
0.0
0.0
0.0
0.0
0.038462
0.375
0.0
0.305556
0.640288
0.0
0.425287
0.0
0.0
0.0
0.0
0.0
0.0
0.0
0.0
0.375
0.0
0.180328
0.0
0.0
0.0
0.0
0.0
0.0
0.0
0.0
0.0
0.122807
0.090909
0.0
0.0
0.0
0.0
0.137931
0.193548
0.382716
0.0
1.0
0.0
0.0
0.0
0.0
0.0
0.315068
0.404762
0.166667
0.0
0.0
0.53271
0.425287
0.0
0.0
0.0
0.180328
0.456522
0.456522
0.0
0.0
0.0
0.315068
0.315068
0.285714
0.0
0.193548
0.0
0.677419
0.0
0.772727
0.576271
0.0
0.0
0.242424
0.333333
0.0
0.137931
0.074074
0.350649
0.0
0.264706
0.056604
0.0
0.0
0.0
0.242424
0.0
0.0
0.193548
0.0
0.275362
0.0
0.0
0.0
0.0
0.0
0.21875
0.0
0.206349
0.0
0.0
0.0
0.0
0.0
0.0
0.0
0.0
0.54955
0.0
0.242424
0.21875
0.0
0.0
0.090909
0.0
0.056604
0.0
0.367089
0.350649
0.431818
0.0
0.0
0.576271
0.0
0.404762
0.0
0.0
0.0
0.0
0.0
0.137931
0.275362
0.0
0.315068
0.264706
0.0
0.52381
0.193548
0.5
0.038462
0.0
0.0
0.509804
0.264706
0.0
0.253731
0.0
0.0
0.0
0.0
0.0
0.230769
0.342105
0.0
0.0
0.606299
0.0
0.315068
0.695122
0.0
0.0
0.166667
0.122807
0.0
0.193548
0.0
0.612403
0.295775
0.242424
0.122807
0.537037
0.0
0.253731
0.0
0.315068
0.0
0.315068
0.0
0.39759
0.0
0.0
0.0
0.0
0.0
0.0
0.0
0.0
0.367089
0.0
0.342105
0.0
0.193548
0.0
0.0
0.275362
0.180328
0.0
0.333333
0.0
0.0
0.0
0.0
0.056604
0.404762
0.180328
0.561404
0.0
0.418605
0.0
0.0
0.39759
0.0
0.180328
0.0
0.0
0.0
0.193548
0.596774
0.180328
0.0
0.0
0.230769
0.0
0.324324
0.568966
0.509804
0.107143
0.0
0.0
0.0
0.0
0.0
0.0
0.0
0.367089
0.0
0.0
0.0
0.0
0.0
0.0
0.418605
0.0
0.537037
0.074074
0.0
0.0
0.0
0.0
0.0
0.0
0.606299
0.166667
0.315068
0.444444
0.0
0.206349
0.367089
0.0
0.609375
0.358974
0.0
0.6
0.206349
0.0
0.0
0.0
0.0
0.541284
0.450549
0.122807
0.0
0.5
0.0
0.0
0.0
0.39759
0.230769
0.0
0.0
0.074074
0.038462
0.107143
0.0
0.39759
0.545455
0.0
0.0
0.0
0.626866
0.561404
0.0
0.0
0.444444
0.090909
0.39759
0.0
0.0
0.305556
0.39759
0.264706
0.358974
0.0
0.137931
0.0
0.514563
0.0
0.537037
0.350649
0.0
0.0
0.0
0.479167
0.275362
0.418605
0.0
0.206349
0.0
0.180328
0.285714
0.206349
0.074074
0.295775
0.019608
0.494949
0.056604
0.0
0.462366
0.193548
0.557522
0.21875
0.0
0.425287
0.0
0.0
0.0
0.166667
0.0
0.0
0.39759
0.0
0.0
0.206349
0.0
0.038462
0.230769
0.0
0.0
0.404762
0.342105
0.0
0.0
0.479167
0.0
0.350649
0.166667
0.0
0.038462
0.0
0.494949
0.0
0.0
0.180328
0.206349
0.671053
0.596774
0.618321
0.0
0.0
0.0
0.418605
0.0
0.193548
0.456522
0.090909
0.166667
0.0
0.0
0.0
0.166667
0.0
0.0
0.0
0.382716
0.0
0.152542
0.0
0.484536
0.107143
0.0
0.367089
0.107143
0.0
0.456522
0.122807
0.264706
0.285714
0.056604
0.565217
0.0
0.295775
0.0
0.180328
0.019608
0.107143
0.295775
0.0
0.484536
0.122807
0.0
0.0
0.519231
0.264706
0.537037
0.0
0.0
0.0
0.0
0.0
0.166667
0.0
0.53271
0.166667
0.0
0.462366
0.0
0.0
0.468085
0.39759
0.583333
0.0
0.0
0.519231
0.056604
0.0
0.746193
0.0
0.122807
0.253731
0.122807
0.0
0.431818
0.468085
0.0
0.418605
0.0
0.0
0.0
0.107143
0.390244
0.0
0.0
0.0
0.39759
0.0
0.568966
0.0
0.0
0.0
0.090909
0.0
0.0
0.0
0.230769
0.0
0.122807
0.0
0.21875
0.0
0.0
0.242424
0.230769
0.0
0.375
0.0
0.0
0.375
0.0
0.0
0.242424
0.0
0.0
0.0
0.21875
0.253731
0.0
0.038462
0.657534
0.324324
0.719101
0.137931
0.358974
0.166667
0.107143
0.462366
0.0
0.411765
0.677419
0.0
0.0
0.0
0.0
0.0
0.514563
0.0
0.0
0.0
0.0
0.056604
0.180328
0.0
0.473684
0.295775
0.0
0.0
0.0
0.0
0.537037
0.137931
0.537037
0.0
0.0
0.166667
0.635036
0.609375
0.618321
0.0
0.489796
0.528302
0.0
0.0
0.253731
0.0
0.206349
0.0
0.0
0.0
0.324324
0.21875
0.0
0.0
0.826389
0.0
0.275362
0.0
0.367089
0.0
0.0
0.180328
0.450549
0.122807
0.315068
0.0
0.0
0.180328
0.537037
0.62406
0.0
0.0
0.180328
0.0
0.0
0.074074
0.0
0.0
0.193548
0.0
0.074074
0.0
0.0
0.62406
0.367089
0.0
0.0
0.0
0.0
0.0
0.137931
0.0
0.152542
0.0
0.0
0.0
0.0
0.180328
0.0
0.137931
0.019608
0.52381
0.315068
0.0
0.206349
0.285714
0.0
0.375
0.0
0.0
0.0
0.0
0.5
0.612403
0.0
0.0
0.66443
0.456522
0.0
0.425287
0.418605
0.462366
0.0
0.612403
0.52381
0.462366
0.593496
0.596774
0.590164
0.0
0.0
0.180328
0.253731
0.0
0.519231
0.425287
0.152542
0.509804
0.553571
0.52381
0.0
0.0
0.0
0.0
0.0
0.576271
0.0
0.242424
0.285714
0.253731
0.0
0.107143
0.0
0.367089
0.090909
0.0
0.0
0.0
0.39759
0.242424
0.0
0.275362
0.0
0.0
0.074074
0.0
0.0
0.0
0.450549
0.0
0.333333
0.0
0.253731
0.0
0.0
0.0
0.0
0.0
0.0
0.0
0.107143
0.253731
0.709302
0.0
0.107143
0.0
0.425287
0.0
0.074074
0.056604
0.53271
0.166667
0.122807
0.0
0.375
0.324324
0.0
0.382716
0.305556
0.382716
0.367089
0.305556
0.0
0.0
0.5
0.0
0.0
0.137931
0.770642
0.431818
0.425287
0.0
0.0
0.0
0.53271
0.253731
0.324324
0.0
0.264706
0.450549
0.0
0.358974
0.390244
0.509804
0.0
0.0
0.358974
0.0
0.166667
0.090909
0.0
0.0
0.333333
0.0
0.0
0.0
0.0
0.0
0.0
0.0
0.590164
0.122807
0.0
0.0
0.0
0.0
0.0
0.0
0.0
0.152542
0.0
0.367089
0.0
0.0
0.0
0.0
0.0
0.0
0.576271
0.275362
0.0
0.253731
0.0
0.122807
0.0
0.404762
0.0
0.0
0.0
0.0
0.0
0.0
0.295775
0.193548
0.137931
0.0
0.0
0.0
0.0
0.230769
0.230769
0.0
0.0
0.0
0.0
0.0
0.0
0.657534
0.0
0.21875
0.0
0.0
0.0
0.382716
0.152542
0.509804
0.21875
0.074074
0.0
0.438202
0.122807
0.21875
0.0
0.0
0.0
0.484536
0.122807
0.662162
0.39759
0.0
0.0
0.0
0.0
0.0
0.21875
0.333333
0.0
0.0
0.056604
0.152542
0.0
0.0
0.0
0.0
0.541284
0.0
0.0
0.193548
0.264706
0.0
0.0
0.242424
0.473684
0.0
0.438202
0.166667
0.0
0.367089
0.0
0.0
0.0
0.264706
0.285714
0.358974
0.438202
0.230769
0.0
0.0
0.0
0.0
0.0
0.390244
0.0
0.305556
0.253731
0.0
0.324324
0.596774
0.0
0.122807
0.0
0.122807
0.0
0.0
0.0
0.0
0.0
0.0
0.0
0.264706
0.468085
0.0
0.0
0.0
0.0
0.411765
0.528302
0.180328
0.350649
0.0
0.074074
0.019608
0.0
0.0
0.0
0.0
0.425287
0.0
0.0
0.494949
0.0
0.431818
0.342105
0.0
0.0
0.450549
0.107143
0.206349
0.0
0.0
0.152542
0.0
0.52381
0.0
0.0
0.0
0.0
0.206349
0.0
0.0
0.659864
0.0
0.431818
0.514563
0.382716
0.0
0.375
0.39759
0.21875
0.438202
0.333333
0.295775
0.090909
0.253731
0.333333
0.0
0.107143
0.038462
0.528302
0.0
0.358974
0.038462
0.0
0.295775
0.0
0.0
0.375
0.0
0.0
0.0
0.54955
0.0
0.0
0.0
0.0
0.0
0.0
0.0
0.484536
0.342105
0.612403
0.809886
0.0
0.0
0.0
0.62963
0.0
0.0
0.305556
0.358974
0.438202
0.0
0.0
0.0
0.0
0.615385
0.0
0.0
0.0
0.358974
0.21875
0.0
0.0
0.0
0.056604
0.0
0.305556
0.0
0.0
0.193548
0.0
0.315068
0.0
0.0
0.0
0.411765
0.206349
0.180328
0.253731
0.0
0.0
0.056604
0.137931
0.404762
0.0
0.0
0.0
0.390244
0.425287
0.0
0.0
0.0
0.0
0.0
0.0
0.264706
0.0
0.596774
0.0
0.0
0.295775
0.285714
0.0
0.275362
0.382716
0.390244
0.0
0.0
0.0
0.514563
0.0
0.0
0.0
0.0
0.342105
0.0
0.0
0.305556
0.375
0.342105
0.0
0.0
0.193548
0.21875
0.230769
0.0
0.0
0.285714
0.242424
0.285714
0.66443
0.50495
0.090909
0.0
0.0
0.264706
0.794239
0.0
0.671053
0.590164
0.0
0.0
0.0
0.0
0.65035
0.166667
0.494949
0.0
0.166667
0.295775
0.21875
0.557522
0.107143
0.0
0.056604
0.038462
0.074074
0.0
0.0
0.0
0.0
0.0
0.122807
0.0
0.0
0.431818
0.484536
0.074074
0.0
0.090909
0.0
0.0
0.0
0.0
0.545455
0.0
0.242424
0.0
0.0
0.0
0.206349
0.0
0.0
0.0
0.166667
0.0
0.0
0.206349
0.404762
0.358974
0.333333
0.0
0.342105
0.350649
0.0
0.0
0.342105
0.0
0.425287
0.0
0.0
0.0
0.056604
0.180328
0.107143
0.253731
0.0
0.0
0.0
0.565217
0.166667
0.450549
0.0
0.21875
0.342105
0.537037
0.350649
0.0
0.074074
0.0
0.350649
0.0
0.358974
0.0
0.0
0.0
0.253731
0.074074
0.642857
0.285714
0.568966
0.0
0.425287
0.773756
0.152542
0.390244
0.285714
0.444444
0.0
0.50495
0.056604
0.0
0.444444
0.0
0.253731
0.0
0.50495
0.0
0.0
0.0
0.230769
0.253731
0.206349
0.242424
0.0
0.0
0.0
0.0
0.0
0.576271
0.0
0.324324
0.473684
0.230769
0.0
0.0
0.468085
0.0
0.090909
0.375
0.305556
0.404762
0.107143
0.468085
0.0
0.0
0.253731
0.0
0.253731
0.0
0.425287
0.0
0.0
0.0
0.655172
0.0
0.342105
0.375
0.685535
0.382716
0.0
0.0
0.0
0.305556
0.0
0.0
0.0
0.056604
0.0
0.0
0.122807
0.275362
0.0
0.0
0.0
0.253731
0.0
0.596774
0.0
0.0
0.275362
0.528302
0.166667
0.0
0.509804
0.0
0.603175
0.0
0.21875
0.0
0.418605
0.122807
0.0
0.350649
0.0
0.0
0.358974
0.0
0.0
0.090909
0.0
0.0
0.0
0.0
0.418605
0.375
0.0
0.425287
0.107143
0.107143
0.350649
0.0
0.565217
0.242424
0.0
0.411765
0.0
0.0
0.0
0.0
0.0
0.0
0.52381
0.69697
0.0
0.0
0.242424
0.0
0.0
0.275362
0.0
0.0
0.0
0.0
0.038462
0.0
0.0
0.180328
0.166667
0.315068
0.358974
0.0
0.553571
0.0
0.285714
0.0
0.425287
0.0
0.0
0.484536
0.0
0.494949
0.494949
0.0
0.0
0.0
0.122807
0.056604
0.519231
0.78355
0.152542
0.0
0.462366
0.180328
0.473684
0.0
0.056604
0.358974
0.456522
0.0
0.576271
0.230769
0.0
0.494949
0.0
0.462366
0.418605
0.681529
0.056604
0.21875
0.0
0.0
0.193548
0.0
0.324324
0.0
0.0
0.509804
0.0
0.541284
0.579832
0.242424
0.411765
0.479167
0.568966
0.0
0.056604
0.0
0.0
0.315068
0.324324
0.0
0.0
0.0
0.677419
0.0
0.0
0.0
0.0
0.295775
0.342105
0.0
0.152542
0.0
0.590164
0.0
0.193548
0.528302
0.0
0.315068
0.0
0.54955
0.0
0.333333
0.264706
0.038462
0.166667
0.545455
0.0
0.090909
0.0
0.206349
0.0
0.0
0.0
0.0
0.0
0.0
0.0
0.0
0.315068
0.0
0.0
0.0
0.122807
0.230769
0.275362
0.21875
0.166667
0.0
0.285714
0.324324
0.0
0.0
0.0
0.0
0.193548
0.0
0.0
0.21875
0.166667
0.038462
0.0
0.0
0.0
0.0
0.0
0.324324
0.0
0.0
0.0
0.0
0.0
0.411765
0.0
0.39759
0.0
0.137931
0.166667
0.0
0.0
0.0
0.404762
0.206349
0.056604
0.122807
0.324324
0.0
0.0
0.545455
0.152542
0.0
0.0
0.0
0.0
0.0
0.0
0.193548
0.382716
0.019608
0.39759
0.0
0.074074
0.166667
0.305556
0.107143
0.0
0.411765
0.350649
0.606299
0.0
0.350649
0.275362
0.662162
0.206349
0.0
0.390244
0.0
0.0
0.275362
0.358974
0.0
0.0
0.21875
0.0
0.0
0.038462
0.655172
0.0
0.514563
0.0
0.0
0.0
0.0
0.81203
0.0
0.180328
0.576271
0.0
0.0
0.0
0.333333
0.425287
0.0
0.0
0.0
0.53271
0.0
0.350649
0.0
0.382716
0.0
0.0
0.568966
0.382716
0.514563
0.324324
0.0
0.0
0.0
0.0
0.0
0.0
0.0
0.0
0.404762
0.0
0.0
0.090909
0.0
0.0
0.0
0.700599
0.0
0.528302
0.479167
0.21875
0.0
0.0
0.285714
0.264706
0.0
0.576271
0.350649
0.489796
0.537037
0.390244
0.0
0.0
0.576271
0.275362
0.0
0.748744
0.0
0.0
0.0
0.0
0.375
0.350649
0.090909
0.0
0.285714
0.0
0.0
0.0
0.295775
0.0
0.315068
0.39759
0.358974
0.0
0.404762
0.180328
0.557522
0.0
0.484536
0.431818
0.333333
0.0
0.411765
0.0
0.0
0.0
0.0
0.0
0.509804
0.609375
0.0
0.0
0.52381
0.0
0.0
0.700599
0.0
0.484536
0.0
0.0
0.090909
0.342105
0.0
0.137931
0.0
0.342105
0.375
0.0
0.0
0.295775
0.0
0.0
0.0
0.0
0.0
0.0
0.0
0.0
0.0
0.0
0.0
0.0
0.107143
0.0
0.0
0.0
0.0
0.0
0.152542
0.0
0.180328
0.0
0.0
0.0
0.438202
0.0
0.0
0.0
0.0
0.0
0.450549
0.0
0.0
0.473684
0.122807
0.0
0.0
0.056604
0.375
0.264706
0.0
0.0
0.0
0.0
0.0
0.21875
0.0
0.0
0.0
0.0
0.0
0.0
0.350649
0.324324
0.779736
0.0
0.390244
0.350649
0.0
0.382716
0.0
0.0
0.0
0.0
0.484536
0.0
0.0
0.0
0.264706
0.253731
0.0
0.0
0.0
0.193548
0.285714
0.0
0.0
0.473684
0.090909
0.0
0.0
0.0
0.295775
0.324324
0.456522
0.0
0.39759
0.166667
0.038462
0.122807
0.514563
0.074074
0.333333
0.734043
0.0
0.230769
0.519231
0.242424
0.333333
0.0
0.537037
0.677419
0.615385
0.137931
0.382716
0.0
0.324324
0.0
0.019608
0.0
0.0
0.0
0.0
0.324324
0.0
0.0
0.137931
0.0
0.152542
0.0
0.0
0.0
0.152542
0.0
0.0
0.0
0.0
0.0
0.375
0.0
0.0
0.166667
0.0
0.0
0.404762
0.0
0.0
0.180328
0.0
0.0
0.0
0.253731
0.0
0.242424
0.0
0.0
0.0
0.0
0.0
0.456522
0.0
0.0
0.0
0.418605
0.358974
0.0
0.609375
0.180328
0.0
0.0
0.180328
0.0
0.0
0.0
0.315068
0.090909
0.0
0.367089
0.107143
0.0
0.180328
0.0
0.0
0.21875
0.0
0.0
0.0
0.019608
0.0
0.367089
0.0
0.0
0.0
0.0
0.0
0.0
0.0
0.0
0.090909
0.122807
0.0
0.0
0.0
0.0
0.484536
0.0
0.431818
0.425287
0.253731
0.596774
0.0
0.0
0.0
0.0
0.107143
0.305556
0.0
0.315068
0.473684
0.411765
0.056604
0.0
0.0
0.0
0.0
0.722222
0.206349
0.0
0.315068
0.456522
0.0
0.468085
0.166667
0.0
0.0
0.0
0.253731
0.404762
0.0
0.0
0.0
0.0
0.090909
0.0
0.275362
0.39759
0.0
0.21875
0.0
0.122807
0.0
0.056604
0.0
0.0
0.137931
0.0
0.0
0.152542
0.0
0.0
0.0
0.0
0.675325
0.375
0.206349
0.0
0.122807
0.074074
0.019608
0.0
0.568966
0.358974
0.0
0.0
0.0
0.193548
0.0
0.425287
0.0
0.0
0.53271
0.0
0.0
0.0
0.0
0.0
0.468085
0.324324
0.21875
0.0
0.152542
0.418605
0.0
0.0
0.193548
0.0
0.425287
0.382716
0.285714
0.456522
0.0
0.0
0.0
0.0
0.0
0.230769
0.358974
0.0
0.0
0.0
0.152542
0.056604
0.468085
0.0
0.107143
0.090909
0.0
0.137931
0.090909
0.0
0.0
0.456522
0.230769
0.0
0.0
0.0
0.0
0.0
0.0
0.0
0.0
0.242424
0.0
0.275362
0.0
0.0
0.677419
0.0
0.0
0.798387
0.074074
0.358974
0.0
0.0
0.390244
0.0
0.0
0.0
0.761905
0.166667
0.206349
0.0
0.166667
0.0
0.0
0.152542
0.230769
0.0
0.275362
0.295775
0.107143
0.0
0.122807
0.315068
0.0
0.0
0.0
0.0
0.0
0.0
0.0
0.0
0.0
0.0
0.0
0.295775
0.230769
0.0
0.0
0.0
0.0
0.0
0.0
0.0
0.0
0.0
0.056604
0.0
0.514563
0.468085
0.0
0.295775
0.0
0.230769
0.0
0.152542
0.0
0.358974
0.382716
0.230769
0.0
0.0
0.152542
0.0
0.444444
0.0
0.0
0.166667
0.350649
0.264706
0.0
0.253731
0.090909
0.0
0.0
0.0
0.0
0.0
0.0
0.152542
0.180328
0.404762
0.074074
0.0
0.285714
0.910873
0.0
0.122807
0.411765
0.411765
0.0
0.0
0.0
0.0
0.418605
0.773756
0.537037
0.0
0.473684
0.52381
0.0
0.0
0.122807
0.21875
0.0
0.0
0.074074
0.107143
0.193548
0.152542
0.0
0.0
0.230769
0.090909
0.0
0.0
0.0
0.0
0.0
0.122807
0.0
0.0
0.0
0.0
0.0
0.0
0.411765
0.333333
0.565217
0.21875
0.107143
0.0
0.0
0.0
0.21875
0.57265
0.0
0.0
0.0
0.450549
0.230769
0.180328
0.0
0.0
0.0
0.0
0.264706
0.0
0.0
0.0
0.0
0.0
0.0
0.0
0.180328
0.358974
0.0
0.264706
0.590164
0.090909
0.0
0.0
0.0
0.152542
0.0
0.561404
0.0
0.137931
0.0
0.0
