0.9906281199999999
0.9772438800000001
0.99094811
0.99130033
0.97796038
0.9899294500000001
0.99187724
0.99022158
0.99249609
0.9944908499999999
0.99056872
0.99294123
0.99417778
0.9944770300000001
0.99267043
0.65640767
0.70434703
0.99029921
0.99288614
0.9929136900000001
0.8284949
0.99382351
0.70743767
0.99330866
0.55202823
0.99438493
0.99050476
0.99262913
0.99137355
0.9899248799999999
0.99273926
0.99337758
0.99172608
0.83249353
0.9932075899999999
0.9928127000000001
0.49382652
0.9929045000000001
0.99338217
0.99348787
0.99306061
1.0773887899999999
0.71041217
0.99247775
0.98868979
0.5519431
0.9927209100000001
0.82679158
0.99415937
0.99361199
0.99294123
1.02377642
0.99303306
0.9911447699999999
0.99301929
0.71039807
0.99186807
0.61542181
0.99361199
0.70910556
0.70907747
0.99718772
0.8283255300000001
0.9933729800000001
0.8262603300000001
0.41368566
0.99094354
0.99337758
0.9925144400000001
0.41999066
0.9930698
0.99302388
0.9938465
0.49619529999999995
0.99368555
0.99281729
0.99249609
0.9920971900000001
0.99221178
0.55265189
0.99133694
0.63976419
0.99295041
0.9939155
0.99351545
0.99685907
0.85897972
0.62170217
1.01331769
0.99277598
0.83421397
0.7104709300000001
0.99451848
0.88730561
1.2540197
0.92719816
0.62167158
0.9939523
0.85163195
0.70961872
0.99318003
0.99142847
0.49677496
0.9931249099999999
0.99170776
0.9922255400000001
0.82850769
0.9911264799999999
0.97053512
0.99439875
0.45171382
0.8286419600000001
0.71031113
0.5519189800000001
0.99268878
0.63962699
0.99273926
0.9913506700000001
0.9929687800000001
0.99254655
0.99413175
0.97549043
0.90120973
0.70952494
0.9939109
0.99123627
0.80948228
1.07701055
0.82688709
0.99379591
0.62106209
0.99416397
0.99271632
0.99672489
0.82679795
0.99183143
0.9907378099999999
0.9888718900000001
0.9918864000000001
0.9762753700000001
0.9929045000000001
0.59105109
0.9915383400000001
0.99050476
0.90398668
0.55187927
0.55103527
0.5160806
0.70912898
0.99129576
0.99316625
0.6216068
0.82863876
0.99253738
0.82881786
0.8268456999999999
1.16181306
0.99120882
0.99375452
0.9487908199999999
1.0015547599999999
0.99127745
0.82516817
0.6204304900000001
0.8248480499999999
0.4128371
0.8120965099999999
0.9922438699999999
1.0382643299999998
1.04388667
0.8286707400000001
0.70912429
0.9927668
0.70875217
0.61765031
0.9915200299999999
0.55190196
0.9923585
0.9828840200000001
0.82791678
0.98860331
1.09257787
0.35472262
0.2917202
0.8833527999999999
0.98814386
0.9823355100000001
0.99265666
0.82686798
0.9358736000000001
0.9901348400000001
0.99121797
0.9272542
0.99439875
0.7906962799999999
0.93652663
0.99124542
0.99633645
0.99262455
0.99192305
0.98887645
0.99219803
0.98347369
0.9806667400000001
0.99240895
0.99195971
0.9939109
0.82801893
0.38154425000000003
0.70900255
1.02209048
0.99084752
0.98636471
0.9917673
0.98861696
0.82590125
0.9885487000000001
1.05812392
0.9897606299999999
1.0041868200000001
0.48263157
0.70642304
0.99374073
0.9927209100000001
0.82999028
0.99225763
0.9901348400000001
0.99038142
0.99212927
0.98934113
0.9919368
0.33115599
0.99019419
0.99237685
0.98995683
0.9942053900000001
0.9917169199999999
0.99217511
0.55118661
0.70785041
0.9656385799999999
0.45188301000000003
0.9938557
0.62176157
0.70734679
0.9930560199999999
0.99247775
0.22444952
0.9757741
0.99148798
0.9911768
0.9902809499999999
0.99306521
0.55197431
0.63429928
1.03779269
0.82656564
0.98924543
0.82727252
0.99164365
0.9414204700000001
0.99366716
0.9916802800000001
0.9753486499999999
0.70764981
0.49743432
0.9915337599999999
0.52400527
0.99095725
1.1148867199999999
0.45062945
0.49557009999999996
0.7089534000000001
0.9908566600000001
0.9064822499999999
0.41371914
0.9938832999999999
0.99109446
0.9905276000000001
1.0794032900000001
1.00444045
0.99163907
0.82652428
0.49809658
0.9918634900000001
0.98979713
0.7059191300000001
0.8249557799999999
0.9909618299999999
0.99191847
0.9913643999999999
0.7076218299999999
0.99068296
0.99061898
0.9906326900000001
0.41132441999999997
0.99099384
0.9923401599999999
0.99259702
0.96042597
0.99407193
0.96553439
0.99267961
0.9919505399999999
0.99127745
0.49606922
0.9928953199999999
0.55175732
0.99178562
0.9906281199999999
0.99369474
0.9920788500000001
0.99480412
0.98799838
0.99010288
0.99190472
0.9917306600000001
0.85501593
1.2210908600000001
0.98837126
0.82303348
0.9946106
0.6205990299999999
0.7241385800000001
1.01556998
0.61984311
0.29256433000000004
0.70882937
0.99247316
0.9785218600000001
0.70905171
0.62064746
0.29179511
0.9920559400000001
0.9925144400000001
0.99220261
0.71027589
0.9934373200000001
0.55190622
0.8267279200000001
0.99253279
0.99053674
0.99180852
0.62047531
0.9929687800000001
1.12172355
0.82663563
0.98954628
0.8283638799999999
0.9902352799999999
0.9915886999999999
0.99137813
0.99375452
0.99450006
0.9914513599999999
0.82713232
0.96316992
0.9891998599999999
0.9939063
0.99446782
0.99298714
0.99268878
0.08135239999999999
0.9908246599999999
0.9900800599999999
0.82117035
0.99195512
0.99293205
0.5510211300000001
0.96228515
0.9925144400000001
0.99273926
0.9367186200000001
0.95589864
0.82053342
0.82916988
0.9916894399999999
0.41269509
0.54922434
0.9046226199999999
0.99366716
0.70189526
0.9918589099999999
0.71161984
0.87781379
0.9857218
0.99255573
0.99134152
0.98987925
0.9928769599999999
0.9923264
0.96308353
0.71049444
0.62043587
0.99201011
0.45061621
0.99023072
0.99267502
0.8263334600000001
0.9909298200000001
0.6207891999999999
0.98980625
0.55105366
0.99299633
0.99030835
0.9925649
0.99444019
0.8964133400000001
0.8301667500000001
0.9911768
0.70812116
1.00981071
0.96242746
0.95304784
0.99107159
0.6194569099999999
0.94159384
0.99110361
1.12897702
0.99200553
0.99171234
0.99333163
0.61964101
0.31020628
0.9926016099999999
0.94612807
0.99224846
0.83197426
0.99244564
0.99092525
0.99260619
0.82522841
0.61883392
0.82665473
0.55033909
0.7062789899999999
0.7090166000000001
0.98992032
0.9891953
0.99178562
0.70892531
0.9888127
1.03558567
1.02349829
0.29182803
0.8301057799999999
0.9916894399999999
0.26082522999999996
0.99156581
0.99014397
0.98867158
0.8233079999999999
0.9884531400000001
0.62057213
0.99007549
0.99261996
0.5509278400000001
1.01550754
0.99212927
0.9906921
0.35475719
0.98728979
0.98879904
0.37506570000000006
0.5494576099999999
0.70927653
0.61954626
0.8770107699999999
0.58020497
0.3104287
0.6765986900000001
0.70913366
0.99363957
1.3548963699999999
0.63015791
0.9929182799999999
0.99165738
0.9920742699999999
0.9921934400000001
0.99225763
0.61845431
0.99424222
0.98818933
0.69826194
0.9920330199999999
0.9905001900000001
0.99180394
0.62172197
0.99282188
0.9916802800000001
0.26123294
0.33089524
0.41363626
0.99354303
0.9917444000000001
0.99301469
0.6217327699999999
0.9914330499999999
0.38119951
0.98611559
0.99098927
0.8267310999999999
0.98873986
0.35509684
0.49635816
0.99150171
1.01201403
0.9990108200000001
0.99433889
0.9876167100000001
0.98875352
0.98369894
0.82861638
0.99256032
0.99408573
0.8339839499999999
0.81563434
0.9924364699999999
0.99239519
0.99285401
0.99230348
0.99296419
0.7102524
0.57180232
0.70893936
0.82343427
0.8270240200000001
0.9609416799999999
0.62058468
0.99320299
0.9917902
0.9915886999999999
0.9921063499999999
0.9866592799999999
0.99191847
1.01792396
0.98981082
0.5882920500000001
0.9926383099999999
0.99247775
0.70741903
0.6196571
0.9932075899999999
0.826642
0.9911401999999999
0.9916024400000001
0.97983896
0.9916894399999999
0.62260701
0.99162075
0.9913186399999999
0.9912317
0.99281729
0.99265208
0.9892272
0.3816073
0.9784104100000001
0.71008096
0.8266897299999999
0.9888400199999999
0.82656564
0.99216594
0.55207932
0.99163449
0.82667382
0.99137813
0.8267597499999999
0.44856055
0.99029465
0.9929917399999999
1.26716133
0.99111733
0.99381891
0.98879904
0.99375452
0.99099384
0.9929595999999999
0.99107159
0.99260619
0.99689609
0.8261395400000001
0.8270240200000001
0.9931938100000001
0.9912134
0.5494351199999999
0.9931249099999999
0.7085136599999999
0.99133694
1.46600925
0.9934511100000001
0.9939109
0.99537127
0.99464746
0.70757287
0.97316961
0.95396232
0.99105329
0.82699535
0.99340055
0.99195971
0.9922072
0.99231723
0.5344565
0.8280891699999999
0.55208925
0.67952107
1.13334441
0.99359819
0.3811826
0.99103042
0.62265936
0.83253225
0.9958744
0.98354126
0.99318003
1.0185033
0.99212469
0.38153883
0.99170776
0.62265756
0.9921476
0.3544024
0.70611178
0.99176272
0.99324434
0.98873986
0.41366574
0.99437573
0.9810654700000001
0.99288614
0.96277265
0.99338217
0.99330866
0.99286778
0.9922347
0.55044629
0.99266125
0.9920650999999999
0.99093439
0.99137355
0.45339519
0.99253279
0.7090400099999999
0.98968765
0.9951360300000001
0.89256831
0.99051846
0.82837666
0.99251903
0.8267374700000001
0.7107366399999999
0.62284537
0.5529293599999999
0.55171622
0.82680431
0.99348328
0.70782241
0.99165738
0.62066719
1.11264547
0.55346518
0.83000632
0.55105366
0.99401211
1.14014985
0.99010288
0.99193221
0.99509914
0.99220261
0.6197178999999999
0.61954805
0.71065197
0.99333163
0.9935062600000001
0.9922347
0.9922438699999999
0.99256949
0.83326555
0.8264701999999999
0.71139117
0.98344667
0.70899319
0.99450006
0.83041714
0.79664189
0.8304749499999999
0.9927346699999999
0.99424222
0.7104380299999999
0.99124085
0.6207676599999999
0.9896465999999999
0.93869628
0.9933867700000001
0.99681742
0.99255573
0.62313454
0.38237307000000004
0.6206654
0.9931111300000001
0.9939109
0.61866812
0.9909069599999999
0.59104458
0.97535308
0.82685207
0.70904469
0.16015647000000002
0.97600915
1.11563967
0.9922622099999999
0.99255573
0.62158521
0.62090048
0.99093439
0.54868969
1.00685636
0.6364630600000001
0.992955
0.49676692
0.99369474
0.82660063
0.99182684
0.9920926
0.82483538
0.99233558
0.38238805
0.99274385
0.9901348400000001
0.9917031799999999
0.9939569
0.3543872
1.2327265699999999
0.99156581
0.5344006499999999
0.9912591500000001
0.9892818800000001
0.99236309
0.62167518
0.82656882
0.7091734700000001
1.21523119
0.8232575
0.8248829000000001
0.7038207
0.98876717
0.95162881
0.33061607000000004
0.99332703
0.99191847
0.8287858699999999
0.6205273
0.99011658
0.99235392
0.49614028
0.3547613
0.9923126499999999
0.9929458200000001
0.38156459
0.9943112700000001
0.9912866
0.8284533500000001
0.8231123499999999
0.99357521
0.97094321
0.99214302
0.9553245699999999
0.9930101
0.99318921
0.8275435
0.11541702000000001
0.99045907
0.98260519
0.99218886
0.9917306600000001
0.9940167099999999
0.98604315
0.99038142
0.98768484
0.45070605999999996
0.99047278
0.49675773
0.45108759
0.9927805700000001
0.31024572
0.99250985
0.99154292
1.01557958
0.82673429
0.71032758
0.99340515
0.98771664
0.83039146
0.9939799100000001
0.24869555999999998
0.98997052
0.49555408999999995
0.99274385
0.9909115300000001
0.98945965
0.70764048
0.98931834
0.99429746
0.30997703
0.35447787
0.99439875
0.9901394
0.98882181
0.55175449
0.7104544799999999
0.9940581199999999
0.98591639
1.18622567
0.9892272
0.9929458200000001
0.99180394
0.09724826
0.99671564
0.99303306
0.41370081
0.7918771200000001
0.99369015
0.82479419
0.9937821200000001
0.30664977
0.2405174
0.42744584
0.62062414
0.83142346
0.9936579600000001
0.20278123
0.82689982
0.7093843099999999
0.8275753899999999
0.9933592
0.61771427
0.61955163
0.9945829700000001
0.9911584999999999
0.4086312
0.61233858
0.9940535199999999
0.98870344
0.9922072
0.99366716
0.99315706
0.9903951200000001
0.99306061
0.9932627100000001
0.9903585800000001
0.97428664
0.71073899
0.99316165
0.9906738199999999
0.99154749
0.99293664
0.98901307
0.95833868
0.9938925000000001
0.9925144400000001
0.9923309899999999
0.99308817
0.9942146
0.99309735
0.9943342900000001
0.9918131
0.98255574
0.9942928499999999
0.70913366
0.83010257
0.99254655
0.61045691
1.0295237799999999
0.99238602
0.69288418
0.96920353
0.95484882
0.55267038
0.9920330199999999
0.9938419000000001
0.9911768
0.99631796
1.01086596
0.98368993
0.38125569
0.7446276000000001
0.9731960700000001
0.9881802399999999
0.99217511
0.99245023
0.99210177
0.98789385
0.9923309899999999
0.99267502
0.9941961899999999
0.99323515
0.98456486
0.9934603
0.9928723700000001
0.49595694
0.9114221
0.99166654
0.82499381
0.99224846
0.82666427
0.9931203200000001
0.9341312399999999
0.9938511
0.99587902
0.98395585
0.99238602
0.8253838299999999
0.99002529
0.99315706
0.5893738
0.41327964
0.99187266
1.000188
0.17618442
0.9911401999999999
0.99199636
0.62090407
0.6185451599999999
0.9911813700000001
0.91669775
0.98878538
0.94647417
0.99297337
0.71026885
0.99398911
0.5519161499999999
0.7089955299999999
0.9940213099999999
0.99105329
0.7156871300000001
1.08598632
0.70494124
0.99474882
1.0446128000000001
0.8268266
0.9931295
0.7088925500000001
0.41346504
0.99253279
0.99238602
0.99304684
0.9943342900000001
0.9945369
0.7090962000000001
1.10604383
0.9933408199999999
0.7090985399999999
0.8920862900000001
1.13272867
0.9934143400000001
0.9932719
1.01319817
0.7117707900000001
0.97128575
0.8273330799999999
0.6207228
0.98640548
0.55117529
0.99318003
0.8943265100000001
0.99289991
0.9936027900000001
0.62129028
0.7094030600000001
0.9928586
0.9929687800000001
0.61950694
0.7119926200000001
0.99162075
0.55285677
0.9914834
0.99267961
0.38159035
0.9964289100000001
0.82579644
0.98821207
0.55134227
0.9834151400000001
0.38206218
0.62076228
0.9938557
0.99213385
0.7075752
0.9096808799999999
1.02716994
0.81057919
0.9927071399999999
0.83056167
0.9916986
0.99331784
1.01550754
0.41369602
0.5520041
0.99301469
0.82928195
0.99217969
0.70912664
0.70957651
0.9944448
0.9872126400000001
0.45114539
0.9930101
0.45070889000000003
0.99212469
0.70785274
0.7491422400000001
0.8249874800000001
0.9927805700000001
0.9295621
0.99339136
0.99297337
0.99146052
0.99454612
0.98949156
0.99154292
0.82683933
0.9911951000000001
0.41328201999999997
0.99406273
0.9788162300000001
0.4512895
0.62099384
1.1095755699999998
0.97785796
0.8302887200000001
0.9970766000000001
0.9911813700000001
0.62036776
0.55366353
0.99200095
0.9897378299999999
0.9936027900000001
0.9921476
0.9920742699999999
0.96516553
0.99409494
0.95080721
0.9929090899999999
0.82489874
0.9789367
0.98713549
0.99498388
0.99163907
0.65338994
0.99144678
0.9932856800000001
0.7092320200000001
0.7098134
0.9920880200000001
0.55299059
0.99093896
0.99176272
0.8270940899999999
0.99466128
0.992955
0.8287634799999999
0.99203761
0.71084251
0.6187608099999999
0.99116307
0.3429855
0.99278975
0.99109903
0.99316165
0.9916024400000001
0.9941271500000001
0.99129576
0.99266125
0.99304225
0.9943665199999999
0.26835897
0.98882181
0.99480873
0.99206052
0.41376137999999996
0.7091079
0.91588454
0.99109446
0.82317229
0.9860295600000001
0.8253077000000001
0.8055953800000001
0.9930101
0.99373613
0.6205075800000001
0.9935016600000001
0.9942468200000001
0.99137355
0.99403052
0.99221637
0.99407193
0.99282647
0.99297337
0.9923218199999999
0.80191028
0.9964566499999999
0.9939615
0.99259702
0.61962492
0.30999806
0.45380718000000003
0.826677
0.9908886699999999
0.99265208
0.99267961
0.99269796
1.02378618
0.99427904
0.98103858
0.8897429800000001
0.62065643
0.6910803
0.99307898
0.38156459
0.35509449
0.99339596
0.9943434999999999
0.48906816999999997
0.16527038000000002
0.71078604
0.82700491
0.82676612
0.99413175
0.8284949
0.8276328
0.99296419
0.55182538
0.82526964
0.99262455
0.9929090899999999
0.54946464
0.34270744000000003
0.99379591
0.62277132
0.55258363
0.25444209
0.82473084
0.99328109
0.9926933699999999
0.99161159
0.99253738
0.99225763
0.82632074
0.9917444000000001
0.99318003
0.9924685700000001
0.99409494
0.90942277
0.99126373
0.94846396
0.7104074699999999
0.9546153700000001
0.9950899200000001
1.2843878499999999
0.9981007599999999
1.27166354
0.38203499
0.62062055
0.99545432
0.9938832999999999
0.99671101
0.82875069
0.99146052
0.99378671
0.99349707
0.99195512
0.99256949
0.99294123
0.8282967800000001
0.99281729
0.99309276
0.99206969
0.9918451699999999
0.70621628
0.9939201
0.9974332
0.7106049400000001
0.41374305
0.45069092
0.4961976
0.9915200299999999
0.61957129
0.9932856800000001
1.08437411
0.6220353200000001
0.99247775
0.9941685699999999
0.68810858
0.99221178
0.5913521899999999
0.9934556999999999
0.9938143100000001
0.53449242
0.99325352
0.5516496
0.8285012999999999
0.62079637
0.99347409
0.9944954500000001
0.49603484000000003
0.33115343
1.4052465
0.99238602
0.54862521
0.62285983
0.99432048
0.99212469
0.9931938100000001
0.82894583
0.82719604
0.9858304
0.82833512
0.99197803
1.01582459
0.9947396000000001
0.99940601
0.99505303
0.55590366
0.8834836300000001
0.99308817
0.99916421
0.9932719
0.96536511
0.99363038
0.99084752
0.98888555
1.00762642
0.71049679
1.00468951
0.99247775
0.9888809999999999
0.9937821200000001
0.9883621599999999
0.9907880900000001
0.99278975
0.9928035199999999
0.99404892
0.9916528
0.9917398199999999
0.9934603
0.99193221
0.70737475
0.5495687
0.38125027
0.46332102
1.06232712
0.9168543
0.99982943
0.9931341
0.7271077499999999
0.99079723
0.9943342900000001
0.99279434
0.99331325
0.9941455600000001
0.70891595
0.94179205
0.99292746
0.99349707
0.83032724
0.99353843
0.62059544
0.83027588
0.8253425900000001
0.55182113
0.87378489
0.9939063
0.97373001
0.99128203
0.70638818
0.62049323
0.9923905999999999
0.7076125000000001
0.9914147400000001
0.98365839
0.87307795
0.87366403
0.99263372
0.99428365
0.99273009
0.99108988
0.98824845
0.45102600000000004
0.35478122
0.99425603
0.8290514400000001
0.99110361
0.96300579
0.82797742
0.99261078
0.9909069599999999
0.99241353
0.46879282000000005
0.99284024
0.8319517000000001
0.99503459
0.82875709
0.99190931
0.45118615
0.9998014999999999
0.99323974
0.9934327199999999
0.73563611
0.7090283
0.49585158999999995
0.45124588000000004
0.82807959
0.9921613600000001
0.62052551
0.99289073
0.55095328
0.45128002
0.990587
0.49602339
0.82668655
0.99004811
0.5509207700000001
1.00736172
0.41686732
0.99310654
0.98449716
0.9940535199999999
0.6215996
0.49573827000000004
0.99110361
0.9942284100000001
0.45106579
0.9903951200000001
0.17102252
0.7089651
0.70896978
0.71273935
0.55096035
0.99323056
0.70889723
0.30969942
0.37135578
1.01551235
0.82802531
0.62048786
0.99285401
1.4947959499999999
0.82843418
0.7088083199999999
0.9931203200000001
0.9931938100000001
0.9937499200000001
0.8232385600000001
0.9481415200000001
0.9930009200000001
1.50130637
0.99156123
0.8396151399999999
0.9925878400000001
0.96717814
0.99328109
1.03252845
0.9459947
0.99097097
0.9926933699999999
0.9941133499999999
1.10306686
0.82293255
0.9927209100000001
0.9707456999999999
0.99376372
0.992955
0.97605351
0.84182362
0.99377752
0.99108074
0.99346489
0.99430666
0.99211094
0.99318003
0.9934143400000001
0.99261078
0.9939155
0.8918676999999999
0.8942818200000001
0.99348328
0.9930101
0.8302598299999999
0.7562600700000001
0.71003166
0.99323056
0.44478856
0.99423301
0.9924364699999999
0.99072867
0.8248163700000001
0.99315706
0.82759452
0.9927071399999999
0.41417715
0.99585131
0.6206349
0.99351545
0.9940213099999999
0.71041687
0.7077244399999999
0.5512431999999999
0.70780608
0.82878907
0.99363957
0.37844121999999997
0.82858761
0.99439414
0.82491142
0.99315706
0.9929136900000001
0.9926383099999999
0.99437573
0.8987994899999999
0.99189098
0.87740492
1.18400854
0.9936717500000001
0.63219111
0.99668326
0.62058827
0.993589
0.8247910199999999
0.99696088
0.993589
0.9929136900000001
0.9926383099999999
1.0300274600000001
0.9938051099999999
0.62155462
0.98980625
0.99318462
0.99239978
0.9907835199999999
0.99442638
0.99363038
0.9917581400000001
0.99242271
0.9943895399999999
0.8259647800000001
0.99187724
0.45122217
0.99427444
0.7105649599999999
1.20561162
0.99164365
0.62051475
0.82869952
0.99627173
0.98861696
0.99383271
1.10851597
0.9931249099999999
0.8270399399999999
0.9925649
0.98093103
0.85510785
0.99288155
0.99178104
0.99433889
1.1909028499999998
0.49741011999999996
0.9928035199999999
0.99194596
0.99317543
0.9926429
0.99382811
1.09973967
0.61950158
0.98813477
0.62082688
0.99364417
0.8292115
0.97074132
0.99447243
0.7090962000000001
0.38146766
0.992955
0.8283702700000001
0.9933592
0.6207676599999999
0.55025589
0.9938557
0.9927530299999999
0.8282201100000001
0.83264523
0.55147111
0.41363228
0.99189556
0.77862955
0.99353384
0.82847892
1.1358441000000001
0.49682093
0.9927851599999999
1.0096825200000001
0.9941501599999999
0.82826483
0.9938695
1.17186821
0.80885725
0.99324893
0.99111733
0.9778935799999999
0.49395942
0.9939385000000001
0.7500004
0.9954866199999999
0.9918589099999999
0.33119684
0.99284942
0.98949156
0.93678809
0.6184471899999999
0.99369934
0.99267502
0.9936579600000001
0.81418711
0.99244564
0.99241812
0.99236767
0.43857165000000004
0.99245481
0.55177292
0.62041077
0.49674509
0.82333009
0.82785294
0.99194596
0.82708454
0.99054131
0.9925144400000001
0.99302388
0.99286778
0.9937177300000001
1.0743004600000001
0.9934327199999999
0.77047788
0.99409954
0.99407193
0.99187724
0.71041217
0.9939155
0.8571044000000001
0.99468892
0.9942146
0.70886213
0.97832572
0.99451388
0.45124398
0.71035343
0.97030709
1.03026466
0.99375912
0.7095811999999999
0.43244688
0.98998877
0.49671751000000003
0.41365459
0.99362118
0.6196428
0.99304225
0.62270631
0.62691284
0.62059724
0.9938787000000001
0.9937177300000001
0.49691290000000005
0.99279893
0.826677
0.99351545
0.71041452
0.9705219599999999
0.99325352
0.9907880900000001
0.99202844
0.99258325
0.99251903
0.99264749
0.99363957
0.5520509299999999
0.9936027900000001
0.9920788500000001
0.99144678
0.9944309800000001
1.03542589
0.98907229
1.03223563
0.55199275
0.9930698
0.99280811
0.9929182799999999
0.24837340000000002
0.99381891
0.82676612
0.71075781
0.82785613
0.55175591
0.99257408
0.99346489
0.62139455
0.7519727
0.7077477600000001
0.38200577
0.55035742
0.7487896
0.9931019499999999
0.99281729
0.9939155
0.9931203200000001
0.99030835
0.61983059
0.9938511
0.88560044
0.99416397
0.82757858
0.6197805000000001
0.9942928499999999
0.9803130899999999
0.70765914
1.11270312
1.08336208
0.993589
1.0862719699999999
0.99805437
0.9945092699999999
0.61958023
0.99255573
0.70892765
0.99129118
0.40300859
0.38160527
0.99406733
0.9945691499999999
0.8267183699999999
0.9944494
0.99134152
0.9932765
0.6206636
0.71032288
0.9923218199999999
0.99428825
0.9917535599999999
0.97301087
0.7120327500000001
1.32978534
0.91650605
0.82864836
0.99245023
1.08641485
0.99313869
0.55113002
0.99338217
0.99321218
0.995279
0.9653086999999999
0.71011618
0.62068513
0.9938741
0.82172337
0.99228514
1.21284961
0.7023957299999999
0.99297337
1.02740582
0.71008331
0.62194345
0.99086124
0.45171572
0.8252506099999999
0.92698603
0.70934447
0.99357521
0.99198262
0.99239519
0.9933408199999999
0.99282647
0.99315706
0.98952804
0.9946658899999999
0.99168486
0.99315706
0.9932259600000001
0.99182684
0.28732145
0.49550721000000003
0.9946704900000001
0.99285401
0.9939569
0.9931203200000001
0.99332244
0.99230348
0.99294123
0.83044605
0.99286778
1.19124637
0.49685197000000003
0.9938005099999999
0.99277139
0.99348328
1.12638926
0.99277598
0.99659075
0.99302388
0.99401211
0.82622854
0.7080114399999999
0.6205273
0.9925052700000001
0.99558815
0.9938741
0.99357061
0.96799775
0.8286579500000001
0.9941731699999999
0.95823177
0.99248233
0.9911264799999999
0.9924685700000001
0.9048513199999999
0.99090238
0.99344651
0.9931938100000001
0.99214302
0.99302847
0.99285401
0.99264749
0.5517672499999999
0.71021717
0.55265473
0.8248955800000001
0.99404892
0.92383166
0.9927071399999999
1.08988299
1.07790253
0.7467845900000001
0.99415476
0.99195512
0.99336379
0.99412255
0.9899294500000001
0.9923585
0.9939293
0.9559497
0.99626711
0.49626066
0.99307898
0.9937683199999999
0.82667382
0.99293205
0.99054131
0.99678966
0.9928769599999999
0.45012129
0.99318462
0.82699535
0.99374073
0.98868979
0.62083406
0.711667
0.99284942
0.99299633
0.33956337
0.99438033
0.99308817
0.99128203
0.9935016600000001
0.6217147700000001
0.8250698900000001
0.70618144
1.04682278
0.98083695
0.45181076
0.82695077
0.9947119600000001
0.99235392
0.9935062600000001
0.99335001
0.98936392
0.9920880200000001
0.99451388
0.99197345
0.9811596
0.37515481
0.83075445
0.99129118
0.99302388
0.7105767199999999
0.62058289
0.82899703
0.83591876
0.99282188
0.99340055
0.8265210999999999
0.82692211
0.23654582999999998
0.9923585
0.9944770300000001
0.99213844
0.9921613600000001
0.9922622099999999
0.99318921
0.99469814
0.61872159
0.83022773
0.97856199
1.03521625
0.99374533
0.99286319
0.9948455900000001
0.98879449
0.9921201000000001
0.99403512
0.9703772399999999
0.6195695
0.99339596
0.70908683
0.99362118
0.6203695499999999
0.9939477
1.1942407099999999
0.82631756
0.9912591500000001
0.9910212799999999
0.99311572
0.9901804900000001
0.99432508
0.99378671
0.9934924700000001
0.71058377
0.32993490999999997
0.99206969
0.92985592
0.9364082
0.61864673
0.9922072
0.8287379
0.9939569
0.9963595599999999
0.71042863
0.54526942
0.9932719
0.8267183699999999
0.9965676299999999
0.8265529100000001
0.9926658399999999
0.99267043
0.99321218
0.71013497
0.99230806
0.99164365
0.99179936
0.99262455
0.99906194
0.70729321
0.99228972
0.9487992
0.9089416199999999
0.7103510799999999
0.9922530399999999
0.9923722600000001
0.9921521900000001
0.53592902
0.9925282
0.26105637000000004
0.90296041
0.8304942200000001
0.99433889
0.70752857
0.99301469
0.90258848
0.99192763
0.80188033
0.99400291
0.7090915099999999
0.55086
1.05034538
0.99677116
0.71030174
0.99585131
0.9930560199999999
0.82870272
0.49419586000000004
0.92459535
0.9931432800000001
0.99354303
0.99474882
0.70906576
0.5518338899999999
0.99295041
0.9949377800000001
0.9939431000000001
0.99309735
0.55205235
0.99340974
0.62073177
0.55262629
0.9907378099999999
0.9935062600000001
0.83011861
0.22539324
1.06198564
0.31234763
0.9993780999999999
0.8287379
0.5966906399999999
0.9933546
0.61971969
0.86154708
1.02968668
0.8273490099999999
0.8267310999999999
0.98846224
1.09588976
1.0740049600000001
0.55009661
0.99359819
0.99239978
0.9934603
0.99321218
0.82674065
0.99296419
0.99325812
0.9932075899999999
0.99347409
0.75598053
0.7089417
0.70621396
0.82688072
0.2257242
0.82449969
0.99230806
0.9930698
0.99242271
0.7062813099999999
0.7102524
0.70888319
0.45012317
0.9935062600000001
0.9931203200000001
0.99371314
0.9922530399999999
0.71049679
0.82675657
0.99354763
0.99335001
0.9937821200000001
0.8306195
0.99142847
1.02424518
0.5528425299999999
1.1060324400000001
0.9940535199999999
0.84581898
0.99307898
0.9507945800000001
0.8287251000000001
1.19900151
0.99086124
0.45218179
0.70857444
0.82001957
0.41319058
1.0497395299999999
0.99244105
0.62057572
0.54367776
0.99247316
0.33118356
0.55111447
0.61980912
0.82897143
0.99315706
0.99258325
0.55292652
0.9993734499999999
0.55265046
0.9931295
0.49555295
0.99301929
0.99493317
0.9931708399999999
0.8299614099999999
0.82510476
0.99423761
0.70858379
0.99223012
0.9930560199999999
0.99257408
0.99244105
0.9939201
0.82891063
0.62062952
0.9939753100000001
0.9916894399999999
0.99274385
0.38204994999999997
0.9922668
0.99257867
0.99279434
0.6205900599999999
0.7092343700000001
0.6205685400000001
0.35492958
0.99301929
0.99676653
0.9931708399999999
0.8266897299999999
0.99406733
0.9939661
0.70759385
0.99055501
0.98266364
0.9890312900000001
0.9910258500000001
0.9604474399999999
0.9941133499999999
0.99372233
0.9938603
0.994606
1.03570054
0.3315855
0.90268333
1.01028577
0.70898148
0.99242271
1.10590144
0.9939477
0.8304877999999999
0.99342353
0.62087535
0.99193221
0.9882893799999999
0.9925052700000001
0.49669568
0.99437573
0.6207263900000001
1.19772425
0.6198520599999999
0.98768939
0.9929458200000001
0.99180852
0.99375452
0.99244105
0.9934143400000001
0.99353384
0.9938465
0.99362118
0.99301929
0.98953716
0.99332703
1.37168567
0.99279893
0.9939063
0.9926933699999999
0.9901257099999999
0.9928953199999999
0.9939431000000001
0.99674802
0.21542134000000002
0.49690485
0.62282912
0.45123734
0.9877756999999999
0.8264701999999999
0.99220261
0.8769355600000001
0.55180978
0.33086465
0.45225797
0.99273926
0.99137355
1.161524
0.9913689800000001
0.99197345
0.41102131999999997
0.99323974
0.99354763
0.8249050800000001
0.61960704
0.82807001
0.62062414
0.45056232
0.41385069
0.82863876
0.99179478
0.41402942000000004
0.9933362200000001
0.9934511100000001
0.99292746
0.9920834399999999
0.99309276
0.55190764
0.82666427
0.70730486
0.38149274
0.5504166699999999
0.99278975
0.99279893
0.99257408
0.8269253000000001
1.01817493
0.9926842
0.9943711199999999
0.55202113
0.9939017
0.99103042
0.62062235
0.99241812
0.82684888
0.99268878
0.9929136900000001
0.6198198500000001
0.55185516
0.99289991
0.98634205
0.9934143400000001
0.9931019499999999
0.9937821200000001
0.99168486
0.5518509
0.99274385
0.9938143100000001
0.99356601
0.62181919
0.38160052
0.99409494
0.99325352
0.99246399
0.99222095
1.0643595000000001
0.9929687800000001
0.62057034
0.9939293
0.99945717
0.99198262
0.99634569
0.99164823
0.98924998
0.71055556
0.9879438399999999
0.99580052
0.99696551
0.9909069599999999
0.99192763
1.01921388
1.08881649
0.99334541
0.35412013000000003
0.95292943
0.26090032999999996
0.7105626100000001
0.49696235
0.9926016099999999
0.99162533
0.98868068
0.99317543
0.9931203200000001
1.28467214
0.99139644
0.9917031799999999
0.99269796
0.99376372
0.98730795
0.73448126
1.01527709
0.72806668
0.9934373200000001
0.27563327
0.8306259199999999
0.49677956
0.55185941
0.9931249099999999
1.00083127
0.9939338999999999
0.92307717
0.73988908
0.86467611
0.99495161
0.99356601
0.99148798
0.99466128
0.99323515
0.9911219
0.70904469
0.99163449
0.62194885
0.70778742
0.41422828
0.9933546
0.99178562
0.99298255
0.99945252
0.9907880900000001
0.64866118
0.99191389
0.9919368
0.82860679
0.97515378
0.9939615
0.99316625
0.9214927900000001
1.42101708
0.99479951
0.71032993
0.99187266
0.34595207
0.61949979
0.99323056
0.99271632
0.9944954500000001
0.21578781
0.9931984
0.98850774
0.62064028
0.9940581199999999
0.9941271500000001
0.06364787
0.99297337
0.71172361
0.99239519
0.99348328
0.9939385000000001
0.9505589000000001
0.99233558
0.99120425
0.83053276
0.98873986
0.5519388399999999
0.9933729800000001
0.62093279
1.02967187
0.45059919
1.04179012
1.04652689
0.97923131
0.6207263900000001
0.55431807
0.55184523
0.99342353
0.9942192
0.55109184
0.97042548
0.413321
0.77200959
0.2364151
0.61956592
0.9933592
0.9927254999999999
0.9938648999999999
0.41326293
0.9938879
0.9910167
0.26104622
0.99356142
0.9931478699999999
0.99512219
0.99149714
0.99340055
0.99284024
0.89845354
0.99372233
0.99275762
0.99400291
0.99318462
0.99257867
0.8594472500000001
0.9927254999999999
0.99363038
0.6185344700000001
0.70787607
0.9938879
0.7103957200000001
0.71044743
0.99282647
0.7239213200000001
0.41376536999999997
0.99253738
0.99355222
1.11285304
0.9919368
1.0994300099999998
0.79663303
0.99269796
0.9922668
1.03308974
0.99308817
0.9939338999999999
0.99612385
0.96359346
0.99301469
0.99340055
0.4151564
1.12280269
0.82520622
0.99283565
0.96564293
1.3600879399999999
0.9024557299999999
0.33031247999999996
0.99246399
0.9937039400000001
0.70086443
0.7089768
0.29206814999999997
0.38155848
0.45063323
0.99285401
0.44841163
0.4928281
0.97571647
0.9530816799999999
0.98493966
0.82853646
0.9931938100000001
0.99382351
0.99418698
0.98415877
0.99229431
0.55200836
0.9925144400000001
0.9947073500000001
0.9926016099999999
0.87935582
0.9933362200000001
0.9912591500000001
0.99318462
0.61953733
0.9927805700000001
0.99115392
0.99341894
0.9921613600000001
0.9923264
0.83298759
0.9627035899999999
0.99438493
0.9940581199999999
0.9939569
0.99428365
0.9916986
0.99351545
1.19813188
0.99183143
1.17899029
0.9943434999999999
0.98648704
0.99450006
0.99415937
0.9933040599999999
0.9951360300000001
0.99342353
0.99293205
0.99441717
0.99240895
0.99278975
0.99342353
0.99214302
1.06199089
0.9938925000000001
0.9911584999999999
0.82462317
0.4137032
0.82837346
0.9938741
0.99280811
0.9934373200000001
0.7061744799999999
0.9920421899999999
0.99679429
0.99352924
0.9904407999999999
0.99158412
0.9888582300000001
0.9926658399999999
0.99259702
0.9926016099999999
1.0084971
0.99718772
0.99341894
0.45285116999999997
0.98905862
0.9939338999999999
0.99108531
0.9921476
0.9939477
0.63833602
0.27547735
0.23658466
0.98676355
0.9966138800000001
0.9937499200000001
0.8268648000000001
0.99321677
0.99427444
0.9938648999999999
0.99242729
0.9933408199999999
0.993589
0.83008332
0.99163907
0.34914459000000003
0.9680806599999999
0.99260619
0.9920421899999999
0.99340974
0.29181137
0.9966878800000001
0.71310856
0.62075331
0.77098685
0.9933362200000001
0.7060166099999999
0.38198743
0.62181738
0.9920971900000001
0.99360739
0.99413175
0.9867771500000001
0.99014853
0.41279425000000003
0.9939615
0.45284067
0.44954743999999996
0.9904453700000001
0.9934281300000001
0.61950516
0.99262913
0.45121743000000003
1.02947442
0.99256949
0.99285401
0.99271173
0.62097229
0.99441256
0.99269796
0.99289991
0.62069589
0.99678966
0.49610933
0.99111733
1.11381696
0.62091664
0.5518509
0.38203159999999997
0.99047278
0.55124886
1.03231998
0.9936165800000001
0.5517601599999999
0.9908292299999999
0.99310654
1.04434355
0.8285844099999999
1.05287903
0.49610131
0.9921201000000001
0.38193579
0.9924364699999999
0.99254197
1.09469427
1.10929472
0.9929136900000001
0.99284024
0.9353885099999999
0.45115487000000004
0.99213385
0.99373153
0.38227642
0.99362118
0.98994314
0.99550969
0.84160588
0.62076228
0.99653526
0.99351085
0.99351545
0.9833881200000001
0.82621582
0.8272087899999999
0.99543125
0.99261537
0.9924594
0.55185232
0.7089089300000001
0.30999984999999997
0.82870911
0.62167518
0.99436191
0.31000298
1.1831083599999999
0.20681971999999998
0.9931295
0.98271761
0.9931478699999999
0.99113105
0.9954404800000001
0.55012338
0.62065284
0.83041714
0.9182774499999999
0.7899458699999999
0.90918791
0.99195971
0.988394
0.98672275
0.9432647299999999
0.9933040599999999
0.9932627100000001
0.9920742699999999
0.82676293
0.9932259600000001
0.82483538
1.0533283199999999
0.82880826
0.99267502
0.62150785
0.9938373
0.70904469
0.8286004
0.98915885
0.5509702399999999
0.99344651
0.9946935299999999
0.99190931
0.99331784
0.61919435
0.99241812
0.82520304
0.33059012000000004
0.8287379
0.99233558
0.98641908
0.99381891
0.99106701
0.989291
0.99318921
0.62082329
0.9927622100000001
0.7090985399999999
0.49664169
0.99356601
0.99082009
0.44898257
0.99926649
0.99369474
0.8285332599999999
0.55267607
0.99240436
0.99333163
0.5799213799999999
0.9936165800000001
0.49676921999999996
0.9936027900000001
0.99336839
0.71174484
0.99267502
0.99337758
0.8285971999999999
0.99197803
0.98956908
1.1785309
0.82138393
0.82686798
0.71047328
0.99381891
0.93517669
0.70082554
0.3815612
0.99340055
0.99336379
0.9929045000000001
0.99236767
0.99273009
0.9939109
0.99265208
0.99369474
0.8289394299999999
0.99177188
0.9928035199999999
0.82886264
0.9946152100000001
0.99461982
0.61935686
0.9561327199999999
0.62493158
0.99604993
0.9916802800000001
0.9938005099999999
1.11248408
0.7077477600000001
0.96882312
0.49617696
0.82860679
0.83041393
0.99130033
0.9927530299999999
0.98661395
0.55179135
0.99372233
0.99373613
0.99038599
0.9958467
0.9932673099999999
0.99193221
0.82825206
0.9933408199999999
0.9945415099999999
0.99430666
0.9927530299999999
0.70901426
0.97328429
0.9941501599999999
0.9938741
0.9558603499999999
0.89403982
0.45115961
0.61944261
0.82832234
0.99255573
0.99306061
1.01589186
0.83006086
0.97326664
0.9784505299999999
0.49754957
0.99368555
0.8295542399999999
0.52841105
0.9932075899999999
0.98639189
0.99293664
0.99351545
0.9935016600000001
0.9939477
0.9920467700000001
0.70803245
0.99260619
0.99586979
0.62364124
0.5525694099999999
0.2754724
0.35465466
0.31026141
0.9935062600000001
0.99199178
0.9026491799999999
0.71039807
0.99219803
0.99342353
0.99369015
0.7596092299999999
0.87911104
0.98755313
0.9887762800000001
0.9931708399999999
0.70924374
0.49689450999999996
0.61910509
0.99164365
0.7105461599999999
0.9934556999999999
0.55189913
0.99357521
0.96791485
0.99283106
0.7313669899999999
0.9935936
1.00961606
0.9909663999999999
0.9930560199999999
0.9929687800000001
0.82672156
1.22648173
0.9944908499999999
0.71031818
0.83090553
0.9942698400000001
0.99134152
0.9934786800000001
0.62177958
0.4133751
0.8271227600000001
0.71004105
0.99144221
0.7090283
0.5519388399999999
0.99324893
0.82517768
0.99323515
0.96335139
0.9933546
0.6194962199999999
0.99303306
0.99140559
1.0015547599999999
0.82843738
0.70775943
0.7120894099999999
0.9932259600000001
0.6320924800000001
0.9927484400000001
0.9928586
0.9760446399999999
0.55100276
0.9941133499999999
0.99310654
0.99398451
0.71216262
1.16413076
0.99144678
0.7092999600000001
0.8289426299999999
0.99348328
0.99255573
1.0052538800000002
0.99332703
0.99315706
0.99293664
0.7087755699999999
0.82814027
0.99352924
0.9932075899999999
0.9931478699999999
0.99017136
0.9928127000000001
0.62140894
0.9272421900000001
0.62071024
0.82837985
0.9927209100000001
0.96883187
0.99195971
0.99259243
0.99360739
0.8283479
1.03650037
0.49493277999999996
0.99363957
0.99383271
0.8810189300000001
0.9686658
0.6227351999999999
0.99463364
0.99442177
0.97366821
0.9932627100000001
0.9794858999999999
0.99262455
0.9932259600000001
0.3545522
0.9937683199999999
0.9932765
0.99323974
0.82661018
0.99140101
0.9938971
0.8283511
0.55329977
0.5526533100000001
1.18651405
0.99185433
0.99304225
1.03652038
0.99382811
0.49608755000000004
0.82880186
0.61965174
0.9936579600000001
0.99331325
1.00449214
0.99138728
0.82945491
1.12535039
0.98337461
0.99289991
0.6206062
0.99239519
0.9919368
0.99289991
0.99282647
1.12960651
0.99301929
0.82331431
0.9915749599999999
0.9912866
0.99406733
0.99115392
0.9927851599999999
0.70700912
0.99349707
0.9936763500000001
0.9871264200000001
0.99407193
0.9939385000000001
0.9929136900000001
0.9945553300000001
0.82675338
0.82670246
0.99426523
0.70882002
0.9881666
0.99313869
0.99356142
0.99200553
0.99240436
0.99256032
0.7610926
0.82666746
0.9917398199999999
0.49606693
0.70747962
0.9940213099999999
0.82889464
0.9946935299999999
0.99353843
0.99280811
0.99408573
0.99301469
0.98962836
0.99383271
0.9946152100000001
0.9932719
0.9929045000000001
0.98946421
0.49611964000000003
0.99313869
0.98904496
0.80371702
0.99332703
0.9884395
0.39579479999999995
0.99336839
0.9942928499999999
0.62087535
0.9938787000000001
0.45052168000000004
0.9934603
0.99313869
0.49662791
0.49940667
0.74289399
0.70898383
0.99352924
0.41411325
0.8835745
0.67441223
1.05300809
1.1093291
0.38055574
1.04319195
0.99573126
0.98361784
0.9943527
0.9927254999999999
0.99336379
0.49748272
0.9921476
0.49675198000000004
0.99229431
0.35509096999999995
0.99024898
0.99899688
0.99223929
0.99262913
0.9934419099999999
1.08955674
0.99202844
0.99259702
0.99362578
0.9917169199999999
0.55196154
0.62060441
0.9925052700000001
0.9370333399999999
0.82669291
0.55195445
0.99106701
0.41374066
0.99303306
0.98053241
0.99323515
0.9941961899999999
1.08690974
0.99483177
0.99235392
0.9934327199999999
0.2482049
0.99404432
0.99231723
0.7092273400000001
0.9932994700000001
0.99357521
0.9920513599999999
0.983001
0.98756221
0.9938603
0.89611783
0.99354763
0.99484099
0.960817
0.6984549800000001
0.59486752
0.9931938100000001
0.61948729
0.7113793900000001
0.41421869
0.6205524
0.31037441
0.6134528300000001
0.92036328
0.70604446
0.26097738
0.8692048800000001
0.55115831
0.99373153
0.99325352
0.99262913
0.9938143100000001
0.99334541
0.99323056
0.99340974
0.82868993
0.9320473300000001
0.99318921
0.41371914
0.70724895
0.99060528
0.99354303
0.5517459800000001
0.55204951
0.35438778
0.49401397
0.8267502
0.98959644
0.99253279
1.3404849200000002
0.68697274
0.94131318
0.9457030799999999
0.99362118
0.98689959
0.49686347
0.8248734
0.82881146
0.98920897
0.7084482099999999
0.9925052700000001
0.9917444000000001
0.98868068
0.99074695
0.9936579600000001
0.99251903
0.9929917399999999
0.9897606299999999
0.99190014
0.7088457499999999
0.99177188
0.92498563
0.9938419000000001
0.99210177
0.99341894
0.99014397
0.99423761
0.99253738
0.7075169200000001
0.55422508
0.9920788500000001
0.6197089600000001
0.99179936
0.72440972
0.9936165800000001
0.95343713
0.9932994700000001
0.8813190299999999
0.62225341
0.61811431
0.55269456
0.98467321
1.0444451399999999
0.99046821
0.82280328
0.9927805700000001
0.9949285600000001
1.10929472
1.17171475
0.7102430099999999
0.49558610999999997
0.35445973000000003
0.9939799100000001
0.9938373
1.16737714
0.99185433
0.9925052700000001
0.55178568
0.98873531
0.9929045000000001
0.61950516
0.9937821200000001
0.6210118
0.99225763
0.99262455
0.99334541
0.45114634000000003
0.82807321
0.82097572
0.9933546
0.9942007900000001
0.99409954
0.84322515
0.49685082
0.49555066
0.51745472
0.7672434199999999
0.84459813
0.9934327199999999
0.99304684
0.99294123
0.99217969
0.9913186399999999
0.99439875
1.04401861
0.82652428
0.97088176
0.98816205
0.95992796
0.9500878899999999
0.2972016
1.00350641
0.99346949
1.02979531
0.9934373200000001
0.99252362
0.70913132
0.99282647
0.99495622
0.49599589
0.9938419000000001
0.55189913
0.41385149
0.99316165
0.82513963
0.9880347500000001
0.61564765
0.98656409
0.8250476999999999
0.99348328
0.99378671
0.99244564
0.70993307
0.9917398199999999
0.33839422999999996
0.99379131
0.9935200500000001
0.49617925
0.99331325
1.00463311
0.83042999
0.9765861499999999
0.41328918000000003
0.9936165800000001
0.4967876
0.70891127
0.99210177
0.9966416300000001
0.55026999
0.9964890099999999
0.95694224
0.9704649399999999
0.45072687
0.9967341399999999
0.82692211
0.55112295
0.7105132399999999
1.0384651599999999
0.99418698
0.7090681
0.82689982
0.99150171
0.9932673099999999
0.9944448
0.9943665199999999
0.99299633
0.9936717500000001
0.55355078
0.70855808
0.96266044
0.99336379
0.95318744
0.99341894
0.9932627100000001
0.99315247
0.99253738
0.82692211
0.9935062600000001
0.9927851599999999
0.96111802
0.9931111300000001
0.9931341
0.9940535199999999
0.99332244
0.99293205
0.9927484400000001
1.14950575
0.6199719499999999
0.9923264
0.99659075
1.11902309
0.97065795
0.99323974
1.01003393
1.27960461
0.99260619
0.9938005099999999
0.77855897
0.9939615
0.9944954500000001
0.9945829700000001
0.99190472
0.24808102999999998
0.27603824
0.99177646
0.8286259699999999
0.6189427200000001
0.9919505399999999
1.11901143
0.99352924
0.98958276
0.7066554899999999
0.9932075899999999
0.9924594
0.99369474
0.99751659
0.99020789
0.99282188
0.99144221
1.0257079199999999
0.9925649
0.70904937
0.9947396000000001
0.99162075
0.49547634
0.23791378999999999
0.82672474
0.55037576
0.5509702399999999
0.99445401
0.55208783
0.2527989
0.4512601
0.31003565
0.83050707
0.99170776
0.45031667
0.9996106899999999
0.62233817
0.99256032
0.99284942
0.99340974
0.6188428300000001
0.99304684
0.66149082
0.99402592
0.9921521900000001
0.9959621599999999
0.99307439
0.99301469
0.49691290000000005
0.96583836
0.95159508
0.8249019099999999
0.49742395
1.03566558
0.8292050999999999
0.9916756999999999
0.99240895
0.99203761
0.8306741200000001
0.8476485300000001
0.8860498800000001
0.99561123
0.83098269
0.82338376
0.9926016099999999
0.99277139
0.9938097100000001
0.74569288
0.82689982
0.99233558
0.99215677
0.98900396
0.99328109
0.70860718
0.82858121
0.49649931
0.6195266
0.9916024400000001
0.99382811
0.9856494100000001
0.99196429
1.0622535499999999
0.99363957
0.99309735
0.9905778599999999
0.9949055099999999
1.00453912
0.82851089
1.05877602
0.9928448299999999
0.9932259600000001
0.99352464
0.99245481
0.9996246499999999
0.70638121
0.5975390500000001
0.9938419000000001
0.82837666
0.99340515
0.70742136
0.7871286200000001
0.99303765
1.0131121299999999
0.9944079600000001
0.6806345399999999
0.41413480999999996
0.45174137999999997
1.00475062
0.99339136
0.9939477
0.45023263999999996
0.82855884
0.99267502
0.9993873999999999
0.99430666
0.9941363599999999
0.9732445900000001
0.99256032
0.6207748399999999
0.99048648
0.9911127500000001
0.9923585
0.9851791400000001
0.99257867
0.82647338
0.9938787000000001
0.9907789499999999
0.9926429
0.62065463
0.7078037500000001
0.62070127
0.9935200500000001
0.99399831
0.71028999
0.99349707
0.99346489
0.55113568
0.992955
0.34174267999999997
0.9920238600000001
0.99592521
1.0776753399999999
0.75179632
0.7215643199999999
0.97594705
0.9003557999999999
1.04680237
0.99476264
0.9933408199999999
0.71032758
0.99308817
0.9857579900000001
0.8267088300000001
0.99275762
0.99218428
0.99268878
0.99274385
0.99338217
0.99318462
0.9913918599999999
0.82517451
1.00516448
0.988394
0.99325352
0.99241353
0.62070127
0.99305143
0.99288155
0.5509971
0.9927668
0.43293160999999997
0.49689450999999996
0.9944355899999999
0.83046531
0.82858761
0.33110289000000004
0.99324893
0.55103527
0.7075891900000001
0.99217511
0.71011618
0.99184059
0.99332244
0.9931019499999999
0.99202844
0.9945645399999999
0.49685657
0.9938971
0.99066925
0.9890312900000001
0.99399371
0.83051028
0.83065163
0.7076661300000001
0.96527399
0.47894599
0.82975296
0.9915062899999999
0.99166654
0.99306521
0.9925511400000001
0.99318003
0.9939293
0.99329028
0.9932719
0.61733781
0.9923218199999999
0.8407886999999999
0.99248233
0.9916894399999999
0.99437573
0.99281729
0.82672156
0.9967572800000001
0.45279102000000004
0.70730486
0.70641142
0.8248385399999999
0.99346489
0.99072867
0.70870072
0.9937039400000001
0.81053941
0.9938511
0.54073718
0.82829998
0.9709344299999999
0.41335362000000003
0.91590407
0.57576993
0.55079784
0.83039788
0.99902476
0.9949792700000001
0.82633664
0.49687381
0.9982956299999999
0.9934373200000001
0.9925511400000001
0.99816571
0.9925282
0.98684517
0.99051389
0.98742144
0.35474606000000003
0.9954727800000001
0.9935062600000001
0.99244564
0.93599598
0.7105720200000001
0.9931203200000001
0.35438135000000004
0.33087332
0.49735828
0.9711408
0.99466128
0.62188581
0.99336839
0.9851203900000001
0.7075006
0.35435386999999996
0.98987925
0.9932627100000001
0.99030835
0.99255573
0.99478568
0.99416397
0.49630195
0.55187218
1.03790805
0.99356142
0.4136753
0.16015635
0.55094904
0.99185433
0.99125
0.9925511400000001
0.35552246
0.98865792
0.70810482
0.99400751
0.62171837
0.99066925
0.98532379
0.61768939
0.99201928
0.99250985
0.99271173
0.90698762
0.99718309
0.99368555
0.70649973
0.9972293999999999
0.9938097100000001
0.99711827
0.99318003
0.99432048
0.99416397
0.55018681
0.45104495
0.82833192
0.56784096
0.9267060100000001
0.99259243
0.7090844900000001
0.99288155
0.99282188
0.70793908
0.99280811
0.9936763500000001
0.9936763500000001
0.9929917399999999
0.9946751
0.35475133
0.99374533
0.70901894
0.45061526
0.82497163
0.7986357599999999
0.99302388
0.71011383
0.71028059
0.8232006900000001
0.8250540399999999
0.99104872
0.5502855
0.6202925
0.98598429
0.99128203
0.49601650999999997
0.9933729800000001
0.60070145
0.99398911
0.99403972
0.99271632
0.99373613
0.88107677
0.38126922
0.9932627100000001
0.62092741
0.45018545000000004
0.9918634900000001
0.99579128
0.13050645
0.35440591
0.80277962
0.55191189
0.49616779
0.99496083
0.9932075899999999
0.45009203999999997
0.41381959
0.99086124
0.5519204
0.94377047
0.9886761300000001
0.8269316600000001
0.35481933
0.99375452
0.9938511
0.7078830700000001
0.82685843
0.93498533
0.9947165699999999
0.82740002
0.99430666
0.99363497
0.9908566600000001
0.71039807
0.9940535199999999
0.9941363599999999
0.9887262
0.9958282199999999
1.11662003
0.9785976700000001
0.82670564
0.82692848
0.45002696
0.9931295
0.99321218
0.99377752
0.99292746
0.99240895
0.9923309899999999
0.99305143
0.99201928
0.98080111
0.8273330799999999
0.49556438
0.82673429
0.93678809
0.72999465
0.55113992
0.38146766
0.7101114900000001
0.99361199
0.9937821200000001
0.8272820799999999
0.70917581
0.70945227
0.9917673
0.99348328
0.9934419099999999
0.9928953199999999
0.99412255
0.9928723700000001
0.99309735
0.9921063499999999
1.1122420800000001
0.9929136900000001
0.8148204099999999
0.99328109
0.99412255
0.82900023
0.99225763
0.55081055
0.99190472
0.99309735
0.9946704900000001
0.89452768
0.6194211700000001
0.99362578
0.99310654
0.92045007
0.83022131
0.99402592
0.68801598
0.99277139
0.990587
0.4961483
0.5792346899999999
1.16449057
0.98845769
0.5525978500000001
1.00453442
1.11793956
0.49674049
0.9929182799999999
0.82833831
0.94405675
0.6720652300000001
0.71185573
0.9931478699999999
0.9554010700000001
0.45121459
0.99187266
0.99269796
1.08332382
0.9927622100000001
0.9932765
0.71116737
0.9947119600000001
0.62083945
0.82844057
0.61855051
0.99261078
0.9909663999999999
0.62057392
0.92037906
0.99727108
1.00485405
0.9934373200000001
0.98894476
0.32568621
0.9931249099999999
0.38275199
0.27524114
0.82667382
0.99382811
0.99212469
0.99368555
0.49619186
0.99473039
0.99159328
0.99409494
0.9933040599999999
0.83004802
1.01906878
0.9925052700000001
1.07490272
0.71187697
0.49496586
0.99308358
0.9931708399999999
0.99254197
0.7064509200000001
0.99341894
0.38117041999999995
0.55204668
0.99476264
0.82859081
0.70750992
0.5512120699999999
0.9938373
0.8322225299999999
0.99415476
0.99332244
0.99363038
0.99268878
0.99409954
0.99211094
0.99292746
0.8035456000000001
0.45187731
0.70944758
0.99546816
0.9930560199999999
0.9931111300000001
1.27225871
0.41423866
0.99688221
0.70929762
0.8262794
0.41432258
0.826677
0.99066925
0.53450173
0.9942468200000001
0.8269444
0.9915246000000001
0.9945875700000001
0.99107616
0.9891861900000001
0.99372693
0.56770285
1.0166180599999999
0.82748929
0.70769412
1.0104521499999999
0.70727225
0.61553118
1.00499513
0.62098666
0.70876153
0.99481333
0.41427862
1.22227932
0.99669251
0.9920971900000001
0.70914771
0.70897212
0.9929136900000001
0.99289073
0.38239418000000003
0.41287838
0.45169862
0.62064387
0.99315706
0.9939109
0.49612194000000004
0.9943112700000001
0.9925052700000001
0.45286358
0.9681897700000001
0.9929182799999999
0.99230348
1.11210961
0.62167878
0.9949377800000001
0.71062845
0.99505303
0.99202844
0.9928586
0.9925052700000001
0.99284024
0.99353843
0.824658
0.99300551
0.31052745000000004
0.61846322
0.88576481
0.93945599
0.36448871
0.9930101
0.27566441
0.8285044899999999
0.82708772
0.99304684
0.9916940200000001
0.9926383099999999
0.82519353
0.99670176
0.8249557799999999
0.7090259600000001
0.86918025
0.71051795
0.42043138999999996
0.70893467
0.99198262
0.99230348
1.00269581
0.7075775299999999
0.6145605900000001
0.99398451
0.55103952
0.9944586099999999
0.99426523
0.9707325400000001
0.99129118
0.99357521
0.9934786800000001
0.99419158
0.98614729
0.55273439
0.41367052
0.70776176
0.99323515
0.99248692
0.6555860800000001
0.99336379
0.99375912
0.98749409
0.9510388000000001
0.82899383
0.99401211
0.82486389
0.82645112
0.9934603
0.98443849
0.45565980000000006
0.96070095
0.82659427
1.04076518
0.94768963
0.99423761
0.9004955
0.5534281
0.70888787
0.99448624
0.82852687
0.99368555
0.8229230900000001
0.9939109
0.99316625
0.9934281300000001
0.9928586
0.99362578
0.8288370500000001
0.71052265
0.8283255300000001
0.98756675
0.9936763500000001
0.99379131
0.9913323599999999
0.99329487
0.99353384
0.99415937
0.995279
0.55192324
0.8285332599999999
0.5533182999999999
0.97347841
0.6205542
0.70870305
0.82906744
0.99382351
0.7089651
0.99277139
0.4954329
0.98674995
0.89769488
0.8267374700000001
0.62190742
0.23613382000000002
0.9933592
0.99406273
0.62061338
0.31022959
0.49555066
0.55310453
0.99354763
0.99177188
0.99256032
0.50141931
0.8250286800000001
1.03876655
0.49491453
0.54229659
0.7101795900000001
0.81220708
0.98924998
0.95392842
0.45034311000000005
0.62058289
0.9901531
0.70780141
0.49613568999999996
0.61953018
0.99285401
0.99325812
0.99263372
0.99373613
1.03544087
0.99427904
0.24817105
0.62183719
0.9934556999999999
0.9945691499999999
0.99218428
0.99280811
0.92711409
0.99417778
0.99261996
0.9939017
0.61943368
0.90056725
0.55181687
0.99213385
0.99164823
0.99862988
0.49623429
0.82871871
0.826677
0.7852979600000001
0.9925878400000001
0.99375452
0.99399371
0.9967526499999999
0.99413175
0.9947119600000001
0.70786674
0.99310654
0.7089417
0.99645202
0.9943342900000001
0.99242729
0.82494945
0.70898617
0.99963861
0.8267374700000001
0.9943481
0.7175260299999999
0.9934143400000001
0.99289991
0.7077361000000001
0.99435731
0.9937499200000001
0.99261078
0.9948594199999999
0.55183814
0.9931432800000001
0.62132623
0.7049690099999999
0.99382811
0.93121071
0.6197572499999999
0.99450466
0.9929917399999999
0.2752549
0.99196429
0.99340974
0.9939338999999999
0.62064387
0.49743201
0.99356601
0.98727164
0.9932627100000001
1.2092231900000001
0.99310654
0.9929458200000001
0.99377292
0.7098016699999999
0.7081515199999999
0.46927122
0.6216211899999999
1.10458175
0.99302847
0.61920685
0.38194259
0.71037927
0.98634658
0.9990015200000001
0.45171667
0.70899085
0.82861638
0.9941731699999999
0.99376372
0.99410414
0.62136758
0.9943711199999999
0.99253738
0.9906007099999999
0.62154383
0.82544094
0.99206052
0.99421
0.43911420999999995
0.9536361200000001
0.1601493
0.5526689499999999
0.99225763
0.9926842
0.8247403400000001
0.99134152
0.9863058100000001
0.99297796
0.99376372
0.99283106
0.45182122
0.9927805700000001
0.26122722
0.6207425400000001
0.41371435
0.40598301
0.9913918599999999
0.47598315
0.99339136
0.6196535200000001
0.9931019499999999
0.20663067000000002
0.99382811
0.9907058200000001
0.6205434400000001
0.70898851
0.6455238799999999
0.7738651900000001
0.96773166
0.49354619
0.27566264
0.50970249
1.0839417199999999
0.9888445699999999
0.99316625
0.83075767
0.55189487
0.49613453999999996
0.99303765
0.49644537
0.9923264
0.38198130999999996
0.9938373
1.0286607700000001
0.9931249099999999
0.9941271500000001
0.99547739
0.9943665199999999
0.99414096
0.99191389
1.07385995
0.99446782
0.19105284
0.9920330199999999
0.45108948
0.62157621
0.55116397
0.82666427
0.98330257
0.49954724
0.9929090899999999
0.9923126499999999
1.17811711
0.9931432800000001
0.38203771000000003
0.7090048899999999
0.62058468
0.9925511400000001
0.99638267
0.61959274
0.9926658399999999
0.70903064
0.71708996
0.99329487
0.71031113
0.9916894399999999
0.99189098
0.99475804
0.99275762
0.9182107
0.91598612
0.98684517
0.99399371
0.99356142
0.70752624
0.7102711899999999
0.9921201000000001
0.9901622299999999
0.8304396199999999
0.83048137
0.9963272000000001
0.4962297
0.9931708399999999
0.99305143
0.9942192
0.41227438
0.33095847999999994
0.98997965
0.8267693
0.99298255
0.82860679
0.99621627
0.98588471
0.8395462100000001
0.70908683
0.94858965
0.9931984
0.99256032
0.99415476
0.8322386500000001
0.45189538
0.70708594
0.99154292
0.99368095
0.9860793700000001
0.82789762
0.9929917399999999
0.99302388
1.06459694
0.55032075
0.62278577
0.99283106
0.82619675
0.9917169199999999
0.99155665
0.83088302
0.9971228999999999
0.9909618299999999
0.82668655
0.82887224
0.27589071
0.70889021
0.9942192
0.41593958999999997
0.9736637899999999
0.7091079
0.41372631
0.99354303
1.23350545
0.9969146000000001
0.9927805700000001
0.99437573
0.5528282999999999
0.9750696499999999
0.99162533
0.99279434
1.0206962400000001
0.62090586
0.9911127500000001
0.8264892899999999
0.8283287300000001
0.8244363800000001
0.99309276
0.7077547599999999
0.7089206299999999
0.70878024
0.49616779
0.49746197000000003
0.9920559400000001
0.41381081999999997
0.99315706
0.992955
0.99340515
0.61966068
0.6229827
0.99149256
0.7102430099999999
0.99375452
0.61958201
0.7088083199999999
0.49604286000000003
0.78159094
0.9917215
0.99217052
0.99337758
0.99195971
0.9937499200000001
0.99363957
0.99263372
0.8284309799999999
0.99283565
0.9922805499999999
0.70737242
0.9934373200000001
0.8285939999999999
0.45122028000000003
0.99414096
0.99517753
0.99108988
0.99266125
0.5502432
0.71160569
0.9917581400000001
0.99184059
0.99366716
0.99301929
0.99479029
0.98491708
0.99241812
0.70884107
0.9943665199999999
0.99119052
0.9656689799999999
0.99305143
0.99297337
0.95754387
0.55268887
0.99279893
0.9884213
1.20586888
0.9947073500000001
0.82315021
0.99352924
0.99379591
0.9929090899999999
0.9934143400000001
0.4971119
0.99328109
0.9954497000000001
0.99254655
0.99556508
0.99463364
0.70902362
0.89169735
0.8652126099999999
0.62058827
0.55219288
0.9912683
0.7105438100000001
0.99353843
0.9927209100000001
1.0319528900000001
0.99220261
0.6206510399999999
0.70786907
0.99323056
0.55188211
0.99382811
0.9884031
0.62702449
0.99348787
0.99308358
0.38158696
0.71011618
0.6206313099999999
0.99277139
0.5432994999999999
0.99375452
0.99375912
0.99309735
0.9918589099999999
0.98233101
0.99370854
0.9928769599999999
0.9934556999999999
0.85895223
0.99602221
0.45048293
0.99184059
1.1033559
0.99429746
0.8264606600000001
0.55253529
0.99356142
0.8308380200000001
0.8250096600000001
0.32256753000000005
0.86670365
0.70764281
0.55196296
0.9927668
0.96305329
0.9955835399999999
0.97639078
0.99283565
0.82497163
0.41380125
1.00206885
0.9938925000000001
0.99379591
0.9509629900000001
0.99234933
0.99228514
0.95311975
0.9892591000000001
0.35422703
0.9925511400000001
0.99374533
0.6215888
0.97355344
0.9939569
0.8554314399999999
0.9892818800000001
0.80370799
0.99223012
0.83069982
0.99351545
0.70957886
0.62068154
0.99308358
0.82848212
0.9938971
0.98889466
0.98963748
0.49970417
0.99293205
0.7076311599999999
0.9931249099999999
0.99266125
0.9889356499999999
0.9924364699999999
0.9944355899999999
0.9570019399999999
0.49684162
0.7091032199999999
0.99316165
0.99404892
0.9927071399999999
0.99250068
0.99323974
0.7552467300000001
0.99262455
0.7060653499999999
0.9938005099999999
0.99381891
0.99346489
0.9928448299999999
0.98923631
0.99242729
0.9949285600000001
0.99265666
0.82525695
0.7119855300000001
0.62170217
0.43055072000000005
0.81578926
0.99400291
0.70914771
0.82871871
1.10556553
0.3995415
0.21539433
0.9929136900000001
0.9937683199999999
0.98955084
0.99352464
0.99137813
0.99474421
0.99281729
0.97461827
0.7116387000000001
0.9930101
0.9941133499999999
0.9912134
0.99415476
0.82918909
0.9932259600000001
1.02112334
0.41377334
0.9950484199999999
1.04702183
0.35444218
0.98868068
0.35404541
0.99289073
0.7062789899999999
0.55269171
0.9923585
0.49606005000000003
0.9342572199999999
1.13569393
0.38165070999999995
0.99297796
0.99318462
0.99185433
0.990587
0.99288155
0.9945829700000001
0.38078449
0.99083838
0.99550969
0.87304956
0.31029369
0.45117382999999994
0.9915749599999999
0.9965398799999999
0.99374533
0.9936165800000001
0.9939338999999999
0.99286778
0.74920496
0.9923585
0.64215552
0.99218428
0.9938511
1.0050986100000001
0.70913132
0.97606238
0.7609954999999999
0.45178795
0.61878577
0.5513097100000001
1.05578296
0.9931938100000001
0.62056137
0.9917306600000001
0.9935200500000001
0.54931566
0.9928586
0.99303765
0.99252362
0.7094710200000001
0.99218428
0.55360215
0.9927851599999999
0.9924594
0.99340055
0.9943527
0.99259243
0.99265208
0.99408113
0.41414679
0.9947073500000001
0.62067078
0.83085731
0.82847253
0.99245023
0.62079817
0.9923401599999999
0.70917113
0.49823872999999996
0.99369015
0.99228514
1.08355887
0.82499698
1.02386428
0.9934373200000001
0.6195695
0.82728846
1.0232203199999998
1.0155747800000001
0.99267043
1.03585042
0.61967498
0.99192763
0.99135525
0.99274385
0.99315247
0.9920788500000001
0.8284597499999999
1.2980751799999999
0.7051148399999999
0.98962836
0.82646384
0.49558382
0.99348787
0.99277139
0.99363497
0.60165064
0.50496947
0.9931938100000001
0.99414096
0.9939155
0.9941363599999999
0.82853646
0.82512061
0.99429746
0.99281729
0.4967945
0.98296501
0.99265666
0.99228514
0.99435731
0.99288155
0.9929687800000001
0.95060939
0.62099923
0.70882002
0.8142735600000001
0.99362118
0.70882937
0.93911089
0.95576675
0.8768925900000001
0.99274385
0.9939338999999999
0.62166438
0.9969562500000001
0.9072558399999999
1.07775106
0.7105649599999999
0.9933362200000001
1.04678195
0.7088691500000001
0.45060958999999995
0.99353384
0.99347409
0.99402592
0.49627557000000005
0.83048137
0.98896753
0.8771540600000001
0.99298714
0.99244564
0.9946152100000001
0.30973783
0.99107159
0.9922805499999999
0.99285401
0.82689982
0.83020205
0.97877161
0.94279678
0.98838035
0.8250381899999999
0.83284221
0.99335001
0.99339596
0.99277598
0.55118095
0.99151545
0.99177188
0.99293664
0.99237685
0.82659745
0.91657646
0.51612898
0.99325352
0.99415937
0.9996060400000001
0.98997508
0.8253489399999999
0.69988223
0.82686162
0.35432346000000003
0.9946428500000001
0.99513142
0.99411795
0.9942928499999999
0.9933408199999999
0.62166798
0.9911722199999999
1.1867960100000001
0.31074403
0.9950391999999999
0.9939661
0.96474927
0.99289991
0.96769241
1.0026583599999999
0.91584158
0.58562412
0.9928769599999999
0.99267961
1.0407147399999999
0.9937821200000001
0.99618855
0.9920513599999999
0.98873531
0.7116222000000001
0.9923585
0.29176459
0.99340515
0.9931432800000001
0.9920238600000001
0.49558382
0.99365336
0.49486093
0.99262455
0.99359819
0.9939109
0.99427904
0.61953375
0.9441397600000001
0.99227597
0.99138271
0.9321160999999999
0.82290733
0.61954805
0.99514064
0.8287315
0.9836944400000001
0.99430206
0.9925511400000001
0.82678521
0.99229431
0.38158628
0.99433889
0.9887580699999999
0.99366716
0.9932856800000001
0.709225
0.65087293
0.9929917399999999
0.99142847
0.99277598
0.9943434999999999
0.99280811
0.61850419
0.451317
0.99602221
0.24826688
0.41369762
0.99379591
0.99269796
0.99189098
0.45120227
0.99301929
0.9930101
0.9917581400000001
1.07759963
0.9931984
0.99498388
0.99268878
0.55283115
0.83042999
1.08375026
0.49761759
0.99179478
0.8287858699999999
0.99267043
0.70904235
0.99240895
0.61845787
0.82840222
0.55097872
0.82688072
0.55033626
0.99346489
0.5517715
0.63104304
0.49675887
0.9937177300000001
0.99398451
0.97363289
0.70895106
0.9964057900000001
0.99611923
0.7101960300000001
1.0105472500000001
0.9938557
1.06184386
0.99254655
0.99346949
0.9939615
0.9935200500000001
0.9942238
0.7075752
0.99444019
0.99470274
0.98590734
0.99348787
1.13651135
0.9928035199999999
0.99274385
0.76741615
0.99341894
0.99411795
0.9931111300000001
0.99150171
0.3104664
0.9904042599999999
0.70915474
0.35440474
0.551858
0.41361794
0.99373153
0.99325812
0.99357061
0.82866754
1.0292129300000001
0.82658473
0.38006542000000004
0.70841082
0.99299633
0.8249557799999999
0.55930316
0.9934281300000001
0.9936717500000001
0.9248661199999999
0.9942928499999999
0.72711267
0.43485854
0.62261604
0.99217052
0.9938832999999999
0.7089604199999999
1.0728781600000001
0.99263372
0.82620311
0.9938511
0.61961955
0.8284182
0.9914696700000001
0.41382198000000003
0.99635031
0.99399371
0.9923585
0.99302847
0.9939063
0.99381891
0.71169059
0.9927025500000001
0.9919872
0.75968178
0.9914696700000001
0.9916894399999999
0.98117754
0.99403512
0.99123627
0.9944954500000001
0.9929182799999999
0.70905405
0.82891063
0.9917215
0.55005434
0.6205990299999999
0.99142847
0.41313890999999997
0.70922968
0.99479029
0.98896297
0.9158533
0.9945875700000001
0.70752624
0.98895842
0.9916802800000001
0.49533920000000004
1.0262471100000001
0.9927346699999999
0.48768762000000004
0.99426523
0.9935200500000001
0.99336379
0.9912317
0.99481333
0.9922668
0.99331784
0.9931708399999999
0.61962313
0.99349707
0.99716457
0.62056675
1.01238139
0.99247775
0.62076407
0.41340136
0.97295797
0.99445401
0.9044587900000001
0.62011338
0.99301929
0.99402592
0.45124493
0.99216594
0.99277598
0.99315706
0.45224463
0.70889723
0.8248036999999999
0.99282188
0.9513969400000001
0.99206052
0.98983819
0.9934511100000001
0.99497466
0.70919923
0.99474882
0.99428825
0.9922530399999999
0.9927668
1.01556517
0.9939247
0.95146438
0.94109042
0.99354763
0.9938971
0.9919505399999999
0.9858575500000001
1.06740676
0.82670564
0.55116397
0.9928953199999999
0.7107013600000001
0.99408573
0.99333163
0.70910088
0.7291643000000001
0.99282188
0.99406733
0.99144678
0.9918864000000001
0.7064974100000001
0.99558815
0.99218886
0.99194138
0.80543826
0.99237685
0.99318921
0.60174336
0.99195971
1.04991916
1.0297409899999999
0.47324334
0.99401211
0.9928035199999999
0.99199636
0.99463364
0.9931295
0.8243699200000001
0.99142847
0.82488924
0.7104333300000001
0.9917444000000001
0.6205864799999999
0.8287251000000001
0.99333163
0.98915885
1.08611814
0.99267502
0.8301603299999999
0.70787841
0.90936501
0.82735858
0.70920158
0.99355682
0.45174328
0.55181971
0.9916802800000001
0.9928723700000001
0.7087708899999999
0.99340974
0.99265666
0.15238183
0.9993502
0.9938373
0.7036708
0.99231723
1.05347817
0.8288562500000001
0.99302847
1.0501193899999999
0.83024699
0.70632777
0.55019809
0.41469382000000005
0.22544008999999998
0.15036306
0.61931399
0.70926248
0.7705857
0.45166252
0.8247815199999999
0.9901576599999999
0.96782761
0.6206779499999999
0.99289991
0.99409494
0.82685207
0.99107159
1.02116704
0.61953018
0.71040042
0.99257867
0.99315706
0.9928953199999999
0.99365336
0.9897651999999999
0.36773869
0.8276104700000001
0.62056675
0.82889464
0.9070144299999999
0.9930560199999999
0.8966004700000001
0.55209209
0.9682116000000001
1.10587296
1.01317905
0.99225763
0.99308358
0.9937177300000001
0.35444218
0.62071563
0.99257408
0.71036282
0.9915978599999999
0.83231284
0.99109903
1.0759097800000001
0.9926429
0.99154749
0.7077710899999999
0.99348328
0.99476725
0.8301956300000001
0.993589
0.7074423299999999
0.8267788500000001
0.55263909
1.02644822
0.8897982799999999
0.9905778599999999
0.62177598
0.62376623
0.63217064
1.02668377
0.99170776
0.99293205
0.9925878400000001
0.82669291
0.9931708399999999
0.49505829
0.9927346699999999
0.99288614
0.99263372
0.9946428500000001
0.9934786800000001
0.99653526
0.99187724
0.99504381
0.99374533
0.99331784
0.70906576
0.49615862
0.99306061
0.38672983
0.99409494
0.35439655999999997
1.08949594
0.99310654
0.99288614
0.96304897
0.99305143
0.9965815
0.99249609
0.99303306
0.82628894
1.10617487
0.99316165
0.45064647
0.9950484199999999
0.7089534000000001
0.9922438699999999
0.99304225
0.82696669
0.70767313
0.99259702
0.99215677
0.99141932
0.99357981
0.99165738
0.99421
0.61983059
0.45056327
0.55189203
0.9919368
0.82933639
0.98674995
1.00246178
0.99126373
0.99228972
0.99348787
0.99186807
0.83039788
0.99261996
0.95821895
0.99462903
0.99211552
0.99213844
0.70942649
0.99369474
0.99161159
0.2911633
0.9926383099999999
0.99352924
0.99255573
0.3541984
0.99296419
0.49629736
0.40643942000000005
0.99427444
0.55196012
0.98950068
0.9934924700000001
0.99271173
0.90691484
0.62172017
0.99298255
0.9418664
0.55031652
0.99261078
0.99186807
0.9928035199999999
0.99254197
0.82309657
0.9932719
0.9931203200000001
0.9917306600000001
0.45173568000000003
0.99321677
0.9914834
0.9521520099999999
0.5528012600000001
0.9930698
0.38110413
1.0047130199999998
0.70636495
0.82477202
0.70916879
0.8304043
0.99241353
1.10892811
0.82676293
0.9946843099999999
0.8250286800000001
0.10790751999999999
0.97279049
0.7064509200000001
0.62156182
0.55102396
0.36878827999999997
1.0357355099999999
1.07389754
0.33201613
0.9933408199999999
0.83265815
0.99324434
0.99417778
0.99382351
0.55209919
0.99244105
0.9938971
0.5501558
0.91766923
0.99545432
0.48643380999999997
0.54622502
0.99348328
0.79357436
0.99223012
1.07424135
0.8196721499999999
0.62175977
0.83048137
0.45230750000000003
0.99369934
0.99155665
0.99241353
0.9926933699999999
0.9923722600000001
0.99284942
0.98744868
0.99305143
0.9931432800000001
0.9939799100000001
0.9934327199999999
1.08992724
0.70792741
0.99162533
0.8286963199999999
0.7090727800000001
0.99480873
0.9941685699999999
0.99218428
0.99342353
0.70085985
0.62073895
0.99306521
0.99432048
0.62072101
0.7689990400000001
0.4500911
0.9953066800000001
0.49747235
0.99399371
0.99785495
0.99321218
0.620608
0.99417778
0.99200095
0.99213844
0.99051846
0.55037294
0.9925878400000001
0.9928953199999999
0.9923585
0.99407193
0.99190014
0.99359819
0.9931478699999999
0.7671968200000001
0.82900663
0.9933867700000001
1.09303944
0.9925511400000001
0.99406733
0.70878258
0.99134609
0.45109896
0.9938143100000001
0.9934419099999999
0.99261537
0.98895842
0.99201928
0.8287826699999999
0.99378671
0.9994246099999999
0.9954589300000001
0.8310727400000001
0.9927851599999999
0.6696760399999999
0.94386173
0.9939431000000001
0.9931478699999999
0.61968571
0.9939799100000001
0.9939385000000001
0.96609472
0.70112757
0.9920788500000001
0.82487656
0.9945553300000001
0.38083311000000003
0.99245023
1.02996818
0.9926016099999999
0.8282201100000001
0.99279434
0.55192749
0.99363497
0.9925282
0.99353843
0.62070486
1.05250233
0.94626565
0.9914834
0.86696258
0.62076946
0.99212469
1.19797815
0.49644765999999996
0.99227597
0.99643815
0.99404892
0.20310055
0.9938879
0.49713262
0.55102538
0.99261537
0.9935016600000001
0.9942192
0.82486706
0.71019368
0.99665088
0.99180394
0.9928769599999999
0.49705667
0.41362909000000003
0.9913094800000001
0.95328476
0.95336094
0.9913506700000001
1.06027108
0.49620677
0.22557412
0.9925511400000001
0.55190054
0.61542534
0.98092655
0.33059317
0.9926842
0.9930101
0.9935016600000001
0.55202397
0.41361953
0.62169137
0.99404432
0.87598405
0.66471362
0.7090212800000001
0.24803003
0.41414679
0.9939385000000001
0.5510734500000001
0.29181534
0.45127716999999995
0.9929136900000001
0.9913689800000001
0.99341894
0.99409954
0.9929182799999999
0.99239519
0.99282647
0.71046153
0.7088176799999999
0.99271632
0.99163907
0.9922713799999999
1.03012134
0.9871082699999999
0.99199636
0.83023415
0.9940167099999999
0.9922255400000001
0.9926933699999999
0.62174357
0.99253279
0.55199985
0.99103957
0.99476264
0.6194015199999999
0.73002691
0.99556969
0.9509503599999999
0.99243188
1.4158268200000002
0.99234933
0.80705465
1.3068435
0.99408573
0.99297796
0.82475301
0.99356601
0.82830956
0.91362455
0.5519445199999999
0.99252362
0.62138197
0.99666938
0.97833017
0.55009943
0.99339596
0.45114729
0.62272797
0.38152526999999997
1.12977291
0.99279893
0.5537806
0.8311435
0.9922530399999999
0.9925144400000001
0.49612538
0.49615174
0.33090696999999997
0.96088149
0.33903265
0.99363957
0.62068154
0.99293205
0.9943434999999999
0.49604973999999996
0.6216247899999999
1.18719623
0.9963688
0.9923905999999999
0.70762649
0.9938051099999999
0.45118519999999995
0.70755188
1.01307389
0.99217052
0.9923309899999999
0.99311572
0.6206779499999999
0.99348787
0.9932075899999999
0.99426063
0.99349707
0.9931432800000001
0.31026499
0.9930009200000001
0.99717846
0.82634299
0.6207891999999999
0.9938005099999999
0.9939385000000001
0.9207065799999999
0.9967063899999999
0.9437746199999999
0.82657518
0.9963595599999999
0.99424222
1.0769619400000001
0.99346949
0.9932627100000001
0.99320299
0.99346489
0.99507608
0.35467165
0.2157889
0.9916986
0.9941501599999999
0.99293664
0.9950391999999999
0.99448624
0.62166078
0.99275762
0.99271632
0.9944309800000001
0.9932765
0.99321677
0.9923585
0.99363038
0.94364606
0.99237685
0.99121797
0.99211552
1.02019195
0.82674065
0.99118595
0.99179478
0.91598612
0.9863148700000001
0.9931432800000001
0.6204771
1.0527087
0.99418238
0.99377292
0.99304225
0.99340974
0.99247316
0.95828736
1.02081269
0.9947810800000001
0.99303306
0.99282188
0.38191201999999996
0.82740639
0.99283106
0.99372233
0.9923722600000001
0.9934281300000001
0.99331325
0.9933040599999999
0.97873593
0.8251142699999999
0.97808065
0.99329028
0.98760762
0.99346949
0.82651156
0.8268839
0.55108759
0.99504381
0.99193221
1.05190944
0.99363497
0.99323056
0.99258325
0.70883405
0.99206969
0.82665154
0.9917031799999999
0.45165776999999996
0.9633081699999999
0.7077477600000001
0.99466128
0.9422507299999999
0.49684737
0.99303765
0.99122712
0.99218886
0.9923218199999999
0.9932856800000001
0.99357521
0.9936165800000001
0.9941731699999999
0.99440335
0.99332703
0.99352464
0.9930009200000001
0.86538694
0.82679795
0.9998434
0.55263198
0.70959996
0.9938741
0.9930698
0.8711123700000001
0.82964397
0.9886442700000001
1.06600264
0.82895863
0.99229431
0.5518338899999999
0.98864882
0.9942146
0.49622626
0.99355682
0.99315706
0.98943686
0.82675338
0.6215888
0.82639387
0.45061715999999996
0.9885305
0.9939569
0.61652785
0.45163972
0.9941731699999999
0.45233798999999997
0.62172737
0.99318921
0.8268839
0.99107159
0.9939523
1.00229334
0.9953205199999999
0.70895574
0.99221637
0.99464746
0.70777575
1.01253891
0.99402592
0.99192763
0.99151545
0.99428825
0.70752158
0.9858801800000001
0.62082688
0.35404891
0.98588471
0.9931938100000001
0.82875709
0.49679565
0.99448624
0.82891703
0.9997968500000001
0.99284024
0.41366335
0.49598902
0.99188182
0.70878024
0.71043098
0.99119967
0.99355682
0.55184807
0.61968571
0.8341038000000001
0.99277598
1.19753724
0.9932673099999999
0.99423761
0.7090166000000001
0.47770266
0.62058827
0.35471618
0.98242988
0.99486864
0.99200095
0.70916176
0.49748963
1.07444559
0.7370146
0.6207246
0.62059724
0.7136227900000001
0.99356142
0.99289991
0.826642
0.82492409
0.9944355899999999
1.03805354
0.99294123
0.9923309899999999
0.99307898
0.82649247
0.7102594499999999
0.99330866
0.9937683199999999
0.99340974
0.99432508
0.70750992
0.8269444
0.24824306
0.9927209100000001
0.86303939
0.9946428500000001
0.9934327199999999
0.9811103
0.49687381
0.9937499200000001
0.994735
1.0551449
0.99351545
0.99253279
0.71023831
0.99371314
0.5528183400000001
0.99373153
0.99450006
0.99191389
0.62071563
0.9917444000000001
0.99264749
0.994735
0.99255573
0.70947571
0.9929687800000001
0.9912225499999999
0.82876668
0.99009832
0.99248233
0.8266133600000001
0.82640023
0.9913643999999999
0.9959667799999999
0.9929458200000001
0.90466454
0.8280412800000001
0.99336839
0.7102430099999999
0.7101960300000001
0.88321474
0.99357061
0.9931019499999999
0.99342353
0.99363957
0.9932765
0.6195695
0.70660667
0.99195971
0.9939523
0.99340055
0.97540624
0.6197125299999999
0.9928127000000001
0.95329746
0.6225239899999999
0.99146052
0.82875709
0.9964890099999999
0.9956481599999999
0.43953123
0.8269475900000001
0.9845693799999999
1.0358354300000001
0.99369934
0.99156581
0.8285012999999999
0.99325352
0.9935200500000001
0.8265210999999999
0.99357061
0.9608127000000001
1.1978779099999999
1.17917803
1.02996818
0.99289073
0.9924594
0.70882703
0.9836493799999999
0.99221178
0.99414096
0.69211376
0.55207648
0.9654866400000001
0.99316165
1.00148937
0.55190196
0.99369934
0.99295041
0.99703957
0.62015994
1.04622098
0.9931203200000001
0.9944355899999999
0.5526689499999999
0.82846934
0.9922622099999999
0.90882622
0.3547402
0.99274385
0.98926365
0.99325812
0.49605203000000003
0.8899605300000001
0.33091360000000003
0.99110361
0.55103103
0.51252471
0.31051756999999997
0.99267961
0.99682205
0.99157954
1.0218910700000001
0.86246055
0.99212469
0.44934990999999996
0.99366716
0.99201928
0.4968014
0.99259243
0.62176877
0.99320299
0.61528075
0.7076754599999999
0.45186210000000004
0.98548205
0.9931938100000001
0.27549502
0.62070127
1.18715029
0.99317543
0.99323515
0.99187266
0.26161802
0.99105329
0.9920926
0.9936165800000001
0.38118057
0.82313128
0.99164365
0.99221637
0.99197803
0.99322137
0.99435731
0.5527144700000001
0.9933867700000001
1.21255514
0.99307439
0.99355222
0.7106214
0.62064028
0.99285401
0.9934556999999999
0.9943112700000001
0.82122688
0.35418204000000003
0.8284981
0.28801663
0.9942053900000001
0.9909663999999999
1.02435266
0.9932765
0.99306521
0.99667863
0.9911264799999999
0.99503459
0.9890312900000001
0.8797773200000001
0.83029514
0.99292746
1.01005294
0.99429746
0.99341894
0.55111588
0.98350072
0.99323974
0.9920559400000001
0.49670028
0.9762620599999999
0.26179694000000003
0.70779908
0.96518722
0.9927071399999999
0.70913132
0.7116788
0.99331784
0.9931984
0.49671062
0.41286566999999996
0.99303765
0.99218886
0.7767033000000001
0.9938143100000001
0.5518665
0.99399371
0.99323974
0.9921521900000001
0.99092067
0.99184975
0.62067257
0.95295057
0.82914106
0.98618352
0.99083838
0.99340974
0.9747686899999999
0.99375912
0.9945092699999999
0.71041687
0.86696608
0.61976619
0.9920742699999999
0.9917306600000001
0.70754722
0.7090915099999999
0.99108531
0.9917581400000001
0.8243509400000001
0.85700521
0.55928714
0.7105320500000001
1.2532439599999998
0.99089781
0.9906509699999999
0.99354763
0.6971014099999999
0.8233174699999999
0.82664518
0.99168486
0.9929595999999999
0.99161617
0.89663042
0.9939109
0.9940535199999999
0.9987970799999999
0.99259702
0.49619874
0.62085022
0.45105158
0.9911127500000001
0.99369934
0.49769601
0.82638751
0.99228514
0.99179936
0.99109446
0.9712374300000001
0.9973127599999999
0.35450186
0.96817668
0.84150035
0.99094354
0.6221344400000001
0.99301469
0.9932673099999999
0.49542262000000004
0.9928035199999999
0.7088925500000001
0.99324893
0.62038389
0.9835457599999999
1.01858542
0.61957129
1.00766424
0.9906326900000001
0.99243188
0.70804178
0.99282188
0.62164818
0.5568723800000001
0.76580427
0.9680893899999999
0.99221178
0.99365336
1.0101432099999998
0.99463364
1.0530494
0.44961804
0.8288786399999999
0.62476432
0.83079623
0.35481581
0.70342647
0.99441256
0.99495161
0.82859081
0.9944908499999999
0.45116909
0.78704784
0.99256949
0.99218428
0.99325352
0.48646576
0.9842309400000001
0.7094171199999999
0.99133694
0.99190931
0.82513963
0.6210135999999999
0.99289073
1.00981071
1.0834713999999999
1.02209535
0.85711808
0.99274385
0.82478786
0.99113105
0.9944079600000001
0.9888582300000001
0.99506686
0.98277157
0.9897697599999999
0.61976619
0.99284024
0.9910167
0.9887899400000001
0.9950391999999999
0.9917031799999999
0.95605184
1.17173393
0.70631384
0.99404892
0.9800267599999999
0.9335140199999999
0.99283565
0.9896329199999999
0.9914101700000001
0.55036588
