5.133333
20.133333
5.166667
10.033333
5.066667
15.066667
5.0
22.433333
10.0
10.0
15.0
15.0
15.0
10.066667
20.066667
10.0
5.0
5.0
15.033333
25.0
15.033333
15.033333
15.066667
5.033333
10.0
5.0
5.033333
5.1
15.2
5.0
5.033333
5.0
5.0
5.066667
5.066667
15.0
15.066667
10.033333
15.0
10.0
10.066667
20.1
10.0
25.066667
20.033333
36.066667
25.2
5.033333
5.066667
5.033333
20.066667
15.033333
10.0
5.0
10.0
5.0
34.033333
20.033333
20.366667
15.033333
25.0
20.2
5.033333
5.066667
5.0
15.0
10.033333
15.0
5.033333
25.1
15.0
20.033333
5.0
20.166667
5.0
20.1
10.033333
21.066667
15.0
10.2
15.1
5.0
5.1
5.033333
20.0
22.233333
5.033333
5.033333
5.066667
15.066667
5.0
5.1
15.066667
10.133333
20.033333
5.033333
10.0
10.033333
10.033333
5.0
10.0
5.066667
15.066667
20.2
15.2
25.166667
10.133333
28.333333
10.0
10.033333
20.2
10.133333
5.066667
10.066667
15.066667
5.0
10.1
10.0
15.0
5.066667
20.0
10.066667
77.1
358.7
10.033333
10.033333
15.033333
5.033333
5.1
5.0
15.166667
5.0
10.033333
10.0
10.0
28.9
5.0
10.0
553.133333
20.0
553.1
20.4
10.033333
5.166667
232.966667
5.1
10.0
20.0
20.033333
15.233333
10.166667
20.0
15.133333
5.033333
10.066667
5.033333
10.066667
5.066667
5.033333
20.233333
10.033333
5.133333
5.0
5.066667
15.0
10.0
5.0
15.0
5.033333
15.1
20.0
10.066667
15.0
25.8
10.0
15.633333
5.266667
5.0
10.0
5.0
5.133333
10.0
22.066667
15.133333
10.0
558.3
15.0
5.0
5.033333
10.166667
5.0
10.0
20.133333
5.0
10.0
15.1
29.7
5.0
15.066667
5.033333
10.066667
20.1
20.1
5.1
21.666667
20.0
10.066667
25.066667
10.066667
5.0
10.033333
33.733333
5.166667
537.1
5.066667
548.2
23.733333
5.033333
15.066667
548.1
15.133333
10.033333
10.066667
15.033333
10.066667
5.066667
15.133333
5.0
10.0
15.1
5.0
20.166667
15.066667
5.066667
27.9
25.066667
10.133333
20.066667
5.1
5.033333
15.0
20.0
20.1
5.0
20.066667
20.066667
10.0
5.033333
5.033333
5.1
15.133333
10.066667
15.0
25.0
26.666667
5.133333
5.0
20.033333
15.0
5.033333
10.033333
5.033333
10.0
15.1
22.833333
10.033333
15.033333
5.033333
5.0
15.133333
20.0
10.033333
10.033333
5.0
10.033333
10.0
5.033333
19.933333
5.1
15.166667
10.0
25.166667
15.033333
15.6
10.0
20.133333
116.766667
10.033333
5.133333
15.0
5.066667
15.033333
10.166667
5.066667
10.033333
15.0
5.1
5.0
539.466667
15.0
20.066667
20.133333
10.033333
5.033333
10.0
20.0
15.033333
15.0
20.133333
25.133333
10.0
15.033333
5.0
20.1
163.266667
15.0
25.466667
137.9
10.033333
10.1
10.033333
15.0
5.0
5.0
20.2
5.033333
10.033333
10.066667
10.0
20.066667
5.1
5.0
10.0
5.0
10.0
5.0
25.2
10.033333
10.066667
10.266667
20.066667
5.1
15.033333
15.033333
20.033333
15.1
10.066667
5.133333
20.133333
15.033333
5.0
5.133333
20.066667
5.0
5.0
20.0
10.0
20.133333
5.0
10.0
5.0
5.033333
5.033333
5.066667
5.066667
5.0
20.0
10.066667
5.0
5.266667
10.166667
15.066667
10.0
10.2
31.8
10.033333
5.033333
12.333333
5.0
296.266667
5.066667
20.0
25.066667
15.0
15.0
20.0
5.0
10.066667
15.1
10.166667
15.033333
5.0
25.066667
5.0
10.0
5.1
21.4
15.0
5.0
5.033333
5.0
15.033333
5.066667
10.066667
20.1
20.066667
21.266667
20.033333
10.033333
5.033333
10.0
15.0
15.166667
20.0
15.066667
5.0
20.033333
5.0
20.0
5.0
5.0
25.1
5.0
5.033333
10.133333
25.066667
15.033333
20.0
5.033333
10.1
15.0
5.0
10.0
25.1
20.033333
5.033333
20.066667
10.0
15.033333
10.0
5.133333
29.433333
15.0
5.033333
5.133333
5.0
20.166667
5.066667
20.066667
10.0
10.2
15.166667
25.233333
10.0
10.0
10.1
5.0
10.1
10.133333
15.066667
5.066667
10.066667
15.2
5.0
20.033333
30.5
5.0
5.166667
10.0
15.1
10.1
5.0
25.133333
15.0
10.0
10.033333
5.033333
20.0
15.0
10.0
5.033333
20.0
10.033333
15.0
15.0
20.0
5.033333
10.0
20.066667
15.0
15.066667
5.0
15.066667
5.0
10.0
10.066667
10.0
5.066667
20.0
5.033333
5.0
20.0
5.0
5.0
5.066667
15.033333
22.366667
15.1
25.1
5.033333
5.166667
5.0
10.033333
15.033333
5.066667
10.133333
5.0
20.166667
15.066667
20.033333
5.033333
10.166667
5.066667
5.0
20.0
20.0
5.033333
10.0
10.166667
10.266667
5.0
5.033333
25.0
5.0
10.0
5.0
15.0
5.1
5.066667
5.066667
5.0
20.0
5.033333
5.066667
5.1
5.0
5.066667
5.0
15.0
5.0
15.033333
5.133333
5.1
5.066667
15.033333
5.066667
15.1
10.1
5.0
5.033333
5.033333
15.066667
10.0
15.033333
5.1
20.1
15.166667
20.133333
15.0
15.0
5.0
20.033333
5.066667
15.133333
5.0
15.0
10.0
10.0
22.3
15.1
15.233333
10.0
15.166667
20.033333
20.0
15.2
10.0
20.033333
15.0
19.9
10.1
15.033333
5.133333
5.033333
5.0
20.066667
5.133333
5.166667
10.033333
5.0
20.233333
5.066667
5.033333
15.0
15.0
10.0
5.066667
22.6
5.033333
25.066667
51.766667
15.066667
5.033333
25.033333
30.9
5.0
10.066667
20.066667
15.0
10.166667
5.0
10.033333
10.0
5.0
15.033333
5.066667
5.133333
5.0
10.033333
5.033333
25.033333
20.033333
5.0
5.066667
5.133333
25.133333
134.266667
10.033333
5.066667
5.0
20.033333
10.033333
5.066667
5.0
5.066667
15.0
5.033333
5.233333
10.066667
5.0
15.0
10.066667
5.033333
10.066667
10.033333
10.1
5.033333
20.066667
5.033333
15.1
20.0
10.0
5.0
10.0
5.033333
5.066667
17.3
20.033333
381.733333
5.0
5.1
5.0
10.166667
5.0
15.0
20.066667
5.033333
20.0
10.066667
15.166667
5.0
10.033333
25.066667
10.033333
5.0
15.066667
20.0
15.066667
15.133333
5.033333
20.0
10.133333
20.1
20.033333
5.033333
5.066667
10.1
15.066667
15.133333
20.033333
5.0
32.1
136.633333
10.1
10.0
553.266667
20.033333
20.1
5.0
10.0
10.066667
10.0
139.333333
15.0
563.466667
5.033333
10.033333
10.066667
10.0
10.033333
5.0
5.066667
15.0
10.033333
10.033333
5.0
138.566667
563.3
15.0
15.266667
10.033333
5.033333
5.1
15.066667
145.833333
10.033333
15.0
119.433333
5.033333
5.0
20.166667
15.166667
24.966667
5.0
10.0
5.033333
20.2
20.1
20.166667
15.033333
20.1
5.1
5.033333
20.0
10.1
15.0
10.033333
20.033333
15.366667
10.1
10.033333
5.4
20.0
10.0
10.066667
15.1
5.0
10.033333
15.1
5.033333
10.033333
10.133333
10.0
25.133333
5.066667
5.0
20.266667
20.033333
25.066667
5.0
20.0
10.0
26.133333
5.033333
5.033333
20.0
5.066667
10.0
20.033333
20.233333
5.0
5.0
10.133333
10.0
20.0
15.133333
10.033333
20.0
553.466667
5.066667
5.066667
10.1
10.1
25.0
5.066667
15.0
20.066667
15.066667
20.0
15.066667
5.033333
10.066667
5.066667
5.0
5.066667
5.0
5.033333
5.133333
5.066667
10.066667
5.1
5.066667
5.0
5.033333
548.266667
5.066667
5.0
5.0
10.033333
15.166667
5.066667
15.066667
10.033333
10.1
10.0
10.0
15.066667
20.0
5.033333
5.033333
10.066667
5.1
5.0
5.033333
10.0
15.1
25.133333
15.033333
20.0
5.0
25.0
5.0
15.133333
20.133333
10.033333
5.0
15.0
5.1
20.1
20.0
10.066667
5.0
20.066667
5.0
15.066667
20.0
15.0
15.1
25.0
5.033333
18.233333
10.266667
10.066667
20.0
5.066667
5.066667
10.0
5.133333
10.0
5.133333
20.0
20.133333
5.033333
10.033333
15.0
10.0
10.1
25.066667
15.133333
5.066667
20.033333
21.166667
5.166667
5.033333
5.033333
10.133333
15.066667
5.066667
5.133333
15.0
14.266667
5.0
25.033333
20.133333
5.0
5.0
10.066667
10.066667
20.233333
20.1
15.166667
20.0
5.033333
5.0
10.033333
15.2
20.033333
5.066667
15.0
10.1
5.0
5.066667
10.0
22.3
15.0
20.133333
15.133333
15.033333
20.0
25.1
5.033333
15.0
10.1
10.0
5.0
20.033333
20.5
15.2
5.0
226.7
20.066667
5.033333
10.0
25.0
5.0
15.0
5.1
10.1
20.0
15.0
5.0
20.1
20.033333
20.266667
10.0
10.066667
5.1
5.033333
15.033333
10.066667
5.0
10.0
15.0
10.033333
20.033333
15.033333
29.833333
5.033333
10.033333
5.033333
15.0
10.033333
5.1
5.0
5.0
15.0
15.033333
10.066667
10.066667
5.0
20.066667
20.0
5.033333
5.0
5.0
5.0
5.1
10.0
10.033333
20.266667
10.033333
26.866667
20.066667
15.2
20.033333
10.1
10.033333
20.066667
5.366667
15.033333
5.0
5.066667
15.066667
5.0
10.066667
15.066667
5.066667
5.0
15.1
10.066667
10.066667
546.033333
5.066667
15.033333
15.1
20.066667
10.1
10.0
20.033333
5.066667
15.066667
10.0
5.0
5.0
5.033333
10.0
5.066667
5.066667
5.033333
5.0
5.0
5.0
5.1
5.033333
19.333333
5.1
15.066667
5.0
10.0
5.0
5.1
5.133333
563.166667
558.433333
15.0
20.0
25.0
5.0
5.066667
25.066667
5.1
15.333333
5.0
5.0
25.066667
5.066667
20.066667
10.0
5.0
15.9
10.033333
442.8
20.2
15.1
10.033333
15.0
15.033333
10.033333
15.033333
10.033333
10.0
5.0
20.1
102.8
15.166667
20.1
5.0
10.2
5.033333
10.0
20.033333
5.0
5.0
15.1
5.1
5.033333
15.066667
15.0
20.166667
10.133333
15.0
10.233333
20.0
5.1
10.0
15.1
5.1
5.0
15.0
5.0
20.066667
10.0
30.533333
5.0
15.1
5.0
20.0
15.0
15.233333
20.1
5.0
15.033333
15.133333
10.0
5.033333
15.033333
5.0
10.1
10.033333
15.033333
15.033333
10.133333
20.0
10.0
5.033333
5.0
5.1
5.033333
5.066667
10.1
20.133333
5.0
15.066667
15.0
5.333333
5.033333
10.0
10.1
15.066667
15.0
5.0
10.0
5.033333
10.033333
10.033333
5.0
20.033333
10.0
20.133333
5.066667
20.1
5.0
10.033333
20.066667
20.0
5.133333
5.0
20.0
25.0
15.0
10.166667
10.033333
10.0
5.0
10.2
20.2
15.0
10.2
20.033333
15.0
20.066667
5.0
10.0
20.033333
5.033333
10.033333
5.1
20.133333
10.066667
25.0
5.033333
5.0
15.1
10.0
15.066667
5.033333
172.233333
20.0
10.0
20.0
20.066667
10.066667
15.066667
5.0
5.0
5.0
15.033333
10.033333
20.033333
15.066667
15.033333
10.066667
5.0
20.1
5.0
15.033333
10.133333
25.1
10.033333
20.1
10.0
5.0
5.033333
10.033333
10.1
10.033333
5.066667
5.0
25.0
5.033333
5.033333
25.133333
10.066667
15.0
25.2
20.1
10.033333
5.033333
15.0
10.0
5.0
20.0
24.866667
20.033333
15.166667
10.066667
5.033333
10.033333
5.033333
15.066667
15.1
10.066667
25.033333
10.066667
5.0
15.066667
5.033333
20.1
15.1
5.0
19.366667
10.0
5.033333
15.166667
10.0
5.066667
10.1
5.0
20.066667
15.166667
10.066667
20.166667
28.466667
5.033333
10.0
5.033333
25.033333
5.033333
5.0
10.033333
10.033333
20.033333
5.066667
5.0
5.033333
15.066667
33.3
5.033333
5.033333
15.033333
20.166667
25.066667
15.0
5.1
5.0
5.1
5.0
20.066667
5.033333
5.033333
10.0
15.233333
20.133333
5.0
5.1
10.033333
15.133333
5.166667
5.033333
10.066667
20.133333
15.033333
25.166667
15.1
20.1
10.0
15.0
5.066667
10.033333
15.1
10.033333
10.0
5.0
20.066667
5.1
5.0
5.033333
5.033333
10.033333
5.033333
5.066667
10.066667
25.133333
10.1
5.033333
10.066667
484.633333
19.933333
5.1
31.833333
10.1
25.033333
10.0
5.033333
10.0
5.033333
5.033333
20.1
15.0
5.0
24.866667
5.0
5.066667
20.066667
15.066667
10.0
10.066667
5.033333
5.0
5.0
10.033333
10.1
20.0
10.033333
5.0
5.0
10.066667
10.1
5.033333
15.066667
10.066667
10.0
5.0
20.0
15.066667
5.0
20.0
20.1
17.333333
10.066667
5.0
20.066667
15.0
254.6
10.0
20.066667
15.033333
10.1
15.066667
20.166667
10.0
5.066667
5.0
10.033333
10.033333
10.0
5.0
10.033333
30.2
10.0
6.0
5.133333
5.0
5.0
20.033333
10.033333
19.2
5.066667
10.0
15.1
15.033333
15.066667
20.033333
10.1
10.0
25.0
10.0
15.1
20.033333
5.1
5.0
5.0
20.3
5.0
15.0
10.033333
5.0
20.033333
563.166667
10.066667
20.0
20.6
5.0
5.033333
15.1
20.1
20.0
5.066667
15.066667
10.133333
5.066667
20.0
5.033333
20.066667
20.133333
5.033333
430.066667
20.1
5.0
5.0
20.1
25.066667
5.0
15.033333
15.0
15.0
10.033333
5.033333
195.1
5.1
10.066667
10.166667
25.1
20.1
5.033333
15.066667
20.2
5.1
5.1
5.166667
5.0
5.033333
5.1
5.033333
10.133333
15.033333
10.133333
15.066667
307.7
20.133333
20.166667
15.133333
5.033333
10.066667
20.033333
10.033333
10.066667
5.0
5.033333
5.066667
5.0
20.233333
10.066667
10.0
20.033333
10.0
10.033333
20.066667
5.033333
15.033333
15.1
5.066667
15.0
20.066667
20.0
5.033333
10.066667
10.0
5.1
10.033333
20.066667
10.166667
5.0
5.033333
5.066667
5.033333
5.0
10.0
25.1
5.0
10.066667
5.1
