5.1
5.2
15.2
27.2
20.1
10.066667
15.066667
15.0
5.066667
15.066667
5.166667
10.033333
5.066667
5.0
10.0
10.0
15.0
5.166667
15.0
20.133333
15.0
5.066667
5.066667
5.0
5.0
5.133333
5.1
10.033333
5.033333
10.2
20.0
5.1
5.0
15.033333
10.033333
5.066667
20.0
10.0
5.066667
15.033333
5.0
20.1
20.2
20.066667
10.0
10.166667
10.066667
74.033333
5.1
306.333333
10.0
15.0
5.0
5.3
5.0
10.1
10.0
5.0
5.0
15.0
20.033333
10.0
5.033333
10.1
5.066667
23.433333
20.133333
10.0
321.133333
15.166667
10.033333
15.266667
20.266667
5.0
10.066667
10.133333
5.0
5.066667
10.233333
35.366667
10.0
20.0
15.0
20.0
15.0
20.833333
10.033333
20.1
15.133333
20.066667
10.0
553.033333
553.433333
5.1
20.0
20.1
10.066667
10.1
28.733333
15.0
20.033333
15.0
5.0
5.033333
20.066667
5.1
5.1
25.2
15.033333
5.0
15.033333
10.033333
5.0
5.066667
25.0
20.133333
20.033333
32.8
20.133333
10.066667
5.1
10.033333
10.0
10.033333
15.0
20.066667
10.0
5.033333
10.0
20.033333
10.033333
10.033333
5.1
20.0
5.066667
210.0
20.1
15.066667
553.2
563.233333
15.466667
532.933333
5.1
5.066667
10.2
5.0
24.133333
10.0
10.033333
18.3
15.033333
5.0
10.033333
5.0
5.066667
5.0
15.0
25.033333
5.033333
5.0
5.033333
5.1
15.066667
15.1
20.1
349.433333
5.1
5.033333
15.066667
20.166667
25.0
10.1
5.033333
5.0
15.1
10.1
34.1
5.0
10.0
5.0
10.0
5.033333
5.066667
20.033333
25.1
20.066667
20.0
15.0
10.0
5.033333
25.0
10.033333
20.0
10.0
10.066667
5.0
5.066667
15.066667
15.0
5.0
5.066667
5.0
10.0
10.066667
15.0
5.0
20.0
5.0
5.033333
10.033333
15.066667
5.1
20.1
15.133333
10.066667
15.0
10.0
15.066667
15.0
10.033333
15.0
5.2
5.0
10.0
15.0
10.1
10.033333
5.1
20.166667
15.0
25.0
5.033333
10.033333
10.033333
15.066667
10.0
10.0
10.266667
5.0
25.0
20.1
20.033333
10.033333
20.233333
25.066667
10.0
25.066667
10.0
5.0
20.066667
10.033333
10.066667
15.0
15.0
15.033333
21.4
5.066667
15.0
206.3
10.0
20.1
114.366667
20.0
5.0
5.1
5.0
20.133333
10.033333
22.766667
233.366667
15.133333
10.066667
5.0
15.066667
5.0
20.1
20.033333
20.0
20.033333
15.033333
10.0
10.0
10.0
20.066667
15.0
25.166667
20.133333
10.033333
5.033333
5.0
20.166667
15.1
20.066667
15.1
20.0
10.033333
15.0
5.0
10.033333
5.033333
5.033333
10.033333
5.033333
5.066667
21.833333
5.066667
15.166667
5.0
5.133333
20.1
15.033333
25.0
5.033333
15.033333
10.033333
5.0
5.066667
5.066667
20.033333
10.1
20.4
5.066667
5.1
10.033333
5.066667
5.0
15.033333
5.1
5.0
5.033333
5.0
15.033333
10.266667
10.0
5.133333
15.233333
5.033333
15.066667
5.0
15.0
5.066667
20.1
20.1
5.0
20.033333
5.033333
5.0
10.0
5.066667
15.066667
15.066667
10.0
5.033333
25.033333
10.033333
5.033333
5.1
10.0
20.0
15.1
10.0
19.333333
5.0
5.1
10.0
15.166667
10.0
10.0
15.066667
15.066667
20.066667
5.033333
10.0
5.033333
10.066667
20.0
10.033333
15.733333
5.0
10.0
15.166667
15.033333
15.033333
5.0
15.0
15.033333
15.033333
10.033333
20.133333
20.0
20.066667
20.6
124.833333
563.333333
10.033333
15.0
10.1
20.166667
10.033333
15.066667
236.133333
553.366667
10.033333
5.0
15.066667
15.0
15.166667
10.0
5.0
20.1
20.133333
20.0
20.0
20.233333
5.066667
5.233333
20.1
10.133333
20.1
20.1
5.0
5.0
5.033333
15.1
10.0
20.066667
20.066667
25.0
5.0
10.033333
15.133333
10.2
15.033333
5.0
25.266667
15.066667
5.033333
25.0
10.166667
5.033333
20.0
20.0
20.1
5.0
10.066667
10.066667
15.133333
10.033333
10.0
20.033333
5.0
5.033333
10.066667
10.066667
15.033333
10.066667
10.0
25.0
10.1
10.033333
10.033333
20.1
5.0
10.0
25.033333
5.066667
10.066667
7.933333
15.1
20.066667
10.0
10.1
15.133333
15.166667
5.033333
5.066667
15.033333
5.033333
5.0
20.066667
26.8
25.0
15.033333
10.033333
10.033333
20.033333
5.066667
20.0
5.0
15.133333
5.0
10.0
5.0
5.0
5.033333
20.166667
10.0
5.0
10.1
5.033333
5.0
15.033333
5.033333
20.0
5.0
5.0
20.1
10.0
5.033333
20.166667
11.366667
15.066667
5.0
15.0
20.1
29.333333
15.0
5.066667
20.033333
10.0
20.066667
20.1
5.0
20.066667
10.033333
10.1
5.033333
10.0
5.066667
25.1
20.033333
20.233333
5.0
36.433333
15.0
10.033333
5.033333
20.066667
5.0
20.0
15.033333
10.0
5.0
5.066667
30.566667
5.033333
20.0
15.066667
10.1
5.0
15.033333
10.2
15.166667
10.033333
5.0
5.0
15.0
10.1
5.0
10.033333
20.0
20.033333
10.0
10.366667
5.0
5.1
20.033333
20.066667
10.0
21.2
15.066667
5.0
25.1
15.033333
20.0
15.0
5.066667
5.133333
5.033333
20.166667
20.033333
20.0
22.4
20.0
20.0
10.066667
10.033333
5.0
20.0
10.0
25.033333
10.0
10.0
20.066667
15.0
10.033333
21.6
145.233333
10.066667
20.0
20.166667
10.0
20.0
10.033333
5.033333
20.0
428.133333
25.066667
15.0
5.0
20.0
20.1
5.1
20.133333
10.0
15.066667
5.2
20.033333
10.0
20.0
20.066667
5.0
25.166667
5.0
5.0
5.0
20.1
10.1
5.033333
10.0
15.1
15.0
5.033333
5.033333
5.0
10.0
15.1
5.0
5.0
5.1
10.033333
20.0
20.0
10.066667
10.033333
20.0
5.0
10.233333
10.0
5.0
20.066667
10.033333
5.166667
20.066667
20.066667
10.0
5.066667
5.033333
5.066667
20.2
5.0
558.166667
5.033333
5.133333
273.833333
339.366667
5.1
20.0
15.033333
10.066667
5.0
5.066667
5.066667
5.066667
5.0
10.066667
10.066667
5.0
15.1
26.8
10.1
5.066667
345.8
20.133333
20.133333
10.033333
5.0
33.0
15.033333
15.0
558.266667
25.1
5.033333
5.033333
10.066667
20.2
10.0
20.033333
10.0
5.0
10.066667
20.066667
20.2
20.033333
25.133333
10.1
15.166667
20.0
5.066667
5.066667
5.1
10.033333
10.166667
10.066667
5.033333
5.066667
20.1
5.066667
22.766667
15.033333
25.0
10.133333
10.033333
10.066667
5.033333
10.066667
20.0
5.0
20.033333
20.033333
15.0
15.0
30.8
10.066667
5.0
20.033333
15.033333
23.7
5.066667
5.0
20.1
30.866667
20.066667
20.133333
552.7
15.1
10.0
530.533333
20.166667
15.133333
20.066667
217.633333
548.266667
5.033333
20.033333
20.0
15.133333
15.366667
15.066667
5.033333
15.066667
5.0
10.266667
10.066667
20.166667
20.0
20.133333
15.1
5.1
20.0
15.0
15.066667
5.066667
5.033333
10.0
20.333333
5.1
10.0
10.0
25.066667
20.133333
15.133333
20.066667
20.066667
20.1
371.433333
5.0
10.033333
5.0
15.033333
5.033333
25.033333
10.033333
10.0
25.1
10.0
15.0
5.133333
10.1
20.1
10.0
15.0
5.066667
20.0
20.0
28.5
231.466667
20.033333
5.0
15.166667
10.033333
5.033333
19.266667
15.066667
5.0
5.166667
5.033333
15.166667
5.0
5.033333
25.0
20.2
10.133333
20.0
5.033333
20.033333
10.0
5.0
20.0
5.0
10.033333
15.033333
5.033333
20.0
21.466667
20.1
301.0
5.066667
5.0
20.166667
5.0
10.266667
15.033333
10.0
5.033333
20.1
10.033333
10.133333
15.0
20.0
5.033333
10.0
20.133333
15.0
20.0
10.1
5.0
15.0
5.033333
5.033333
15.066667
5.0
15.1
10.0
5.0
5.033333
5.0
5.0
15.0
5.066667
15.133333
15.033333
20.166667
15.066667
20.1
5.033333
10.1
5.0
10.133333
5.0
10.0
5.0
5.0
15.0
176.8
15.133333
10.066667
10.066667
15.0
10.066667
5.0
10.033333
20.0
10.066667
10.1
10.0
5.0
20.166667
10.033333
10.066667
5.0
10.033333
38.666667
10.1
563.166667
5.066667
25.066667
20.0
15.133333
20.066667
10.0
5.1
300.133333
5.033333
563.366667
5.2
20.0
5.0
5.033333
25.7
20.0
15.0
10.0
10.0
10.066667
5.0
5.033333
5.066667
5.033333
10.1
20.133333
5.0
20.2
25.0
10.0
5.0
5.033333
5.1
20.266667
20.0
5.0
10.066667
5.0
10.033333
5.033333
5.0
10.0
10.033333
20.033333
25.133333
5.1
33.166667
300.5
25.166667
5.033333
117.433333
15.033333
10.033333
10.0
15.133333
10.133333
20.1
10.1
20.0
15.066667
5.066667
20.2
20.166667
5.1
20.0
5.066667
10.0
5.0
553.233333
553.133333
15.033333
5.033333
5.0
15.0
5.0
5.0
10.066667
5.033333
10.1
10.066667
5.033333
10.0
5.033333
5.0
15.0
20.0
10.0
10.066667
10.033333
5.0
20.133333
10.0
10.0
5.066667
10.066667
5.066667
10.033333
10.0
5.0
5.0
10.0
10.0
25.0
5.0
5.0
10.066667
10.033333
20.0
5.066667
5.066667
5.066667
10.066667
10.0
15.066667
15.0
10.033333
19.533333
5.0
15.166667
5.0
20.2
19.0
10.0
5.033333
10.0
5.0
25.0
5.033333
5.033333
10.133333
20.1
20.033333
10.133333
20.2
20.033333
10.033333
10.0
5.033333
30.8
10.033333
15.066667
458.7
15.0
5.0
5.0
15.033333
20.166667
15.066667
15.0
20.233333
5.033333
10.133333
10.0
15.0
5.066667
20.1
10.1
10.0
15.0
10.0
10.233333
563.166667
15.0
19.633333
10.1
533.3
15.0
10.066667
10.033333
5.033333
25.0
10.066667
10.033333
15.066667
15.066667
17.3
5.0
10.1
342.833333
15.2
10.066667
5.066667
5.066667
25.033333
5.1
5.033333
15.133333
25.066667
25.233333
5.366667
5.0
5.0
15.0
5.0
15.0
5.033333
25.466667
15.066667
5.0
20.066667
552.2
10.0
15.0
5.033333
25.2
5.0
5.033333
15.0
15.0
20.1
10.0
15.033333
15.033333
15.133333
10.133333
10.066667
5.033333
20.3
10.0
23.633333
10.0
15.0
20.066667
20.133333
5.0
10.033333
15.066667
5.033333
5.1
5.1
20.0
5.0
5.0
5.033333
5.1
25.1
20.0
5.0
15.033333
10.0
5.1
5.0
20.0
10.033333
5.0
10.0
5.233333
20.0
15.0
15.033333
5.0
10.1
25.0
5.066667
5.0
10.033333
25.066667
5.0
25.033333
10.066667
20.066667
5.066667
20.1
15.133333
10.066667
20.133333
5.1
5.0
15.066667
20.0
5.033333
20.066667
15.066667
20.033333
10.0
15.133333
5.0
20.0
5.066667
5.0
21.1
10.0
410.033333
10.1
10.066667
20.1
454.2
10.0
10.1
5.0
5.0
20.033333
5.0
5.0
20.066667
5.0
10.2
15.166667
5.033333
5.033333
5.066667
15.033333
20.1
10.066667
5.033333
20.166667
10.066667
15.1
31.933333
20.0
15.1
25.066667
5.0
22.433333
10.066667
10.1
20.066667
25.1
5.0
10.1
15.0
5.0
15.033333
5.2
20.0
5.0
5.0
15.033333
10.0
20.0
5.0
5.133333
5.166667
5.0
10.0
15.033333
23.1
10.066667
5.0
5.133333
15.1
5.033333
20.0
5.033333
5.066667
10.0
10.1
5.066667
20.9
15.033333
5.0
5.033333
5.1
20.166667
5.033333
15.033333
5.033333
5.166667
5.066667
10.1
15.2
5.133333
5.0
5.066667
10.066667
10.1
5.066667
15.0
10.033333
5.1
20.033333
20.0
15.066667
5.033333
15.066667
5.0
20.033333
10.0
10.1
5.033333
10.133333
20.066667
20.066667
5.0
5.0
10.0
10.1
20.1
20.0
10.066667
10.0
20.1
10.066667
5.033333
10.066667
20.0
5.0
5.033333
15.033333
15.166667
5.033333
20.033333
5.033333
10.0
5.0
20.0
25.033333
5.033333
15.066667
20.0
20.066667
5.066667
5.066667
5.066667
10.133333
10.1
5.066667
10.033333
10.0
20.066667
5.0
20.133333
31.266667
10.0
10.066667
20.733333
5.066667
15.033333
5.0
15.0
5.133333
15.0
15.0
5.066667
20.566667
5.033333
553.366667
5.033333
15.0
548.233333
5.033333
5.1
142.533333
15.133333
5.0
20.233333
5.033333
5.033333
5.033333
20.2
10.066667
5.0
5.0
15.0
15.233333
5.0
15.066667
5.0
15.0
10.0
20.066667
5.033333
5.066667
20.133333
5.033333
10.066667
10.033333
25.033333
5.033333
25.066667
10.033333
5.0
15.066667
5.1
22.0
20.033333
5.0
22.433333
15.066667
20.033333
20.0
5.0
5.033333
5.0
20.066667
10.0
5.066667
10.1
20.066667
5.0
20.1
5.033333
20.033333
5.033333
20.033333
20.066667
10.1
10.0
5.033333
5.1
5.033333
10.066667
5.1
5.033333
10.066667
20.066667
22.333333
15.0
15.033333
20.0
5.4
19.733333
10.033333
10.066667
5.0
15.0
15.0
5.166667
10.0
5.0
10.0
5.033333
10.1
10.0
553.2
5.0
5.0
5.0
5.1
5.033333
15.033333
20.1
10.066667
20.033333
5.0
5.066667
5.066667
5.0
10.0
5.0
10.0
25.133333
20.033333
5.133333
15.1
20.2
10.0
10.033333
10.066667
30.1
563.233333
20.066667
5.1
10.066667
10.033333
10.033333
15.033333
15.1
31.566667
5.0
5.0
25.0
20.0
10.066667
10.1
15.033333
15.0
29.4
20.133333
20.1
190.666667
10.2
5.033333
5.066667
20.1
20.066667
22.766667
15.033333
20.166667
20.0
5.066667
15.0
10.0
10.0
25.066667
5.0
5.0
10.033333
20.0
20.033333
10.033333
10.066667
15.033333
5.066667
5.066667
20.033333
20.1
20.033333
25.266667
15.066667
5.0
10.033333
25.166667
10.0
10.0
57.766667
10.0
20.0
15.0
5.066667
10.066667
5.0
15.133333
20.1
10.033333
15.033333
10.133333
10.033333
5.0
5.0
