25.2
5.0
5.0
5.2
15.0
15.4
25.0
20.2
5.0
25.2
25.0
5.0
10.0
15.0
10.0
20.0
15.6
10.0
10.2
5.0
10.0
25.2
5.2
20.2
5.0
5.0
20.2
5.0
10.0
20.2
5.0
10.0
10.0
20.4
20.0
5.0
10.2
15.4
5.0
5.2
5.0
20.4
5.2
10.4
15.0
5.0
20.0
5.0
10.0
15.0
5.4
5.2
10.0
5.4
15.0
15.4
15.0
20.0
25.0
5.0
10.0
5.0
10.0
15.0
5.2
10.0
5.0
5.4
25.0
5.0
15.2
20.0
10.2
5.0
15.2
20.2
5.0
10.0
10.0
20.0
10.0
10.0
10.4
5.0
10.0
5.4
5.0
15.0
5.0
5.0
5.0
15.0
5.0
20.0
15.0
10.0
5.0
10.2
5.2
10.0
5.2
20.0
10.0
10.0
20.0
5.2
10.0
10.2
15.4
5.4
15.2
128.6
20.2
15.0
10.0
20.2
5.2
20.2
5.0
20.0
20.0
5.4
10.0
5.0
15.2
5.4
5.0
25.0
15.0
25.0
15.2
15.4
5.0
15.0
20.0
15.0
10.0
5.2
20.2
5.0
5.0
10.0
5.0
5.2
5.0
5.0
5.0
20.0
20.2
15.2
5.2
5.0
10.0
5.2
5.2
20.0
15.2
5.0
5.0
5.0
15.0
5.2
5.0
10.0
20.0
10.0
5.2
5.0
5.0
5.0
10.2
15.0
5.0
15.2
10.0
15.2
10.2
15.0
15.0
5.0
5.2
5.0
5.0
15.0
5.0
10.0
5.0
10.2
20.0
25.2
5.2
10.2
5.2
5.0
15.0
5.0
20.2
10.0
10.0
10.0
5.0
25.0
10.0
20.4
5.0
5.0
5.2
10.0
5.0
5.2
5.0
5.0
15.0
10.2
10.0
5.0
5.0
20.2
10.0
15.0
61.2
20.2
5.0
5.0
20.0
255.2
5.0
10.4
20.0
10.2
5.2
15.0
5.2
20.2
5.2
5.2
20.0
20.2
10.0
15.2
10.2
20.0
20.2
15.0
25.0
5.0
10.2
5.0
15.2
10.2
5.2
10.0
20.0
25.0
10.4
5.4
15.0
20.0
5.0
10.0
5.2
15.0
10.0
15.0
10.4
20.2
10.2
5.2
5.2
5.0
10.0
5.2
10.0
5.2
10.0
10.0
5.2
20.0
5.0
10.0
15.2
15.2
15.2
10.2
395.2
5.0
10.2
15.0
5.2
15.2
10.2
5.2
15.0
15.0
5.0
20.2
5.0
15.4
20.0
5.2
25.0
5.0
10.2
5.2
5.4
20.2
20.0
10.0
10.0
10.2
10.0
5.4
5.2
20.4
20.0
15.0
20.0
5.0
5.2
15.4
10.2
5.0
15.2
10.0
5.2
15.0
10.0
10.0
25.0
10.0
5.0
20.0
20.0
5.0
5.0
15.0
15.0
20.4
10.2
15.0
5.4
20.0
5.2
15.0
20.2
20.0
10.0
20.4
5.0
5.0
10.0
10.2
5.0
5.0
5.0
5.0
10.2
5.2
5.2
5.2
10.0
15.0
5.0
15.0
20.0
5.0
10.0
20.0
5.2
5.0
10.0
5.2
5.0
53.6
20.0
20.4
15.0
5.0
15.2
5.0
15.2
10.2
15.0
25.2
10.0
5.0
20.0
20.0
20.0
25.0
10.2
5.0
5.0
20.2
5.0
5.0
15.0
20.0
10.0
5.0
10.2
5.0
10.4
10.2
5.2
10.0
15.2
15.4
5.0
5.4
10.0
15.0
5.0
15.2
497.4
5.2
149.6
20.2
15.0
419.8
15.0
10.2
5.0
10.0
20.2
5.0
10.0
20.4
15.2
5.0
25.0
10.0
15.2
5.4
5.0
10.2
5.4
10.0
10.0
5.2
15.0
5.0
5.0
10.0
20.0
5.0
15.0
5.2
10.0
10.2
10.0
10.0
20.0
5.0
10.0
5.0
20.0
10.0
10.0
5.2
20.0
20.2
20.0
15.0
15.0
10.0
15.0
15.2
20.2
5.2
5.0
5.0
5.0
5.0
10.4
10.0
15.0
20.2
5.0
5.4
10.0
10.0
10.0
15.0
10.0
15.0
20.2
20.2
5.0
5.4
20.0
5.0
20.0
5.0
10.0
5.0
20.0
10.2
15.0
15.0
20.4
20.4
5.2
20.0
5.0
15.2
5.0
10.0
5.4
20.2
15.0
10.2
15.0
5.0
5.0
5.0
15.0
25.0
10.2
15.2
10.4
20.0
15.4
15.0
20.0
5.0
15.4
5.0
5.0
15.4
15.0
15.0
20.0
25.0
10.0
20.0
10.2
20.0
10.2
15.0
15.0
10.2
10.4
15.0
5.0
20.4
25.2
15.0
15.4
5.0
10.0
5.2
20.2
553.4
5.0
5.4
20.2
15.2
5.2
20.0
5.0
5.2
10.2
5.0
10.2
5.0
15.0
5.2
5.0
10.2
25.2
5.0
5.0
15.0
5.0
10.2
15.4
5.2
20.4
5.0
5.0
5.0
5.0
10.2
5.0
5.2
474.2
5.0
20.0
15.2
5.0
5.0
20.0
15.2
10.2
15.0
5.0
15.2
15.2
10.2
558.2
499.0
20.0
249.8
5.2
15.2
5.0
25.0
10.2
15.2
5.2
20.2
20.2
20.0
5.2
20.0
5.2
20.4
15.2
5.0
10.0
10.2
5.2
10.0
20.2
20.0
5.2
15.0
10.0
5.2
10.2
10.2
10.2
10.0
5.2
5.2
5.0
20.2
5.2
5.0
10.0
5.0
5.2
5.0
20.2
10.0
5.0
15.0
20.0
10.0
10.0
5.0
5.0
5.0
5.0
10.0
15.0
15.0
5.0
10.0
10.0
5.4
25.2
10.2
10.0
20.0
10.2
20.0
5.0
15.0
15.0
5.2
10.0
548.2
20.2
10.2
15.2
5.4
15.2
15.2
20.0
10.0
5.0
10.4
10.4
5.2
10.4
5.0
5.0
20.0
15.2
10.0
20.0
10.2
25.0
5.0
15.0
20.0
20.0
5.0
5.2
10.2
10.0
15.0
5.0
10.4
5.0
5.0
10.0
20.2
5.0
5.0
5.0
10.2
5.0
15.4
5.2
5.0
5.0
5.0
25.0
5.0
5.2
15.0
5.0
15.0
10.0
10.2
10.2
25.0
20.0
10.0
5.0
15.2
5.2
5.2
20.0
20.2
5.0
20.0
10.2
20.0
5.2
5.2
5.0
15.4
15.2
10.0
10.0
5.2
5.2
10.0
5.0
15.2
5.2
5.0
10.0
10.0
25.2
20.0
5.2
20.0
5.0
5.0
15.2
5.0
5.0
10.0
5.2
5.0
5.2
20.0
10.2
15.0
20.0
5.2
5.2
15.0
10.4
25.0
5.4
5.0
20.0
10.0
299.4
5.0
5.0
15.2
10.2
10.0
15.4
15.2
15.0
5.2
10.0
15.4
20.0
10.0
5.2
5.2
15.0
15.2
10.0
5.0
5.0
5.2
5.0
10.2
10.2
25.0
20.0
20.0
15.0
10.0
10.0
20.0
20.4
10.4
15.0
20.2
10.0
5.4
5.2
15.2
5.0
5.0
15.2
5.0
5.0
10.0
5.0
5.0
5.0
10.2
10.0
25.0
5.0
25.2
10.0
5.0
5.4
10.2
5.0
10.2
15.0
20.2
5.0
25.0
25.0
15.0
20.4
10.2
5.0
20.0
20.2
5.0
10.0
15.0
5.2
5.0
10.6
5.0
15.4
20.2
5.0
5.0
20.0
20.0
25.0
10.2
10.2
5.2
20.2
20.4
5.0
15.0
5.0
5.2
10.0
5.4
5.2
15.0
5.0
20.0
5.4
5.0
5.0
15.4
10.0
5.2
5.0
5.0
5.0
5.0
10.2
375.6
15.0
5.0
558.0
20.0
20.2
15.2
5.0
5.0
10.2
5.2
5.2
20.0
15.2
10.0
5.2
20.2
10.0
10.2
10.0
20.0
203.8
5.0
5.0
15.0
10.0
15.0
5.0
5.2
10.0
10.0
10.0
5.0
10.2
15.2
5.2
10.0
5.0
5.0
5.0
20.0
5.0
5.0
5.0
15.0
5.4
558.2
25.4
10.2
5.0
15.0
5.0
10.4
10.2
20.2
5.4
15.2
20.0
15.2
5.0
10.0
5.2
5.0
10.0
5.0
5.0
5.2
5.0
10.0
5.2
20.0
15.0
20.0
10.0
10.0
5.0
20.2
10.4
15.2
20.2
10.0
15.0
5.0
5.0
20.4
15.4
15.2
20.4
20.0
5.0
25.0
10.0
5.0
5.0
10.4
5.0
5.0
10.2
5.4
5.0
5.0
10.2
5.2
10.0
5.0
10.4
5.2
25.2
20.2
10.2
10.2
20.2
5.2
15.2
5.0
10.2
5.0
10.0
5.0
15.0
20.2
10.2
10.2
20.4
10.2
15.0
20.0
20.0
10.0
20.0
25.0
15.0
5.0
20.4
5.0
5.0
5.0
5.4
20.0
20.0
5.0
10.4
5.0
20.2
