0.0
0.0
0.0
0.0
0.0
0.0
0.0
0.090909
0.0
0.0
0.0
0.0
0.0
0.074074
0.0
0.0
0.0
0.056604
0.0
0.090909
0.0
0.0
0.0
0.0
0.0
0.0
0.074074
0.0
0.0
0.0
0.0
0.0
0.0
0.0
0.0
0.206349
0.0
0.0
0.0
0.056604
0.0
0.090909
0.090909
0.0
0.0
0.0
0.0
0.0
0.0
0.0
0.0
0.0
0.0
0.0
0.0
0.0
0.0
0.107143
0.0
0.0
0.0
0.0
0.0
0.0
0.107143
0.0
0.0
0.0
0.0
0.0
0.090909
0.0
0.0
0.0
0.090909
0.0
0.090909
0.090909
0.0
0.056604
0.0
0.0
0.0
0.0
0.0
0.0
0.0
0.0
0.0
0.0
0.0
0.107143
0.0
0.0
0.137931
0.0
0.0
0.0
0.0
0.0
0.0
0.0
0.0
0.0
0.0
0.0
0.0
0.0
0.107143
0.568966
0.0
0.0
0.0
0.0
0.090909
0.0
0.0
0.0
0.0
0.166667
0.0
0.0
0.0
0.0
0.0
0.0
0.056604
0.0
0.0
0.0
0.0
0.0
0.0
0.0
0.0
0.0
0.0
0.137931
0.0
0.0
0.0
0.0
0.0
0.0
0.0
0.0
0.0
0.0
0.0
0.0
0.0
0.0
0.0
0.0
0.0
0.107143
0.107143
0.074074
0.122807
0.0
0.0
0.0
0.0
0.0
0.0
0.0
0.0
0.0
0.0
0.0
0.0
0.0
0.0
0.0
0.0
0.0
0.090909
0.074074
0.019608
0.0
0.0
0.0
0.152542
0.074074
0.0
0.0
0.0
0.0
0.0
0.122807
0.0
0.0
0.0
0.0
0.0
0.0
0.0
0.137931
0.0
0.0
0.0
0.0
0.0
0.0
0.0
0.0
0.0
0.0
0.0
0.0
0.0
0.0
0.056604
0.0
0.0
0.0
0.0
0.0
0.0
0.0
0.0
0.0
0.0
0.107143
0.107143
0.0
0.0
0.0
0.0
0.0
0.0
0.0
0.0
0.0
0.0
0.0
0.0
0.0
0.0
0.0
0.090909
0.0
0.0
0.0
0.0
0.0
0.0
0.0
0.0
0.0
0.0
0.0
0.0
0.137931
0.0
0.0
0.0
0.038462
0.0
0.0
0.0
0.0
0.0
0.090909
0.0
0.0
0.074074
0.0
0.0
0.0
0.0
0.090909
0.0
0.0
0.0
0.0
0.107143
0.0
0.0
0.122807
0.0
0.137931
0.0
0.152542
0.0
0.0
0.0
0.0
0.0
0.0
0.0
0.090909
0.0
0.0
0.090909
0.0
0.0
0.0
0.0
0.0
0.0
0.0
0.0
0.0
0.0
0.0
0.0
0.0
0.038462
0.0
0.0
0.193548
0.0
0.0
0.0
0.0
0.0
0.0
0.0
0.019608
0.0
0.0
0.0
0.0
0.0
0.0
0.0
0.0
0.0
0.107143
0.0
0.0
0.0
0.0
0.0
0.0
0.0
0.0
0.0
0.0
0.0
0.0
0.0
0.056604
0.0
0.0
0.0
0.0
0.0
0.0
0.0
0.090909
0.0
0.0
0.0
0.0
0.0
0.0
0.090909
0.0
0.090909
0.0
0.0
0.0
0.137931
0.0
0.122807
0.0
0.122807
0.206349
0.107143
0.056604
0.0
0.0
0.0
0.038462
0.0
0.090909
0.0
0.107143
0.0
0.0
0.0
0.0
0.0
0.0
0.0
0.0
0.090909
0.0
0.0
0.0
0.0
0.122807
0.0
0.0
0.0
0.0
0.0
0.0
0.514563
0.0
0.0
0.0
0.0
0.0
0.0
0.0
0.0
0.152542
0.0
0.0
0.0
0.0
0.0
0.0
0.0
0.0
0.0
0.0
0.0
0.0
0.0
0.0
0.0
0.0
0.0
0.0
0.0
0.0
0.0
0.0
0.0
0.0
0.0
0.0
0.0
0.0
0.0
0.122807
0.0
0.0
0.0
0.0
0.0
0.0
0.0
0.0
0.0
0.0
0.0
0.0
0.0
0.074074
0.0
0.0
0.0
0.0
0.0
0.0
0.0
0.0
0.0
0.0
0.0
0.0
0.056604
0.0
0.056604
0.0
0.0
0.0
0.056604
0.0
0.0
0.0
0.0
0.0
0.0
0.0
0.0
0.056604
0.206349
0.0
0.107143
0.0
0.0
0.019608
0.0
0.0
0.107143
0.0
0.0
0.0
0.0
0.0
0.0
0.0
0.0
0.0
0.0
0.056604
0.122807
0.0
0.0
0.0
0.0
0.0
0.0
0.0
0.0
0.0
0.0
0.152542
0.0
0.0
0.0
0.0
0.0
0.122807
0.0
0.0
0.0
0.0
0.0
0.0
0.0
0.166667
0.0
0.0
0.0
0.0
0.0
0.0
0.0
0.056604
0.0
0.0
0.0
0.0
0.0
0.0
0.0
0.0
0.0
0.0
0.0
0.0
0.0
0.0
0.0
0.0
0.122807
0.0
0.0
0.0
0.0
0.0
0.0
0.0
0.038462
0.0
0.0
0.0
0.0
0.0
0.0
0.0
0.0
0.0
0.0
0.0
0.0
0.0
0.0
0.0
0.107143
0.0
0.0
0.038462
0.0
0.0
0.0
0.0
0.0
0.0
0.0
0.0
0.0
0.0
0.0
0.494949
0.0
0.0
0.152542
0.0
0.0
0.0
0.0
0.0
0.0
0.0
0.0
0.0
0.090909
0.0
0.0
0.0
0.0
0.0
0.0
0.0
0.0
0.0
0.0
0.107143
0.166667
0.0
0.152542
0.0
0.0
0.019608
0.0
0.0
0.0
0.0
0.0
0.0
0.0
0.0
0.0
0.0
0.0
0.0
0.137931
0.0
0.0
0.107143
0.0
0.0
0.0
0.0
0.0
0.0
0.056604
0.0
0.0
0.0
0.0
0.0
0.0
0.0
0.0
0.0
0.038462
0.0
0.0
0.0
0.056604
0.152542
0.090909
0.0
0.0
0.0
0.0
0.074074
0.0
0.038462
0.0
0.056604
0.0
0.0
0.074074
0.0
0.0
0.0
0.0
0.0
0.0
0.107143
0.0
0.0
0.0
0.0
0.0
0.056604
0.0
0.0
0.0
0.0
0.090909
0.0
0.0
0.090909
0.0
0.0
0.0
0.0
0.0
0.0
0.0
0.0
0.0
0.0
0.0
0.0
0.0
0.0
0.0
0.0
0.0
0.090909
0.0
0.0
0.038462
0.0
0.122807
0.0
0.0
0.074074
0.0
0.0
0.0
0.0
0.0
0.0
0.0
0.0
0.122807
0.090909
0.0
0.193548
0.0
0.0
0.0
0.0
0.0
0.0
0.0
0.0
0.137931
0.0
0.056604
0.0
0.0
0.0
0.0
0.0
0.0
0.0
0.0
0.0
0.0
0.0
0.0
0.0
0.0
0.0
0.122807
0.0
0.0
0.0
0.0
0.0
0.0
0.0
0.166667
0.0
0.0
0.0
0.0
0.056604
0.0
0.0
0.0
0.137931
0.0
0.0
0.0
0.0
0.0
0.0
0.0
0.090909
0.180328
0.0
0.107143
0.0
0.0
0.0
0.0
0.056604
0.0
0.107143
0.0
0.038462
0.0
0.0
0.0
0.0
0.0
0.0
0.0
0.0
0.0
0.0
0.0
0.0
0.0
0.0
0.0
0.0
0.0
0.0
0.0
0.0
0.056604
0.0
0.0
0.0
0.0
0.0
0.074074
0.0
0.0
0.0
0.0
0.0
0.0
0.0
0.107143
0.0
0.0
0.0
0.056604
0.0
0.0
0.0
0.0
0.0
0.0
0.0
0.0
0.0
0.0
0.0
0.0
0.0
0.0
0.0
0.0
0.090909
0.0
0.0
0.0
0.0
0.074074
0.0
0.090909
0.0
0.0
0.0
0.0
0.0
0.0
0.0
0.0
0.0
0.0
0.0
0.206349
0.0
0.0
0.0
0.0
0.0
0.0
0.0
0.0
0.479167
0.0
0.0
0.090909
0.0
0.0
0.0
0.0
0.0
0.0
0.0
0.0
0.0
0.038462
0.0
0.122807
0.0
0.0
0.0
0.0
0.166667
0.0
0.0
0.0
0.0
0.0
0.0
0.090909
0.038462
0.122807
0.074074
0.0
0.0
0.137931
0.0
0.056604
0.0
0.0
0.0
0.0
0.0
0.0
0.0
0.056604
0.0
