1.000274186
1.006960222
0.994935472
0.99969911
1.001881848
1.00900412
0.997507326
0.909784932
0.996190856
1.012622464
1.003497032
1.005764702
1.005013946
0.927154122
1.00646705
1.0043183199999999
0.9865867500000001
0.941403962
1.003436076
0.90885122
1.002946348
1.006365644
1.006773752
1.00962318
1.001529074
1.0023564999999999
0.906702322
1.0077399
1.010483058
1.00628312
1.00455557
1.0053762400000001
0.99715068
1.006740712
1.00059111
0.788404454
1.00980596
0.9855318
1.005913104
0.960176902
1.005013946
0.910504332
0.9830685
1.006299624
0.9994781020000001
1.0048822659999999
1.002101582
1.005169182
0.988530496
1.008760026
1.0021553619999999
0.98342415
1.0042149980000001
1.00255304
1.006769032
1.004280746
0.984829
0.906000384
1.0039239340000001
1.000427962
1.0054986320000001
0.984682238
1.00572231
1.003175922
0.890866894
1.007366448
1.001664548
0.984027992
1.002651338
0.98843722
0.9105583800000001
1.0060167740000001
1.001367956
1.004341806
0.885470808
1.007319196
0.895269792
0.909203302
0.991719208
0.9435050979999999
1.010754152
0.98808021
1.009618434
1.007373536
1.008985156
1.00339388
1.005628118
1.007607506
1.013547252
0.993793612
1.01845258
0.892818792
1.007245964
1.006481202
0.848881582
1.005597508
1.0036776
1.006825672
1.002606866
1.002651338
1.001617828
1.004165694
0.982528766
1.004327714
1.002239548
1.00277775
0.997551346
0.99545432
0.891560376
0.430455354
1.002819894
1.000535168
1.004348852
1.00379254
0.9075549079999999
1.002342464
0.998207466
1.004593164
1.005861276
0.833129778
1.00648356
0.991767298
1.0029580580000002
1.003346998
1.007567322
1.0048281940000001
0.942923038
1.005188002
1.004503882
1.004619012
1.005873054
1.003670564
0.9854255239999999
1.004658962
1.001363286
1.007633508
1.007848678
0.85998244
1.004205606
1.007331008
0.983543508
0.984833516
0.993745326
1.003468898
0.980727204
1.001220892
1.0050304079999999
1.003762044
1.002775408
1.005197412
1.005623408
1.005018648
0.983372362
1.004013114
1.004745922
0.8824163180000001
0.90543885
0.926828
0.873815112
1.003290748
1.003014272
1.0027145400000002
1.004534424
1.005964936
1.003586136
1.003023642
0.99548662
1.004069446
1.003436076
1.001617828
1.00350641
1.005658728
1.00284331
1.007290846
1.017815412
1.0009548879999999
0.913107884
0.923505886
0.99060756
1.003970868
1.005541006
1.006636892
0.84613725
0.9261544780000001
1.000174024
1.003980256
1.00256708
1.005244466
1.002983822
0.87641841
1.01192819
1.000775298
1.0033587179999999
1.00277775
1.0040483199999999
0.998219066
1.004673062
0.8713739399999999
1.0046519120000001
0.992750736
0.9963711160000001
1.002761362
1.005654018
1.002876092
1.0018935340000001
0.9939063
1.0058919
1.0042126500000002
1.020216182
1.00536918
1.00610397
0.984154262
0.9472319
1.004522678
1.005463324
1.008447378
1.0039028140000001
0.992326404
1.009642166
1.001729962
1.0045579199999999
1.002847992
0.9948317680000001
0.89499928
0.888496886
1.002386912
1.014143166
1.015481132
1.01788054
1.008239054
1.005788256
1.002707516
1.001445006
1.0028409679999999
1.005625762
1.005508048
1.02056042
1.008857174
0.994873248
1.003989644
0.893134416
0.98995911
1.006327916
1.007538958
1.006478842
1.005625762
1.006964944
1.005581028
1.003339966
1.004774128
1.000302142
1.002833942
1.001304922
0.861875572
1.006155822
1.005969648
1.0047224179999998
0.955245952
1.00451328
1.004705966
1.00351579
1.004748272
1.0029721120000001
0.90407041
1.002209146
1.00637036
0.921811206
1.0066133
1.004186824
0.9926061939999999
1.006653408
0.90555912
1.00554336
1.003787848
1.004701264
1.005251524
0.894023072
1.0028222359999999
1.00327903
0.86846845
0.9849464400000001
0.858413172
1.003830078
0.849146754
0.984835774
1.000206632
1.002033782
0.997206244
1.007758816
1.0061699640000001
1.007127868
0.925651474
1.003178264
1.00425022
0.90572908
0.995805136
1.002871408
1.0044475019999999
1.004647212
0.995071474
0.9964612700000001
0.981776376
1.006563758
0.999333918
0.984449768
0.9838206199999999
1.011382508
0.995242104
0.964545614
1.005451554
1.00256006
0.691775984
1.0071845499999998
1.005710534
1.0010202080000001
1.005500986
1.001503384
1.003513444
1.005997924
0.98290202
1.006679362
0.9968428720000001
0.985127172
1.008449746
0.999978416
0.981578924
1.0045579199999999
1.003482964
1.00422439
0.892054794
1.005955512
1.012541296
0.984616776
1.000581786
1.005291524
1.00412813
0.9847838379999999
1.003489998
1.002349482
1.004792932
0.99606841
1.004797634
0.9936372720000001
0.928962948
0.984276052
1.004727118
1.002405628
1.003330592
1.004172736
1.005152716
1.004604914
0.925870972
1.004257264
1.00277775
1.007153848
1.005251524
1.000460588
1.007243602
0.9121925280000001
1.002468798
0.901491576
1.004207954
1.006094542
1.004948102
0.87470669
0.9986600640000001
0.89050671
1.002730926
0.883980038
0.78958862
0.8931381300000001
0.944739946
1.006019132
1.004137522
1.007442062
0.963733998
0.998024222
0.9082995939999999
1.001515062
0.891660326
1.006608582
1.004658962
1.012529362
0.9847070720000001
1.0066133
1.0026185699999999
1.0072625
0.98396487
0.9580735979999999
1.006113396
0.991025852
1.004029542
1.005319762
0.8774640779999999
1.00583772
1.018955152
1.003161864
1.004301882
0.9843911040000001
1.00227931
0.487394298
1.008075768
1.0022910040000002
1.004534424
1.003140776
0.9819716620000001
1.0014636860000001
0.998838896
1.006318486
0.861153232
1.004372338
1.004506232
0.985724058
1.004830546
1.001003878
1.003129062
1.00288546
1.003433732
1.0063868660000002
1.00153608
1.005710534
1.003271998
1.004903426
1.003895776
1.0039966839999999
0.9976880619999999
1.005500986
1.005131544
0.984899008
1.00760987
1.0034431080000001
0.996933112
1.003830078
1.0039474
1.005654018
1.005729376
1.00593902
1.00380427
1.006596786
0.877008978
1.002248904
1.001860816
1.004489786
1.004416966
1.002798822
1.008975676
1.005656374
1.0060591920000002
1.001477698
1.003293092
0.996960882
1.018537112
0.982225426
0.925647484
1.00255304
1.004950454
1.004020154
1.003274342
1.005331526
1.003431386
1.004579066
1.001828098
1.004792932
1.013803242
1.002029106
1.007215256
0.9439260359999999
1.007706798
0.9284187580000001
1.005138602
1.007822664
1.006839834
0.94457996
1.002520278
1.003513444
1.004142216
1.005411542
1.003738586
1.004348852
0.986505172
1.005623408
0.92895893
0.789201238
0.98551371
0.8930062820000001
1.004259612
1.007068832
0.993989108
0.99562508
1.0026724040000001
0.894116128
0.984384336
1.008842956
0.984772548
1.005743506
0.9895964380000001
0.9992223219999999
1.006417524
1.00347593
0.9821782560000001
1.001963652
0.9420647259999999
0.87272314
1.003267312
1.000551484
1.00585892
1.000677366
0.981345676
0.999964448
1.004872862
1.006573194
1.012116576
1.003229816
0.851139148
0.981902068
1.004121088
1.01421022
1.003520478
0.987555396
0.8746247519999999
0.991831426
1.002548358
1.003471242
0.9889903000000001
1.002983822
1.000689024
1.00129325
0.845011892
1.005969648
1.009537748
1.00518565
1.003288404
1.009879566
1.000386018
1.0026724040000001
0.926534088
1.005552776
1.004750622
1.00771389
1.006856356
1.005463324
1.003513444
1.0048705119999999
1.006037982
0.9924433460000001
1.002510918
0.99225992
0.9808078299999999
1.005171534
1.0033751260000001
1.004278398
0.999713072
0.9247904499999999
1.00046991
0.99609151
1.005122136
1.004487438
1.002967428
1.00410935
1.004196216
0.960475366
1.002847992
1.003726858
1.003970868
1.0084237
1.0032204420000002
1.007966942
1.008883242
1.006078046
1.00239861
1.004226738
1.002784774
1.005409188
1.004616662
0.9862491919999999
1.002922928
0.938208258
1.0028690679999999
1.0060591920000002
0.9662272980000001
1.00271688
1.007177466
1.006082758
1.00230036
0.986308078
0.981482472
0.998098438
1.0020805400000001
1.0030845480000001
1.0048611079999998
1.00013676
0.5061495340000001
1.00702869
0.98424673
0.842578348
0.9878370439999999
1.0002788440000001
0.983392626
1.001620164
1.003874658
0.9980497319999999
1.00477883
0.993235148
1.00650243
0.909203302
0.999219996
0.983509724
0.998718118
1.003572066
0.993058318
1.0041633460000001
1.004959858
1.003464208
1.006964944
1.00199404
0.877603928
0.832090316
1.002791798
0.844277698
1.0032157560000001
1.01923565
0.9800849100000001
1.00669116
1.004919886
1.01246253
1.00203612
1.00653781
1.0106043200000001
1.002269954
1.0059248840000001
1.006707676
0.984176814
0.9986322
1.004924588
0.860078878
0.980698092
0.998752956
0.894807224
1.002791798
1.004085876
0.981605846
1.0059955680000001
1.005180944
0.994656672
0.944609044
1.006702958
1.003755006
1.005482154
1.006056836
1.005762346
1.010611454
0.9974818440000001
1.0045391240000001
1.001304922
0.947942716
1.011975876
1.019458222
0.987948386
0.944006948
0.8445948059999999
0.738277676
1.01581978
1.00445455
1.006259544
0.998119314
0.9264201719999999
1.00105054
0.962095456
1.00021129
0.9494577980000001
1.006134608
1.006184108
0.9478653100000001
1.005778834
1.00414926
1.0029112199999999
1.003384502
1.011618342
1.007853408
0.524647286
1.005068038
1.00438643
1.004266656
0.9996502460000001
1.0021834219999999
0.946926994
0.996803542
0.992179692
1.02099954
1.003150148
0.903152182
1.005028056
1.005263288
0.913269038
0.99424682
0.982744588
1.004172736
1.005764702
1.009744234
1.0084971040000001
1.00532682
1.00315952
1.005917816
1.011120598
1.002864384
1.00669116
1.021045658
1.002071188
1.007068832
1.004564968
1.004593164
0.912700402
0.99532052
1.013341598
0.9640757919999999
1.0028409679999999
0.88311849
1.005456262
0.990895526
0.928202062
1.00555984
1.0022559199999999
0.99978754
0.9901782100000001
1.00159447
1.0213394500000001
1.006330274
0.983523238
0.884076478
0.9135817980000001
1.0072790360000001
0.81971595
1.006214752
1.006832754
1.0061605359999999
1.0073759
1.005345646
1.001608484
1.007085362
1.007198722
0.86122921
1.004743572
0.942711936
1.006934254
1.005738796
1.002108596
1.002022092
1.001809404
1.005877766
1.0057859
1.00409996
1.001837446
1.004419314
1.00177669
0.9834646840000001
1.001321264
1.00574115
1.004901076
0.8775895819999999
0.9974146660000001
0.995073778
0.986355646
0.996278666
1.003616622
1.005298584
0.9943319860000001
0.827392048
1.000945556
1.007588594
1.005588092
0.98264341
0.9452306300000001
1.004139868
1.006021488
1.006811512
0.85734564
0.9325330119999999
1.008257988
1.004564968
1.008442642
1.004858756
1.003658836
1.006061548
0.919118516
0.818990678
1.001825762
0.924589378
1.002510918
0.9821782560000001
1.005199766
0.9836133340000001
0.948910302
1.00072866
0.894700976
0.999206048
0.9572088280000001
1.017152542
1.003684636
1.0053738859999999
1.00513625
1.019622796
1.00614875
1.003447798
1.002192776
1.0052068219999999
1.004146912
1.003384502
0.983151762
1.000882576
0.984115926
1.006851636
0.985656194
1.006297266
0.9886943380000001
1.00877424
1.003987296
0.93946626
1.004193868
1.001515062
1.009675396
1.003206384
1.007083
0.9108847419999999
1.003138434
1.00640809
1.003295436
1.004668362
1.004111698
1.006401016
0.9973011820000001
3.737549208
1.004550872
1.003269656
1.00146135
0.9443639620000001
1.0024921980000001
1.0066274560000001
1.014492902
1.009257818
1.008828738
0.985491096
0.9975536620000001
1.0055998640000001
1.00410935
1.003133748
1.0048611079999998
1.004752972
0.98174047
0.995249022
1.006012062
1.003379814
0.911018056
0.997514276
1.005190354
1.00824852
1.00334231
0.9278671839999999
1.000451266
0.9126713099999999
1.006377434
1.0132674879999999
1.0054256639999999
1.0038371160000001
0.98720129
1.001122874
1.00371982
1.00616525
0.983430906
1.003396224
1.004567318
0.7882800120000001
1.017533286
1.00198469
0.99777382
1.0062878339999999
1.000001698
0.992477746
1.016955054
1.008061572
0.520269124
1.006766672
0.995749726
2.100084736
1.012531748
1.008255622
1.005188002
1.00304004
1.0159783740000001
1.004034238
1.00232375
1.005755282
1.00508215
0.964181842
1.00746333
0.878097346
1.00201508
1.003914548
1.00356034
1.01604567
0.864991308
0.999340894
1.007650056
1.0029580580000002
0.987117342
1.01188051
1.0046871640000001
0.903785046
0.965072274
0.8782122560000001
0.9434553560000001
1.007709162
0.982472578
0.862914542
1.0062171100000001
0.94489375
1.012550846
1.005889544
1.0050045380000001
1.001440336
1.007203446
1.004496834
0.990774378
0.934912058
1.0039192399999999
