1.001087872
0.88472115
0.9551163706666667
0.9972757093333333
1.0095116453333333
1.0163197579999999
1.0121881333333334
0.5757135879999999
1.005564548
1.0350815286666666
0.8483550866666666
1.011425378
1.0290057966666666
0.9987715353333333
0.9985277233333333
1.0108778573333335
1.0032860606666667
1.0006680406666666
0.9688624626666666
1.0148189013333333
0.9732093033333333
1.0231837566666666
1.01242673
1.0116636153333334
0.9752312746666667
0.9916001466666666
1.0075342306666666
1.0075696846666666
0.9748771
1.008196452
1.0042948360000001
1.0080781346666665
0.971305516
1.0076287806666666
1.0021857606666666
1.0072388773333334
0.995069168
1.0117112766666667
1.009748982
1.010259634
0.9897150186666667
1.034620246
1.0087647633333332
1.0286730846666665
0.8486819733333334
0.557936502
1.0111039353333333
0.9695185766666666
1.0036260026666668
1.006294908
0.9931823226666667
1.0131670959999999
1.007309746
1.0140641486666666
1.0062831193333333
1.0122716293333334
0.623181558
1.0013329359999998
0.9657471493333334
1.007309746
1.0058706986666666
0.97377196
1.0058706986666666
1.0068728786666667
1.0162355926666666
1.0102358713333333
1.0068610766666668
0.9749656193333334
1.0050351113333333
1.0089069413333334
1.0032509073333333
0.9102206793333333
1.0103665800000001
1.0155507653333333
1.01366925
1.0045179786666667
0.8474762566666667
0.6447641293333334
1.0096184333333333
1.0152986926666667
1.00210392
1.0099151846666667
1.035256176
0.9983768513333333
0.9691029346666666
0.624091616
1.004658962
0.9922874293333332
0.9973336033333333
1.0053056426666667
1.0114372873333333
0.9702303713333335
1.0081727866666668
0.9692341513333335
0.9996665339999999
1.033064894
1.0150227573333332
1.032270362
1.0111039353333333
1.0020922293333334
1.0162355926666666
1.0053291739999999
1.0503325373333334
0.9446859186666667
1.0078415826666667
1.0068256726666667
0.9996083686666666
0.6035351406666667
0.9072692560000001
0.90881468
1.013382244
1.0023143946666668
1.0043887786666665
0.9716680913333333
0.833925654
1.0048117386666666
1.0131192980000001
0.9973451826666666
1.0099151846666667
0.9694091626666667
0.6125385666666667
1.0129400946666667
0.655860382
0.40618765133333334
1.0024430613333335
0.9843730553333333
1.0325805806666668
0.9380422820000001
0.9972525533333334
0.9921040613333333
1.0086463126666665
1.0079007100000001
0.8219639820000001
1.0072270666666667
0.9993874013333334
0.6564016533333333
1.0320099226666666
0.8812629746666667
0.5429862953333333
1.0029112193333334
0.25246172933333333
0.9758406146666666
1.0018467933333333
0.9755192313333334
0.64458995
0.9904339486666666
1.005140954
1.0231471953333333
1.0427461933333333
1.0110801326666667
0.9987715353333333
1.0115802193333334
1.0107351233333335
0.9940328173333334
0.9678363333333333
1.0072506879999998
0.957095776
1.0049528046666667
0.9867476813333332
1.0035673753333334
1.004905778
1.0037315486666667
1.0058706986666666
0.999178154
0.9054140366666668
0.9986902513333333
1.0099033106666668
1.0054350786666668
1.0014963786666666
1.0001670366666666
1.0142677013333334
1.0079716726666668
1.0089187913333333
0.6446867046666667
1.0113420213333333
0.6127133346666667
1.0122954880000001
1.0134061553333333
1.009808334
1.0099864306666666
1.0051174313333333
0.9988179893333333
0.6691335153333333
1.0092151313333333
1.0113420213333333
0.30377707000000004
0.8245123526666667
1.0058824773333335
1.0007962846666667
0.9362326533333333
1.005188002
1.005411542
1.005835364
1.0075696846666666
1.0078652326666666
0.898321996
0.5751045833333334
1.0130237153333335
0.9799932226666667
1.00904916
1.001204554
1.0017416433333333
0.9971483653333333
0.9727354106666667
0.655940514
1.011794694
1.003907508
1.0039779093333334
1.0062595433333332
1.0002951526666668
0.9375713106666667
0.5934078446666666
1.01242673
0.593358656
0.967760006
0.5340936253333334
0.5942206306666666
1.004306578
0.9731982773333334
0.762966496
1.009345576
1.0398807086666668
1.0003068006666667
1.0006680406666666
1.0361052993333333
1.0044357566666666
0.9753087846666667
1.0111396406666666
1.0011695466666666
1.0051527153333333
1.0040013779999999
0.9209158399999999
0.9929641873333334
1.01350181
0.6125647753333333
1.003051752
1.007829758
1.0109730353333333
1.0055527766666668
1.0107708026666666
0.9754195346666668
1.0085160486666667
1.0116159586666666
1.007014524
1.0105924293333335
0.998365248
1.0037901946666665
1.000365048
1.001157878
1.0068256726666667
1.00323919
1.0047999853333334
1.0080071573333333
1.0036025506666666
0.6336068353333334
1.0336242813333334
1.036042816
1.0057058246666668
1.009120284
1.008551572
0.9985741546666667
0.899450754
0.9765506233333334
0.8978712860000001
0.5578531640000001
1.0327916353333333
1.0014730266666667
1.0040013779999999
1.0130954006666666
1.0086700006666667
1.0132866113333332
1.002653678
0.8434569813333332
1.007203446
1.0076169606666667
1.0044475019999999
0.9986786406666667
0.655745226
1.0079243633333335
1.0100101813333333
0.9968937753333333
1.0053291739999999
0.9929641873333334
0.6446044613333334
1.011330114
0.971525226
0.6230911499999999
1.0324688806666666
0.9979476966666666
0.9758184433333332
1.005800032
0.977139382
1.009654034
1.027959096
0.902616936
1.0085870973333333
0.9981680273333333
1.011389652
0.612931934
0.8185879573333333
0.9998410706666667
1.0087055346666667
1.0025249573333335
1.0264972866666666
1.0317744
0.972592232
1.001683236
1.0126415633333332
1.0106637713333333
1.006059192
0.8689516453333334
1.0083739806666667
1.012605752
1.0115444826666666
0.434779298
1.009298138
0.6231996426666666
0.40631830199999996
0.8721365573333333
0.9745895226666667
0.9903197626666667
0.9724050613333334
0.925071302
1.0024079673333335
1.005906036
1.0021974533333333
1.008385818
0.8463740226666667
1.006813872
0.9898176593333333
1.0118900446666665
0.9764063193333333
1.0107708026666666
1.0092269886666667
0.9395402446666667
1.0046707126666667
1.0095116453333333
1.034508104
0.9985625459999999
0.9704824873333333
0.9656711513333333
1.00021362
0.9690810686666667
0.9928149920000001
1.0046707126666667
1.0034501413333334
0.999596736
1.0131909973333333
0.892915312
1.0071444006666668
1.0091914180000001
1.0067902706666667
1.0047647253333334
1.0030868913333333
0.971778016
1.00877661
1.0195768060000001
0.8278976246666666
1.013609444
0.9043654753333333
1.0011695466666666
1.0121523533333334
0.9998294333333333
0.999922542
1.0039896433333333
1.0009128993333334
0.9755081526666666
1.017439278
1.007510596
1.0083739806666667
1.01081838
0.9743794766666667
1.0124147973333333
1.0112467733333332
0.6449238766666666
0.9983768513333333
1.0016715553333333
0.602768588
1.0075578666666667
0.4113362346666667
1.0076524206666666
1.0081846193333335
1.007877058
1.007215256
0.8274908813333333
1.0063184853333333
1.0170658306666667
0.968065386
1.0022325326666668
0.9760956546666666
1.0005165213333334
1.0083976559999999
1.005764702
0.8531748073333333
1.0089543433333332
1.0052703473333333
0.623747202
1.0072743106666666
1.010283398
0.96989077
0.9689717533333334
1.025578112
1.0240864333333335
1.02268431
0.9740369653333334
0.9972062446666667
0.6343695466666667
1.0061888220000001
1.0033329353333333
0.9999574626666666
0.9731541753333333
0.971052972
1.0085397306666668
1.0110801326666667
1.0024079673333335
1.0348944726666667
0.9430265553333333
1.038409926
1.000365048
1.0067902706666667
1.009772722
1.0038019246666665
0.9755746273333332
1.002536658
1.01648813
1.0024313626666668
1.012677378
1.0061888220000001
0.9975768326666666
1.008160954
0.9757186853333333
1.0057882553333335
1.0322207446666667
0.9820098306666667
0.9914513613333333
0.9701317526666666
1.00904916
1.01140156
0.9696280159999999
0.999480428
1.0031103186666666
0.5933627546666667
1.0064599746666667
1.0024430613333335
1.0040835293333332
1.0042948360000001
1.0126176886666667
0.8757375613333334
1.0330027766666667
1.0002951526666668
1.0083739806666667
1.0096777693333334
1.0122239153333332
0.9770615806666666
1.012844546
1.0133941993333333
1.0009712166666667
1.0077469926666667
1.005517464
1.0007030126666667
1.0135257266666668
1.006177036
0.968523818
0.999492058
1.0107232306666667
0.6128838286666667
1.0106518806666667
0.9258889346666667
1.03196033
1.008196452
1.0006447266666667
0.9891224026666667
1.0041422166666667
1.0107589093333333
1.0102952806666667
1.005282112
1.0387238460000001
1.0068256726666667
0.8261538439999999
1.0074515146666665
1.0025834626666665
1.0102477526666667
1.0098795653333332
1.01242673
1.010259634
1.0098202053333334
1.0007729653333335
1.004858756
1.0308457553333332
1.008978046
1.0030986046666668
0.969288836
0.9708115313333333
1.0142437499999999
0.8489419859999999
1.0106637713333333
0.9984232686666666
0.9904111093333333
1.0120688766666668
0.9788987693333333
1.0101170746666666
1.0008079453333334
0.9970904926666667
1.0109730353333333
1.0004233013333335
1.0035204786666667
0.6031622086666666
1.0031103186666666
0.9749988186666666
1.021735488
1.036042816
0.8874082719999999
1.00404832
1.0077942853333335
1.0104141193333334
1.0089424926666668
0.9916802806666666
1.0095353740000002
0.8463239893333333
1.00190522
0.9963734273333333
1.010532986
0.9769171253333334
1.0116636153333334
0.97503202
1.01050921
1.0012512346666667
1.0088832426666665
0.9982492260000001
0.9752534193333333
1.00985582
1.0241230613333334
1.01121106
0.9891907453333333
1.0125580066666666
1.0069082866666665
1.0061888220000001
0.9710200413333334
0.9316732926666667
1.010402234
1.0196978386666666
1.0130595566666667
1.0032157560000001
1.0094997813333333
0.972768458
1.012677378
0.989179354
1.0107113380000001
1.0064717673333332
1.0081846193333335
0.9982144253333333
1.0009828806666665
1.007475146
0.9693544653333334
1.0328537273333334
0.9292443306666668
0.9543841553333333
0.998841218
1.0070499413333334
1.0387992153333332
0.9985161159999999
0.9989922306666668
1.0044357566666666
0.9988760633333333
1.005411542
1.0098676926666668
0.6243047993333333
0.9319866539999999
1.009559104
1.0087055346666667
0.998597372
1.0061298953333333
1.0053997746666667
1.00534094
1.006012062
0.9749988186666666
1.0024898573333334
0.8538023406666666
0.6444206993333333
0.99915491
1.012450596
1.009143994
1.009950806
0.9717560286666667
0.9670953806666667
1.0083503066666668
0.8813533946666666
0.9972872873333334
1.0038957753333333
0.6798200793333333
0.9740921926666667
1.0093218566666666
1.0135855233333333
1.0282298026666667
1.0045767173333333
1.0075696846666666
1.042113674
1.0107589093333333
1.001239564
1.0072388773333334
0.9093053226666666
0.9951037500000001
1.0012979193333333
1.0078534073333334
1.0112467733333332
0.9733526633333333
1.0033680939999998
0.5842340346666667
1.0085397306666668
1.0040248486666665
0.5669848973333333
1.0406743953333333
0.9905824293333333
0.9909595413333333
0.49177231666666665
1.0158029626666667
0.9990387046666667
1.00256006
0.9416413173333333
1.0109968333333332
1.0000505960000001
1.0049998353333334
1.0036260026666668
0.9758738726666667
1.0344956453333332
1.00869369
1.0051527153333333
1.0272460973333333
0.9952766973333333
1.0638612126666667
1.035006698
1.00542331
1.0045649686666667
1.002876092
1.0498319026666667
0.6797662813333333
0.41999641066666665
1.0047412206666666
1.0009362253333334
1.003930974
0.995265166
1.0079007100000001
0.9737609213333334
1.0343710746666668
1.007711526
1.00517624
0.9968937753333333
1.0127251346666666
1.0066486886666666
1.0026068666666668
1.009891438
1.0349069413333334
1.000609758
1.0008079453333334
1.0068846813333332
0.965464932
1.0038371166666666
1.011389652
1.0020688493333334
1.0025717613333334
0.9340235726666667
0.9998410706666667
1.0057764786666668
1.0358928873333333
1.0103665800000001
1.001624836
0.6024008266666666
0.9947119586666666
0.42451924133333335
0.9785419266666666
1.0067076766666667
0.972151946
1.0098320766666666
0.997831772
1.0097371126666668
1.008504208
0.9972409753333333
0.8484891633333334
1.007014524
0.8810912273333333
0.969157604
1.0035556506666667
1.0033563746666667
1.034570402
1.00289951
1.0025015573333333
1.011330114
1.00063307
0.9715472026666666
1.0034266980000002
1.0119496486666666
1.0070381353333333
1.0089187913333333
0.9718769693333333
1.0011462093333332
1.0229400633333332
1.028857898
1.017342878
0.982976254
0.978664562
1.0094048806666667
0.6446044613333334
0.40620301733333336
1.0057764786666668
1.006177036
0.21873870533333334
1.000365048
1.01598318
1.0092744206666666
1.0044240119999999
1.0046707126666667
1.0098676926666668
0.4019096513333333
0.9717340426666666
0.2705985533333333
0.9926887846666667
1.0095353740000002
1.0036142766666667
1.0004932146666667
0.9978665466666666
1.0060356266666666
1.0080426446666666
1.0009362253333334
1.0087055346666667
0.95453263
0.9737167686666667
0.4565398686666667
0.429419434
1.000190328
1.011758942
1.0029112193333334
1.028574544
1.0138965786666667
0.9336580973333333
0.42958694266666664
0.935325362
1.0063184853333333
0.6446238106666666
1.0047647253333334
1.007309746
1.008385818
0.9976579360000001
0.5664539706666667
1.0072624993333334
1.0264972866666666
1.007203446
1.011330114
1.009440466
1.0104735486666667
0.9968475
1.0017065980000002
1.0079480173333333
0.968491058
0.9969400546666667
0.99595754
1.0334999206666666
0.9789099253333334
1.0041539546666667
1.0124863966666666
1.0020337813333333
0.9701317526666666
0.9831000033333334
1.0105210980000001
1.0352062706666667
1.0370935313333334
1.0002602086666668
1.0104141193333334
0.9993408946666666
1.008196452
1.0068492753333333
0.9860227733333333
1.0264114273333333
1.0087884573333334
1.007404254
0.99549585
0.851508698
0.6336909713333334
0.9983768513333333
1.0090847206666667
1.0073569980000001
1.0100695640000001
0.9094304733333334
0.61319446
0.9884508693333334
1.01334638
1.010485436
1.009333716
1.0073688113333332
1.002478158
1.011508748
1.0106280993333334
1.0089661939999999
1.0328909853333332
1.005282112
1.0066132993333334
0.82575675
1.0038136553333334
1.0143515413333333
0.33362856199999996
1.0097964626666667
1.0067194746666668
0.9695732933333334
0.9935269426666667
0.976073472
0.998365248
1.0079835006666666
1.001765008
1.0023962693333333
1.0122954880000001
0.9969516253333333
0.9100374606666666
0.9994455413333333
0.901527528
0.9988063753333333
1.0079361900000001
1.0064717673333332
1.0022325326666668
1.010449776
1.0020922293333334
0.9874169013333334
1.0301040413333333
0.9244242046666666
1.0073333713333332
1.0031103186666666
0.4397697506666667
1.0064717673333332
0.9985509386666666
0.908074908
0.9998410706666667
1.0095472386666666
1.005800032
1.0016949173333334
0.9962000986666667
1.0347822713333332
1.0125938146666666
0.9749545540000001
1.0049292906666667
1.0121523533333334
0.9701646233333333
0.9916573839999999
1.0072743106666666
1.0369808526666666
1.0098676926666668
1.0007496466666665
1.00031845
1.0324688806666666
1.0033915353333334
0.9651286579999999
1.0120092593333334
1.0054468466666666
1.006342064
1.015118718
1.000073882
1.0072743106666666
0.9376224806666668
1.01242673
0.9719979393333333
0.9954035633333332
1.0015314093333334
0.9707786166666666
0.999724706
1.00871738
0.99410184
0.9961192326666666
0.9736174406666668
1.013860678
1.004060056
1.0080781346666665
1.0087055346666667
1.003461864
0.5934447406666666
1.0118304486666665
1.0069673046666667
1.0100220573333332
1.0083266333333332
1.010319046
0.976850468
1.0089543433333332
1.0107113380000001
1.0102239906666668
1.0098202053333334
1.0090847206666667
1.008812152
0.991714628
1.0105805399999999
1.011365836
1.00813729
1.0115563946666666
0.8236664073333333
1.009748982
1.0120688766666668
0.5938057493333333
1.0105210980000001
1.0003883486666667
1.0051056706666666
0.9767616060000001
1.0032977786666668
1.0057175999999999
0.995703558
1.0075342306666666
0.655930496
1.0111039353333333
1.0033563746666667
1.0392768066666667
1.0143635193333334
1.001765008
0.9995036873333334
1.0346077846666668
1.0119734919999999
1.0100814413333332
0.9743352679999999
1.008018986
0.9749324226666666
1.0043418053333333
1.010687554
0.977272784
0.998829604
1.0369808526666666
1.0086581566666668
1.0044122673333333
1.006365644
0.99549585
0.8504885733333334
0.6029759153333334
1.009748982
1.0034735860000001
1.0403340953333333
0.972328012
1.0110325313333333
1.0070971686666668
1.00086625
0.851559346
0.9990503239999999
1.0097133746666667
0.9730880306666666
0.8168520613333333
0.9634183773333332
1.010259634
1.010354696
0.3736801286666666
1.0033798146666666
1.0049880773333333
0.9387085926666667
0.9726362826666667
1.00171828
1.0069082866666665
1.0079243633333335
1.012999822
1.0074987793333332
1.0071798273333334
0.9756743553333334
0.99595754
0.994562238
1.0087884573333334
1.0137410266666667
0.9964080999999999
1.009808334
1.0051527153333333
0.9767504993333334
1.0106637713333333
0.9960152813333334
1.0088950920000002
0.9619403113333332
0.9796914453333334
1.007014524
1.0025834626666665
0.5841426566666666
1.0044709933333333
1.0035790999999998
0.9682508893333334
1.0059531560000001
0.9863058133333333
1.0351314219999999
1.010319046
0.9738602793333333
1.0122835586666667
1.0326302326666668
1.000376698
0.9988760633333333
1.012844546
1.00343842
1.0084331706666667
1.0029463486666668
1.000761306
1.0112824893333332
0.8778227573333334
1.0076997046666667
0.9983304386666667
0.986158612
0.9768171426666666
0.8794584573333333
0.61319446
1.0093218566666666
1.0092151313333333
1.0040248486666665
1.0356306173333334
0.995588154
1.0038723113333334
0.9842038766666666
1.0303140853333332
1.001216224
0.9938603020000001
1.0034266980000002
1.0072624993333334
1.004095266
0.8759250913333334
0.960703096
1.0040248486666665
1.0050115933333332
1.016379884
0.9719979393333333
0.6447786486666667
1.000190328
1.0002951526666668
1.004905778
1.0461878513333334
0.969781272
1.0102477526666667
0.995253634
0.9360898166666666
0.8773296486666666
0.999526948
1.009440466
1.0050351113333333
1.0076169606666667
1.0112229640000001
1.0046707126666667
1.0123074173333333
1.0070853613333333
1.0137171
1.00542331
1.0007030126666667
0.9995036873333334
1.0047294686666668
0.6435709540000001
1.0111039353333333
1.0073569980000001
1.007829758
1.0101527106666668
1.0110563313333334
1.0079835006666666
1.0096777693333334
0.6127745266666667
0.39325080333333334
1.011330114
1.0075342306666666
1.0142437499999999
1.0009012366666665
1.0321463273333333
1.008504208
1.0029346386666667
0.9384317026666666
0.9994106566666666
1.0105567626666665
1.00190522
1.0079716726666668
1.007014524
1.025088558
1.0099864306666666
0.6028362706666667
1.0114968373333333
0.6031579733333333
1.01016459
1.00063307
0.997426248
1.0060356266666666
1.0009712166666667
0.9365593006666666
1.0013095913333334
0.9658991806666666
0.9973567626666666
1.0131192980000001
1.0048705113333334
0.584011598
0.9967549626666667
0.996523694
1.0071089766666668
1.012987876
0.9895326
1.0006680406666666
0.8278337953333333
1.0082437866666667
1.0049292906666667
0.9972872873333334
1.0173308293333332
1.0015080553333333
1.0000505960000001
0.90597745
0.9243247313333333
0.969945528
1.0128087193333335
1.0106043193333334
1.0107232306666667
1.008504208
1.009843948
1.0000389533333334
0.9724711133333334
1.0262152313333333
1.012247772
1.0003999993333335
1.0078179333333332
1.0126893166666666
0.6031029206666666
1.0269022453333334
0.9721959566666666
1.031898346
1.0000505960000001
1.0280083046666666
1.0100576866666666
1.0111158366666666
1.0127609546666665
0.905270908
0.993607388
1.0082319526666668
1.0073806253333333
0.8217202293333333
1.0059767173333334
1.01121106
0.9792223833333334
0.9899089126666666
1.0399184753333335
1.0100814413333332
0.9085935826666667
0.97434632
0.999061944
1.0106162093333333
1.0030868913333333
1.0312665333333333
1.00232609
1.0079125366666668
1.0113539286666668
1.0073924393333333
1.0067784706666667
1.0062006079999999
0.9927117293333334
1.0594524586666667
0.8416388659999999
0.9898290653333334
1.0026419746666666
0.9999923853333333
1.0102477526666667
1.0009828806666665
1.0019519653333333
1.001216224
0.9016410826666666
1.0111396406666666
1.0017533253333333
1.0244039679999999
1.032518522
1.0293633946666667
1.014974784
0.9916459360000001
0.9742137153333333
1.0099151846666667
1.0021389926666668
1.1327137326666665
0.975652192
0.9732203293333334
1.009262562
1.0134181106666666
0.9754306113333334
1.0107589093333333
1.0102239906666668
1.0077942853333335
0.9716680913333333
0.993975306
0.97508736
1.0077469926666667
1.0096065666666667
1.007829758
1.0030400393333332
0.9938373046666668
1.0036260026666668
1.0019636526666666
0.9999807446666668
0.9938833006666667
1.0279344933333334
1.009298138
0.9901142953333333
0.9696170706666667
1.0020922293333334
0.9736726206666667
1.0043418053333333
1.009701506
1.0048705113333334
0.9815161159999999
0.5935636613333334
1.011425378
1.0126176886666667
0.9694857499999999
0.9964774533333333
1.0339353146666668
1.00205716
1.0133344253333334
1.0032743426666666
1.01084217
1.0068846813333332
1.0371561413333334
1.0068492753333333
1.0056234086666667
0.9997014366666668
1.0045649686666667
1.0114968373333333
0.9647492746666667
1.0084450093333333
0.982965006
0.9697374793333333
0.9904796299999999
1.0041422166666667
1.005764702
1.011758942
1.012629626
0.999166532
0.9805413673333334
0.980093856
1.0393899846666665
0.9869404146666667
1.0114968373333333
1.0087292253333333
1.0338482066666668
1.001788374
1.007782462
0.901007436
1.0036729093333334
1.00833847
1.0073688113333332
1.0183076986666666
1.0018701633333333
0.9747664733333333
1.0104260046666667
0.9873374546666667
1.138795518
0.4787345813333333
1.0060356266666666
1.014399456
0.968807826
1.0019636526666666
1.02759018
1.0281682653333335
1.0029931920000001
0.9653021893333333
1.000143746
0.9987250860000001
1.0040013779999999
1.0198552233333333
1.005611636
0.9996781680000001
0.96520457
1.0014029766666666
1.007510596
0.62299625
1.038698726
0.9954381693333333
1.01196157
0.9725151533333333
1.014375498
1.0098202053333334
1.00505863
0.9948386813333333
0.970361894
1.0010645386666668
1.0328537273333334
0.511866246
0.9991316666666666
1.006177036
1.00190522
1.0064010159999999
1.0337611126666668
1.00952351
1.0371937106666667
1.00985582
1.0051291926666666
1.0100576866666666
1.008101796
0.9388624913333333
1.009559104
0.6447350933333333
0.9913712640000001
1.0021974533333333
1.0173187813333333
1.014399456
1.0045414733333333
1.010259634
1.0127609546666665
0.9716351186666667
1.0221975146666666
0.9737388446666667
1.0052585833333332
1.0339975433333335
0.99776223
1.009760852
0.6228607286666668
1.007215256
0.971536214
1.0079598446666667
1.0036494553333333
0.9058628006666666
1.00371982
0.9929986233333334
1.0036494553333333
0.9895553986666668
0.9338915626666667
0.9982260253333334
1.0021156106666667
1.0051997653333333
0.9912454233333333
1.008847696
0.9947810760000001
1.0107113380000001
0.8172639613333335
1.0059767173333334
0.930230512
1.00869369
1.005317408
1.0119377273333332
0.9471859420000001
1.0088832426666665
1.0009595526666666
0.9875190653333334
0.993021582
0.997298866
0.9008940413333333
1.031848764
1.0044475019999999
1.0049410473333333
1.0016481953333334
0.58509758
0.623321742
1.0035908253333334
0.5578350506666666
1.0057175999999999
1.0045767173333333
0.9797584906666666
1.0064481826666667
1.0029580586666667
1.0023143946666668
1.005282112
0.8700694433333334
1.0109492393333332
1.0087884573333334
0.5933627546666667
1.0103071633333334
0.9948386813333333
0.991611594
1.0341095746666666
0.9739375713333334
0.964142882
1.0315389853333332
1.006566118
0.9736174406666668
0.9960499293333334
0.9360694146666666
1.009428604
0.9880415686666667
0.9739486140000001
0.9997363413333334
0.9933316286666667
0.8689516453333334
0.9689498933333333
1.0055998633333334
1.0038488479999998
1.0125460706666667
1.012092726
0.9716790826666667
0.9040513800000001
0.998133232
0.975286638
1.002127302
0.59337915
0.9901485339999999
0.9996432666666666
0.8140497713333332
1.0106518806666667
0.40658947866666667
1.0064953533333334
0.9964890133333333
1.0105686513333334
1.009428604
1.0036142766666667
1.0060356266666666
1.0067076766666667
1.0068846813333332
1.009120284
0.99828403
1.006247756
0.9982028253333333
1.0378578873333333
1.0108778573333335
0.63382657
0.9708005593333334
0.7717058146666667
1.0049410473333333
1.017114002
1.003708092
0.9877688893333334
0.9311784093333334
0.66759939
1.010925444
1.00904916
0.997831772
0.9050706033333332
1.0085634133333332
0.9987250860000001
1.0077706386666667
0.88148906
1.0129759306666666
1.0095353740000002
1.0141958500000001
0.9955766153333334
1.013489852
1.0163317826666667
1.009950806
1.013262706
0.9888377433333333
0.9286114606666667
1.006754872
0.9816731533333334
0.9897834433333335
0.6451466866666666
0.9951729220000001
1.0062713313333334
0.623181558
1.0108897533333334
0.993963804
0.9928494179999999
1.0392768066666667
1.0069791093333333
0.9832575480000001
0.8745072173333333
1.0328288893333333
1.032741968
0.9821445666666667
0.999631634
0.9673022973333333
0.6336161826666666
1.0119496486666666
0.40624720200000003
1.0074160686666667
0.9981912253333334
1.011758942
0.9996665339999999
0.9938718013333334
1.0112943953333333
1.0082319526666668
0.996835932
1.03205952
1.0028058453333333
0.9687422713333333
0.3662725866666666
1.0089069413333334
0.9945276933333332
1.007309746
0.9831450113333333
0.999178154
0.9883712566666667
0.9960037326666668
1.0036729093333334
1.0053762400000001
0.9940788313333334
1.0022559206666666
1.0079598446666667
1.0061298953333333
0.9878597653333333
0.9954727766666667
0.9913026199999999
1.0095353740000002
1.014159928
0.876148446
0.401926576
1.0162476153333333
1.0006447266666667
1.004635462
0.9986089806666667
0.9688952473333333
0.972394054
0.9852424233333333
0.9309765673333333
0.9747664733333333
1.0074278833333332
0.9989109106666666
0.9921155193333334
1.0040248486666665
0.9996083686666666
1.0070381353333333
0.9701974959999999
0.9707457046666667
1.0023143946666668
1.0017766906666667
0.998365248
0.9941823793333333
1.0067666713333332
1.0002602086666668
1.0043418053333333
1.0386736066666666
1.007309746
1.0064481826666667
0.9941708726666667
0.997739052
0.9952882293333334
0.9953920286666667
1.0172585433333334
0.9717560286666667
1.0103903493333335
1.0003068006666667
0.992505268
1.035468326
1.001286248
1.005682276
0.9884053746666667
1.0127848366666667
0.9971483653333333
0.9329077393333334
