0.9931019499999999
0.9896237999999999
0.9856132200000001
0.97736841
0.99369015
0.9932856800000001
0.9942514199999999
0.9939477
0.98104755
0.99306521
0.98838035
0.9937499200000001
0.9922622099999999
0.9927668
0.99277598
0.99286778
0.99041339
0.9907012500000001
0.9903951200000001
0.99324893
0.82900663
0.96658609
0.9896101199999999
0.9857987199999999
0.99156123
0.9940903400000001
0.98368993
0.99476725
0.99351545
0.98989751
0.9940535199999999
0.99283106
0.8140328
0.99154292
0.99262455
0.99166196
0.9927805700000001
0.99192305
0.99320299
0.9854911
0.9924594
0.98949612
0.99007549
0.99247316
0.9907880900000001
0.98806657
0.99308358
0.9925878400000001
0.82786252
0.98953716
0.9927071399999999
0.9928953199999999
0.8257011900000001
0.99273926
0.99252362
0.98791657
0.98428959
0.99242729
0.9923401599999999
0.9940213099999999
0.99294123
0.99459678
0.99182684
0.98785749
0.98319002
0.9891861900000001
0.99245481
0.99236309
0.9939477
0.9924594
0.9934281300000001
0.99106244
0.8273458300000001
0.99472578
0.99338217
0.99376372
0.9885441500000001
0.9927851599999999
0.99602683
0.99561123
0.9926658399999999
0.99261537
0.99240436
0.9845287500000001
0.99313869
0.81832593
0.9836268499999999
0.9938419000000001
0.99257867
0.99325352
0.99536665
0.99267043
0.9937683199999999
0.99267961
0.9797763700000001
0.99302388
0.9936763500000001
0.9928448299999999
0.99188182
0.99281729
0.99474882
0.9954358600000001
0.9944908499999999
0.8273490099999999
0.99277598
0.98988382
0.98137483
0.98172027
0.9907652400000001
0.99147425
0.9929182799999999
1.23174375
0.9887626199999999
0.9906555400000001
0.99549585
0.99052303
0.9915062899999999
0.98581682
0.99223929
0.99341894
0.98890377
0.99404892
0.98915885
0.99206969
0.99266125
0.9929595999999999
0.98098032
0.99626249
0.99285401
0.9913689800000001
0.9907149599999999
0.99583284
0.99329487
0.9893730399999999
0.9918634900000001
0.99316625
0.9933729800000001
0.9952144300000001
0.9866184800000001
0.9902900800000001
0.99302847
0.98749863
0.99426523
0.98944597
0.99066468
0.99369474
0.99324434
0.99284024
0.9954497000000001
0.9879302099999999
0.9927025500000001
0.99372693
0.99301929
0.99139644
0.98592092
0.99282647
0.9941501599999999
0.9908520900000001
0.9939707099999999
0.9962486199999999
0.99250985
0.98959644
0.99103957
0.82962795
0.99375912
0.99013027
0.99181768
0.99156581
0.99340515
0.9952928400000001
0.99348328
0.98383414
0.9932856800000001
0.9930101
0.99218428
0.98899485
0.82337429
0.9922530399999999
0.99347409
0.98251978
0.99309735
0.9942928499999999
0.9938925000000001
0.99502537
0.9858937600000001
0.98480416
0.99309735
0.99570356
0.99426063
0.98767576
0.98471836
0.99403512
0.9934924700000001
0.9927805700000001
0.99430666
0.9929045000000001
0.9897287
0.99257408
0.99708586
0.99151087
0.9926429
0.99457836
0.9944954500000001
0.99184059
0.9915978599999999
0.9858937600000001
0.99540818
0.9923814299999999
0.99280811
0.99267043
0.9925649
0.99357521
0.9912317
0.99641504
0.993589
0.9944309800000001
0.9917169199999999
0.98162604
0.99258325
0.9939201
0.7787792
0.994606
0.99047278
0.99280811
0.9942238
19.20997986
0.99253279
0.99007549
0.9936763500000001
0.99340055
0.9882893799999999
0.99318921
0.9955050799999999
0.9878211400000001
0.99126373
0.99014397
0.98235348
0.98088623
0.9913506700000001
0.98514751
0.98480416
0.9931708399999999
0.99094811
0.98868523
0.99289073
0.99341894
0.99332244
0.99354303
0.98216029
0.99157039
0.9952052100000001
0.99152918
0.98860331
0.99377292
0.99321677
0.9653086999999999
0.98238494
0.9888445699999999
0.9934556999999999
0.9923309899999999
0.98619711
0.99309735
0.99372233
0.99379131
0.9942192
0.9833701100000001
0.9925878400000001
0.99351085
0.99191847
0.9924364699999999
0.99275762
0.99320299
0.99199636
0.98126272
0.98948701
0.9954404800000001
0.9939385000000001
0.99239978
0.9926933699999999
0.99256949
0.99154749
0.9857534699999999
0.9937177300000001
0.99318462
0.55577993
0.99372233
0.99282188
0.98123133
0.9855725099999999
0.9968266800000001
0.98477255
0.9873624200000001
0.62081432
0.9909663999999999
0.98253776
0.99361199
0.99200095
0.98935025
0.82614272
0.98866703
0.99485481
0.9904088299999999
0.98426252
0.9933729800000001
0.99373153
0.8292947599999999
0.99149714
0.9901348400000001
0.9920926
0.9906281199999999
0.98749409
0.98820752
0.98827119
0.9928035199999999
0.99176272
0.99298714
0.9941685699999999
0.99435731
0.98709919
0.9873896600000001
0.9927346699999999
0.99260619
0.98646439
0.99355222
0.9805368900000001
0.99346949
0.99056415
0.99267043
0.9939431000000001
0.9931249099999999
0.9916756999999999
0.9948594199999999
0.8243192899999999
0.99399831
0.98634205
0.99256949
0.98528311
0.99107616
0.9880302000000001
0.82815304
0.98517011
0.94326887
0.98448813
0.9927346699999999
0.99196887
0.99329028
0.99066468
0.98899941
0.9929136900000001
0.99325812
0.99375452
0.98738512
0.9955466199999999
0.9892818800000001
0.99253279
0.99256949
0.99132321
0.98718541
0.9947073500000001
0.9852333799999999
0.9913186399999999
0.99293205
0.99526517
0.9936763500000001
0.99369015
0.9939017
0.99261996
0.99488247
0.99122712
0.99271632
0.9939523
0.98226811
0.99364417
1.3947869
0.98981538
0.9621601200000001
0.98349621
0.9931984
0.7079764199999999
0.99342353
0.9912317
0.99432968
0.99300551
0.99427444
0.98816205
0.99198262
0.9944770300000001
0.99324893
0.99374073
0.9920513599999999
0.98599335
0.9921521900000001
0.99331325
0.98662301
0.9925511400000001
0.9897697599999999
0.98645532
0.9939753100000001
0.9945599300000001
0.9904088299999999
0.99318462
0.99403052
0.9919872
0.98945509
0.99361199
0.99279434
0.99289073
0.98432568
0.99368555
0.99364417
0.98353225
0.9939017
0.99227597
0.99332703
1.07421985
0.99206052
0.56216114
0.9865142400000001
0.99218428
1.03824425
0.9936487700000001
0.98602051
0.98529667
0.9940535199999999
0.70486257
0.9925052700000001
0.99309276
0.9907698100000001
0.9851068399999999
0.99107616
0.98940039
0.98420388
0.99247316
0.9931203200000001
0.9941455600000001
0.9932259600000001
0.9958467
0.9943158699999999
0.7092531099999999
0.9927530299999999
0.99530207
0.9858756599999999
0.9866003499999999
0.99256032
0.99223012
0.98901307
0.82750523
0.98792112
0.99304684
0.99262913
0.99155665
0.99210177
0.98702207
0.99260619
0.9927851599999999
0.99008462
0.99180852
0.9931295
0.99118595
0.9827445899999999
0.99424222
0.9932259600000001
0.9923722600000001
0.99225763
0.99412255
0.99189098
0.99610537
0.9920742699999999
0.98445203
0.9938465
0.9931432800000001
0.99331325
0.9923722600000001
0.98892199
0.82689982
0.82742233
0.9944309800000001
0.9932856800000001
0.9904910499999999
0.99144221
0.99379131
0.99401211
0.9943481
0.97866902
0.99448624
0.9956204599999999
0.9931341
0.9932856800000001
0.99289991
0.9924685700000001
0.9880165700000001
0.99236767
0.98797566
0.99212469
0.9925282
0.9903905500000001
0.9915383400000001
0.98144659
0.99426063
0.98997508
0.99355682
0.99199178
0.99236309
0.9899111899999999
0.99271632
0.98577609
0.9920650999999999
0.99406273
0.9889857499999999
0.98959644
0.9921063499999999
0.98746231
0.99286319
0.99355682
0.99344651
0.98997052
0.99089781
0.99184975
0.9934511100000001
0.99466128
0.8199413
0.99360739
0.99104872
0.99190931
0.99310654
0.9936717500000001
0.99339136
0.99382351
0.99349707
0.9907835199999999
0.9830774999999999
0.98606126
0.99398911
0.99258325
0.9934373200000001
0.8238323
0.99348787
0.9878529500000001
0.99190472
0.99373153
0.9864507899999999
0.98699031
0.99126373
0.9925649
0.99284024
0.9882529999999999
0.99277139
0.99108531
0.99060985
0.9806174799999999
0.9898655700000001
0.98201208
0.99307898
0.41355342
0.9937683199999999
0.99109903
0.9868179600000001
0.9929045000000001
0.99330866
0.99347409
0.99461982
0.98482674
0.99212927
0.99408573
0.99265666
0.9888445699999999
0.99217969
0.99361199
0.99410414
0.99316165
0.99320299
0.993589
0.99442638
0.99055501
0.9920513599999999
0.99500232
0.9955835399999999
0.99134152
0.99316165
0.99256949
0.9978735000000001
0.99368555
0.98995683
0.99126373
0.99519598
0.99061442
1.2982635200000001
0.9893456899999999
0.9938465
0.70826596
0.9938557
0.9964242799999999
0.99273009
0.99521904
0.99036315
0.99213844
0.99038599
0.99110361
0.99007093
0.9931111300000001
0.54949276
1.26303251
0.9907012500000001
0.9734034
0.98694041
0.99245481
0.9918634900000001
0.99520059
0.99357981
0.9923218199999999
0.98654143
0.8195970699999999
0.98243437
0.9939109
0.98471836
0.99284942
0.99130033
0.99440335
0.9925511400000001
0.82791997
0.99279434
0.9938603
0.9938419000000001
0.98377555
0.9932994700000001
0.82650201
0.9921521900000001
0.9852379
0.99292287
0.9875168
0.82716737
0.9904545
0.991035
0.99426523
0.9830865
0.99139644
0.99331784
0.82776998
0.9873669599999999
0.99292746
0.99273926
0.99303765
0.99336839
0.99355682
0.98713549
0.98768484
0.9943158699999999
0.83028551
0.8282137199999999
0.99376372
0.99351545
0.9939063
0.99278975
0.9928586
0.99203761
0.9830235
0.98987925
0.99261996
0.9950714700000001
0.99265666
0.98406858
0.98728072
0.99267502
0.9788117599999999
0.98913607
0.99295041
0.9905504399999999
0.8253521100000001
0.99303765
0.9938373
0.98224564
0.98611559
0.9972896
0.98528311
0.99339136
0.98900396
0.98485836
0.98567203
0.99303765
0.99046364
0.9952467199999999
0.82761685
0.9814645299999999
0.9500962900000001
0.99211094
0.99266125
0.9885577999999999
0.9956620100000001
0.99048648
0.98863061
0.98744868
0.9964242799999999
0.98903585
0.98946877
0.98282555
0.99192305
0.9927346699999999
0.9972896
0.99261537
0.98474997
0.9830235
0.99337758
0.9928448299999999
0.99346949
0.9924685700000001
0.98794839
0.9895554
0.99273009
0.98763942
0.99323974
0.99242729
0.99244564
0.9938648999999999
0.99289991
0.99228972
0.9932856800000001
0.98938215
0.99363957
0.98287503
0.9954358600000001
0.9871037300000001
0.9929917399999999
0.99309735
0.99284942
0.99306521
0.99374073
0.9916940200000001
0.9922805499999999
0.9938603
0.98844859
0.9923126499999999
0.8270781700000001
0.99379591
0.98494418
0.98436177
0.99351085
0.99410414
0.9739287400000001
0.9906463999999999
0.98783023
0.98866703
0.9930560199999999
0.97893224
0.9920513599999999
0.9939293
0.9909663999999999
0.98349621
0.9927209100000001
0.9713867999999999
0.98588923
0.9939201
0.98592544
0.9844069000000001
0.9927484400000001
0.9918864000000001
0.98902674
0.99285401
0.82784018
0.98997508
0.9944586099999999
0.98253326
0.98238494
0.98947333
0.9922713799999999
0.9841948600000001
0.98802566
0.99260619
0.99082009
0.9897606299999999
0.9908520900000001
0.9931203200000001
0.99303306
0.9933040599999999
0.99253738
0.70773843
0.99109903
0.99183601
0.99050476
0.99132779
0.98911785
0.9858485
0.9898655700000001
0.99549585
0.97561008
0.54618195
0.99116307
0.9772483200000001
0.9920926
0.99116765
0.99256032
0.99432968
0.8237217
0.70682063
0.99304225
0.9932673099999999
0.99093439
0.9900800599999999
0.99557431
0.98314951
0.99284942
0.9907378099999999
0.98238494
0.96699958
0.9925649
0.99967584
0.9841317100000001
0.99496544
0.99225763
0.99148798
0.99282647
0.99248692
0.99398451
0.99282647
0.99264749
0.99361199
0.99332703
0.82726933
0.9839783900000001
0.9932259600000001
0.98616541
0.99253738
0.99267502
0.99356142
0.9934556999999999
0.9827445899999999
0.9924685700000001
0.9944309800000001
0.99282647
0.99219803
0.99261996
0.99092067
0.99340974
0.99324893
0.81977853
0.99150171
0.9929182799999999
0.99227597
0.99245481
0.99339136
0.9915383400000001
0.9807921500000001
0.81922813
0.9943434999999999
0.9923585
0.97612893
0.99132321
0.98981994
0.99362578
0.9953389699999999
0.9954358600000001
0.9905504399999999
0.99077438
0.99113563
0.9906921
0.98522434
0.99404892
0.98810749
0.82708772
0.9928953199999999
0.9926383099999999
0.9914788299999999
0.98750771
0.99162533
0.99520059
0.9911584999999999
0.99090238
0.99254655
0.9933546
0.9875122500000001
0.99224846
0.99092525
0.99491934
0.9861020100000001
0.99003898
0.9917902
0.8275722000000001
0.98423996
0.98744414
0.99710438
0.81937816
0.98693134
0.99163449
0.99018962
0.99446322
0.9938695
0.97911523
0.99114935
0.99436191
0.9939247
0.9938925000000001
0.9906509699999999
0.99308358
0.98987925
0.99536204
0.99289073
0.56615679
0.994606
0.9930009200000001
0.45122881
0.99332244
0.99432508
0.9935936
0.9927346699999999
0.99223929
0.81560026
0.98314951
0.98949156
0.9911264799999999
0.988576
0.99050933
0.9839197900000001
0.99340055
0.99286319
0.9945369
0.8272534
0.9922072
1.0383697600000001
0.99297337
0.9927346699999999
0.98936848
0.9937039400000001
0.99298714
0.9910167
0.99213844
0.9933729800000001
0.9928035199999999
0.9900344099999999
0.9826546500000001
0.99107159
1.00816569
0.98843495
0.98526955
0.99235392
0.8266197200000001
0.99355682
0.99351545
0.98322604
0.99382351
0.9935016600000001
0.9923585
0.99403052
0.31024751
0.9923814299999999
0.9945829700000001
0.9928769599999999
0.99317543
0.99335001
0.99636418
0.98547753
0.92116076
0.99415476
0.99369934
0.9811909799999999
0.98692227
0.99277139
0.99086124
0.99282188
0.99362118
0.99161617
0.9850480899999999
0.9944309800000001
0.98828483
0.99190472
0.82508257
0.98460549
0.9782900600000001
0.99108988
0.82762004
0.99196429
0.9819716599999999
0.99336379
0.9911447699999999
0.98564488
0.9967572800000001
0.9941685699999999
0.988394
0.99424222
0.99264749
0.9931295
0.9891907500000001
0.99211552
0.99186807
0.98824845
0.98441592
0.98739874
0.99373153
0.99155665
0.99399831
0.9904819100000001
0.99313869
0.9939477
0.99381891
0.98947333
0.9908520900000001
0.98394684
0.9923585
0.99308817
0.98768939
0.9931341
0.9917444000000001
0.9928953199999999
0.98956908
0.9938695
0.99511297
0.9945230899999999
0.99299633
0.99228972
0.97882515
0.99451388
0.99309735
0.9934603
0.99371314
0.9908018
0.99580052
0.98401897
0.82735858
0.9923722600000001
0.99349707
0.9911264799999999
0.9939431000000001
0.9938925000000001
0.99506686
0.99318921
0.9929090899999999
0.9917444000000001
0.98500743
0.99318003
0.9921476
0.8269730599999999
0.99017593
0.9939017
0.9881165799999999
0.99166196
0.99038599
0.98882636
0.98584398
0.99239978
0.98451972
0.99233558
