0.9954266333333334
0.9503296406666667
1.01140156
0.6131988373333334
0.9886897853333333
1.133595676
1.0102952806666667
1.011199156
0.9937338293333334
1.00041165
1.008468688
1.0007496466666665
0.9983536446666667
0.9984000593333333
1.0068728786666667
0.938103748
1.007286122
1.0106043193333334
1.0082437866666667
0.8408726533333334
1.011270584
1.0035790999999998
1.0080308153333333
1.011377744
1.005847142
1.0111039353333333
1.008149122
1.003907508
1.0021506846666666
0.9963734273333333
1.0052585833333332
1.0067312733333333
0.99777382
1.008480528
0.9713494500000001
0.9934809793333333
1.0130356619999998
1.0152866926666668
0.9673894466666667
0.9687422713333333
0.9116794126666667
1.001788374
1.0108897533333334
0.9959228986666667
0.9753530819999999
1.0118662053333334
0.968491058
0.5053854013333333
0.993389066
1.2474491126666667
1.0102358713333333
1.0101764693333333
1.011925806
1.0092151313333333
0.9979129160000001
1.0090847206666667
1.0076051413333333
1.0114611066666666
1.0145552093333334
1.008409494
1.0052938773333333
0.905576304
1.0066840806666668
1.0055410053333333
1.0026068666666668
0.5840473353333333
0.6368717119999999
1.0111753493333333
0.512037112
0.968109028
1.0179094886666666
1.011794694
0.9652262613333334
1.0323696119999999
0.8850584300000001
0.96813085
1.0091084293333332
1.0068020713333334
1.0132985646666666
0.5267184146666667
1.0021740686666667
1.0075815033333333
0.976472916
1.010485436
1.012605752
0.9492584446666666
1.0050821493333333
1.0035556506666667
0.8938909626666667
1.0411663326666667
1.005188002
0.473345048
0.21722857199999998
0.99748416
1.0093218566666666
0.9958882593333332
1.0066132993333334
1.0073569980000001
0.5936457026666667
0.9413420626666666
0.9995385786666667
1.0117708586666665
0.9952421033333333
1.0005981026666666
1.0051174313333333
1.0012512346666667
0.9927920426666667
0.9699564806666667
1.0033446546666667
1.0122239153333332
0.9975073266666666
0.9016505466666668
1.00833847
1.0026887893333332
0.998179626
1.0120569526666667
1.009559104
0.6129275606666666
0.9788429953333333
1.004506232
1.0042713533333334
0.8798277813333334
1.012211988
1.00509391
0.77652636
1.0161754826666667
0.97377196
0.9939063006666667
0.9955996933333333
0.998736698
1.0051174313333333
0.9996432666666666
0.9947810760000001
1.0123432086666666
1.0051527153333333
0.6128138706666667
1.004095266
1.0036729093333334
0.593317672
0.20759716133333334
0.9803958813333333
0.6129013206666667
1.0046119633333332
1.001087872
1.0074396986666667
0.9958651679999999
0.6340090186666666
1.0069436966666667
1.005564548
0.6226620706666667
0.995668934
1.0095472386666666
0.996211652
0.9966740066666666
1.0033446546666667
1.0044122673333333
1.0120331053333333
1.0004582566666667
1.0299805266666666
1.0005631373333335
1.0032743426666666
1.004905778
0.9309362093333334
0.9587301573333334
0.8507159926666666
0.4397810086666667
1.0025951646666666
0.9991897766666666
0.9884622439999999
0.9869290753333333
1.0141240086666667
1.0044592473333334
1.0061888220000001
1.0099864306666666
0.9935154513333334
0.9213702233333333
0.5497839626666666
1.0080899653333333
0.97731726
1.0111158366666666
1.0104260046666667
1.032741968
0.988030204
1.000877912
1.001087872
1.0097371126666668
0.9075855920000001
1.0069555006666666
1.014327586
1.0115683066666668
1.0118304486666665
1.009262562
1.0107708026666666
0.9755081526666666
1.0032157560000001
1.0371937106666667
1.0274058213333332
1.0042243906666666
1.009428604
1.0079835006666666
0.9996781680000001
1.00205716
1.011092034
1.0018000573333334
1.006012062
1.008018986
0.9100374606666666
1.005835364
0.9963040886666666
0.9726803366666666
1.0102121099999999
0.9926428993333334
1.0031103186666666
0.9976231760000001
0.923192248
0.9676182879999999
1.036680496
1.004647212
1.0135855233333333
0.961983402
0.9406617086666667
1.0121523533333334
1.0033094973333334
0.9989109106666666
0.9720089386666667
0.9035378766666666
1.0076406006666667
1.009808334
1.016440018
1.0081136266666668
1.0434808786666667
1.0017533253333333
0.9681635853333334
1.009808334
1.005835364
0.962576294
1.0013913026666668
1.0047412206666666
1.0089898973333333
1.014135982
1.0080308153333333
1.003708092
1.0069791093333333
0.8267024613333332
0.98927049
1.0045179786666667
1.0256148473333333
0.9986786406666667
1.0110801326666667
0.8995072666666667
1.0042243906666666
1.0019636526666666
1.01196157
1.0087292253333333
1.0036611819999999
0.633704996
1.0123432086666666
1.00904916
0.623362452
1.0105805399999999
1.00063307
0.5578712786666666
1.011163446
1.0114491966666666
1.0016598753333332
1.0090965746666667
1.0101289533333333
0.8386314866666666
0.623163474
0.393245402
0.9757076026666667
1.0088595446666666
1.0086818446666665
0.8193609693333332
1.011199156
1.0113182073333333
1.022234008
1.0050703893333333
0.8142426813333333
1.0047412206666666
1.0476041013333333
1.0036260026666668
1.0066486886666666
0.9747443506666666
1.0104616626666667
1.0015897986666666
0.8992812593333334
1.0029580586666667
1.0031220326666666
1.005658728
1.00871738
1.0088003046666667
1.008492368
1.002337786
0.9091128506666667
1.0067430726666666
0.9758517
0.9931249093333333
1.009665902
1.0393271053333333
1.0076642413333334
1.000201974
0.9691029346666666
1.003051752
0.7736588839999999
1.0022325326666668
1.0087647633333332
0.9767171813333333
0.8888407306666667
1.011163446
0.7947829453333334
0.9745895226666667
1.0071325919999998
1.0044122673333333
1.00323919
1.0108778573333335
1.0308828686666667
1.0095472386666666
1.0095828346666667
1.0029229286666668
0.634402342
1.0015314093333334
1.007404254
1.0072743106666666
1.0023611786666666
1.0107826966666666
1.0303388020000002
0.9983072333333333
1.0020220926666665
1.0010995386666668
1.0077351706666666
1.0270004653333333
0.8683718753333333
1.0317867933333333
1.007510596
1.0117470253333332
1.01043789
1.0024898573333334
1.0067194746666668
1.0091558493333335
1.006990914
1.0016481953333334
1.0088358473333332
1.0042830946666665
0.9039562426666666
1.0019636526666666
1.0097371126666668
0.9080365113333334
1.0090136013333335
1.0032626246666667
1.0041539546666667
0.9082573373333332
1.007215256
1.00614168
1.0059413753333333
1.0062831193333333
0.991542916
1.0109730353333333
0.9413936446666666
1.0009945453333333
1.0078652326666666
0.59389607
1.013812814
1.003930974
0.9919551240000001
1.010140832
1.00343842
1.008551572
1.0189841626666667
0.9877121000000001
0.9912683013333333
0.998121634
1.006813872
0.9862944886666667
0.9759514853333333
0.8267502013333333
1.0069200893333334
0.5670185813333334
1.0364678486666667
1.0114372873333333
0.970910288
1.0053762400000001
0.9102592606666667
0.96691032
1.0042478713333334
1.0058824773333335
0.90501339
1.0128087193333335
1.0087292253333333
1.008978046
1.0010995386666668
0.6337798053333333
0.6228697613333333
0.3893048926666667
1.0005864473333332
1.0134778946666667
0.9064650326666667
0.9335059
1.0002602086666668
0.9927346746666668
0.42461786999999995
0.33964392866666665
1.0096777693333334
0.977628702
0.8828207926666667
1.013250754
1.0098202053333334
0.9071255406666667
1.0102358713333333
0.927708854
1.0086463126666665
1.0091084293333332
1.0126654400000001
1.0297335846666666
0.998736698
1.0128206613333333
1.0052938773333333
0.90843984
1.0088239993333332
1.0049763193333334
1.0105805399999999
1.006754872
0.999259518
1.0067784706666667
1.01004581
1.0108302746666666
1.0032626246666667
1.0120331053333333
1.0092269886666667
0.9974725773333333
1.0088003046666667
0.9448625693333333
1.0072388773333334
1.0026068666666668
1.0085160486666667
1.0117112766666667
0.9998527086666666
1.006589708
1.0082082853333334
1.0074869626666667
0.9984464786666667
1.0101289533333333
1.0154667273333333
1.0037667353333333
1.0111515433333333
1.009559104
0.971931952
1.0131192980000001
1.004858756
0.8240298720000001
1.008149122
1.0000389533333334
1.0115444826666666
1.0322331486666667
0.9989109106666666
1.005411542
1.0072270666666667
1.0120450286666667
1.006177036
1.0095472386666666
0.8811364173333333
1.0127848366666667
1.00542331
1.0109492393333332
0.965530044
1.0131431966666666
1.0380460166666667
0.7058112446666668
0.9716571
0.9980056686666667
0.9743684239999999
1.0051291926666666
1.0099151846666667
1.0077706386666667
0.9673567639999999
1.002876092
0.99412485
1.0106518806666667
1.008421332
0.8222236186666667
0.5933709526666666
0.9970557720000001
0.9750541553333334
1.006636892
0.9645976046666667
1.0045179786666667
1.006023844
1.01220006
1.0107826966666666
1.0088713933333333
1.0081727866666668
0.9742579126666666
1.0029580586666667
0.9940098119999999
0.9977506406666666
0.9041465373333334
0.9984580846666666
0.9974725773333333
0.991771878
1.0089543433333332
0.9986554193333333
1.0229400633333332
1.007510596
0.977072694
1.0110444313333333
1.0064010159999999
1.0344458133333332
0.9985625459999999
1.002864384
1.009298138
0.9347859000000001
1.0031337473333333
1.0128803746666668
1.0094760546666666
0.96544323
0.656105848
0.9749988186666666
0.9312187886666667
1.0114611066666666
1.0114372873333333
0.9728786319999999
0.9911196153333334
1.0130595566666667
0.9995385786666667
1.0117708586666665
1.008930642
1.007711526
1.0008429273333332
0.9667906126666667
0.9913941473333333
1.0000855253333334
1.0115206593333335
1.0065189399999999
0.5507815893333333
1.0146271119999999
0.9969053446666667
1.0113182073333333
1.000178682
1.0013212633333333
1.0128087193333335
0.9994455413333333
1.0136214046666667
0.9360490140000001
1.006247756
0.6376470413333333
1.0047764786666666
1.0068492753333333
0.9870197973333333
1.001239564
1.0121523533333334
0.8439127386666667
1.0119496486666666
1.029671868
1.010925444
1.007014524
1.0103428126666667
1.01121106
0.8980871946666666
1.0066486886666666
1.1046584526666667
0.9719869413333333
1.005505694
1.0102239906666668
1.01004581
1.0079480173333333
1.0080426446666666
1.0318239753333334
1.0023728753333334
1.0076169606666667
0.6031029206666666
1.0078415826666667
1.0091914180000001
0.9713714186666667
1.0026887893333332
0.9760291099999999
1.0151667053333333
1.007475146
1.010283398
1.0043770353333332
1.0069436966666667
1.005140954
1.0357929593333333
0.6029378240000001
1.016187504
1.00343842
0.9998759853333332
1.0028058453333333
1.0099033106666668
1.006990914
0.8545497999999999
1.0067076766666667
1.005611636
1.0105210980000001
0.9676618893333333
1.0112348686666666
0.8467077299999999
0.6228471793333333
0.4063432886666667
0.9963503133333333
0.9752534193333333
1.0082556213333334
0.9939178006666666
1.006023844
0.9692669613333335
1.007888884
1.0050115933333332
0.5841625186666667
1.0142916546666667
1.0116397866666667
1.0005864473333332
0.9750652233333333
1.0366179439999998
1.012021182
1.0086818446666665
0.97600693
1.0036377286666667
1.0094523286666666
0.999631634
1.0097371126666668
1.0076878833333334
1.0033680939999998
1.0083503066666668
1.0115683066666668
1.024758374
1.011068232
1.012629626
1.0168852286666668
1.0093218566666666
0.9965699393333333
1.0045414733333333
1.0091558493333335
1.011365836
1.000889574
1.00210392
1.0103903493333335
1.020461004
1.0262397513333334
1.0071444006666668
1.0075696846666666
1.0054821539999999
0.8757911333333334
1.011330114
1.010319046
1.0032626246666667
1.0102002293333334
1.0085278893333334
1.0043887786666665
0.8823673706666667
1.0049880773333333
1.0099270580000002
1.0111515433333333
0.9681744973333333
1.0274058213333332
1.0028878006666666
1.0015080553333333
1.0011462093333332
1.0006447266666667
1.0042243906666666
0.9329178713333334
1.0095116453333333
1.0083029620000001
0.3461226946666667
1.002478158
1.0057882553333335
0.6675475093333334
0.5767572826666667
1.0044122673333333
1.0130476093333334
0.9947119586666666
1.0283775206666665
1.000574792
1.0000971686666666
0.9998992633333333
0.9979129160000001
0.9708554206666666
0.8012326006666667
0.8657986366666667
1.0002951526666668
0.9857398946666667
0.6028574253333334
0.9694201033333334
1.002384572
0.6445270746666667
1.0049410473333333
1.008066304
1.0039896433333333
1.017089916
0.633873342
0.8503791186666667
1.009998306
0.7068799606666667
1.0066722833333333
0.99106244
1.0336491573333333
1.004259612
1.006813872
1.0073569980000001
1.007475146
1.01196157
1.0068256726666667
1.012211988
1.0032743426666666
0.9127838093333334
1.0168852286666668
0.992505268
1.003930974
1.0077706386666667
1.011925806
1.0070853613333333
0.9925740786666667
1.002127302
1.0118423673333334
1.0015314093333334
0.8696466306666666
1.0015897986666666
1.0112467733333332
1.00542331
0.9705482780000001
0.5847351373333334
1.0070381353333333
1.0135974833333332
1.0088595446666666
0.9352235293333333
1.0124863966666666
1.0001204566666666
1.0297706186666666
0.9415174653333334
0.9946083013333333
1.00190522
1.004647212
0.9004407466666666
1.0135376853333333
0.5930677919999999
1.008409494
1.0086581566666668
1.0079480173333333
1.0085634133333332
0.6131463133333334
1.0023611786666666
0.9705373126666667
1.0029580586666667
0.6228155679999999
0.9723060006666666
0.9811013306666667
0.47922601266666665
1.0049528046666667
0.9300995713333333
0.6237200273333333
0.9924020693333333
0.9756300293333333
0.8450917006666667
0.40637596866666664
0.322656948
1.005517464
1.0118781253333333
1.0150827306666668
0.998179626
1.011389652
0.9706031106666666
1.0033329353333333
1.008812152
0.9989573773333333
1.012176206
0.8723048306666666
1.0029931920000001
1.0076406006666667
1.0093574366666667
0.8761305733333333
1.0032509073333333
0.9769615686666666
1.0103071633333334
0.968229062
1.0047177166666668
0.9992362693333333
0.9320877833333334
0.668836542
1.0018117406666667
1.0082319526666668
1.0035908253333334
0.99412485
1.0080781346666665
1.0103903493333335
0.9718879653333333
0.9961192326666666
1.0068492753333333
0.5933258686666666
1.0059531560000001
1.008504208
1.0048822666666666
0.9812694446666667
1.03315187
1.0079716726666668
0.9997363413333334
1.037131096
0.971624128
0.9709541866666667
1.00534094
1.0088003046666667
1.0025132573333333
1.0074869626666667
1.0088358473333332
0.9849712866666667
1.0075460486666665
0.9801385886666667
0.9084110186666666
0.60306058
0.41098395733333337
0.938934328
0.9962925333333332
1.0112348686666666
1.0298076546666666
1.0311922533333333
0.622580838
1.0043418053333333
1.0103071633333334
1.0110444313333333
1.0050468706666666
1.0033798146666666
1.0320843206666668
0.9327456586666667
1.009143994
0.9746890493333333
1.006342064
1.0063066966666667
1.006636892
1.0054350786666668
1.0044005226666666
1.0000040273333335
1.011163446
1.0028526753333333
1.0102952806666667
0.8998182113333334
1.0025132573333333
1.0115325706666667
0.5841466286666667
0.9884167479999999
0.40645673000000004
1.034944348
1.013238802
1.008054474
0.9738934026666667
1.0126654400000001
0.999480428
1.0109016499999999
1.0056351813333333
0.8849216639999999
0.9344503226666667
0.999515318
0.9752202026666668
1.0104260046666667
1.0030283266666666
0.9342775440000001
1.0054703846666666
0.8770430039999999
1.0117112766666667
0.973451938
1.0042478713333334
0.9988179893333333
1.001052872
1.0054703846666666
0.9996549
0.9987250860000001
1.0070971686666668
1.0313160593333333
1.0075578666666667
1.0119138853333334
1.0100933186666665
1.0016715553333333
1.0009828806666665
1.007309746
1.010271516
1.0088358473333332
1.0018000573333334
1.005317408
0.971184718
1.0386610473333333
1.002630272
1.0129400946666667
0.974633754
0.8244094813333332
0.9409811466666667
1.0150467459999999
1.0075342306666666
1.0100101813333333
0.6361359513333333
1.0041774326666666
1.002782432
1.0394780293333332
0.996835932
0.9354781526666667
1.0093218566666666
1.0034032560000001
0.977873546
1.0092388460000001
1.028106736
1.006837474
0.9683272940000001
1.0320471206666666
1.0051174313333333
1.006530734
1.0041891713333333
1.0034853086666666
0.5845242513333333
1.00871738
0.5418115560000001
1.0099864306666666
1.00320404
1.009381158
0.9375610773333333
1.0060827586666665
1.0087529173333334
0.9984348733333333
0.4152736086666666
0.9737609213333334
0.2578770046666667
0.9808212693333334
0.8801523206666667
1.0079007100000001
1.0091677053333332
0.6031410333333334
0.9752423466666668
1.007203446
1.0049410473333333
1.008468688
1.0067194746666668
0.9991316666666666
0.9953920286666667
0.9938258066666668
1.0099864306666666
1.0016481953333334
1.0029112193333334
1.009772722
1.1273471826666668
1.0123193473333334
1.0061534646666668
1.0071444006666668
1.0016598753333332
1.009772722
1.0067076766666667
1.0079007100000001
1.0107945906666667
1.0100339333333332
1.0144353946666667
1.0251007913333332
1.000621414
1.0125341353333333
0.9999109026666667
1.01043789
1.0038723113333334
0.9984464786666667
0.8812900986666666
0.5840354226666666
1.2478477866666666
0.6558053026666667
1.0041422166666667
0.4788413286666666
1.0128326033333332
1.003930974
1.009120284
1.0073688113333332
1.0223313366666666
0.9712615859999999
0.9967202653333334
0.9739375713333334
1.0072624993333334
1.0012979193333333
1.008054474
0.9850503526666666
1.0100695640000001
1.0040013779999999
1.0090136013333335
1.009250704
1.0087529173333334
0.5340869833333334
0.5346820573333334
0.9430472613333333
0.9934809793333333
1.0397422526666666
1.013609444
1.0151787026666665
1.01016459
1.0083029620000001
0.990868094
0.9955073873333334
1.0106518806666667
1.007168018
0.9862944886666667
1.0461241466666666
1.01220006
1.0023143946666668
1.0122716293333334
1.010532986
0.96813085
1.0322951726666667
1.0080781346666665
1.0083147973333333
0.9393347613333334
1.0042713533333334
1.0049528046666667
0.9930560220000001
1.0069318926666666
1.0050468706666666
1.0073451846666668
1.0103071633333334
1.0128206613333333
0.8716321253333333
1.0108540653333333
1.0085752553333334
0.9722839900000001
1.0076997046666667
0.8671533726666667
1.0107708026666666
1.0131790466666666
1.0014029766666666
1.00289951
1.004658962
1.0175959666666665
1.009143994
1.0087884573333334
1.0088239993333332
1.004647212
0.6231137493333333
0.9976695226666668
1.0101170746666666
1.0138487113333334
0.908555142
0.6032088
0.978218762
1.0035204786666667
1.0074869626666667
1.0100933186666665
1.0117470253333332
1.004905778
1.002876092
0.9672696206666667
0.8778227573333334
1.0316628746666667
1.00569405
0.9998759853333332
1.002337786
0.8810731526666666
1.0268776933333335
0.9340743559999999
0.6336161826666666
1.0012629053333333
1.0008545886666667
0.4107284913333334
0.9366512113333333
1.010485436
1.0147110106666668
0.9662468606666667
1.0126415633333332
1.0073333713333332
1.0119734919999999
1.0129759306666666
1.00289951
1.007203446
1.0040717926666667
0.802632598
1.0060709753333335
0.90501339
1.0404727093333332
1.0054350786666668
1.0351314219999999
1.0127848366666667
0.9424471546666667
0.30891378
1.0117112766666667
0.5678920133333334
0.9723610319999999
0.6446915433333333
1.006636892
0.9726803366666666
1.0085752553333334
0.9985045093333333
1.0117708586666665
1.0063302746666667
1.0076524206666666
1.0345205633333334
1.0107351233333335
0.787229608
1.0095828346666667
1.0031688926666666
0.557950998
1.0114372873333333
1.013920514
0.9731762260000001
1.0013446086666666
1.0056469546666666
0.997021054
1.00877661
1.0066840806666668
0.9891679633333333
1.0116040453333333
1.030858126
1.010544874
1.0101170746666666
1.0103309293333333
1.0096777693333334
1.009772722
1.0358054493333333
0.63375175
0.9718989613333333
1.0100576866666666
1.0117708586666665
0.566607164
1.0042009106666665
1.0161153806666667
1.0083266333333332
1.0055527766666668
1.0114849266666668
1.0075815033333333
1.010485436
1.0119496486666666
0.903290842
1.0066722833333333
0.9815385466666666
1.0158390006666667
1.0100576866666666
1.0005514833333333
1.1182189839999999
0.9972872873333334
0.9016032279999999
0.9421783893333333
0.593399646
0.9997363413333334
0.9942399146666666
1.005023352
0.9373053186666666
1.0144473746666667
1.0120688766666668
1.0040248486666665
1.007309746
0.9938028106666668
1.0038488479999998
1.01167553
0.9815049006666666
1.0096896373333335
1.013238802
1.008160954
1.0109849340000001
1.0147709473333333
1.0069673046666667
0.9826051926666667
1.003532202
1.0114611066666666
1.0103071633333334
1.0107826966666666
1.0064953533333334
1.003192324
1.013489852
1.0145312439999998
0.9138908846666667
1.0109730353333333
0.9868723826666667
0.9773061406666668
1.0061298953333333
1.005847142
0.9982724286666667
0.9773839806666667
0.9985509386666666
1.0060474086666666
0.9953458933333333
1.001765008
0.9720089386666667
1.0051527153333333
1.0395660886666667
1.006059192
1.0028409673333334
0.8791704206666666
0.9861133286666667
1.0112943953333333
0.9981912253333334
1.0118662053333334
1.01004581
1.0069436966666667
1.0358429213333333
0.9072692560000001
1.0049410473333333
0.9739154866666666
0.9832462933333332
1.0070027186666666
1.0112824893333332
0.909815768
1.031130362
0.6337564253333333
1.00869369
0.6226440166666666
0.8793684253333333
0.9978201806666666
0.9954150986666667
0.644633486
1.0072388773333334
1.110585498
1.0047647253333334
0.9287620653333334
1.0075578666666667
1.0053880066666667
1.0406365733333334
0.99828403
1.001157878
1.0156828526666666
0.9766172393333333
1.0020220926666665
1.0339104246666668
1.0030634646666667
0.998133232
1.0014380006666668
0.8939188693333334
1.0011228733333335
1.0075224133333334
0.9982260253333334
1.0082082853333334
0.6334993613333334
0.6688625819999999
0.9852876273333333
1.0041774326666666
1.001683236
0.6337190213333334
1.030709694
0.9942053926666667
0.99862059
1.0061652506666665
0.9723720386666667
0.97121766
1.014028236
1.01196157
1.005752926
1.023427566
1.009760852
1.01016459
1.0192259746666668
1.0104616626666667
1.0079716726666668
1.0145432266666667
1.0100814413333332
1.0090254539999999
1.0133702893333334
1.0100814413333332
1.008196452
0.9243147853333333
0.6340464573333333
0.995738184
1.0088713933333333
1.0090847206666667
1.0027121986666665
1.033263718
1.0097133746666667
1.0010295406666667
1.003051752
0.9742800133333334
0.8715083186666668
1.0288332526666666
0.6244227926666667
1.0115563946666666
1.0106399893333333
0.9920811446666666
1.0079243633333335
0.9957150993333334
1.0281190413333334
0.99699791
1.0337113519999999
0.9999923853333333
1.0064599746666667
1.0000505960000001
0.935977618
1.0067194746666668
1.0087410713333334
1.0056705019999999
1.0033563746666667
1.0061063259999998
1.0329655106666666
1.0135855233333333
0.99748416
0.989145182
1.00031845
1.0167287586666667
1.005764702
1.0003883486666667
0.999492058
0.980037946
0.995992184
1.03964158
0.9951037500000001
1.01043789
0.9987599226666666
0.993975306
1.0005281746666665
1.015502742
0.9692997733333333
0.8775088966666668
0.9724270780000001
1.0055410053333333
1.0069082866666665
0.8965125073333333
1.0071089766666668
1.034944348
0.9982724286666667
0.994055824
1.019782578
0.9729006693333334
1.0055410053333333
0.9956573926666666
0.7969730186666667
1.009262562
1.004647212
0.9923103553333333
1.002209146
0.9722839900000001
1.0031103186666666
0.907365092
0.975076292
1.029153738
0.8774909686666666
1.0109016499999999
1.0017299613333333
1.0132148986666667
1.025663832
1.0040013779999999
0.9906395486666667
1.008409494
0.9882916566666666
1.002162376
1.0184525793333334
1.0029112193333334
1.027909892
1.001087872
0.667692796
0.9718989613333333
1.0005864473333332
1.1350186426666666
0.9968590686666666
1.0255903566666666
1.0073806253333333
1.0127251346666666
1.002478158
1.0059531560000001
1.0038957753333333
1.0070027186666666
0.6130850466666666
1.0045414733333333
0.21974762333333334
0.9991200453333332
0.9278190786666667
0.30933650933333334
0.9997363413333334
0.9716790826666667
0.6444497073333334
0.933952486
1.0124386626666666
1.0095947006666668
1.004635462
1.0010295406666667
0.99595754
0.968928034
1.0075224133333334
1.034234082
1.00534094
1.005140954
0.9756078673333333
1.0101170746666666
0.980765276
1.0083976559999999
1.0093099973333333
1.003497032
1.0035087553333333
1.0053056426666667
0.9968475
1.0088832426666665
1.0020337813333333
1.0004582566666667
0.997021054
0.9750984293333332
1.0042713533333334
1.0393271053333333
1.00232609
1.012844546
0.924573454
0.9899431373333334
0.6446818666666666
0.995818988
1.0027356086666668
0.6353642899999999
0.8950365826666666
1.0122358433333334
0.977795628
1.0115444826666666
0.9679672073333333
1.0245261493333333
0.9859661846666666
0.8437552393333334
0.9972178213333334
1.0339228693333333
0.9333131886666667
1.0070263293333335
1.0012629053333333
0.9987599226666666
0.8688461746666667
0.9926314286666668
1.0093099973333333
0.9376327153333334
0.9887125453333333
1.0013329359999998
1.0071444006666668
1.0073806253333333
1.00245476
1.0030049033333333
0.971536214
0.9975536626666667
1.002127302
1.0117112766666667
0.633541412
1.03540592
1.0199278793333333
1.0139683873333334
0.9341353026666668
0.584333392
0.8740711873333333
1.006247756
1.0100220573333332
1.0080899653333333
0.8789635100000001
1.0014380006666668
1.0088832426666665
1.009333716
0.9934120426666667
0.997565248
1.0070971686666668
1.0097133746666667
0.6890524526666666
1.0147709473333333
1.0036494553333333
1.03068496
1.0289195173333332
1.0098202053333334
1.007404254
0.9982492260000001
0.979568552
0.9983072333333333
1.0107232306666667
1.0102239906666668
0.9720419366666667
1.0007030126666667
1.0082556213333334
1.0083976559999999
1.005282112
0.97519806
0.999271142
1.006601504
0.8718975426666666
1.010687554
0.9958536226666667
1.0042478713333334
0.871243138
0.5496186293333334
0.3775795426666667
1.0052703473333333
1.0298200006666667
0.9962694226666667
1.0059649366666665
1.0392139406666667
0.9997014366666668
0.9292744886666666
0.60282781
1.012379002
1.011270584
1.0115921326666666
0.9374689879999999
1.0052232913333334
1.033040046
0.971360434
1.0068610766666668
0.644551256
1.0042361306666667
0.999271142
1.2476121759999999
0.973518132
1.0006680406666666
1.0033446546666667
0.9940903360000001
1.01081838
0.7329420799999999
1.0000505960000001
1.0069436966666667
1.016584368
1.010140832
1.0100814413333332
0.9993176426666667
0.9992943919999999
1.0371185746666667
0.9722509753333334
1.004905778
0.8430182633333334
1.0089069413333334
1.0014496753333333
1.021638272
1.0190446046666666
1.0391636533333333
1.001683236
1.0041539546666667
0.8960823059999999
1.0057764786666668
1.0031337473333333
0.5579836173333333
1.0013796286666667
0.9963849846666667
1.0096065666666667
0.9936533626666666
1.012772896
1.0042713533333334
1.24596539
1.0005281746666665
0.9996781680000001
0.9057099799999999
1.008930642
0.9894870053333334
1.0092269886666667
0.9928608933333333
1.0281805726666666
1.00275902
1.009891438
1.0039427073333334
0.9942284073333334
1.0014847026666667
1.0100339333333332
