10.16
10.06
10.02
20.06
15.1
10.1
5.08
10.06
15.06
20.08
20.04
5.1
5.04
20.12
10.08
15.1
5.1
5.22
15.08
5.04
20.1
20.12
20.12
10.08
15.06
5.04
15.04
10.06
5.06
20.08
5.08
15.12
15.06
20.12
5.04
5.08
20.16
10.08
10.08
15.14
10.06
15.04
10.06
20.1
5.04
20.06
15.12
10.1
5.04
15.14
30.16
20.1
5.02
10.04
15.06
15.08
15.08
15.1
5.04
5.04
15.12
5.02
10.08
20.08
5.06
20.1
25.12
15.08
10.1
10.02
5.16
10.06
20.1
5.08
15.06
15.04
25.12
10.06
15.16
5.08
15.12
10.02
5.02
15.08
10.06
25.1
5.16
20.1
15.08
10.06
5.06
5.06
15.84
5.08
5.04
5.08
10.08
5.06
5.02
15.12
5.1
5.04
10.06
5.08
10.04
10.04
10.04
5.02
20.04
10.08
15.08
15.16
10.08
15.06
10.06
15.08
20.12
15.08
10.06
15.12
5.1
5.06
10.06
15.08
10.02
5.06
15.18
10.08
10.04
10.06
20.04
5.04
5.12
15.12
5.06
5.02
15.08
5.08
15.0
5.1
20.02
15.06
5.04
15.08
15.12
10.06
5.04
15.1
15.04
5.04
15.14
5.04
5.04
15.06
5.04
10.04
5.02
10.04
10.08
15.1
15.08
10.14
15.08
5.06
5.08
5.04
15.06
5.1
10.08
20.12
5.06
5.02
15.1
20.1
5.08
15.02
5.02
5.04
10.08
10.08
20.08
20.06
5.08
15.04
5.06
5.04
5.0
10.04
15.1
5.02
15.1
20.08
10.02
10.02
10.02
15.14
10.08
15.12
10.1
15.1
5.04
25.06
10.06
15.1
5.02
5.04
5.08
15.08
15.04
5.06
20.1
5.04
5.0
10.08
5.04
20.1
5.08
20.08
5.04
10.14
20.12
5.06
20.06
10.08
15.12
33.34
15.08
5.08
10.02
5.04
10.16
20.06
10.08
20.06
25.08
5.1
20.08
15.06
10.04
15.08
20.08
15.04
10.06
5.02
10.06
5.04
20.02
15.12
5.02
5.0
5.06
15.0
5.1
15.04
20.06
5.06
20.14
25.12
25.16
5.0
10.06
15.02
15.14
5.02
10.06
5.0
5.1
15.04
5.06
5.06
5.08
20.06
5.04
15.08
5.06
5.02
5.08
25.06
5.06
30.14
20.08
5.06
20.0
30.14
20.08
10.08
5.06
5.08
5.1
20.02
20.06
15.02
5.06
5.08
15.04
10.08
15.06
5.02
15.14
5.06
5.1
15.02
5.04
10.08
15.08
15.04
5.1
5.04
5.0
5.06
25.12
10.04
15.06
5.04
10.06
15.04
5.04
15.06
5.04
10.04
10.06
10.06
10.06
10.06
15.06
5.02
10.04
10.1
10.04
10.02
15.08
25.12
10.08
15.0
5.02
5.08
15.16
10.02
5.04
10.08
10.04
15.04
20.16
5.04
5.06
5.06
10.12
15.08
10.02
10.1
10.04
15.1
5.12
10.08
5.02
20.1
15.04
5.1
5.04
25.14
5.06
15.12
15.08
20.08
20.06
5.08
10.06
15.12
5.06
5.04
5.12
10.1
5.06
15.06
5.08
20.08
10.04
5.0
20.12
5.08
10.12
25.12
20.08
10.04
5.08
20.08
5.06
15.1
5.06
10.04
5.04
10.06
20.08
5.14
5.06
5.06
10.08
5.02
5.02
5.06
10.1
5.06
5.1
10.08
5.04
20.12
5.08
20.06
5.02
10.04
5.06
5.04
15.06
5.08
20.08
5.04
10.08
15.04
10.12
25.02
20.1
20.08
25.14
10.08
10.12
5.06
5.02
10.08
5.06
5.08
15.02
10.12
10.12
20.14
10.04
10.02
15.08
20.04
20.06
5.12
20.04
10.02
20.14
15.1
10.14
20.04
5.06
10.12
10.08
20.08
20.08
10.04
5.06
5.04
15.12
5.06
10.04
5.08
5.04
20.06
10.1
5.06
5.02
5.02
5.02
10.0
5.06
10.04
5.06
5.06
20.12
5.06
15.08
20.08
5.0
25.1
15.04
15.08
15.06
5.1
5.02
10.1
5.06
5.04
5.0
20.08
20.08
5.0
15.16
10.06
5.06
10.06
25.1
278.98
299.54
20.16
10.1
10.08
5.12
20.06
392.9
15.1
5.02
10.08
5.04
5.02
5.1
20.12
20.16
10.12
20.14
10.08
10.04
5.0
5.08
5.04
5.1
15.08
25.08
5.02
5.02
5.08
15.04
10.08
5.04
10.1
15.06
10.1
5.04
5.04
15.06
5.0
10.06
15.06
20.14
30.1
20.08
15.06
20.22
10.06
10.12
5.08
10.08
5.02
10.06
10.06
5.08
10.02
5.06
15.1
20.12
15.04
10.06
15.08
20.18
10.04
5.08
20.06
15.12
10.06
15.04
15.06
10.06
10.06
5.1
15.08
5.06
5.0
20.06
5.04
5.04
10.06
5.06
5.06
5.06
20.08
20.12
10.08
5.02
30.12
15.1
5.02
15.08
15.08
5.06
20.18
15.06
5.08
5.08
25.12
10.06
5.02
5.02
10.06
5.04
10.04
15.16
15.08
15.08
5.02
10.08
5.06
20.06
5.04
20.04
10.06
5.04
10.08
15.08
5.08
20.1
15.02
20.1
20.16
5.06
5.02
5.04
5.04
10.1
25.06
10.08
10.04
10.06
10.08
5.04
10.06
20.12
5.02
15.02
15.06
5.04
5.04
15.14
10.1
20.06
5.02
10.08
5.06
5.06
10.12
10.04
10.06
20.08
5.08
20.1
20.04
15.08
20.12
15.06
5.14
5.04
15.1
5.04
5.06
25.12
5.06
5.1
15.02
10.08
10.12
5.08
20.06
5.06
5.04
15.08
5.0
25.08
5.06
20.08
20.06
5.08
5.08
5.02
10.04
15.06
10.1
10.08
20.08
15.06
10.06
15.1
5.02
10.1
10.08
10.06
5.06
20.14
5.04
20.06
5.1
20.06
10.08
10.06
10.1
5.02
15.06
5.06
10.1
20.06
10.04
15.06
15.02
15.04
383.16
10.14
15.1
5.14
5.08
10.06
20.08
5.04
5.08
15.04
10.08
5.08
5.02
15.04
43.62
179.72
15.06
15.1
10.08
10.1
10.08
5.06
20.08
15.06
5.04
10.08
44.62
20.1
5.02
15.1
15.04
5.02
15.08
25.1
25.16
10.1
5.06
5.04
20.1
5.02
5.02
20.18
5.02
10.06
15.02
5.08
15.06
5.06
5.08
10.04
5.0
5.06
5.08
5.1
10.12
15.08
20.16
25.06
10.04
10.08
10.12
15.08
222.74
15.06
15.02
10.1
10.06
15.08
15.1
10.04
20.14
10.08
5.04
5.04
5.04
10.06
5.06
5.04
20.1
20.16
5.08
5.02
5.06
15.06
10.06
5.1
5.02
5.0
15.14
5.08
10.06
15.08
5.06
10.06
10.08
20.08
5.02
15.06
15.04
10.08
20.06
5.04
5.08
10.06
123.62
30.1
25.1
10.1
10.04
5.02
10.1
5.02
15.02
20.1
15.08
15.06
5.08
15.08
5.08
5.06
25.04
15.08
10.02
10.08
10.02
5.06
5.04
5.06
10.04
5.06
5.02
5.08
15.06
5.04
20.08
5.02
20.1
15.08
5.06
5.04
5.08
30.24
15.06
10.06
5.02
5.04
5.06
10.04
5.06
25.06
15.08
10.04
20.1
20.08
15.04
10.08
20.14
10.04
5.02
5.06
10.06
5.04
15.04
5.04
10.02
30.14
15.02
5.06
15.06
20.08
5.08
20.1
20.06
5.04
5.1
5.06
10.02
10.08
5.0
10.06
10.06
15.06
10.08
20.08
10.06
5.02
15.08
5.06
5.08
56.96
5.08
5.04
5.02
10.12
10.1
15.1
10.1
20.1
10.04
5.08
15.16
10.06
20.14
10.08
10.06
20.12
25.14
15.12
10.06
20.08
25.12
5.02
5.06
20.1
20.06
5.06
10.12
5.06
5.1
5.02
5.08
15.08
10.04
15.06
10.14
20.14
20.1
5.08
5.08
5.0
10.06
5.04
15.06
20.1
5.08
15.1
15.08
5.0
20.08
15.04
35.16
5.02
5.1
15.14
5.08
5.06
20.04
5.06
15.1
5.02
20.06
5.04
5.08
5.06
5.06
10.06
5.1
5.02
20.16
46.46
5.08
10.02
5.0
5.1
5.06
20.16
5.08
10.06
10.06
20.06
15.14
10.06
30.16
10.1
5.06
20.08
5.02
10.1
5.02
15.06
5.1
5.02
10.08
25.16
5.02
5.08
25.14
5.08
20.1
10.06
5.14
5.04
15.08
5.06
20.12
15.04
20.06
15.04
20.12
5.04
5.04
20.1
10.06
20.06
15.04
5.12
5.02
5.06
10.04
5.06
5.04
15.12
5.04
10.04
10.1
20.08
10.06
5.04
15.06
15.06
5.12
20.1
5.02
5.02
347.8
10.06
15.1
10.0
15.06
5.0
10.04
5.04
10.04
10.06
5.02
20.06
5.04
10.08
20.1
15.06
5.04
10.08
5.04
5.02
5.04
5.02
15.14
20.08
15.06
10.04
10.08
10.08
15.06
5.16
5.08
5.06
5.1
15.12
10.04
10.06
5.1
5.06
5.04
5.02
5.04
15.04
20.1
25.1
5.04
20.04
5.04
5.06
15.06
5.0
10.04
15.06
5.02
5.02
15.06
5.02
20.12
5.2
10.06
25.06
15.08
25.18
15.06
10.06
5.06
10.08
15.08
15.1
20.08
20.1
5.04
25.04
10.08
10.12
5.06
10.08
15.06
5.1
10.02
15.08
10.04
5.06
20.06
20.08
25.12
15.02
5.1
15.04
5.02
25.12
5.06
20.1
5.08
20.16
15.1
15.1
5.06
10.06
5.1
15.12
25.14
10.04
5.02
5.04
5.04
25.1
10.08
20.12
15.02
15.06
10.06
15.08
5.06
5.08
15.14
5.04
15.04
5.1
5.06
15.04
20.06
5.06
5.08
20.14
5.06
10.04
15.1
10.06
30.1
25.1
15.1
25.08
20.12
5.0
5.08
30.16
10.12
5.06
10.08
10.14
5.04
20.14
15.06
10.08
15.14
5.04
5.08
15.06
5.14
15.1
5.06
5.06
25.08
10.06
20.02
20.08
5.02
20.1
10.06
20.12
5.06
5.06
10.06
10.04
15.04
20.1
15.06
5.08
25.16
20.06
10.04
20.12
5.06
15.06
5.04
20.06
15.08
5.12
10.06
10.1
10.1
20.14
10.04
10.08
20.1
5.0
5.04
20.18
5.02
20.08
5.04
10.08
5.06
5.08
15.06
5.06
25.12
5.04
10.08
25.18
5.02
25.06
20.14
5.1
5.06
15.12
15.12
15.1
5.04
10.1
10.1
10.06
15.14
5.02
25.08
15.08
25.12
5.02
10.06
20.08
20.04
15.06
20.02
20.1
10.08
5.08
5.04
10.06
5.1
10.04
5.04
10.1
10.08
10.06
10.1
5.06
10.02
5.08
20.04
10.12
20.06
5.04
5.14
20.08
20.06
10.1
5.0
5.08
5.04
20.14
10.06
20.04
15.1
10.1
10.04
15.04
5.08
5.06
5.04
5.04
5.08
10.1
5.04
15.18
15.1
5.1
15.08
25.1
15.04
5.1
5.04
5.02
5.02
10.08
20.14
20.1
10.06
20.12
15.08
15.14
20.08
15.1
5.02
10.08
10.06
20.06
5.06
20.08
5.08
10.06
48.44
15.08
10.06
10.1
10.08
20.08
20.06
5.08
10.12
15.12
20.12
15.04
10.06
15.06
20.1
20.08
10.04
10.1
10.08
25.12
15.08
10.12
10.16
10.1
5.04
5.02
20.1
5.06
5.0
5.0
20.06
20.08
10.06
10.1
20.08
5.08
10.12
40.36
5.12
5.08
10.1
5.0
15.06
15.08
5.08
10.08
10.1
20.14
20.08
10.04
20.12
10.12
5.02
5.04
5.0
5.06
10.08
10.1
10.12
10.1
5.12
10.06
10.14
35.12
10.06
5.08
15.06
10.04
5.08
15.1
10.0
20.1
10.08
10.02
5.06
25.08
5.08
10.06
10.02
5.1
5.14
5.02
5.06
15.08
10.08
10.08
5.1
15.06
5.04
20.08
15.12
5.12
25.16
5.12
5.04
10.08
15.04
5.06
5.1
15.04
10.08
5.04
5.12
44.02
10.04
15.1
20.08
5.02
5.02
20.12
15.08
10.1
10.04
5.02
15.08
25.08
15.04
5.04
10.08
15.14
20.12
136.42
15.14
5.02
20.08
5.08
20.1
20.12
20.14
15.14
5.06
15.12
5.04
10.08
20.12
15.04
5.08
5.02
15.08
15.02
35.12
20.14
15.14
10.0
5.04
30.1
10.06
5.06
10.06
25.1
10.02
20.16
10.04
20.1
15.08
20.08
25.12
15.14
10.06
20.08
10.04
10.08
15.08
10.08
5.04
5.06
15.16
5.02
15.08
25.08
10.06
25.2
5.04
10.02
10.06
15.08
5.02
20.08
20.06
5.02
20.06
5.06
15.06
10.04
5.02
5.02
10.04
5.08
5.08
10.08
5.1
5.06
5.06
10.1
15.06
10.02
20.1
20.1
15.12
5.08
20.1
10.04
5.02
15.08
5.06
15.12
25.06
20.12
5.04
20.08
25.1
10.02
274.5
20.08
15.04
10.08
5.04
5.06
10.02
20.2
35.18
5.04
20.08
5.06
20.18
10.02
20.12
5.08
5.1
10.02
10.04
15.04
10.04
5.04
20.1
5.06
5.06
5.02
15.16
5.02
10.02
5.06
20.1
10.1
15.08
15.1
15.04
5.04
15.08
10.04
5.06
10.04
20.06
15.12
25.08
5.06
10.08
5.04
5.08
20.1
5.0
10.04
10.06
5.02
20.14
5.04
5.08
5.02
15.1
10.08
25.02
25.06
15.1
10.02
10.06
5.06
10.04
5.06
20.08
15.06
10.14
10.06
20.04
15.06
10.04
5.12
20.12
20.06
5.04
15.08
10.02
10.06
5.06
5.06
25.08
5.04
30.12
10.06
20.1
15.02
20.04
15.06
5.02
15.14
10.04
20.12
35.12
5.02
10.0
25.12
5.06
10.1
5.04
5.04
15.08
5.04
5.12
20.08
10.04
25.1
5.04
10.0
5.06
5.1
5.0
20.1
5.04
5.0
10.06
20.1
15.18
5.04
5.08
5.06
5.06
10.1
5.02
20.08
25.08
5.08
5.06
20.08
10.08
10.08
5.04
15.06
10.06
20.1
25.14
5.04
15.08
5.04
25.22
5.02
10.02
5.0
10.1
25.08
20.12
10.08
30.12
20.16
5.02
5.04
5.02
5.02
5.08
10.04
10.06
20.06
20.08
5.1
5.12
10.04
5.08
5.06
15.06
10.02
15.02
20.06
25.12
15.04
458.38
15.06
10.06
5.1
15.06
20.1
5.0
5.04
25.14
10.12
5.02
15.1
5.06
20.14
15.04
10.1
5.08
15.1
20.1
10.12
25.14
5.08
20.1
10.08
5.08
10.06
20.06
5.0
10.1
15.04
15.08
20.14
5.04
10.04
5.02
20.18
5.06
10.08
5.08
15.12
13.0
20.06
5.04
15.06
15.1
5.1
5.04
5.0
5.16
10.1
10.06
15.1
5.06
5.06
15.14
20.14
5.08
5.08
5.02
15.14
25.16
25.1
15.04
25.06
5.08
25.1
5.08
10.08
5.02
5.02
5.08
15.06
5.08
15.08
5.06
5.06
5.1
5.0
10.08
5.02
25.1
20.16
15.08
15.08
25.12
10.08
5.08
5.02
5.06
5.04
10.04
10.08
5.04
15.02
5.0
5.04
20.12
10.08
5.08
30.08
10.06
10.06
10.04
5.14
25.12
20.12
15.12
20.1
10.06
10.12
25.16
25.06
10.18
5.08
10.06
25.1
5.06
5.1
5.0
15.06
10.06
5.06
5.02
20.12
20.08
5.08
15.08
10.08
10.12
20.12
5.02
25.08
10.06
20.08
5.06
10.06
5.0
5.06
10.08
5.06
10.02
10.06
5.02
15.06
10.04
5.06
15.08
15.12
25.16
16.04
5.02
10.04
5.02
5.04
25.18
5.02
25.06
15.08
25.08
5.08
20.08
20.04
5.06
5.06
5.1
10.0
20.1
10.08
25.14
5.04
10.06
15.06
20.04
5.06
15.08
15.06
5.04
10.08
10.16
15.06
5.06
25.1
25.04
20.06
10.14
25.08
10.06
5.04
5.04
5.02
15.04
10.04
10.04
20.12
10.1
53.08
25.12
5.04
25.14
5.06
15.1
20.06
15.06
5.06
45.02
5.06
5.02
25.22
558.06
10.06
10.04
25.06
25.14
10.08
20.08
10.02
10.08
10.02
5.02
25.06
10.06
5.0
10.04
5.04
15.08
15.02
10.06
5.06
15.1
20.08
15.08
15.08
25.08
10.06
42.14
25.04
5.14
20.14
10.08
25.04
15.16
15.1
20.14
5.1
10.08
5.04
20.06
15.06
10.0
15.04
5.04
5.02
5.08
15.12
10.06
5.04
5.12
10.1
5.04
20.08
15.1
25.12
15.06
10.02
5.08
15.1
15.02
10.06
10.02
15.06
20.1
20.1
10.06
5.06
5.08
10.04
5.06
10.02
10.08
10.02
10.06
10.02
10.04
5.12
5.04
10.06
10.02
25.16
5.02
20.14
15.08
62.04
10.06
5.0
5.0
10.1
5.02
20.08
20.1
5.0
5.12
15.06
10.06
5.04
10.06
5.02
15.1
5.08
20.12
20.08
10.12
15.1
15.12
20.06
15.04
5.1
5.1
20.1
10.12
15.08
10.08
20.08
20.1
20.08
15.08
25.1
5.06
30.12
15.18
20.08
5.04
15.08
10.08
10.06
10.1
5.06
5.04
5.04
10.04
20.1
5.08
15.04
5.06
5.08
10.0
20.1
30.2
20.2
20.06
15.08
10.1
20.16
10.06
10.12
25.1
10.1
15.04
10.04
10.06
5.1
5.06
5.1
20.12
20.1
10.06
20.04
10.06
10.1
25.08
5.14
20.06
20.08
10.08
10.08
15.04
20.14
15.06
10.0
10.06
5.02
5.06
10.02
15.04
15.1
5.02
5.06
10.08
15.08
5.04
5.04
10.02
15.04
5.1
10.04
15.08
15.1
25.08
15.16
15.1
15.02
5.1
20.08
30.12
10.02
5.06
10.08
10.06
20.1
15.12
10.04
5.08
5.02
25.16
10.06
5.04
5.04
5.1
5.02
5.12
10.1
20.06
20.06
20.08
25.1
5.02
15.12
10.1
10.12
20.06
25.06
10.1
10.1
15.06
10.08
15.1
5.08
5.06
10.04
5.08
15.06
15.08
20.06
5.04
15.04
5.1
10.02
15.02
10.12
20.08
5.06
25.04
20.1
25.1
5.04
15.04
5.1
10.06
5.06
25.08
20.08
20.08
5.02
5.04
25.14
5.06
10.06
10.06
20.08
20.08
5.06
5.04
20.1
20.08
15.06
15.06
10.1
5.06
10.08
15.06
15.04
5.08
10.06
20.06
5.04
10.04
5.08
15.04
10.06
10.04
15.12
10.0
5.02
15.12
20.06
10.06
20.16
5.08
20.04
10.1
15.08
25.12
15.16
20.06
5.04
25.12
20.06
10.04
5.02
10.14
15.06
15.14
5.04
10.12
25.1
10.06
10.16
20.06
10.1
5.1
10.04
15.06
5.06
20.08
10.08
15.06
10.1
5.04
15.08
5.0
20.06
15.04
10.04
5.08
5.08
20.04
5.04
15.06
20.1
10.12
20.1
20.06
5.04
20.08
5.0
5.06
25.08
10.02
10.0
5.04
10.06
10.06
5.1
15.08
20.14
10.06
10.14
15.06
10.04
15.08
15.06
10.06
20.04
5.02
20.08
25.12
10.04
5.06
5.02
20.06
10.1
20.08
20.1
20.08
25.1
10.06
5.0
5.06
5.02
5.04
5.06
20.08
10.0
5.02
10.12
41.56
10.02
15.06
190.02
10.12
5.12
5.02
5.12
25.08
20.06
5.08
5.02
20.1
5.02
5.02
20.08
25.1
5.1
10.08
20.18
15.08
25.08
20.08
25.1
5.02
10.06
10.12
10.06
5.02
5.08
10.08
15.08
5.0
5.02
15.06
10.1
20.08
5.06
5.04
5.02
5.08
5.12
5.0
15.08
15.04
5.0
5.1
10.12
5.06
10.04
10.1
5.08
10.0
15.08
20.12
5.06
20.08
10.16
5.06
15.06
25.24
25.1
5.04
5.04
5.02
10.04
10.08
5.04
5.04
10.1
10.04
15.06
20.06
5.02
10.2
10.04
10.08
20.04
5.0
15.02
20.08
15.08
15.06
5.02
20.1
10.1
5.04
15.1
20.06
5.08
5.06
10.04
5.16
5.08
15.14
10.12
15.06
20.08
25.08
25.04
5.06
20.08
5.06
10.1
10.04
10.06
5.06
10.06
10.04
25.08
25.08
10.04
10.1
5.02
10.12
20.1
5.06
15.04
15.08
5.02
20.08
20.12
20.06
5.04
20.08
15.06
5.1
20.08
20.14
5.06
20.06
20.06
5.08
15.06
5.02
10.06
10.06
20.12
20.06
25.06
5.04
20.1
20.12
10.08
15.12
20.04
20.08
25.06
5.02
10.04
35.12
10.06
15.08
5.06
10.08
15.08
5.06
5.06
5.14
5.12
20.08
10.12
10.06
5.08
10.04
5.04
5.02
5.02
15.06
5.06
15.1
10.04
5.08
15.08
10.08
15.14
5.1
5.04
5.04
5.04
10.02
20.12
15.08
15.1
5.0
5.04
5.06
10.06
5.08
5.04
5.02
10.08
5.06
5.02
10.06
15.06
20.08
20.08
5.04
10.1
15.06
5.08
25.08
5.02
15.14
15.08
5.02
15.16
5.1
5.0
5.08
5.0
10.04
20.12
10.08
15.14
15.08
15.04
5.08
10.08
20.1
20.1
10.02
15.12
20.06
5.02
5.04
10.08
15.14
5.04
5.08
20.14
10.04
5.1
25.08
20.1
5.08
10.04
20.1
5.04
10.08
15.04
15.08
10.08
20.08
20.1
5.1
10.06
20.1
5.04
10.14
20.16
20.1
15.2
5.02
5.04
10.12
10.08
20.1
5.06
10.0
15.1
5.06
20.12
5.1
10.14
25.12
25.1
42.56
10.02
10.12
5.06
25.12
15.04
20.06
10.12
10.12
15.1
15.1
10.04
5.08
15.12
20.06
5.04
5.04
15.1
20.06
5.0
25.26
5.06
10.06
20.08
10.1
5.04
15.06
20.06
20.06
5.14
5.04
15.04
20.08
15.08
50.76
5.06
20.14
5.0
15.1
10.08
15.08
20.06
20.06
10.08
30.12
10.16
15.04
15.12
5.02
20.06
20.08
5.02
20.1
20.12
5.06
15.02
5.06
20.14
20.1
5.02
20.18
10.04
5.06
5.04
5.04
5.06
25.08
5.06
15.06
15.08
5.08
15.16
5.06
10.04
15.16
15.02
10.06
10.02
10.06
20.12
5.06
25.08
5.08
15.14
5.1
5.04
10.08
10.02
5.08
5.02
10.1
5.12
5.02
20.06
15.12
15.14
10.04
5.02
20.06
5.08
10.12
10.02
25.12
5.02
10.08
10.08
10.04
10.04
5.06
20.14
5.08
15.12
5.06
20.08
15.1
25.12
10.1
15.1
10.12
20.1
5.04
5.04
20.12
5.02
10.08
10.08
25.06
10.1
5.08
10.04
10.08
15.06
5.08
15.1
5.02
5.1
15.04
5.14
10.04
10.14
10.04
15.06
20.06
5.04
20.1
10.06
5.02
10.08
10.16
5.04
10.08
10.1
30.1
10.1
25.14
10.06
10.04
15.08
15.26
5.02
25.1
20.12
10.06
25.08
15.06
5.02
5.08
5.08
20.06
5.06
15.04
15.06
5.04
10.08
5.04
10.1
5.04
25.16
10.04
15.06
10.16
5.04
15.08
15.1
10.06
5.04
30.18
20.04
5.08
25.06
10.08
15.08
10.04
5.04
5.06
20.02
5.06
30.12
15.04
20.08
25.1
5.06
5.1
10.12
5.06
5.02
10.02
25.1
20.06
25.14
10.08
15.08
5.1
15.08
20.06
20.08
20.06
20.06
10.08
10.1
20.1
5.04
5.1
15.08
10.06
15.06
15.1
20.14
5.02
15.08
5.02
5.08
10.04
20.1
20.0
10.1
20.08
10.06
5.06
10.04
15.1
15.08
10.04
5.08
20.04
15.06
5.04
15.16
5.08
5.02
20.06
25.1
5.1
15.08
5.08
20.12
5.02
10.08
5.06
5.1
25.08
10.08
25.08
15.1
10.02
10.06
5.12
20.14
10.06
25.12
15.08
5.04
15.08
5.02
10.06
5.08
20.14
20.14
5.08
5.02
10.04
5.12
5.14
15.12
20.04
5.04
20.1
10.12
15.12
10.04
10.06
25.14
5.04
20.1
5.06
40.16
5.04
20.08
10.06
15.12
20.1
20.16
5.06
5.02
10.08
10.04
5.14
5.08
10.0
5.04
5.08
5.04
5.06
15.08
25.12
20.12
15.08
5.04
10.06
15.12
5.04
20.1
25.14
5.06
15.1
15.12
5.02
10.06
10.14
5.08
20.08
10.08
10.14
20.08
10.08
10.08
20.12
10.08
5.02
5.06
20.12
15.08
20.1
10.06
20.1
10.02
10.04
5.02
10.06
20.04
15.1
5.12
15.06
15.06
15.08
10.14
5.08
15.02
25.14
20.1
20.06
5.06
10.08
15.08
15.02
10.1
15.14
15.16
5.02
15.08
5.06
5.06
15.08
15.1
20.1
5.04
20.08
10.1
5.02
5.0
20.1
5.02
20.02
20.02
15.1
5.08
15.1
10.02
5.06
5.1
10.14
15.08
25.16
15.06
20.06
10.08
10.04
10.02
15.12
5.06
10.1
20.02
5.18
15.1
20.1
5.0
20.06
5.0
20.1
5.04
10.04
15.14
10.06
25.1
5.1
20.1
5.02
5.02
25.18
5.08
25.08
15.08
10.0
15.08
10.14
10.16
5.06
15.04
15.06
15.02
20.1
25.12
5.06
15.16
15.04
20.06
10.04
10.04
10.06
15.08
15.1
25.04
15.04
15.1
20.14
15.12
5.06
15.04
20.1
5.0
20.1
5.1
5.04
5.02
5.08
5.08
10.06
20.04
15.1
5.08
5.08
5.04
10.08
5.06
20.06
5.1
20.16
15.06
15.06
15.06
20.16
25.14
5.08
5.02
20.12
5.06
5.12
10.1
20.04
15.08
10.02
20.1
5.06
37.82
20.04
10.1
5.04
30.1
5.06
15.06
5.02
20.04
15.06
5.04
10.06
20.06
15.1
5.0
5.04
15.1
15.06
25.16
15.1
20.06
5.08
5.0
10.06
15.08
20.08
20.1
5.04
20.08
5.16
15.12
10.08
5.04
5.08
10.06
5.04
5.1
5.08
10.06
5.04
5.04
10.04
20.04
15.08
15.06
5.1
5.04
25.12
10.06
5.04
15.14
20.06
5.1
20.12
5.08
20.06
10.04
10.06
10.02
30.1
10.1
5.04
25.08
5.02
20.08
5.08
15.08
10.04
25.06
15.04
5.06
5.08
15.2
20.08
5.0
10.06
10.02
25.14
15.06
30.12
10.04
25.12
10.08
15.08
15.06
15.12
15.08
20.06
15.04
5.02
5.02
5.02
5.06
10.04
10.08
20.1
10.04
5.02
5.0
5.04
5.0
10.04
10.06
10.04
20.06
10.06
5.04
5.08
5.08
5.1
10.06
20.16
20.12
15.04
20.24
5.06
5.08
25.08
10.08
10.1
5.08
30.12
15.06
5.06
20.12
10.06
5.14
5.1
10.04
15.08
5.12
5.08
20.18
10.06
5.08
15.06
5.06
10.04
5.06
15.08
5.02
5.02
5.08
10.08
5.02
10.04
10.1
15.08
10.04
15.04
5.1
15.08
5.02
25.08
10.06
15.12
10.08
5.08
10.04
25.1
20.1
5.04
10.08
5.02
10.06
10.04
20.1
10.08
5.04
25.22
20.14
15.08
25.02
5.04
20.14
10.04
20.16
10.02
5.1
15.06
20.08
20.18
5.04
10.04
20.06
5.02
5.02
20.18
5.02
15.04
20.1
5.08
15.1
15.1
15.12
15.16
10.04
10.08
25.1
10.08
5.08
10.1
5.0
15.1
5.1
15.04
5.06
15.1
15.08
10.12
15.18
5.06
10.06
5.06
5.04
5.08
15.08
5.08
20.02
5.1
20.04
5.04
10.1
5.02
20.14
15.04
10.1
10.04
30.16
10.16
15.12
5.04
5.08
5.02
5.0
20.08
20.14
10.04
5.04
15.08
10.06
15.04
20.06
10.04
25.1
20.1
10.1
25.16
10.04
20.1
10.1
5.08
5.04
5.1
25.12
5.12
20.08
20.1
20.04
10.08
5.02
20.06
5.02
20.1
5.06
10.06
10.04
20.08
10.06
5.04
10.1
10.06
10.04
10.02
5.04
20.08
5.1
15.04
10.06
20.08
5.02
10.06
10.08
15.04
15.12
10.06
10.02
15.08
5.04
15.04
25.2
10.14
15.04
5.1
20.16
25.08
10.08
20.08
5.04
10.04
10.08
5.04
5.04
5.08
10.12
20.02
5.06
15.06
5.06
20.08
15.14
10.02
20.08
5.08
10.08
5.04
5.04
5.08
40.18
20.08
10.06
25.1
15.04
5.06
20.08
10.06
5.04
5.06
10.02
5.04
25.22
10.02
5.08
10.14
15.06
10.08
20.12
15.1
15.14
5.08
10.08
5.12
15.08
5.08
10.04
15.08
10.1
10.04
5.06
20.12
5.04
10.1
10.06
5.04
5.08
5.04
10.04
20.16
10.08
20.12
10.08
10.04
25.16
10.18
10.08
5.08
5.02
5.1
5.04
15.06
25.16
10.18
10.06
5.06
20.1
5.04
25.14
5.04
10.06
15.06
10.06
15.08
20.06
5.12
5.0
15.12
10.06
10.06
10.14
10.04
25.06
10.1
5.04
5.02
10.08
10.06
10.12
5.06
10.08
5.02
25.1
15.08
5.02
15.06
25.1
10.08
10.06
10.1
5.06
10.14
20.1
5.1
10.0
10.02
15.18
20.12
10.04
15.26
10.12
10.06
10.02
5.08
10.12
5.08
5.02
15.04
5.04
25.16
10.04
5.06
20.08
5.08
5.04
10.06
10.12
10.08
20.08
5.02
15.14
5.08
5.04
10.0
10.06
15.1
20.08
25.12
10.18
10.06
10.06
20.1
10.06
5.06
5.04
15.06
5.08
5.02
10.06
20.08
10.1
5.02
20.06
20.08
20.04
20.06
5.08
5.04
5.04
5.08
15.12
5.14
20.12
10.04
15.1
5.04
5.04
5.04
20.04
15.06
15.06
5.04
30.16
20.14
10.04
5.08
5.06
5.04
10.08
10.06
5.06
5.02
25.12
20.08
25.1
10.14
5.04
10.04
5.06
5.04
20.12
10.1
10.04
10.0
10.04
5.04
10.06
15.12
10.06
20.12
5.04
5.08
20.1
25.04
25.18
15.1
20.1
20.12
15.1
25.12
10.08
10.08
5.04
15.1
30.14
20.04
10.06
25.06
5.02
20.06
20.08
5.08
5.06
5.2
10.14
15.06
15.04
5.04
5.06
15.08
5.04
15.18
10.1
10.06
15.06
20.06
20.08
15.1
10.06
10.06
10.04
10.1
15.12
20.1
10.0
5.02
25.08
5.04
5.08
5.08
25.08
5.12
20.04
10.06
25.08
5.06
20.06
20.1
10.08
20.04
15.12
10.06
10.04
15.1
5.0
5.04
10.04
5.08
15.08
10.08
15.1
5.06
20.06
5.08
15.04
5.04
25.1
5.02
20.06
5.06
15.1
15.06
10.1
5.02
5.04
5.06
10.04
5.04
20.14
10.04
5.08
15.08
20.12
10.04
10.04
5.02
20.1
15.04
15.1
20.0
5.06
5.04
5.04
10.08
5.0
5.1
20.12
20.08
5.08
5.0
15.06
5.08
5.08
5.1
10.08
5.02
20.06
10.04
10.06
20.18
20.14
5.08
20.1
15.06
5.04
10.06
10.04
5.08
5.1
5.04
20.06
10.06
15.18
10.06
10.04
10.04
5.02
10.08
15.02
10.1
10.06
10.12
5.04
20.1
5.08
5.06
20.06
15.12
15.06
15.02
10.06
10.02
10.08
10.08
5.1
5.06
10.08
41.3
25.06
5.12
15.06
5.06
10.08
10.04
5.14
25.12
20.08
10.1
20.08
5.06
5.04
15.1
5.04
10.08
10.04
5.04
20.08
5.06
5.04
15.1
10.06
10.16
20.16
15.04
5.04
25.16
20.1
10.14
10.12
10.08
15.0
5.08
10.1
10.08
25.12
15.08
20.12
20.02
25.14
20.18
5.02
5.06
15.04
15.02
10.08
25.08
10.06
10.14
15.14
5.08
25.06
25.1
20.06
20.08
10.08
5.02
15.06
5.16
5.06
15.02
10.1
10.1
10.02
5.04
5.08
10.1
15.1
20.12
25.1
10.06
5.04
5.08
25.08
5.08
10.06
10.06
20.04
15.08
20.12
5.02
5.0
5.04
5.14
10.04
5.0
5.06
10.1
10.02
15.12
10.02
10.08
15.06
25.1
5.04
20.16
5.06
20.06
5.1
5.02
15.1
10.08
5.02
20.1
5.08
5.08
15.08
20.1
20.08
5.04
5.08
20.06
5.06
15.12
10.08
5.08
10.06
15.14
5.0
10.06
25.1
10.08
10.06
7.16
10.06
25.1
10.08
10.06
15.12
5.08
10.06
15.08
5.1
10.06
20.08
5.0
20.12
5.06
10.04
15.16
15.02
5.04
5.12
15.08
5.08
5.1
25.08
15.06
20.08
15.14
5.04
5.04
10.06
25.1
15.08
5.02
5.06
5.06
20.06
25.1
5.04
5.06
15.12
5.06
5.02
10.12
10.1
5.12
10.04
25.12
5.06
5.04
15.12
15.08
10.08
5.06
10.0
5.1
25.1
15.08
15.04
10.02
15.06
10.1
20.16
5.04
5.04
5.06
20.06
20.2
10.04
10.06
10.02
10.06
5.02
15.12
5.04
5.08
10.04
5.06
5.04
20.04
25.12
10.08
20.06
20.08
15.08
15.08
10.04
25.06
5.04
10.04
5.08
15.04
25.1
10.14
15.08
20.12
10.08
10.02
20.02
20.08
10.06
15.12
10.18
15.1
20.06
20.06
10.02
10.04
5.1
15.12
5.04
10.04
5.06
5.02
10.08
20.14
5.02
10.12
20.06
15.12
20.02
5.0
5.06
20.12
5.04
10.04
5.08
15.1
10.06
15.16
15.04
5.08
5.04
5.0
20.14
15.04
5.0
5.06
10.08
20.16
15.12
5.0
5.02
10.06
10.1
5.02
20.06
5.04
20.08
5.06
20.1
20.12
25.1
10.16
25.1
5.04
15.1
20.06
20.04
25.1
10.08
20.2
20.06
10.02
15.06
20.12
20.12
5.08
5.04
5.04
15.06
5.0
15.1
5.02
15.16
25.08
10.02
15.02
20.12
10.08
5.04
15.1
15.06
5.02
20.06
10.08
5.06
5.02
15.02
10.08
15.12
15.06
20.12
5.08
10.1
15.08
10.04
20.18
25.14
5.0
20.1
5.08
10.06
10.08
10.02
20.06
25.1
5.02
5.02
5.02
20.16
10.08
10.06
5.04
20.1
10.04
20.14
5.06
15.04
25.16
15.14
5.04
10.12
20.12
5.0
10.06
5.08
10.06
10.1
10.1
5.04
5.14
15.06
10.18
10.04
15.06
25.1
5.06
5.08
5.08
10.16
5.06
10.12
5.06
15.14
10.06
5.04
10.1
5.18
5.02
10.06
15.04
5.02
20.1
5.04
15.06
5.04
10.04
15.08
10.0
5.04
5.12
5.0
5.12
5.12
5.02
10.08
10.04
25.16
10.04
10.06
5.08
10.04
15.14
15.06
20.1
25.06
15.14
5.06
25.14
45.9
10.16
10.06
10.08
5.1
15.1
5.06
5.08
20.04
15.06
10.1
5.08
15.08
20.06
10.04
20.04
5.06
5.02
5.02
15.08
10.12
20.08
15.06
10.1
10.14
10.08
5.06
5.14
10.08
5.06
10.12
15.12
15.06
5.06
15.04
10.06
20.56
25.1
15.02
15.04
20.06
10.1
50.12
10.08
20.02
10.1
15.06
15.1
5.06
5.04
5.02
20.1
10.04
25.12
10.1
15.04
10.06
5.04
5.08
5.02
15.1
25.14
5.04
5.04
5.08
10.06
5.1
10.0
20.18
5.1
5.02
25.08
20.08
10.08
10.02
10.04
15.1
15.12
5.02
15.08
5.04
15.06
5.02
10.12
5.06
20.1
15.06
5.02
10.08
20.06
5.0
15.08
5.02
20.04
10.02
20.08
20.08
15.08
10.1
20.06
20.1
15.06
5.04
25.08
10.08
5.02
5.04
15.08
10.14
10.06
15.12
15.08
5.06
5.02
5.06
5.06
10.08
5.02
25.1
15.06
10.22
10.06
5.12
10.04
5.04
25.06
10.08
10.06
10.08
10.02
10.06
5.02
5.04
5.1
10.1
15.12
10.04
5.06
5.06
10.06
5.06
20.14
5.0
10.14
10.06
5.08
15.1
5.1
15.12
15.16
10.04
10.06
5.1
5.1
10.06
5.06
10.06
20.12
20.08
15.06
5.06
5.08
20.08
25.16
20.06
5.06
20.1
25.12
5.0
15.12
15.02
20.14
25.08
5.0
5.06
20.1
5.06
15.08
10.02
10.08
5.06
10.0
5.12
15.12
15.12
10.02
5.02
5.04
5.14
5.0
5.06
5.06
15.1
5.04
5.04
5.02
20.08
15.06
20.1
5.02
5.1
5.1
10.06
15.08
5.02
10.12
10.08
15.06
15.12
5.0
20.14
5.02
10.1
15.1
10.06
25.12
20.08
25.1
10.08
5.08
52.64
15.06
10.1
15.06
5.04
15.08
10.04
10.04
5.08
10.04
25.12
32.42
20.1
15.1
20.04
10.08
15.1
5.02
5.02
5.06
20.06
5.04
15.1
5.06
5.02
15.1
20.1
15.1
10.06
5.06
10.04
5.06
25.12
5.04
15.16
5.04
15.06
10.04
20.12
10.06
10.08
15.08
10.04
15.08
5.04
15.1
5.04
10.06
10.06
10.06
20.08
10.04
25.12
5.02
5.06
5.1
5.06
5.12
10.08
15.04
5.04
10.06
5.02
10.04
5.06
20.08
20.16
5.02
15.06
5.08
20.08
20.14
15.06
15.04
10.06
45.24
256.58
25.08
20.08
15.1
10.08
10.06
5.06
25.02
15.06
20.08
5.04
20.08
15.06
5.06
5.02
25.08
10.08
15.1
10.06
5.0
20.12
5.06
5.02
20.06
5.0
10.08
15.08
10.02
10.04
10.06
20.04
25.08
5.04
5.0
5.0
25.14
20.12
5.02
5.1
10.04
5.04
25.1
15.14
10.08
10.1
15.04
25.1
15.14
5.04
5.04
15.08
15.02
10.1
15.06
5.04
5.06
5.08
20.1
5.0
5.08
5.12
15.06
49.0
15.02
10.08
5.08
15.1
15.1
20.14
25.12
5.02
5.08
10.04
10.04
20.1
20.02
30.08
20.08
5.1
10.14
5.04
5.06
5.08
5.02
10.04
10.04
20.06
5.04
5.06
10.06
10.0
10.1
5.06
10.08
5.08
5.04
25.06
25.06
10.12
10.12
10.06
15.06
5.04
20.1
5.08
10.06
10.06
10.06
20.1
10.1
10.06
15.1
15.04
15.12
5.04
5.04
10.02
20.2
5.04
10.04
20.08
5.02
15.08
5.02
5.04
5.04
20.12
5.04
15.04
20.16
10.04
20.12
20.06
10.08
20.08
15.1
10.04
5.06
5.0
20.12
10.1
5.02
20.06
10.04
15.1
10.1
15.12
10.08
20.1
5.06
5.02
10.04
15.06
5.12
20.08
5.08
5.08
10.1
10.06
10.04
10.04
10.08
5.02
10.08
15.04
15.02
15.06
5.12
5.08
10.04
15.12
15.04
20.06
10.06
25.1
15.06
5.06
5.02
15.06
5.04
5.02
5.02
5.08
20.1
5.04
15.04
5.02
10.12
15.1
25.12
25.14
15.08
5.04
5.0
20.04
15.06
15.06
25.1
10.04
25.06
15.04
5.04
5.06
20.02
