20.1
25.166667
20.066667
21.3
10.033333
5.0
30.033333
5.033333
10.1
5.066667
10.066667
10.0
5.033333
10.166667
20.066667
5.033333
15.0
25.0
15.0
5.0
10.066667
20.166667
5.0
20.1
5.0
20.0
20.1
10.066667
10.0
15.0
5.0
10.1
20.066667
25.1
20.1
15.0
20.033333
25.133333
18.666667
214.133333
10.0
41.466667
25.2
15.0
15.0
25.1
10.1
15.1
5.066667
20.133333
15.066667
15.033333
5.0
15.066667
25.1
25.0
5.033333
5.166667
15.0
5.066667
15.033333
5.0
10.066667
5.033333
5.066667
10.1
5.0
5.0
10.0
5.033333
15.1
10.033333
15.166667
5.0
5.0
15.033333
5.033333
5.033333
5.1
15.1
5.066667
20.3
5.0
5.066667
20.166667
5.033333
25.066667
10.1
5.1
10.033333
10.033333
15.1
5.0
15.033333
5.0
20.233333
15.066667
5.033333
10.066667
15.0
5.033333
20.066667
5.0
10.033333
25.133333
5.033333
5.0
20.166667
5.033333
15.066667
10.1
25.033333
15.066667
20.0
26.133333
25.2
15.066667
5.0
25.2
5.033333
10.133333
10.033333
20.0
5.033333
5.0
5.066667
10.033333
15.066667
10.0
20.0
10.0
20.0
20.033333
10.033333
10.233333
10.2
5.033333
14.533333
5.033333
20.066667
5.033333
5.066667
25.1
5.066667
5.0
10.1
5.033333
10.0
15.066667
15.033333
5.1
15.166667
20.033333
15.0
18.666667
20.1
25.066667
10.2
5.166667
10.0
5.0
15.1
10.1
15.066667
20.133333
5.0
20.066667
10.0
5.0
10.033333
10.033333
10.066667
10.033333
15.0
15.033333
10.033333
5.033333
15.133333
25.033333
5.1
5.066667
15.066667
20.066667
10.0
5.033333
25.066667
5.033333
5.033333
15.033333
10.1
25.1
5.033333
15.066667
10.066667
10.033333
5.0
25.066667
20.933333
20.1
5.1
15.033333
10.1
15.0
10.1
31.366667
5.0
5.0
20.066667
10.033333
20.033333
35.066667
5.0
15.0
20.033333
20.066667
5.033333
5.066667
25.0
10.066667
5.0
10.1
10.133333
10.0
5.066667
10.033333
10.066667
10.133333
5.1
10.033333
10.1
25.2
20.166667
25.033333
10.1
5.066667
25.033333
5.066667
10.0
10.033333
5.0
10.066667
10.0
10.066667
20.533333
5.0
10.033333
5.033333
15.033333
19.5
20.0
5.0
15.1
10.0
10.033333
20.0
15.0
10.0
5.066667
10.033333
5.066667
15.1
5.133333
5.1
5.0
10.0
15.0
5.1
10.1
22.166667
15.066667
20.033333
20.066667
20.066667
5.166667
5.033333
5.066667
5.033333
20.033333
15.033333
15.1
20.0
15.1
5.066667
5.033333
25.066667
25.1
5.066667
5.0
10.066667
15.0
25.533333
10.1
20.066667
20.133333
5.033333
20.033333
10.0
25.1
5.033333
5.0
5.1
10.066667
20.2
5.033333
5.0
10.1
25.566667
5.1
20.0
10.033333
10.066667
20.0
5.066667
10.066667
20.066667
5.1
5.066667
5.0
10.066667
10.133333
5.033333
5.066667
5.0
15.033333
15.2
5.033333
15.1
5.066667
30.133333
10.033333
15.1
20.0
15.033333
10.0
10.033333
5.1
10.1
10.033333
15.033333
20.066667
15.033333
15.0
15.1
20.066667
20.066667
5.133333
5.1
5.033333
15.066667
5.033333
25.133333
5.0
10.033333
5.1
10.033333
5.066667
5.033333
10.1
5.033333
5.033333
15.266667
20.066667
5.066667
5.1
10.0
15.133333
5.033333
15.066667
15.066667
15.033333
20.033333
15.033333
5.066667
5.0
20.133333
5.033333
15.033333
20.033333
5.0
20.033333
5.0
5.133333
10.033333
5.0
5.033333
15.033333
20.133333
10.066667
5.066667
10.066667
15.1
20.033333
5.1
5.033333
20.066667
5.066667
20.0
10.033333
5.033333
10.1
20.0
5.033333
10.1
10.033333
5.0
5.1
10.033333
27.066667
15.0
10.033333
19.533333
10.1
15.066667
5.033333
5.0
25.033333
25.033333
15.033333
5.133333
10.066667
10.066667
5.066667
10.033333
20.133333
5.033333
5.066667
15.233333
5.1
5.0
10.033333
10.133333
20.066667
15.066667
5.0
5.033333
20.1
10.033333
20.066667
15.033333
15.033333
5.1
10.066667
15.033333
15.0
15.0
5.0
15.033333
10.1
20.0
5.0
5.0
5.033333
10.033333
20.133333
5.033333
15.133333
10.0
20.133333
20.133333
5.033333
10.033333
10.0
15.066667
5.066667
15.233333
20.066667
26.333333
5.033333
20.133333
5.0
5.066667
10.066667
20.3
26.2
5.033333
5.0
15.066667
5.0
15.166667
5.0
15.1
10.066667
5.0
25.2
5.1
5.1
5.033333
15.1
5.0
15.066667
25.066667
20.066667
15.066667
10.0
15.066667
5.0
15.133333
15.066667
10.033333
15.1
15.0
5.0
15.033333
15.0
5.066667
15.033333
5.233333
5.0
20.2
15.066667
5.0
10.0
5.033333
25.033333
20.633333
20.266667
15.0
20.033333
15.066667
20.0
5.066667
20.033333
5.033333
18.533333
5.066667
5.133333
5.033333
15.933333
10.0
20.066667
10.166667
20.066667
20.033333
15.066667
5.066667
5.033333
15.2
10.066667
10.066667
10.0
10.0
10.133333
10.033333
5.033333
10.0
5.0
5.033333
10.0
5.0
20.033333
20.166667
5.066667
10.1
20.133333
20.033333
15.033333
20.133333
5.0
5.0
10.1
10.1
5.033333
10.066667
5.0
10.033333
15.1
25.066667
20.1
25.566667
10.066667
15.066667
25.033333
5.066667
20.0
25.033333
35.0
15.033333
10.133333
10.033333
10.033333
20.033333
15.133333
25.033333
5.033333
5.033333
10.066667
15.033333
10.033333
5.0
20.066667
10.1
15.066667
5.066667
15.066667
25.066667
5.1
15.166667
5.066667
20.133333
20.166667
20.033333
20.066667
5.066667
20.066667
15.066667
5.033333
10.033333
5.066667
25.066667
20.1
5.133333
5.033333
15.033333
15.066667
10.066667
5.066667
5.033333
5.0
10.033333
10.033333
10.066667
10.0
5.033333
10.066667
25.066667
10.033333
10.066667
5.0
15.033333
10.0
15.233333
25.0
20.1
10.1
10.066667
5.066667
5.0
25.2
5.0
5.0
25.033333
5.033333
10.066667
20.0
10.0
15.2
10.133333
5.033333
15.133333
10.033333
15.066667
5.066667
20.166667
25.133333
5.033333
15.0
25.066667
5.033333
20.066667
5.0
15.1
25.033333
5.033333
5.066667
10.066667
5.0
20.1
5.033333
15.033333
20.066667
15.0
20.0
5.1
10.0
10.0
5.0
5.033333
5.0
5.033333
5.0
5.0
20.066667
10.0
10.033333
10.1
5.066667
15.133333
10.066667
5.033333
10.066667
5.033333
5.0
5.066667
5.0
20.133333
5.033333
10.066667
25.066667
20.866667
5.0
15.033333
5.033333
5.133333
15.1
5.033333
10.066667
10.033333
20.033333
5.033333
20.066667
20.0
10.033333
5.033333
5.033333
5.066667
15.033333
10.066667
20.066667
15.2
5.066667
15.066667
15.066667
20.0
25.033333
5.0
10.1
15.066667
10.0
5.066667
10.2
5.066667
5.0
5.066667
5.1
15.033333
15.2
20.0
10.166667
5.033333
15.0
20.066667
5.1
26.566667
5.033333
20.133333
20.066667
20.333333
20.0
5.066667
25.0
25.066667
5.0
24.266667
10.5
20.066667
10.066667
5.066667
5.066667
10.033333
15.1
5.033333
5.0
15.1
5.033333
5.033333
25.133333
25.066667
25.033333
20.0
5.033333
5.033333
5.0
5.033333
20.0
538.8
10.1
200.066667
10.033333
10.1
5.033333
10.066667
5.0
10.066667
35.5
10.133333
5.0
5.033333
10.033333
15.066667
15.566667
20.1
10.033333
20.033333
20.133333
15.0
5.0
24.7
20.066667
5.0
25.166667
5.033333
15.033333
20.1
25.1
5.066667
5.066667
5.0
15.066667
15.066667
10.0
15.066667
20.1
10.033333
20.1
10.066667
10.033333
5.1
5.066667
5.033333
15.066667
5.066667
20.066667
10.033333
20.1
20.033333
10.166667
10.033333
15.166667
10.066667
20.066667
20.0
20.033333
10.066667
5.033333
15.066667
10.066667
10.166667
25.1
5.066667
15.0
5.033333
5.133333
5.066667
5.1
5.0
10.033333
5.0
10.0
20.133333
15.066667
10.066667
5.033333
5.0
20.366667
10.1
15.033333
5.0
15.066667
10.1
15.066667
25.033333
25.066667
15.066667
15.1
10.0
20.033333
5.1
5.066667
5.066667
5.033333
5.066667
10.1
5.033333
15.066667
5.1
15.0
5.0
20.0
10.033333
10.066667
5.0
5.0
10.066667
10.1
15.066667
10.033333
10.033333
10.066667
25.1
15.0
15.133333
15.166667
5.066667
10.033333
10.033333
20.1
20.033333
15.033333
5.033333
5.033333
15.066667
5.033333
5.033333
10.033333
15.066667
5.0
5.033333
5.033333
33.0
393.433333
10.066667
20.0
10.0
10.033333
25.033333
5.033333
10.1
10.033333
10.066667
5.066667
15.033333
20.0
20.0
25.166667
15.0
5.133333
20.033333
15.066667
20.033333
25.966667
15.2
10.033333
5.166667
5.033333
20.1
10.066667
10.066667
15.066667
10.1
10.133333
5.033333
5.066667
5.0
25.2
20.1
10.1
5.066667
5.033333
5.0
10.066667
20.066667
10.066667
5.0
5.166667
20.133333
10.233333
10.033333
10.033333
25.066667
20.033333
10.066667
20.0
15.066667
5.0
10.0
15.033333
5.1
15.0
20.166667
10.0
20.2
15.1
24.0
5.0
15.166667
25.0
25.1
10.0
5.1
31.8
5.0
10.066667
15.0
5.0
10.033333
25.066667
15.1
10.1
15.1
15.133333
20.066667
16.566667
20.066667
5.066667
20.1
10.1
10.1
5.033333
5.033333
20.066667
5.033333
10.066667
10.066667
5.066667
5.1
17.533333
20.133333
20.066667
10.1
20.1
25.1
10.0
5.1
20.066667
10.1
20.966667
5.0
5.0
5.066667
20.0
5.066667
25.1
20.1
10.033333
5.166667
30.066667
5.033333
5.3
15.1
5.1
5.1
10.1
5.1
20.033333
10.133333
10.0
15.133333
10.0
5.033333
15.0
10.066667
10.0
5.033333
10.033333
5.0
10.066667
5.066667
5.033333
25.1
5.066667
20.0
5.0
30.533333
15.033333
5.066667
15.033333
5.0
5.033333
15.066667
5.066667
5.066667
5.066667
15.166667
20.133333
10.0
15.033333
5.0
5.0
15.033333
5.0
10.066667
5.033333
5.033333
5.0
5.0
5.033333
5.0
5.033333
10.066667
20.066667
10.033333
10.0
10.033333
10.033333
5.1
10.033333
5.033333
20.1
20.066667
5.0
15.033333
24.233333
17.1
258.166667
5.0
5.0
15.033333
5.0
10.066667
5.0
10.1
5.0
5.033333
5.133333
25.066667
10.0
5.033333
10.033333
15.033333
10.2
10.1
5.0
20.0
25.066667
10.033333
20.166667
27.3
5.0
20.066667
10.033333
10.033333
10.166667
10.066667
5.033333
15.0
15.1
10.033333
20.033333
5.066667
5.1
5.066667
5.1
15.1
10.033333
5.1
20.166667
10.1
25.066667
5.066667
10.066667
10.066667
5.0
10.066667
15.166667
20.033333
5.1
5.033333
15.033333
15.033333
5.033333
20.1
10.033333
10.1
5.0
10.066667
10.033333
15.033333
5.033333
25.2
10.066667
15.033333
5.166667
15.066667
5.066667
20.0
5.066667
10.033333
20.066667
15.033333
15.066667
15.166667
5.1
10.033333
25.066667
20.066667
15.033333
5.033333
10.0
15.066667
10.066667
16.833333
10.066667
25.033333
15.066667
25.1
10.033333
5.133333
5.1
5.0
5.0
26.133333
5.066667
10.066667
5.066667
5.066667
5.0
5.066667
5.033333
20.066667
10.033333
20.033333
10.033333
5.266667
27.033333
5.066667
15.133333
5.066667
15.1
15.0
15.133333
10.066667
15.066667
10.0
5.033333
20.133333
5.1
20.1
10.066667
20.133333
10.1
20.066667
5.0
10.0
15.3
15.1
15.066667
10.033333
19.966667
20.566667
25.0
15.033333
20.066667
5.066667
20.033333
15.033333
5.166667
25.0
20.1
10.033333
25.033333
5.1
5.066667
25.0
5.0
5.1
25.033333
20.1
20.066667
5.0
10.066667
15.133333
5.1
25.066667
5.133333
10.033333
5.066667
5.0
10.1
10.033333
10.066667
15.1
10.0
5.0
15.033333
10.033333
15.0
25.133333
10.066667
15.166667
5.033333
15.066667
5.033333
10.0
25.1
20.066667
20.033333
5.0
15.2
5.066667
5.066667
10.0
10.033333
5.0
10.133333
443.9
20.0
25.2
5.0
5.166667
5.033333
10.1
5.0
20.0
24.433333
15.033333
5.066667
20.066667
10.166667
5.0
10.133333
15.066667
20.066667
15.0
15.133333
5.033333
5.066667
15.066667
5.066667
5.033333
5.066667
5.0
20.133333
15.0
5.0
5.033333
25.133333
10.1
25.166667
10.033333
20.166667
10.0
5.0
15.066667
10.066667
10.066667
10.033333
5.0
5.033333
10.133333
15.133333
20.066667
15.0
10.033333
5.2
10.0
5.033333
10.033333
10.066667
20.0
10.0
15.066667
20.1
15.033333
5.066667
25.066667
10.066667
15.033333
10.066667
10.0
5.0
5.133333
10.0
5.066667
10.1
5.033333
13.733333
5.0
10.066667
5.033333
10.1
10.033333
19.5
10.0
10.066667
25.166667
15.1
10.066667
15.1
5.133333
15.033333
25.0
15.033333
15.033333
10.0
5.133333
5.033333
10.066667
5.1
39.6
5.066667
5.0
5.066667
15.2
5.033333
10.066667
15.0
5.033333
10.066667
5.033333
5.033333
5.033333
15.066667
5.033333
20.133333
20.1
10.0
15.0
5.033333
5.066667
5.033333
5.066667
5.066667
25.033333
10.0
5.0
5.166667
15.066667
10.033333
15.1
5.033333
10.066667
15.033333
15.033333
5.033333
15.133333
10.033333
5.0
15.066667
5.033333
15.066667
15.033333
25.033333
5.033333
20.033333
15.033333
10.066667
5.0
15.033333
10.066667
5.133333
25.0
5.0
10.066667
5.033333
10.0
10.033333
10.0
20.1
5.0
10.066667
20.0
15.133333
15.033333
15.066667
5.0
20.033333
5.033333
10.1
5.0
10.066667
15.133333
5.0
10.1
5.066667
5.0
5.0
25.0
15.066667
5.033333
15.133333
10.1
5.066667
10.0
15.066667
10.1
5.033333
87.2
25.166667
15.2
30.133333
10.1
5.0
10.0
5.0
5.033333
5.0
10.0
5.033333
5.133333
5.1
5.0
10.0
15.066667
24.666667
5.133333
5.066667
10.1
15.6
15.1
25.0
25.066667
10.066667
10.033333
10.066667
10.033333
10.033333
10.1
5.0
10.0
20.066667
20.2
5.0
25.0
20.2
15.033333
5.033333
5.066667
5.033333
5.066667
5.033333
5.1
20.0
20.066667
10.0
5.066667
5.033333
15.066667
20.033333
5.066667
15.033333
5.0
5.066667
10.066667
10.033333
10.0
5.033333
15.066667
15.0
29.966667
10.0
15.033333
20.066667
10.066667
5.0
5.1
5.066667
5.0
20.066667
20.033333
10.0
27.533333
15.033333
5.0
20.033333
5.0
27.366667
25.0
15.1
15.233333
15.066667
10.066667
5.066667
5.066667
25.0
10.066667
5.066667
27.066667
15.2
5.0
5.033333
5.033333
15.1
15.066667
25.066667
5.0
25.066667
20.1
5.033333
15.0
5.066667
5.033333
5.0
5.033333
5.0
5.066667
20.133333
20.1
5.0
20.0
5.033333
5.0
10.133333
20.1
25.033333
5.166667
15.066667
10.0
5.066667
20.333333
10.033333
15.0
20.066667
15.0
5.133333
5.033333
15.1
5.033333
20.1
5.0
35.733333
5.0
20.6
10.066667
5.033333
5.033333
5.033333
15.1
5.1
10.066667
10.033333
10.066667
5.433333
20.0
10.133333
10.066667
5.033333
10.0
5.033333
10.033333
10.066667
10.0
20.233333
15.0
10.066667
10.0
10.033333
25.0
20.133333
5.033333
5.0
10.033333
15.0
25.033333
15.1
20.133333
10.033333
25.066667
10.1
10.0
21.0
5.0
5.066667
5.1
20.1
5.066667
10.066667
15.1
10.066667
15.033333
16.3
5.0
5.033333
5.1
20.133333
20.033333
5.066667
10.1
10.0
10.1
15.1
10.166667
20.1
15.166667
5.0
10.033333
20.2
10.033333
5.066667
15.1
5.0
5.033333
5.066667
5.0
5.1
20.066667
10.0
10.1
15.066667
10.166667
10.033333
5.1
10.033333
5.033333
5.033333
15.133333
10.0
15.066667
10.0
20.0
29.833333
15.166667
10.033333
10.033333
20.133333
25.133333
20.133333
5.1
10.066667
10.066667
27.433333
10.033333
443.166667
10.0
20.1
5.0
5.0
25.166667
10.033333
5.033333
10.066667
5.0
25.1
25.1
20.133333
10.0
20.0
10.033333
5.066667
20.133333
10.0
10.0
10.066667
10.0
18.0
20.133333
15.033333
15.033333
10.0
5.1
20.1
25.133333
5.066667
5.0
5.033333
15.133333
15.1
5.0
5.033333
10.0
15.0
15.066667
5.066667
25.0
10.033333
20.133333
10.033333
20.066667
5.1
5.0
10.1
5.0
5.0
10.066667
15.0
5.0
5.133333
15.0
10.066667
15.0
10.0
5.1
10.0
10.133333
5.033333
5.266667
5.066667
10.1
10.0
10.033333
15.266667
5.0
25.133333
25.133333
10.066667
20.1
5.066667
5.0
10.133333
15.033333
28.866667
5.033333
15.166667
10.033333
10.1
5.033333
15.033333
20.2
10.033333
20.2
20.033333
20.166667
5.0
5.1
20.066667
26.633333
25.1
5.0
5.033333
15.066667
15.033333
5.066667
5.2
15.0
20.133333
20.166667
5.066667
5.0
5.066667
10.066667
5.033333
5.033333
25.166667
5.0
18.7
5.066667
10.0
10.1
10.066667
5.066667
5.066667
20.033333
20.033333
5.033333
5.0
5.066667
5.033333
20.033333
15.066667
15.033333
15.033333
10.066667
5.066667
10.033333
5.1
5.1
20.166667
5.066667
5.033333
5.0
20.066667
5.0
20.133333
5.0
5.033333
5.033333
15.0
31.033333
15.033333
5.1
158.833333
298.8
5.033333
5.366667
5.033333
5.1
20.0
5.133333
39.6
15.066667
20.1
5.033333
5.0
10.033333
40.666667
10.0
10.033333
25.233333
5.033333
10.066667
5.033333
5.1
5.066667
5.066667
15.066667
20.166667
10.033333
5.233333
15.066667
5.033333
25.033333
20.1
10.033333
5.0
20.066667
5.033333
5.033333
27.133333
10.066667
15.2
15.133333
10.033333
10.033333
5.0
25.2
5.033333
20.033333
10.1
5.0
10.133333
5.033333
10.1
5.166667
5.066667
10.066667
10.066667
15.1
10.1
5.0
5.066667
10.166667
15.066667
10.033333
5.0
10.1
5.033333
5.033333
20.0
30.033333
5.1
20.0
10.033333
5.066667
20.166667
10.1
15.033333
5.066667
15.066667
5.0
5.0
21.433333
25.233333
15.1
5.1
5.0
10.033333
5.066667
5.1
5.066667
10.166667
5.033333
5.033333
5.033333
20.1
10.0
10.0
5.033333
10.1
5.0
20.1
20.1
15.066667
5.1
5.066667
15.066667
33.233333
10.0
15.033333
5.066667
5.033333
20.133333
5.0
5.066667
10.0
5.066667
25.1
20.1
20.033333
20.133333
5.033333
20.1
10.1
20.066667
15.033333
5.0
5.0
20.033333
5.033333
20.066667
5.0
15.2
20.066667
5.033333
20.1
20.033333
5.033333
5.1
25.066667
15.166667
10.033333
5.166667
5.0
10.0
10.0
5.0
15.0
15.0
5.066667
10.033333
10.033333
15.066667
5.066667
10.033333
5.133333
5.033333
5.0
15.066667
5.0
20.066667
15.1
5.033333
15.1
10.033333
5.066667
10.133333
5.033333
25.9
15.0
22.0
15.033333
5.033333
10.133333
15.066667
10.0
15.1
10.066667
10.033333
25.033333
5.033333
10.0
10.0
21.8
16.733333
33.333333
5.033333
15.033333
5.0
15.166667
5.0
15.0
15.133333
19.9
15.066667
20.966667
5.066667
5.0
15.033333
15.133333
5.033333
10.066667
5.0
15.1
5.0
10.1
15.2
20.166667
5.066667
5.066667
15.033333
30.0
5.066667
5.033333
10.0
10.033333
10.1
10.066667
10.033333
5.033333
15.1
24.8
10.0
5.033333
5.033333
15.0
15.0
5.0
240.766667
20.0
5.033333
20.0
15.033333
20.1
20.066667
5.066667
15.066667
5.033333
15.066667
10.033333
25.133333
10.066667
5.033333
20.033333
5.1
5.033333
10.066667
5.0
20.0
15.0
21.933333
25.033333
25.066667
10.033333
10.0
15.166667
5.033333
5.0
15.066667
5.0
15.066667
5.066667
15.066667
10.066667
5.0
20.066667
20.0
15.0
10.0
18.366667
10.033333
10.0
15.133333
10.033333
10.033333
25.066667
20.0
5.066667
25.066667
10.1
5.033333
10.033333
10.066667
20.066667
10.1
5.033333
5.033333
10.033333
15.1
15.033333
15.1
5.033333
15.066667
30.0
25.0
10.066667
10.0
20.166667
5.033333
10.033333
20.166667
5.066667
15.033333
5.133333
20.1
20.133333
5.066667
10.0
15.033333
15.0
15.033333
5.066667
5.0
10.133333
10.066667
15.033333
20.1
10.1
10.1
15.066667
20.133333
20.033333
5.133333
10.0
10.0
15.033333
10.0
20.0
15.233333
5.033333
10.1
15.133333
5.133333
10.166667
20.066667
20.033333
5.033333
15.0
20.0
5.0
10.033333
15.066667
10.0
5.0
15.133333
10.033333
5.066667
10.1
5.066667
5.033333
10.0
15.033333
5.0
10.0
10.1
10.066667
10.1
15.133333
5.0
15.133333
5.033333
5.033333
15.033333
5.0
5.0
20.166667
5.066667
5.066667
5.033333
5.233333
15.033333
5.0
20.066667
25.1
10.033333
10.066667
10.033333
10.033333
5.033333
15.0
5.0
10.1
5.033333
15.033333
20.033333
5.0
18.866667
10.0
5.0
5.0
5.0
20.166667
20.0
20.033333
5.033333
5.0
15.166667
20.0
20.1
15.066667
10.0
20.1
24.633333
20.033333
5.033333
15.033333
25.033333
15.033333
5.0
20.166667
25.033333
5.0
5.0
5.1
10.0
5.033333
25.0
20.066667
5.033333
5.0
5.033333
5.066667
10.066667
5.0
15.0
25.066667
10.033333
15.1
10.0
10.033333
5.1
5.0
20.033333
5.033333
27.166667
5.033333
71.466667
10.033333
5.1
5.0
20.033333
5.1
20.033333
5.033333
5.033333
20.166667
20.133333
20.066667
5.1
10.033333
5.033333
5.133333
15.0
15.133333
20.066667
20.133333
5.0
20.066667
15.0
25.066667
14.933333
10.033333
5.033333
5.066667
15.0
10.033333
5.033333
5.0
20.0
5.266667
10.066667
20.166667
10.033333
5.0
15.066667
10.0
5.033333
20.166667
5.1
25.166667
5.0
10.033333
20.0
5.066667
10.133333
15.066667
25.2
5.066667
10.233333
10.066667
20.066667
5.033333
10.133333
31.466667
5.066667
253.733333
5.0
548.233333
5.033333
5.066667
10.033333
10.033333
5.033333
39.2
10.266667
15.033333
5.033333
5.066667
20.066667
10.133333
10.2
20.1
5.1
20.133333
15.1
20.033333
5.0
10.033333
25.1
20.066667
10.066667
5.033333
10.066667
5.0
10.0
20.533333
15.066667
10.166667
10.1
5.133333
5.0
5.033333
15.866667
5.1
5.0
5.0
5.0
10.0
20.2
5.066667
5.066667
5.0
5.033333
20.066667
5.0
10.1
15.0
15.133333
15.0
10.066667
15.0
10.1
5.066667
15.066667
10.033333
15.0
10.066667
10.066667
25.066667
5.033333
20.066667
20.0
5.066667
15.066667
5.066667
15.166667
20.0
5.0
20.033333
10.033333
5.066667
20.0
5.033333
10.166667
15.0
10.133333
15.1
10.0
5.066667
5.066667
10.033333
20.0
5.4
10.1
5.0
25.0
10.033333
5.0
5.066667
15.166667
10.033333
10.033333
15.1
5.033333
5.133333
5.033333
5.0
5.033333
15.066667
5.033333
5.0
10.066667
15.1
10.0
10.0
5.2
25.066667
15.0
10.066667
5.033333
10.0
15.066667
20.1
5.066667
15.1
20.033333
5.0
5.0
5.133333
15.0
20.1
15.1
10.033333
10.0
25.1
10.1
20.1
5.033333
15.0
10.066667
25.2
10.166667
20.066667
18.666667
5.066667
20.033333
5.033333
15.0
5.1
5.033333
5.0
5.033333
10.033333
25.0
10.033333
20.066667
15.133333
20.0
10.033333
25.033333
5.1
20.133333
10.1
15.0
15.0
10.066667
20.2
31.633333
10.066667
5.166667
20.1
5.066667
10.033333
10.0
5.033333
5.066667
5.0
10.0
5.1
23.233333
10.033333
5.0
5.033333
5.066667
5.0
10.1
5.0
10.133333
10.133333
15.033333
20.066667
10.033333
5.2
5.0
15.066667
5.033333
5.033333
10.1
10.033333
5.0
10.033333
10.066667
10.0
5.033333
5.0
5.0
5.0
20.066667
15.0
20.066667
32.9
10.1
10.066667
15.0
10.1
10.0
5.066667
10.033333
5.0
25.066667
15.1
25.2
20.066667
25.133333
15.1
10.1
20.533333
20.066667
15.066667
15.066667
15.133333
10.066667
10.066667
5.333333
5.066667
17.633333
10.133333
5.066667
5.033333
5.033333
10.0
25.066667
5.033333
25.1
5.0
25.066667
20.1
5.1
10.066667
25.3
15.066667
10.066667
10.033333
5.0
25.033333
20.033333
5.033333
5.0
5.066667
10.0
20.066667
5.0
10.1
5.033333
15.066667
20.1
15.066667
5.0
10.233333
10.066667
15.266667
5.0
10.033333
15.066667
10.133333
15.033333
5.033333
5.1
15.0
5.0
10.0
15.4
5.033333
15.1
20.0
20.066667
5.0
5.066667
20.1
20.066667
15.066667
15.0
5.1
10.033333
5.033333
5.2
5.0
5.033333
5.133333
5.033333
15.066667
10.066667
5.033333
5.0
15.0
5.0
20.066667
5.0
5.033333
20.033333
5.1
15.0
10.033333
10.0
15.033333
10.033333
5.0
5.033333
5.066667
15.066667
5.066667
15.1
5.033333
5.066667
25.033333
10.033333
10.066667
10.133333
5.1
10.033333
10.0
25.166667
20.0
5.0
5.0
5.033333
5.033333
20.133333
5.066667
20.1
17.033333
10.0
5.066667
15.0
10.0
5.066667
10.0
15.0
10.1
5.1
5.066667
27.4
20.033333
10.033333
10.1
10.066667
5.033333
5.033333
5.0
20.0
10.033333
10.1
20.0
5.033333
20.066667
10.033333
30.0
5.0
5.066667
20.066667
25.0
10.066667
10.033333
5.0
5.033333
5.133333
15.133333
5.066667
15.066667
20.566667
15.0
10.033333
5.066667
10.066667
15.1
15.066667
5.0
5.0
10.0
15.133333
5.066667
10.033333
25.066667
10.033333
5.033333
5.1
10.033333
10.033333
20.033333
5.0
5.133333
5.033333
20.066667
10.066667
15.033333
10.066667
15.033333
28.133333
25.0
10.166667
5.033333
5.133333
5.033333
10.0
15.033333
25.0
5.0
20.066667
20.133333
10.033333
10.233333
5.0
5.0
5.033333
5.0
10.1
5.033333
5.033333
10.1
5.1
25.1
10.1
25.1
5.1
5.033333
15.0
5.1
5.066667
20.033333
25.066667
20.033333
5.033333
5.0
15.0
15.1
5.033333
5.1
15.033333
18.466667
10.066667
5.033333
5.0
15.1
5.066667
5.0
5.0
5.033333
5.066667
5.0
20.0
10.166667
25.2
5.0
10.0
5.033333
25.1
5.0
15.033333
5.033333
20.0
20.033333
10.133333
5.033333
25.166667
5.033333
5.0
5.0
20.166667
15.066667
5.0
5.033333
5.0
25.033333
20.0
10.0
25.0
5.033333
15.066667
5.0
5.033333
10.133333
5.0
5.0
5.0
5.1
10.133333
5.066667
20.033333
5.066667
10.1
10.066667
20.0
15.1
5.1
15.033333
10.1
5.033333
20.1
10.066667
5.033333
5.133333
5.033333
20.1
20.266667
5.033333
15.033333
5.0
20.0
5.033333
5.3
5.0
25.166667
10.133333
5.0
26.5
15.033333
15.033333
10.0
79.033333
25.166667
5.033333
30.433333
15.033333
10.0
15.033333
5.0
5.033333
5.033333
10.166667
5.0
15.1
10.133333
10.0
10.0
15.166667
25.1
5.066667
20.166667
10.066667
5.066667
15.0
5.033333
25.0
21.6
5.1
10.033333
5.033333
5.1
15.166667
5.033333
20.1
5.033333
5.1
5.0
5.033333
15.066667
10.033333
5.133333
5.0
20.1
20.1
10.033333
10.0
5.066667
15.033333
5.033333
15.0
5.033333
15.1
10.066667
20.0
20.066667
15.1
20.1
10.566667
5.066667
5.1
10.033333
20.033333
20.666667
5.066667
5.033333
10.033333
20.066667
10.033333
5.033333
5.033333
10.066667
5.066667
25.066667
5.0
10.033333
5.0
10.033333
10.0
5.0
20.0
15.1
10.166667
5.066667
20.466667
20.0
15.033333
15.033333
29.3
5.033333
5.1
10.133333
5.066667
20.066667
20.033333
20.066667
5.0
5.066667
10.033333
15.033333
20.0
5.033333
5.033333
20.0
20.133333
5.0
15.1
20.1
10.066667
10.066667
5.133333
5.1
10.066667
10.033333
5.0
5.133333
20.033333
5.1
10.0
10.033333
5.0
20.066667
5.066667
20.1
20.233333
20.0
5.0
10.033333
5.066667
25.1
20.0
5.033333
10.166667
20.1
5.033333
20.0
20.0
5.033333
5.066667
5.0
5.066667
15.033333
10.033333
15.166667
15.066667
5.033333
20.1
23.0
10.066667
15.166667
10.166667
5.0
20.0
5.066667
5.0
20.033333
5.033333
5.0
10.033333
25.1
25.0
10.033333
10.0
5.0
5.4
5.033333
20.1
25.133333
5.033333
5.033333
15.166667
15.066667
5.0
20.166667
20.166667
5.0
5.0
25.0
5.033333
20.066667
5.0
15.066667
10.166667
15.0
5.0
30.366667
5.0
5.0
20.133333
5.033333
5.166667
15.1
20.1
5.033333
5.066667
5.0
5.033333
10.033333
15.066667
5.033333
25.033333
5.0
20.133333
20.0
10.066667
15.133333
5.0
15.0
10.033333
10.033333
10.033333
20.133333
5.033333
10.033333
30.133333
5.033333
20.1
5.033333
10.1
25.033333
15.1
5.0
20.066667
5.0
20.033333
20.066667
5.033333
10.066667
20.0
10.1
5.066667
5.0
5.033333
10.033333
10.066667
24.866667
10.0
10.033333
25.1
20.066667
15.0
5.033333
15.1
5.0
10.0
5.033333
20.1
20.033333
5.066667
25.066667
25.166667
20.0
15.0
20.066667
20.1
5.533333
22.566667
10.0
10.033333
5.0
5.0
15.066667
5.1
10.033333
10.1
5.066667
15.0
5.033333
20.066667
5.066667
10.066667
10.033333
5.0
15.0
10.0
20.033333
15.066667
5.033333
5.266667
5.033333
10.033333
15.0
25.066667
15.1
25.066667
15.066667
5.2
10.1
23.666667
5.0
10.033333
5.0
20.066667
10.066667
10.066667
10.0
20.0
20.0
25.1
25.133333
10.066667
20.166667
5.033333
10.033333
25.033333
45.433333
15.0
15.033333
15.033333
21.2
10.233333
10.1
5.0
15.1
10.033333
15.133333
5.033333
10.033333
5.0
5.066667
25.1
15.033333
5.2
20.2
15.2
5.133333
15.1
10.0
5.0
10.033333
25.133333
20.133333
20.1
10.066667
5.1
15.066667
10.1
10.066667
5.033333
10.0
5.1
25.033333
20.033333
20.0
20.066667
5.0
15.0
5.0
15.066667
5.033333
10.066667
20.0
25.066667
5.133333
5.0
15.066667
10.066667
10.033333
20.033333
5.0
25.1
5.0
5.0
20.033333
10.033333
15.066667
19.5
15.066667
20.0
10.1
10.033333
15.033333
5.066667
10.033333
10.0
25.1
25.166667
15.133333
15.1
10.2
10.0
5.0
15.1
20.0
15.033333
20.266667
20.0
15.066667
5.1
10.1
10.033333
10.066667
20.0
5.1
5.066667
10.066667
15.0
5.066667
15.066667
20.066667
10.066667
5.0
25.1
10.033333
15.0
15.066667
10.0
5.1
5.033333
10.033333
5.0
5.033333
15.0
5.3
10.0
10.033333
5.0
15.066667
10.0
20.0
15.033333
15.1
15.066667
5.0
5.033333
20.2
5.0
10.033333
15.066667
10.166667
5.066667
5.033333
5.033333
25.133333
10.066667
5.033333
20.066667
15.233333
10.033333
25.0
10.0
5.033333
15.1
10.033333
10.066667
20.066667
10.0
5.033333
5.033333
5.0
10.1
5.033333
10.033333
15.133333
20.1
10.033333
20.066667
25.0
10.066667
5.066667
5.066667
10.066667
20.033333
10.033333
5.033333
10.0
10.066667
10.1
5.066667
20.0
10.033333
20.066667
15.066667
25.1
20.833333
20.033333
20.166667
5.066667
25.033333
5.033333
20.1
20.066667
15.033333
5.033333
5.0
5.066667
10.0
20.033333
10.066667
10.033333
15.033333
5.0
15.233333
15.2
10.0
20.066667
15.0
20.066667
5.033333
20.033333
5.1
25.166667
25.066667
5.033333
5.1
10.0
5.033333
20.0
10.0
5.0
20.033333
20.0
20.133333
5.0
15.0
5.0
10.033333
10.066667
20.0
10.0
10.033333
10.066667
10.0
15.033333
5.0
5.133333
20.133333
5.0
5.066667
20.0
10.0
10.066667
15.066667
5.0
5.033333
10.033333
25.2
20.166667
15.033333
20.0
5.0
5.033333
5.066667
10.1
25.1
5.0
15.0
10.1
5.0
10.0
25.033333
15.266667
15.2
10.033333
20.033333
5.066667
10.066667
5.1
15.0
10.066667
20.133333
15.0
10.0
5.0
5.033333
5.0
5.0
20.133333
20.066667
5.033333
20.1
15.133333
5.133333
15.0
5.033333
10.0
15.066667
10.0
10.0
10.0
25.1
5.133333
5.0
20.033333
10.0
10.166667
25.066667
10.0
507.5
5.133333
5.0
5.0
5.433333
5.033333
10.033333
5.1
10.066667
5.033333
5.033333
15.0
5.0
10.0
15.1
5.0
15.166667
25.066667
10.0
15.033333
5.133333
10.0
25.1
10.033333
10.033333
10.066667
5.133333
5.133333
10.066667
5.033333
15.033333
5.0
15.166667
15.033333
10.033333
10.0
15.2
18.133333
20.133333
5.066667
10.033333
5.066667
15.1
5.033333
10.033333
5.0
5.066667
5.033333
10.1
5.0
15.066667
20.066667
10.1
5.0
20.0
10.0
15.066667
5.033333
10.033333
10.0
5.033333
10.066667
5.133333
10.0
5.0
5.033333
25.033333
25.1
5.133333
15.1
25.066667
5.0
28.433333
10.0
15.133333
10.033333
5.033333
10.066667
15.066667
10.066667
25.166667
10.033333
10.0
10.033333
25.133333
15.1
5.0
10.1
10.033333
10.0
15.066667
20.066667
15.2
10.233333
25.0
5.0
25.1
20.133333
5.0
5.133333
10.066667
5.033333
10.033333
10.366667
25.1
5.033333
5.066667
10.0
5.066667
5.0
5.0
5.033333
5.066667
5.033333
20.1
10.066667
10.0
5.0
5.133333
15.0
10.066667
5.066667
15.1
15.033333
20.133333
20.033333
20.033333
5.033333
10.1
10.033333
10.033333
10.033333
10.033333
10.0
10.066667
20.133333
15.066667
10.033333
20.0
15.033333
5.066667
15.166667
5.033333
5.433333
15.133333
25.033333
15.0
5.066667
20.033333
15.0
25.133333
25.066667
20.066667
10.0
32.7
20.033333
15.0
10.033333
5.033333
20.133333
10.033333
15.0
10.0
25.1
30.933333
15.133333
534.433333
5.1
5.033333
21.733333
5.1
95.833333
10.066667
10.066667
5.1
5.033333
5.033333
5.1
5.066667
5.1
5.066667
5.066667
25.133333
20.033333
10.066667
5.0
10.033333
20.033333
5.1
5.0
20.2
40.566667
141.566667
5.033333
5.033333
25.1
5.0
5.033333
20.033333
15.066667
5.066667
10.033333
20.1
5.0
5.033333
5.033333
20.0
20.033333
5.033333
5.066667
22.833333
5.0
15.066667
15.066667
15.066667
15.2
10.1
5.1
5.1
5.0
10.1
15.0
10.066667
5.033333
15.033333
10.233333
5.066667
20.033333
25.1
15.066667
25.1
10.033333
5.033333
20.066667
5.066667
15.0
5.0
10.0
25.133333
20.0
15.0
15.066667
10.2
20.033333
10.033333
5.0
25.1
15.066667
15.033333
5.0
5.033333
20.033333
5.133333
10.033333
5.0
20.0
5.033333
20.1
15.033333
20.1
5.1
15.033333
5.1
5.066667
5.066667
10.033333
10.033333
15.033333
5.133333
5.033333
15.066667
5.133333
10.0
10.066667
5.0
20.033333
10.066667
5.1
15.033333
20.033333
25.233333
20.033333
10.0
5.033333
20.0
25.033333
10.033333
15.0
5.0
10.033333
15.7
5.066667
5.0
5.033333
25.1
5.066667
15.033333
5.0
20.066667
20.1
31.3
5.066667
10.066667
10.0
5.0
5.066667
10.0
15.133333
5.066667
5.066667
15.0
20.066667
10.033333
15.1
5.0
20.066667
5.033333
5.0
5.033333
5.0
25.1
5.033333
5.0
15.133333
15.066667
5.033333
5.0
10.066667
5.0
20.0
15.0
24.833333
20.233333
5.0
20.066667
397.666667
15.033333
20.2
5.0
5.1
5.033333
15.066667
20.133333
5.0
15.066667
5.0
5.033333
5.033333
20.066667
20.166667
5.066667
5.066667
10.066667
15.066667
20.0
10.066667
5.033333
5.033333
5.0
20.066667
20.1
5.0
10.033333
5.0
20.033333
10.1
17.033333
20.033333
15.033333
10.066667
5.066667
10.033333
20.133333
5.1
15.1
29.266667
25.066667
5.1
15.066667
10.066667
5.033333
15.033333
10.1
10.033333
5.033333
25.066667
10.066667
15.066667
5.066667
5.0
10.0
15.033333
10.033333
10.033333
15.1
10.1
5.033333
10.066667
25.066667
10.1
10.133333
10.066667
15.033333
15.0
5.033333
10.1
15.033333
20.0
5.066667
10.1
5.0
5.0
20.1
15.1
10.1
10.2
20.033333
30.466667
78.1
10.0
5.033333
5.0
10.233333
15.033333
5.033333
25.133333
5.0
5.333333
10.0
10.033333
5.066667
5.066667
20.1
5.033333
15.033333
5.066667
5.066667
25.1
25.066667
10.1
20.0
5.033333
10.033333
20.066667
20.133333
10.1
15.066667
5.0
10.0
15.066667
15.0
10.0
15.033333
20.1
10.066667
5.0
10.066667
5.1
5.0
20.066667
5.0
15.066667
5.0
10.033333
5.066667
10.033333
36.733333
20.133333
15.1
25.2
15.0
10.033333
10.066667
10.0
5.1
5.166667
25.0
10.0
5.1
5.033333
5.033333
5.066667
5.0
5.0
10.033333
20.033333
10.0
20.0
20.0
10.066667
10.0
28.666667
10.066667
5.0
5.033333
5.033333
5.033333
15.066667
15.166667
15.033333
5.066667
5.266667
10.066667
10.1
10.133333
5.0
15.1
20.1
25.066667
5.0
10.0
5.066667
23.133333
20.1
20.1
5.0
10.0
20.166667
5.033333
10.0
5.0
10.033333
5.066667
5.0
5.033333
5.0
20.166667
20.033333
15.1
5.066667
15.0
15.033333
15.133333
20.0
10.1
15.1
5.0
5.1
5.0
20.133333
10.033333
5.1
5.0
5.1
20.066667
15.066667
20.033333
20.1
5.1
26.066667
10.133333
5.0
5.033333
15.066667
5.1
5.1
10.033333
15.033333
15.066667
25.0
5.033333
10.033333
10.0
5.0
15.1
10.166667
15.0
25.166667
10.0
5.033333
15.066667
10.0
10.0
15.033333
15.033333
15.2
15.033333
15.033333
10.1
20.1
5.066667
15.033333
10.1
10.066667
5.1
10.1
25.066667
5.033333
5.066667
20.066667
10.033333
5.0
5.033333
20.0
10.0
20.066667
5.0
10.1
10.0
25.1
5.066667
10.033333
15.0
25.033333
5.0
5.066667
10.1
10.033333
15.1
23.9
5.033333
20.0
10.0
20.233333
15.066667
10.1
5.033333
5.066667
17.266667
15.1
5.0
10.266667
114.0
11.833333
5.0
474.566667
5.033333
15.066667
5.0
5.066667
15.0
15.066667
15.066667
5.166667
10.1
15.033333
5.066667
10.0
20.066667
5.1
15.066667
15.1
10.166667
15.1
5.033333
20.1
5.066667
10.066667
5.133333
15.1
15.066667
10.1
5.066667
15.033333
5.0
15.0
5.133333
15.1
10.066667
25.0
15.2
5.0
20.0
15.0
5.1
5.066667
5.0
5.1
5.133333
15.166667
10.166667
5.033333
5.0
15.033333
15.0
5.0
5.133333
29.433333
15.033333
20.1
10.066667
15.166667
5.0
15.0
15.1
15.133333
10.033333
5.033333
10.033333
5.066667
15.033333
20.0
20.0
10.1
5.0
5.0
5.0
5.0
20.133333
20.066667
10.066667
20.0
15.0
15.066667
15.066667
10.1
5.066667
10.033333
15.1
5.033333
20.1
10.1
10.0
5.033333
12.766667
5.0
15.166667
10.066667
20.666667
25.1
5.033333
5.033333
15.133333
10.066667
20.1
20.0
5.033333
5.066667
10.0
10.0
5.0
20.466667
15.1
5.033333
5.133333
15.0
16.1
20.0
10.066667
10.233333
20.1
15.033333
10.033333
15.066667
10.0
5.1
15.0
10.033333
10.033333
5.033333
22.566667
20.033333
15.033333
25.966667
24.933333
5.033333
10.133333
10.066667
5.1
5.033333
5.0
5.033333
10.1
5.066667
25.033333
5.033333
5.033333
10.066667
10.166667
15.1
20.066667
5.033333
21.066667
5.033333
5.0
5.1
5.133333
5.033333
15.033333
20.133333
10.0
5.033333
20.0
20.233333
15.1
15.133333
20.033333
15.166667
5.1
5.066667
15.2
25.2
10.0
5.033333
5.0
5.166667
5.133333
17.333333
5.033333
10.0
5.033333
10.1
15.033333
15.066667
15.066667
25.0
5.0
20.066667
20.2
10.066667
5.0
15.0
5.033333
10.033333
5.033333
10.0
5.066667
5.033333
5.033333
5.033333
10.1
10.1
5.033333
5.033333
5.1
5.1
10.066667
5.033333
5.066667
10.133333
15.033333
20.0
20.1
10.066667
5.066667
20.133333
10.1
10.1
10.066667
15.1
10.066667
10.0
5.0
20.1
20.066667
15.1
5.033333
25.133333
5.0
5.033333
5.033333
5.033333
15.1
19.833333
5.0
5.0
15.066667
10.0
25.066667
10.0
10.133333
5.066667
10.1
15.1
10.166667
5.0
10.1
10.133333
20.066667
20.066667
25.166667
15.066667
15.066667
5.033333
5.033333
22.633333
5.066667
25.1
20.0
25.1
25.033333
15.033333
10.0
21.4
15.033333
10.033333
5.033333
20.0
10.166667
10.033333
35.4
15.4
15.133333
15.133333
5.0
20.066667
5.033333
5.1
15.0
10.133333
25.033333
10.033333
15.133333
20.066667
10.0
15.066667
10.066667
10.133333
5.066667
15.1
10.266667
15.033333
10.233333
5.033333
5.1
5.233333
5.066667
15.033333
5.033333
10.066667
25.066667
15.1
10.0
15.066667
5.0
20.0
10.033333
15.033333
10.066667
5.0
19.6
15.133333
5.033333
15.066667
10.033333
5.0
25.1
20.133333
15.2
15.133333
25.0
10.0
5.066667
10.033333
5.066667
5.0
5.033333
5.1
20.033333
15.033333
10.066667
5.0
5.033333
5.066667
25.066667
15.1
20.133333
20.033333
20.033333
5.1
20.066667
10.033333
5.1
15.066667
25.166667
5.0
18.033333
5.033333
5.066667
5.233333
15.0
15.0
5.1
21.866667
5.0
10.0
5.0
20.0
5.033333
15.033333
10.1
5.066667
5.0
20.133333
5.0
25.1
10.066667
15.033333
5.033333
5.0
5.0
10.066667
10.1
20.066667
15.066667
15.0
5.0
5.033333
15.066667
15.033333
5.1
5.0
5.066667
10.066667
5.0
15.066667
20.066667
15.066667
25.066667
10.066667
5.033333
10.0
15.0
20.0
5.066667
5.033333
20.0
15.0
5.066667
15.033333
10.033333
20.066667
20.0
20.166667
15.033333
10.033333
15.0
20.066667
20.1
20.166667
25.1
25.033333
5.066667
5.1
25.133333
15.1
5.066667
15.0
20.133333
10.066667
5.0
10.0
15.033333
5.0
20.133333
15.033333
25.066667
10.0
20.066667
20.066667
15.0
10.0
20.133333
15.066667
15.0
15.033333
20.0
5.033333
20.033333
20.1
5.133333
25.133333
5.0
5.0
5.033333
31.166667
10.133333
20.066667
15.0
5.033333
20.066667
5.033333
25.0
5.166667
20.033333
15.0
15.033333
5.1
15.066667
15.1
5.033333
10.066667
15.133333
15.033333
10.033333
5.0
10.0
20.1
10.0
10.066667
20.0
5.0
15.066667
5.1
20.0
15.1
5.033333
10.066667
10.066667
20.033333
20.166667
20.033333
10.1
5.0
25.066667
20.1
20.1
10.066667
15.133333
5.066667
15.033333
5.1
5.0
5.033333
15.233333
5.066667
20.166667
15.033333
10.066667
10.033333
15.033333
5.066667
20.0
20.033333
21.566667
20.066667
20.0
15.1
20.3
5.066667
20.1
5.033333
10.266667
15.033333
15.0
15.066667
5.033333
5.0
25.2
10.133333
10.0
10.0
20.133333
10.0
5.0
5.0
20.233333
15.1
28.133333
5.0
5.033333
15.0
18.866667
545.3
10.066667
20.0
20.0
5.033333
5.0
10.2
10.033333
5.066667
5.166667
10.133333
5.1
5.066667
15.033333
25.066667
15.033333
20.033333
20.0
15.1
15.0
10.066667
20.133333
20.066667
15.033333
10.033333
15.133333
5.1
10.066667
5.1
15.133333
5.033333
5.033333
5.133333
15.1
10.033333
10.2
5.066667
20.033333
5.033333
5.1
10.066667
20.1
5.1
15.1
20.033333
5.033333
15.066667
25.166667
10.066667
15.033333
5.0
5.1
10.133333
15.066667
5.066667
10.033333
10.1
5.033333
20.066667
10.033333
5.033333
10.1
5.033333
10.133333
5.0
16.4
10.033333
15.066667
20.0
20.1
10.0
15.066667
5.066667
20.0
10.066667
10.033333
5.0
15.033333
10.166667
10.0
5.066667
5.0
5.066667
5.033333
10.1
15.066667
20.266667
5.0
5.1
20.0
5.066667
5.033333
15.133333
10.0
5.033333
10.066667
10.033333
20.033333
20.1
15.066667
23.066667
5.033333
155.966667
20.066667
5.033333
5.066667
10.066667
20.166667
5.0
10.1
25.166667
10.066667
20.066667
15.0
10.0
15.033333
20.2
10.0
10.0
31.466667
10.1
5.133333
5.033333
5.066667
10.033333
25.066667
15.033333
15.033333
10.033333
5.0
20.033333
10.0
5.0
5.066667
15.033333
15.066667
10.066667
20.133333
15.133333
25.166667
5.1
20.133333
10.033333
15.033333
5.033333
15.166667
5.133333
15.1
5.0
10.033333
20.0
20.0
20.033333
15.033333
15.1
5.033333
20.066667
5.1
5.0
10.033333
15.133333
5.066667
10.0
10.066667
5.0
15.033333
10.1
20.033333
5.033333
10.066667
10.166667
5.133333
20.033333
15.033333
20.066667
20.033333
10.1
5.033333
15.0
15.033333
5.0
10.0
25.066667
5.333333
5.0
10.0
15.033333
15.133333
5.033333
20.033333
5.033333
25.066667
20.033333
15.133333
20.033333
15.0
25.066667
5.066667
15.2
10.033333
15.133333
10.233333
15.033333
5.0
10.033333
22.233333
5.0
10.0
5.1
10.0
10.166667
15.1
5.0
25.1
10.0
5.033333
10.033333
5.033333
5.0
10.0
5.066667
5.0
15.066667
10.066667
5.0
20.1
10.133333
15.066667
10.1
25.033333
15.066667
15.033333
15.1
5.066667
5.0
25.2
10.066667
5.0
20.1
5.0
5.0
20.0
10.033333
5.1
12.7
10.0
15.066667
10.466667
5.133333
10.033333
20.0
5.066667
20.1
15.0
10.066667
5.166667
10.133333
10.066667
5.066667
5.0
10.066667
5.133333
5.0
5.033333
25.033333
20.033333
20.0
10.0
15.866667
10.033333
5.033333
5.0
10.0
20.033333
10.1
10.0
10.066667
15.066667
20.066667
15.033333
5.033333
15.066667
5.066667
5.033333
5.1
25.033333
10.033333
10.066667
15.0
10.0
15.1
5.066667
10.0
15.133333
5.1
5.033333
5.1
5.0
10.033333
5.133333
10.066667
5.033333
5.0
10.033333
20.133333
5.0
15.0
20.066667
5.0
15.033333
5.0
20.0
15.033333
5.0
10.033333
5.0
20.2
5.1
20.033333
10.1
5.233333
5.066667
5.066667
5.066667
25.066667
20.033333
20.0
15.0
15.133333
5.0
5.033333
5.0
5.0
5.0
15.1
10.066667
15.0
20.066667
10.0
15.0
10.033333
5.033333
15.0
20.066667
10.0
20.066667
5.166667
20.066667
10.066667
15.1
15.066667
10.033333
5.066667
20.033333
10.1
15.133333
10.0
5.066667
10.0
5.0
15.1
15.1
5.033333
15.1
10.033333
5.033333
20.033333
10.0
5.1
25.033333
5.066667
5.1
20.666667
5.0
15.0
5.0
5.033333
20.1
10.133333
5.033333
5.533333
15.0
5.0
10.133333
10.0
10.066667
10.133333
15.066667
10.0
5.1
5.0
20.166667
15.1
20.033333
5.1
10.0
5.0
5.0
20.166667
5.0
10.066667
10.066667
15.0
10.033333
5.0
20.1
5.0
20.0
5.066667
10.1
5.033333
5.066667
15.066667
5.1
5.0
10.133333
10.066667
10.1
5.066667
5.0
5.066667
5.033333
15.033333
10.0
10.1
15.033333
5.1
15.033333
5.033333
18.8
5.033333
5.1
10.0
5.133333
10.033333
5.0
20.066667
5.033333
20.133333
15.1
20.133333
15.033333
10.066667
5.1
25.0
5.066667
10.066667
20.1
15.033333
15.1
10.0
10.0
10.0
20.133333
5.033333
15.166667
5.0
15.133333
5.066667
5.066667
5.066667
10.066667
5.2
5.0
5.0
10.033333
5.0
10.1
5.1
10.0
10.0
5.0
10.033333
20.0
10.0
5.333333
20.066667
20.033333
5.066667
5.1
10.0
15.066667
15.0
25.2
5.066667
10.066667
5.033333
10.066667
10.033333
10.033333
5.1
20.133333
10.033333
25.066667
18.633333
5.0
5.033333
10.1
15.166667
15.0
10.166667
15.066667
5.033333
10.0
5.1
15.0
15.066667
10.033333
30.6
5.066667
20.1
15.033333
20.066667
20.0
5.166667
5.033333
5.066667
5.033333
15.266667
10.033333
15.0
15.0
20.266667
5.066667
15.033333
20.0
15.166667
25.033333
25.133333
5.0
20.166667
10.066667
25.233333
5.066667
10.0
20.166667
10.0
10.0
5.0
15.0
20.133333
10.0
10.0
20.133333
10.066667
25.1
15.033333
25.2
5.133333
5.133333
29.833333
20.166667
20.066667
15.033333
20.033333
5.233333
15.0
10.033333
5.0
25.1
10.1
5.033333
5.1
20.033333
5.033333
15.0
15.033333
10.033333
15.1
5.033333
10.0
20.033333
10.2
5.1
5.066667
15.1
5.066667
5.066667
5.066667
20.2
15.1
10.1
10.0
10.033333
20.1
10.0
10.2
20.066667
5.0
10.066667
5.033333
5.066667
20.1
5.033333
5.066667
10.133333
10.133333
25.066667
15.066667
5.066667
20.1
15.066667
15.066667
10.133333
10.066667
10.066667
15.066667
5.1
20.1
5.0
10.1
5.033333
5.033333
10.0
25.066667
15.166667
15.0
5.1
21.533333
5.0
5.066667
5.033333
5.2
10.033333
15.066667
10.066667
30.733333
15.066667
10.1
20.233333
10.066667
5.1
10.0
20.033333
10.033333
5.1
5.033333
5.033333
15.1
5.066667
10.033333
10.0
15.0
15.1
15.0
5.0
5.133333
15.2
25.1
10.033333
10.1
5.0
5.0
20.166667
25.233333
15.033333
10.166667
10.1
25.066667
5.1
5.033333
10.0
10.033333
20.0
15.1
10.033333
20.0
10.0
20.1
5.033333
5.066667
5.066667
5.0
5.0
20.166667
23.533333
20.0
5.033333
5.0
5.066667
10.066667
10.066667
5.0
17.0
5.1
15.0
25.0
10.466667
10.133333
15.033333
10.033333
5.0
15.0
5.1
10.1
5.0
20.133333
20.133333
20.033333
10.0
5.0
5.033333
5.066667
20.1
15.1
5.166667
5.1
20.133333
25.066667
5.1
5.033333
5.0
5.066667
5.0
20.133333
20.066667
20.233333
15.1
5.1
5.0
5.0
5.033333
5.0
15.033333
20.066667
5.033333
5.066667
5.033333
5.033333
20.1
10.066667
5.033333
20.066667
15.1
20.133333
15.0
5.066667
10.033333
20.033333
5.0
5.0
5.0
5.0
10.0
15.133333
25.1
5.0
15.2
20.066667
20.066667
10.033333
10.066667
5.1
15.1
10.033333
20.133333
5.0
19.366667
5.066667
5.0
20.1
15.0
5.033333
5.033333
5.033333
15.1
25.166667
5.0
5.0
15.2
15.133333
20.1
5.0
5.033333
15.033333
5.1
20.033333
15.133333
5.033333
10.066667
5.0
5.033333
5.0
15.1
10.033333
15.033333
10.066667
5.1
5.0
15.0
10.133333
5.066667
5.066667
10.0
5.066667
5.0
5.1
5.033333
5.066667
5.066667
10.066667
25.166667
15.2
5.033333
10.0
5.033333
5.0
5.066667
5.033333
5.066667
15.033333
15.033333
15.1
25.066667
21.4
10.066667
5.033333
15.133333
10.033333
10.066667
5.033333
5.0
56.166667
20.0
20.066667
10.066667
5.0
15.0
10.066667
20.066667
5.066667
10.133333
25.0
5.0
15.1
5.033333
5.1
5.066667
20.133333
10.033333
20.033333
15.133333
5.033333
5.066667
5.1
5.1
10.166667
10.133333
20.166667
18.833333
10.1
10.0
5.0
10.133333
5.033333
10.066667
5.033333
5.0
10.0
10.033333
25.1
15.0
5.133333
20.066667
15.1
15.066667
10.133333
10.066667
20.033333
5.0
10.033333
5.066667
15.0
15.1
25.766667
15.066667
15.0
20.033333
20.066667
5.033333
25.1
20.066667
20.0
15.033333
5.0
21.3
5.133333
15.1
20.066667
5.0
10.066667
5.166667
20.1
5.0
20.0
5.1
20.166667
20.133333
5.033333
20.133333
20.033333
20.033333
10.033333
5.0
25.233333
5.0
15.066667
15.1
5.033333
20.033333
15.0
5.1
5.0
5.033333
20.066667
5.033333
25.133333
5.0
5.033333
15.066667
5.066667
15.966667
15.066667
15.033333
10.0
25.033333
10.1
15.033333
5.033333
20.0
20.166667
5.066667
10.0
10.0
10.033333
20.066667
10.033333
15.133333
15.033333
5.0
10.033333
25.133333
5.066667
15.0
20.066667
5.0
15.133333
15.133333
5.0
5.0
5.0
15.033333
5.033333
10.0
15.033333
25.166667
15.066667
10.033333
10.133333
5.066667
5.033333
20.066667
5.0
5.066667
31.0
10.133333
10.033333
10.133333
19.066667
25.033333
5.0
20.033333
15.033333
10.033333
10.033333
25.033333
5.0
5.0
10.066667
25.066667
20.0
5.0
10.033333
10.0
10.0
15.1
20.133333
20.033333
5.0
20.0
5.033333
20.133333
5.066667
5.033333
10.066667
20.1
5.066667
5.033333
5.066667
26.733333
10.1
5.033333
5.0
20.1
10.0
5.0
5.033333
19.833333
10.0
10.1
5.033333
10.066667
15.033333
10.066667
25.033333
10.1
10.1
20.066667
5.066667
15.0
15.1
5.066667
15.066667
5.066667
10.066667
5.033333
5.166667
15.066667
5.033333
10.033333
12.666667
15.2
5.0
10.066667
20.0
10.033333
5.1
10.133333
5.033333
5.066667
21.3
5.033333
20.2
5.033333
5.1
15.066667
20.1
10.066667
5.1
10.1
10.1
10.066667
20.1
15.1
5.0
20.1
5.033333
15.033333
5.0
15.033333
15.066667
5.066667
5.0
20.1
25.033333
20.066667
10.033333
15.133333
5.133333
5.033333
10.0
5.066667
5.033333
10.366667
5.033333
10.066667
5.1
5.033333
15.0
10.0
10.066667
10.033333
10.033333
25.1
15.033333
25.066667
5.033333
5.033333
5.033333
25.033333
5.133333
10.033333
20.066667
10.066667
5.033333
5.133333
25.133333
15.0
5.033333
5.033333
12.5
5.1
10.033333
20.2
5.0
10.033333
10.1
20.066667
15.133333
5.033333
25.066667
10.066667
5.066667
15.0
10.366667
10.0
5.133333
15.1
10.033333
5.066667
5.066667
5.066667
5.066667
5.166667
15.066667
5.133333
5.033333
5.033333
15.033333
5.0
5.1
10.033333
10.0
10.0
20.033333
5.0
10.033333
5.033333
15.033333
5.033333
20.1
20.066667
10.033333
15.033333
5.033333
5.0
25.133333
5.0
5.0
15.033333
10.066667
5.0
5.0
20.166667
10.1
10.066667
10.033333
5.033333
5.033333
20.066667
5.033333
5.0
10.166667
10.066667
25.033333
15.066667
10.066667
5.0
5.0
5.0
15.133333
10.033333
5.033333
20.033333
10.066667
10.066667
5.066667
20.1
20.0
15.1
25.033333
10.0
15.0
15.0
25.1
10.0
15.033333
10.066667
5.1
15.1
20.233333
23.0
10.133333
15.133333
5.066667
5.133333
25.133333
20.066667
15.066667
23.433333
5.033333
10.0
15.0
29.7
20.066667
20.066667
15.0
20.033333
5.0
15.0
20.166667
15.066667
20.0
20.266667
5.1
10.066667
10.0
20.0
20.1
5.166667
5.066667
20.066667
15.166667
20.033333
5.066667
15.066667
10.0
5.233333
30.0
5.066667
5.033333
15.1
25.2
5.1
5.033333
10.033333
5.0
10.066667
10.033333
5.1
10.033333
20.2
5.1
5.033333
20.0
10.1
5.033333
15.166667
20.033333
5.033333
25.233333
5.0
15.1
15.1
15.166667
10.1
20.2
15.066667
20.133333
15.0
15.066667
15.066667
10.0
5.0
10.0
20.133333
10.0
5.0
5.0
5.033333
15.133333
20.0
15.033333
15.066667
5.0
5.066667
5.033333
10.033333
5.066667
5.066667
5.066667
5.0
5.0
10.066667
25.066667
5.0
5.033333
15.033333
15.0
5.033333
10.1
15.0
15.133333
10.0
5.066667
5.033333
10.033333
5.0
5.0
15.133333
15.033333
15.0
21.833333
5.2
20.1
10.1
25.0
5.0
5.066667
5.066667
20.133333
10.133333
10.066667
15.0
25.166667
10.0
5.033333
10.033333
10.033333
20.033333
5.066667
10.066667
5.0
25.133333
10.0
10.066667
10.0
5.033333
10.033333
10.033333
5.0
15.033333
15.1
5.066667
20.0
5.033333
5.1
10.1
10.033333
15.033333
10.133333
5.066667
15.0
33.566667
5.033333
10.1
5.033333
5.033333
15.133333
25.066667
10.033333
10.066667
15.066667
15.066667
5.066667
10.033333
15.033333
25.066667
5.1
26.3
5.1
20.2
15.066667
10.166667
5.066667
25.0
5.033333
20.0
10.066667
10.066667
5.033333
5.033333
5.033333
10.1
10.066667
15.0
25.1
5.066667
15.133333
5.033333
5.0
10.066667
10.066667
10.1
5.0
15.1
5.033333
10.033333
10.033333
5.0
5.1
15.0
5.133333
5.0
10.033333
15.2
15.1
15.1
5.0
10.066667
25.033333
25.2
5.0
5.0
15.3
5.033333
20.033333
5.033333
5.0
20.0
5.033333
5.066667
15.033333
15.0
15.066667
5.2
10.0
5.066667
5.033333
15.0
15.066667
20.0
20.1
25.066667
10.0
10.1
20.033333
10.066667
10.133333
5.033333
5.033333
15.0
20.066667
15.066667
10.033333
5.0
5.0
15.1
5.066667
15.0
10.033333
15.033333
20.033333
20.033333
5.033333
15.0
15.033333
15.1
5.033333
26.433333
5.0
5.066667
5.0
25.1
5.0
5.066667
15.1
10.033333
31.533333
15.166667
10.033333
20.066667
15.033333
20.1
15.133333
20.133333
15.066667
10.0
15.0
5.033333
5.066667
20.0
10.033333
20.1
5.066667
15.066667
5.066667
5.066667
25.166667
5.033333
5.0
10.066667
5.0
5.0
20.066667
538.133333
20.0
5.033333
5.033333
15.0
10.0
20.0
10.066667
10.133333
15.033333
10.0
20.066667
15.033333
10.0
20.166667
5.033333
10.1
10.066667
5.0
10.0
5.0
5.1
5.0
20.1
30.766667
5.033333
5.166667
5.0
10.066667
10.0
5.0
5.033333
15.133333
5.0
15.0
5.033333
15.033333
5.0
5.0
20.133333
20.1
5.066667
25.133333
10.166667
10.033333
20.033333
10.066667
5.133333
5.033333
10.366667
10.1
5.0
25.033333
10.033333
15.033333
5.0
5.1
10.033333
10.066667
10.1
20.033333
10.0
10.0
15.133333
15.066667
5.0
25.066667
25.033333
20.133333
10.033333
10.066667
5.033333
15.133333
5.0
5.033333
15.0
10.0
20.1
5.1
20.1
5.0
5.033333
15.1
5.033333
10.1
10.1
20.066667
5.3
5.066667
20.0
10.0
10.033333
20.066667
5.033333
5.0
5.066667
20.033333
10.0
10.033333
5.033333
5.033333
5.033333
10.4
15.0
15.166667
15.0
20.1
15.0
5.066667
5.066667
15.033333
5.0
10.066667
20.1
25.166667
10.1
15.066667
20.1
15.066667
20.066667
5.2
10.033333
5.1
5.1
20.066667
20.066667
10.066667
15.0
10.033333
15.0
10.1
10.0
10.066667
15.066667
20.066667
5.066667
5.066667
10.066667
5.0
15.033333
10.133333
5.033333
15.0
15.066667
5.266667
10.0
5.1
5.066667
5.1
5.033333
15.133333
5.433333
10.033333
10.0
10.1
15.0
30.1
17.8
5.0
10.066667
5.066667
15.066667
5.033333
5.033333
5.0
5.1
5.066667
5.066667
5.033333
15.0
25.066667
20.0
10.033333
5.0
10.033333
25.1
20.1
25.1
15.033333
20.133333
15.0
5.0
5.066667
25.066667
5.033333
10.033333
5.066667
5.066667
5.066667
5.0
10.1
15.1
15.033333
20.066667
10.1
15.1
15.0
5.0
20.066667
10.033333
15.0
10.166667
20.1
10.033333
5.033333
15.0
5.1
20.033333
10.066667
25.066667
15.1
10.166667
5.2
20.033333
31.4
5.0
5.266667
15.0
15.0
10.1
10.0
15.1
10.0
5.0
15.066667
5.066667
15.033333
10.0
15.066667
24.866667
15.066667
5.066667
10.066667
5.1
20.066667
5.0
5.033333
5.0
15.033333
5.066667
5.033333
10.1
10.066667
5.066667
5.133333
10.1
5.033333
21.033333
15.1
5.066667
15.066667
37.366667
15.033333
10.033333
15.0
5.066667
20.0
25.1
20.033333
10.0
20.1
10.066667
15.1
5.066667
15.133333
10.1
5.033333
5.066667
5.0
15.066667
25.1
5.0
10.033333
5.1
15.233333
10.033333
5.066667
5.066667
15.066667
15.066667
5.033333
20.0
5.033333
10.066667
5.066667
5.0
5.133333
20.1
18.7
10.033333
5.0
15.133333
25.1
5.0
5.033333
10.133333
15.066667
10.066667
31.0
5.066667
10.2
10.066667
5.066667
10.0
5.066667
15.033333
5.033333
20.433333
5.0
5.033333
15.0
10.0
20.033333
5.066667
25.0
5.066667
10.1
15.133333
5.033333
15.1
5.066667
15.066667
20.0
20.0
20.066667
20.1
10.1
5.0
5.066667
15.1
5.033333
5.033333
15.033333
30.466667
5.333333
15.2
20.133333
15.066667
20.033333
15.066667
21.8
5.066667
15.0
20.0
5.0
20.1
10.0
5.0
15.1
25.166667
5.0
5.033333
20.266667
5.066667
5.066667
15.2
5.133333
5.066667
20.266667
25.133333
10.066667
5.0
5.033333
10.066667
10.1
15.166667
25.1
25.066667
15.033333
23.433333
283.133333
15.033333
15.1
20.0
5.066667
20.133333
15.1
15.1
15.066667
5.1
21.166667
20.066667
10.0
15.066667
10.0
10.0
10.2
20.066667
5.0
5.066667
5.0
21.2
15.0
5.0
5.066667
25.066667
20.0
10.1
5.1
10.066667
15.0
5.033333
10.033333
20.0
5.033333
5.0
5.1
10.066667
15.0
10.0
10.166667
5.033333
20.0
25.0
5.033333
15.133333
10.1
20.1
5.033333
20.166667
15.033333
5.033333
5.033333
5.0
5.0
15.066667
5.0
10.033333
5.133333
20.066667
10.033333
15.0
25.033333
5.0
5.033333
25.0
15.0
20.033333
10.1
5.0
20.1
10.033333
5.066667
25.133333
10.033333
5.033333
5.0
5.1
10.166667
10.1
20.033333
5.033333
15.133333
10.166667
15.066667
10.1
25.033333
10.0
25.066667
15.166667
5.033333
15.066667
20.066667
5.033333
25.133333
5.033333
5.0
10.033333
23.033333
5.033333
10.033333
15.033333
15.1
10.033333
5.1
5.066667
5.033333
15.2
10.033333
25.033333
15.066667
5.033333
10.066667
5.033333
10.0
5.0
20.066667
5.0
20.133333
5.033333
10.0
5.0
11.733333
20.0
5.133333
5.166667
5.066667
10.066667
20.066667
15.033333
5.0
10.0
20.133333
5.0
20.033333
10.066667
5.133333
5.0
15.066667
5.0
5.0
5.066667
10.1
15.033333
15.033333
5.033333
20.1
5.033333
10.033333
20.033333
10.0
15.066667
20.033333
15.033333
5.033333
10.0
5.0
10.133333
25.0
20.066667
10.266667
15.066667
20.1
15.033333
10.033333
20.0
15.033333
5.0
20.066667
10.033333
10.066667
20.1
10.366667
5.033333
10.066667
5.066667
5.0
10.033333
20.1
15.166667
25.133333
15.166667
5.033333
5.0
5.0
10.0
20.066667
5.033333
15.1
5.066667
20.033333
5.033333
15.066667
20.066667
10.033333
5.0
5.133333
10.0
5.066667
5.066667
25.033333
15.066667
5.0
5.066667
15.0
15.033333
10.033333
5.066667
20.166667
5.0
20.3
20.0
15.2
15.0
15.0
5.4
15.033333
10.066667
20.1
10.033333
25.0
30.6
5.0
5.0
10.0
10.066667
10.066667
10.066667
5.0
20.033333
10.2
25.166667
15.1
5.0
10.1
5.0
5.0
10.433333
20.066667
5.0
5.033333
20.066667
5.0
29.8
10.0
5.033333
10.066667
15.033333
20.033333
5.1
5.033333
20.133333
25.133333
21.833333
10.066667
5.066667
15.0
10.033333
5.066667
5.1
5.033333
5.0
15.0
20.033333
20.066667
10.033333
20.1
5.1
5.066667
5.0
5.066667
20.133333
5.0
15.033333
5.033333
5.033333
10.0
5.0
10.0
5.033333
15.033333
10.133333
25.1
15.0
15.033333
5.066667
5.033333
15.0
20.1
20.033333
20.066667
15.133333
15.033333
5.066667
10.066667
10.0
20.0
15.0
5.166667
15.066667
20.133333
5.066667
10.066667
5.033333
5.0
15.1
5.133333
5.0
15.0
20.033333
10.1
25.066667
25.0
10.033333
5.0
5.033333
20.066667
5.033333
15.133333
15.133333
30.866667
10.033333
19.5
15.0
10.0
10.033333
5.033333
5.033333
5.133333
10.033333
5.033333
5.066667
5.033333
15.033333
25.066667
10.033333
10.0
20.066667
20.033333
5.0
10.033333
20.1
5.033333
5.1
10.033333
5.0
10.066667
15.0
15.266667
5.066667
20.066667
25.066667
5.0
5.033333
20.066667
25.066667
10.2
10.2
10.066667
15.133333
10.066667
5.033333
10.1
15.166667
5.033333
5.1
20.133333
10.066667
15.066667
5.033333
15.033333
5.033333
5.033333
20.1
10.1
20.133333
5.033333
15.1
5.0
5.033333
10.166667
5.0
15.033333
20.066667
5.066667
20.066667
10.066667
15.033333
5.033333
5.033333
10.033333
5.0
10.066667
5.0
5.0
5.0
15.033333
20.066667
5.0
5.066667
10.033333
20.033333
10.066667
10.1
5.033333
5.033333
5.066667
15.066667
5.0
10.066667
10.033333
5.0
5.066667
20.033333
15.133333
5.1
10.0
10.1
10.066667
20.1
20.0
