5.066667
20.166667
25.066667
15.1
20.0
15.1
5.0
10.133333
30.166667
15.033333
25.033333
10.1
5.1
5.033333
5.0
10.1
5.066667
5.033333
15.033333
10.033333
5.033333
5.066667
15.066667
10.066667
20.033333
10.1
15.066667
20.1
20.066667
20.0
25.1
10.1
5.0
5.0
10.033333
5.033333
5.066667
5.033333
5.033333
25.133333
10.066667
20.133333
10.066667
10.033333
20.0
25.033333
5.0
20.133333
25.0
10.233333
5.1
5.033333
25.066667
20.866667
5.0
15.066667
5.033333
5.0
15.1
5.133333
15.0
10.033333
5.033333
5.033333
5.066667
15.066667
15.066667
15.066667
15.0
5.0
10.066667
10.066667
5.166667
20.066667
5.066667
5.0
20.033333
5.033333
20.2
5.0
5.033333
10.1
10.033333
20.066667
25.1
5.066667
15.033333
10.2
15.233333
15.1
20.033333
5.033333
20.033333
5.033333
15.133333
15.066667
5.0
5.033333
20.133333
15.033333
15.066667
10.0
15.066667
15.133333
20.1
10.1
20.1
30.066667
20.4
19.133333
20.1
10.1
10.033333
20.133333
10.1
10.033333
5.033333
5.066667
25.1
15.033333
10.133333
20.1
10.033333
5.033333
5.1
15.1
10.033333
15.0
10.0
15.033333
10.1
10.033333
5.033333
5.033333
15.066667
5.133333
15.066667
10.0
15.066667
25.1
5.133333
15.1
5.033333
10.0
25.066667
5.033333
5.0
5.1
5.066667
15.0
10.033333
20.0
5.033333
15.066667
5.033333
15.066667
20.0
5.033333
20.1
15.0
30.166667
10.033333
10.066667
15.066667
10.133333
5.0
5.1
15.033333
5.0
10.033333
18.6
10.033333
15.033333
5.066667
15.066667
25.033333
15.033333
10.166667
5.033333
10.0
15.033333
15.066667
5.033333
15.066667
20.266667
5.033333
5.066667
10.033333
15.066667
5.066667
15.033333
10.033333
5.033333
10.066667
5.033333
5.066667
25.0
15.266667
20.0
15.1
5.0
20.066667
5.033333
5.066667
5.2
5.066667
5.0
15.033333
10.066667
20.166667
10.066667
5.166667
5.0
5.133333
10.1
15.1
25.1
20.033333
10.0
10.0
15.066667
5.066667
20.166667
25.033333
10.033333
20.1
5.066667
5.0
25.2
5.1
15.066667
5.066667
20.0
15.1
5.033333
10.1
15.033333
25.133333
5.033333
15.0
15.033333
25.166667
20.033333
20.066667
15.033333
10.0
15.066667
5.0
5.133333
20.0
5.0
10.066667
5.033333
15.0
20.066667
16.433333
25.066667
5.0
10.033333
15.1
15.0
25.0
10.066667
5.066667
25.166667
5.033333
5.033333
20.033333
5.033333
15.066667
5.0
5.1
10.0
5.066667
10.033333
10.066667
5.0
20.033333
10.033333
15.1
5.0
5.0
15.033333
5.0
10.0
5.0
20.066667
15.166667
5.066667
20.033333
15.066667
5.133333
15.1
15.1
30.166667
25.033333
10.133333
5.066667
15.1
10.0
20.133333
30.0
5.066667
15.0
5.033333
15.066667
10.066667
5.066667
15.166667
5.033333
30.1
15.066667
10.033333
5.033333
25.8
15.0
20.066667
5.033333
25.066667
15.133333
15.1
5.133333
5.033333
5.033333
20.066667
10.0
5.0
10.066667
20.1
20.066667
10.0
10.0
20.066667
5.066667
5.533333
15.0
5.033333
25.133333
15.0
5.033333
25.1
5.066667
20.2
5.033333
20.2
15.1
20.066667
5.066667
5.0
15.1
5.033333
25.033333
20.0
10.033333
25.133333
15.066667
5.0
15.033333
15.0
10.066667
5.033333
20.066667
10.0
5.066667
20.066667
5.0
5.0
20.3
15.1
20.066667
5.033333
20.833333
15.066667
5.033333
5.033333
5.066667
15.1
5.1
20.1
10.1
20.066667
15.033333
10.033333
15.066667
5.066667
5.0
10.033333
15.033333
5.1
5.0
10.1
15.1
25.033333
20.1
5.133333
5.266667
15.233333
15.066667
5.1
5.1
5.033333
15.066667
10.033333
5.033333
5.0
5.0
20.1
15.0
20.066667
10.033333
15.066667
15.033333
15.0
5.0
15.0
5.066667
15.066667
20.1
5.066667
5.133333
10.033333
20.066667
20.166667
20.0
15.166667
10.0
15.0
5.066667
15.066667
20.166667
15.033333
15.166667
485.466667
10.0
20.033333
15.066667
15.066667
10.0
15.133333
5.066667
5.0
5.1
10.066667
5.0
10.0
20.0
10.066667
20.1
5.0
5.066667
5.033333
10.1
25.966667
5.0
25.0
20.033333
19.966667
5.033333
5.066667
5.1
5.0
5.0
5.0
10.166667
5.033333
10.066667
5.0
10.033333
10.033333
15.066667
5.033333
5.0
25.0
10.033333
5.033333
5.033333
20.033333
5.066667
5.033333
5.0
15.066667
20.033333
5.033333
10.033333
5.066667
20.033333
15.0
20.066667
20.0
5.0
5.033333
10.0
15.033333
5.1
15.066667
30.033333
15.133333
10.033333
15.033333
20.033333
5.0
10.033333
15.033333
15.033333
15.066667
5.1
15.0
5.133333
15.0
10.033333
15.033333
40.1
15.133333
5.0
15.133333
20.066667
10.0
5.033333
5.1
20.133333
10.033333
5.0
15.0
10.066667
5.0
15.0
5.0
15.0
10.1
20.066667
5.066667
10.033333
10.1
10.1
37.833333
5.033333
15.033333
15.133333
15.166667
5.1
15.1
15.0
25.1
20.066667
15.066667
5.033333
20.0
5.066667
5.0
20.133333
5.066667
10.066667
5.066667
25.0
10.1
20.066667
15.033333
10.0
10.1
10.033333
20.1
15.033333
5.1
5.0
25.1
5.1
10.0
5.066667
10.0
10.033333
6.333333
25.133333
30.066667
10.066667
15.033333
5.033333
29.7
10.0
10.0
5.033333
5.033333
5.033333
5.033333
25.133333
5.1
5.0
5.133333
5.033333
15.1
10.1
10.066667
5.033333
20.033333
15.033333
15.066667
30.066667
10.1
5.0
10.066667
10.166667
5.066667
5.033333
10.0
10.0
5.033333
15.0
10.033333
20.0
5.0
5.066667
5.1
15.066667
5.033333
15.166667
10.033333
15.033333
20.1
5.066667
10.066667
5.033333
5.0
15.066667
15.1
15.033333
5.033333
5.033333
10.0
5.033333
15.0
5.033333
5.066667
20.033333
5.066667
10.0
5.1
15.033333
20.1
15.133333
5.0
10.0
10.066667
15.0
10.0
10.066667
15.1
10.066667
5.0
10.133333
15.2
5.166667
10.1
10.033333
5.0
10.033333
20.233333
10.0
10.033333
5.066667
15.0
15.066667
15.1
15.033333
5.0
15.033333
25.1
5.0
15.1
15.033333
5.033333
15.166667
10.0
15.0
5.066667
103.433333
5.0
10.133333
20.1
10.133333
10.1
15.1
20.066667
5.1
10.066667
5.1
5.0
15.166667
10.033333
20.166667
10.0
15.066667
5.1
40.2
5.066667
10.0
15.333333
5.033333
5.133333
25.033333
10.0
5.0
20.1
10.033333
15.033333
20.133333
10.033333
20.2
5.0
15.0
15.033333
5.033333
5.0
15.1
15.0
15.1
10.066667
10.033333
15.066667
5.0
15.066667
5.0
10.033333
15.133333
5.066667
15.1
5.0
15.066667
5.0
25.066667
5.066667
5.033333
20.133333
15.233333
5.066667
20.0
15.066667
15.033333
25.2
5.033333
5.066667
10.1
5.0
10.066667
15.1
5.066667
15.0
15.033333
25.066667
20.033333
10.0
30.2
10.0
10.066667
5.033333
15.033333
15.1
10.033333
15.033333
5.033333
25.1
10.066667
15.1
15.1
5.033333
26.333333
15.1
15.0
15.0
5.066667
15.066667
10.033333
20.033333
15.0
15.0
25.1
5.1
5.066667
20.066667
15.133333
10.033333
10.166667
5.066667
10.0
20.033333
5.033333
5.133333
15.1
10.033333
10.0
20.1
10.033333
5.1
5.033333
20.066667
10.066667
5.0
5.066667
15.033333
5.1
10.066667
15.133333
15.033333
10.033333
10.133333
15.066667
5.033333
15.0
15.033333
25.033333
5.0
5.033333
15.1
5.066667
5.033333
5.066667
15.133333
5.033333
25.1
5.033333
10.0
15.133333
39.966667
15.0
5.033333
5.033333
396.866667
5.066667
15.0
5.0
20.0
20.1
5.033333
5.0
10.1
5.1
5.0
10.0
5.1
5.033333
5.066667
15.066667
5.033333
15.033333
5.033333
15.033333
10.066667
5.066667
5.033333
5.1
15.0
15.033333
5.066667
5.033333
20.1
20.0
25.033333
20.166667
5.066667
20.033333
15.066667
20.1
5.0
10.033333
10.1
10.066667
5.033333
5.133333
15.0
20.166667
5.133333
15.1
10.033333
20.0
20.066667
5.033333
30.3
15.066667
10.033333
20.066667
10.066667
5.066667
5.0
19.266667
10.0
15.066667
5.166667
10.1
5.066667
40.066667
15.1
15.0
5.033333
5.0
5.033333
5.033333
5.066667
5.1
20.1
5.0
10.066667
5.0
5.033333
15.1
5.066667
10.033333
5.0
20.0
20.0
15.0
15.0
10.066667
5.033333
15.0
20.133333
10.0
15.133333
5.033333
5.0
5.066667
10.033333
20.133333
10.0
20.0
10.0
5.1
20.133333
25.1
10.066667
15.0
15.0
5.033333
5.0
10.033333
5.066667
20.133333
5.066667
5.1
10.0
25.1
5.033333
15.066667
5.133333
10.033333
15.033333
25.1
15.033333
5.0
15.1
5.033333
5.033333
10.066667
15.133333
10.033333
10.133333
15.133333
5.066667
5.0
5.0
10.066667
5.1
5.0
20.166667
10.133333
15.166667
5.033333
10.1
5.033333
25.066667
10.0
5.0
10.166667
10.0
10.133333
10.1
20.066667
5.0
5.0
10.033333
5.066667
10.133333
15.0
15.033333
5.066667
10.0
20.0
20.1
10.066667
20.0
10.033333
5.066667
5.0
20.066667
20.033333
20.0
5.066667
15.066667
25.033333
5.066667
30.166667
20.0
15.066667
20.166667
17.5
5.033333
15.033333
35.033333
15.0
5.0
5.0
15.0
10.0
15.066667
5.066667
10.1
25.166667
5.033333
5.033333
10.066667
5.033333
10.033333
5.0
5.0
10.033333
5.033333
5.033333
20.0
10.033333
5.066667
5.066667
20.1
5.0
20.066667
5.066667
5.033333
15.066667
15.066667
10.0
10.033333
15.0
15.0
25.133333
5.033333
5.033333
5.0
20.033333
20.033333
5.0
5.033333
20.066667
10.0
20.033333
10.033333
5.033333
5.0
5.033333
15.066667
15.033333
5.033333
20.033333
5.0
15.033333
5.0
5.066667
5.0
20.1
10.066667
20.066667
15.033333
5.0
5.033333
20.033333
5.0
15.133333
20.2
20.0
5.0
20.2
15.0
20.033333
20.133333
10.0
5.0
10.066667
25.166667
5.0
10.1
5.066667
25.133333
15.0
5.0
25.066667
5.033333
10.0
15.066667
10.133333
10.033333
20.066667
15.0
20.033333
34.0
15.0
10.033333
20.2
15.133333
10.033333
10.0
10.033333
20.0
5.0
15.1
15.1
25.1
5.033333
15.0
25.0
5.066667
15.1
20.133333
15.0
10.033333
15.0
5.033333
15.066667
30.133333
5.033333
20.2
25.133333
10.1
5.1
5.066667
10.0
5.0
5.0
20.133333
10.033333
20.166667
5.1
5.0
5.0
5.033333
30.133333
5.0
15.033333
5.033333
10.0
20.033333
15.033333
15.133333
5.2
5.033333
5.033333
20.1
15.0
25.033333
25.1
25.066667
10.033333
5.0
10.0
10.0
10.1
5.033333
10.033333
20.0
17.3
15.033333
25.166667
20.133333
5.0
25.233333
5.033333
359.433333
10.0
10.066667
17.766667
15.033333
437.7
20.0
5.033333
15.033333
5.033333
15.133333
5.033333
10.066667
15.066667
10.0
20.0
15.0
20.066667
15.066667
20.0
22.866667
20.066667
5.033333
5.033333
5.033333
15.033333
10.166667
20.066667
15.166667
30.033333
15.033333
15.066667
15.0
10.0
15.1
5.033333
5.066667
15.133333
5.066667
20.066667
5.0
20.066667
10.1
5.033333
15.033333
5.033333
30.933333
25.133333
25.2
5.066667
5.066667
10.033333
10.0
5.033333
10.0
10.033333
5.066667
5.1
5.066667
5.066667
10.033333
10.133333
5.066667
15.033333
15.0
5.1
15.166667
10.066667
5.033333
15.0
5.033333
5.133333
15.0
5.033333
10.066667
5.066667
10.033333
25.066667
15.0
15.066667
35.166667
10.0
5.033333
10.0
5.1
5.0
5.0
10.033333
5.0
20.066667
5.066667
10.066667
20.0
15.0
15.1
15.066667
20.0
5.0
10.1
20.033333
10.133333
5.066667
5.033333
25.133333
10.033333
15.1
10.066667
20.066667
5.066667
5.0
20.066667
25.0
20.066667
26.166667
5.033333
5.1
5.033333
5.1
52.7
15.066667
20.066667
5.1
332.066667
5.066667
5.033333
10.033333
20.133333
5.0
5.066667
5.066667
20.133333
10.0
10.033333
5.133333
5.033333
20.066667
5.033333
20.1
10.066667
10.033333
5.033333
15.1
23.833333
10.0
5.033333
20.066667
10.033333
30.133333
10.033333
15.033333
25.066667
5.066667
15.0
15.0
10.0
5.066667
40.066667
10.033333
5.0
20.1
5.033333
15.0
15.166667
5.066667
20.0
5.166667
38.1
20.066667
5.033333
10.0
20.066667
5.033333
20.133333
15.033333
10.033333
5.066667
10.066667
18.133333
10.0
20.133333
20.9
5.033333
15.033333
5.033333
10.033333
20.066667
30.033333
5.0
15.066667
5.1
15.066667
20.033333
5.033333
5.033333
5.1
20.066667
5.0
20.033333
20.1
5.166667
20.0
5.033333
5.066667
15.066667
10.033333
5.0
10.033333
15.1
25.1
20.033333
20.066667
5.033333
20.1
20.033333
15.066667
20.1
5.0
15.066667
10.033333
20.033333
15.066667
15.2
5.033333
21.9
5.233333
10.066667
20.0
10.0
10.066667
15.1
10.0
15.033333
5.033333
10.0
5.066667
15.1
10.033333
5.1
5.0
25.0
5.066667
15.066667
15.0
10.033333
15.066667
5.033333
5.0
25.1
5.133333
5.0
34.4
10.033333
15.066667
5.033333
10.1
30.166667
15.133333
5.033333
20.033333
5.066667
20.1
20.066667
15.033333
10.0
10.2
10.066667
5.0
20.033333
15.033333
15.1
10.033333
5.033333
10.033333
5.1
5.0
25.066667
20.0
10.066667
15.066667
5.033333
20.033333
5.133333
5.033333
10.066667
20.1
5.033333
40.2
5.066667
15.033333
15.066667
10.066667
10.066667
25.1
10.033333
25.033333
15.1
10.033333
5.0
5.0
25.1
5.033333
10.066667
10.133333
20.033333
5.033333
5.0
5.0
5.066667
5.166667
5.1
5.1
20.0
10.1
5.0
10.1
15.0
10.0
5.066667
15.0
5.0
15.033333
10.133333
20.0
20.0
25.1
10.0
10.033333
10.033333
5.0
20.133333
10.066667
5.033333
5.033333
5.066667
5.033333
15.133333
20.133333
15.033333
10.1
5.0
15.0
15.066667
5.033333
20.033333
5.0
10.066667
15.0
25.133333
28.4
5.033333
15.133333
5.0
5.0
5.033333
15.1
5.066667
5.0
5.066667
26.033333
10.166667
10.066667
20.033333
5.0
25.0
5.066667
10.066667
5.066667
5.033333
15.066667
15.0
10.033333
15.0
15.133333
20.033333
5.066667
20.166667
398.466667
20.166667
10.033333
15.0
5.0
5.033333
5.066667
5.0
5.033333
5.066667
15.0
10.066667
15.1
15.066667
10.033333
10.1
10.1
5.033333
20.133333
20.133333
5.033333
20.066667
10.033333
5.0
5.0
5.0
20.1
5.066667
5.033333
20.066667
20.066667
10.033333
30.066667
15.033333
10.033333
20.1
5.033333
10.1
10.0
5.0
10.0
15.133333
10.133333
10.1
10.0
10.1
10.066667
15.033333
20.0
5.033333
20.066667
5.133333
5.066667
10.033333
15.033333
5.033333
5.066667
5.0
15.1
20.166667
15.033333
20.033333
5.0
35.0
10.066667
5.066667
5.066667
25.066667
5.0
20.1
5.0
5.0
20.066667
5.033333
25.133333
10.033333
5.0
5.1
5.033333
20.133333
20.066667
5.066667
25.133333
20.033333
25.066667
20.133333
20.066667
10.033333
5.033333
10.1
5.033333
20.066667
10.066667
15.066667
15.066667
39.0
10.066667
20.0
5.066667
25.1
30.066667
5.0
10.0
5.033333
10.1
5.033333
15.1
25.166667
5.0
5.033333
10.0
5.0
5.0
5.1
5.033333
10.066667
5.066667
5.033333
10.066667
10.0
5.166667
10.0
15.033333
20.066667
15.066667
5.033333
20.133333
15.066667
5.033333
20.133333
5.033333
20.066667
5.033333
10.033333
10.033333
5.033333
25.066667
15.033333
15.0
5.1
5.066667
15.0
15.066667
10.033333
15.066667
20.0
15.033333
5.0
20.066667
20.133333
15.033333
10.0
20.1
5.0
10.066667
5.0
10.1
5.066667
21.9
15.0
15.166667
20.033333
5.066667
5.1
5.033333
5.1
5.1
5.033333
15.0
5.133333
15.033333
20.0
15.0
5.1
20.1
5.0
5.066667
20.2
15.033333
10.033333
10.1
25.066667
20.066667
5.033333
5.1
25.033333
20.1
10.033333
15.066667
10.0
5.0
20.1
5.133333
25.0
20.1
5.033333
5.0
5.066667
16.166667
5.033333
20.1
15.0
10.066667
15.066667
10.0
5.066667
5.0
15.133333
10.0
5.033333
25.166667
20.1
10.133333
20.066667
5.033333
20.166667
25.033333
10.066667
10.0
5.033333
25.033333
5.0
5.066667
5.1
5.1
10.066667
10.0
15.033333
20.1
10.033333
5.066667
10.166667
20.133333
5.066667
5.0
5.166667
10.066667
10.066667
25.133333
10.133333
5.033333
5.066667
5.066667
5.066667
10.066667
10.066667
10.0
20.033333
10.066667
10.033333
5.0
5.0
5.1
20.1
5.033333
5.066667
20.2
20.0
10.066667
15.166667
5.233333
15.0
5.033333
25.133333
5.0
5.033333
15.066667
5.033333
15.0
15.066667
15.0
25.0
5.033333
15.166667
10.033333
15.033333
10.033333
25.066667
25.133333
5.0
5.0
20.133333
20.066667
10.033333
20.066667
10.033333
5.033333
10.033333
5.133333
20.066667
15.1
25.066667
5.0
5.033333
5.1
15.033333
15.066667
20.0
15.0
25.066667
10.066667
10.1
5.066667
10.033333
5.033333
5.066667
20.133333
10.0
15.0
20.033333
15.033333
5.0
5.1
15.066667
25.1
5.066667
15.0
5.0
15.033333
5.1
10.133333
25.066667
15.1
15.1
10.0
5.033333
20.033333
15.033333
10.033333
15.066667
5.1
5.033333
5.066667
10.033333
5.033333
20.0
15.133333
20.033333
10.033333
5.0
10.033333
20.133333
5.066667
20.0
10.066667
5.033333
10.066667
5.1
20.0
15.033333
15.033333
5.066667
15.1
10.033333
20.033333
15.0
5.033333
20.1
25.0
15.033333
20.166667
10.066667
10.033333
10.1
5.433333
15.0
20.066667
10.0
5.066667
20.0
30.066667
10.1
15.0
5.0
15.033333
10.066667
15.066667
5.066667
15.0
20.066667
5.0
10.133333
10.066667
5.1
5.133333
20.066667
10.033333
20.1
10.066667
25.1
15.0
10.0
20.0
10.1
39.4
10.066667
5.066667
20.0
5.033333
15.1
25.133333
5.033333
5.033333
10.033333
20.133333
15.1
20.0
5.066667
10.0
5.033333
15.033333
5.0
10.1
5.0
5.0
5.0
5.1
5.066667
10.0
5.066667
5.033333
15.066667
10.033333
15.033333
25.6
10.0
10.0
10.066667
20.1
10.033333
10.0
25.166667
5.0
20.1
10.033333
20.066667
15.066667
5.033333
24.066667
5.1
5.033333
5.033333
5.0
5.033333
5.066667
10.0
15.133333
10.0
5.1
10.0
15.0
15.133333
10.066667
5.033333
15.133333
15.033333
10.033333
5.033333
10.066667
25.1
20.033333
10.066667
5.1
5.033333
20.033333
5.0
25.133333
20.166667
15.066667
20.0
5.0
5.0
5.033333
20.0
20.033333
5.066667
15.0
20.0
20.0
15.1
5.0
5.033333
15.1
10.033333
10.0
31.933333
15.066667
20.1
20.066667
5.033333
10.133333
25.033333
20.066667
5.0
20.066667
5.033333
10.033333
5.166667
25.1
15.066667
20.1
15.033333
25.0
5.033333
15.066667
15.0
5.0
5.0
10.066667
15.033333
10.0
5.0
10.033333
15.066667
20.133333
20.066667
10.033333
35.466667
5.066667
20.1
5.0
5.033333
30.066667
10.1
10.033333
5.033333
5.066667
15.0
10.0
20.166667
10.066667
10.1
10.066667
10.1
5.0
5.1
20.066667
15.066667
25.066667
45.066667
23.533333
5.066667
10.133333
15.0
5.0
15.033333
5.033333
20.033333
20.1
15.133333
10.0
20.1
20.066667
20.033333
5.0
10.033333
20.1
10.033333
10.0
15.033333
5.066667
15.066667
21.233333
20.1
5.0
5.033333
5.066667
5.033333
15.1
20.033333
20.3
10.1
20.066667
25.1
5.033333
15.166667
5.0
5.033333
10.066667
10.0
20.033333
15.066667
5.066667
15.0
10.033333
5.033333
5.066667
5.033333
5.066667
5.1
5.1
5.0
5.066667
25.166667
15.0
5.033333
15.133333
5.033333
5.0
20.033333
10.1
25.0
10.066667
25.1
15.033333
15.066667
5.033333
30.0
15.133333
15.033333
20.033333
20.0
10.0
5.033333
10.033333
15.366667
21.7
10.033333
25.2
5.1
10.033333
20.066667
10.033333
5.033333
5.033333
20.1
10.033333
5.033333
5.033333
10.066667
10.033333
5.0
5.033333
15.1
5.033333
25.7
5.033333
15.066667
20.033333
10.1
25.133333
5.033333
5.033333
15.0
5.1
15.0
20.066667
25.033333
20.0
5.0
10.1
20.066667
5.0
15.033333
15.066667
30.033333
10.066667
5.033333
5.0
5.033333
5.066667
25.033333
10.033333
15.0
25.033333
25.033333
5.0
5.033333
15.0
10.0
10.0
10.1
15.033333
5.066667
15.233333
15.0
20.1
5.066667
5.033333
10.133333
5.033333
15.033333
5.033333
20.1
10.033333
20.133333
10.1
10.1
10.1
20.033333
5.033333
5.033333
5.0
20.133333
15.066667
10.033333
5.1
15.133333
10.066667
5.033333
25.1
20.1
10.033333
5.066667
24.4
5.066667
5.1
10.033333
5.0
20.1
10.066667
20.1
10.033333
30.066667
15.066667
5.1
5.0
26.433333
15.033333
5.133333
5.033333
5.0
25.0
20.0
5.0
10.033333
10.0
25.166667
10.066667
10.133333
10.033333
20.033333
15.1
5.033333
10.0
15.066667
10.1
20.033333
15.033333
5.1
25.0
10.033333
5.0
5.033333
15.133333
10.0
15.0
30.1
5.033333
15.133333
15.033333
5.1
118.5
421.8
15.1
20.033333
25.066667
5.066667
15.033333
20.066667
5.0
5.066667
20.0
25.033333
10.0
5.033333
20.1
20.133333
15.033333
25.0
10.066667
5.033333
15.1
5.033333
10.0
5.066667
15.1
20.1
15.166667
20.133333
5.033333
15.1
5.1
5.033333
10.0
10.1
10.033333
5.066667
15.1
20.066667
15.066667
5.033333
10.066667
15.166667
10.066667
10.066667
5.066667
10.033333
10.0
10.0
15.0
10.0
5.0
15.1
5.0
5.033333
5.0
10.033333
20.033333
20.066667
5.0
10.0
25.1
25.066667
15.0
5.0
30.033333
15.033333
5.033333
20.033333
10.133333
5.0
15.033333
10.033333
15.0
5.0
15.0
5.033333
20.1
10.033333
5.0
15.066667
5.033333
20.166667
5.166667
20.1
20.133333
10.033333
5.033333
5.233333
15.033333
10.033333
15.1
15.066667
5.033333
5.033333
5.1
5.033333
10.1
15.0
5.066667
10.066667
25.1
10.066667
5.066667
5.066667
15.1
20.1
5.033333
5.1
25.466667
5.033333
15.066667
10.066667
5.066667
10.0
20.1
5.033333
15.033333
15.033333
10.033333
250.766667
5.0
20.133333
20.1
5.1
20.033333
15.1
20.033333
5.066667
10.033333
10.0
5.1
5.0
10.1
15.0
5.033333
20.033333
15.233333
5.0
15.1
10.0
5.033333
15.033333
15.133333
20.1
5.066667
5.166667
20.133333
10.033333
15.033333
5.0
10.1
10.0
10.1
10.0
5.1
10.066667
10.066667
543.866667
20.033333
137.9
10.0
10.0
15.0
10.066667
20.066667
15.033333
5.0
15.0
5.1
10.033333
5.033333
15.2
10.0
10.033333
15.1
20.1
5.0
20.033333
5.033333
20.166667
5.166667
5.033333
20.1
15.0
5.033333
20.133333
20.366667
25.033333
5.033333
15.0
5.133333
10.2
25.133333
5.033333
10.066667
15.033333
10.033333
10.033333
5.066667
5.066667
15.133333
15.0
5.0
5.066667
10.0
15.133333
20.0
15.033333
10.0
10.1
22.766667
20.033333
10.033333
5.033333
5.066667
10.1
5.1
15.066667
20.033333
15.1
10.1
15.1
20.1
10.033333
15.133333
5.066667
5.033333
5.0
15.0
15.666667
10.0
10.0
35.133333
5.066667
15.033333
5.066667
25.2
10.1
5.1
20.133333
5.0
15.1
5.066667
10.033333
25.1
15.066667
5.066667
20.066667
15.033333
5.0
20.066667
5.066667
20.466667
20.0
5.0
15.066667
5.0
15.0
10.0
5.1
5.0
10.066667
10.066667
10.033333
5.0
10.033333
5.033333
5.0
5.033333
5.033333
20.066667
15.0
15.066667
15.1
5.0
5.1
10.0
5.066667
10.033333
15.0
15.033333
15.1
15.166667
15.033333
5.066667
15.066667
15.066667
20.033333
5.033333
10.0
5.033333
20.066667
5.0
15.133333
25.066667
10.066667
5.033333
15.0
15.0
10.0
20.0
5.0
15.066667
5.0
20.033333
20.1
5.033333
5.466667
15.033333
5.0
15.066667
10.1
5.066667
20.133333
5.066667
5.033333
20.066667
20.1
10.066667
10.066667
30.033333
5.033333
10.066667
10.033333
10.133333
5.033333
5.066667
15.066667
10.033333
20.0
10.1
5.1
15.066667
15.166667
5.033333
15.066667
5.066667
15.066667
20.1
10.033333
15.033333
5.0
5.1
10.0
5.066667
15.1
5.0
10.1
10.1
25.033333
20.133333
15.033333
5.0
10.033333
10.066667
15.033333
5.033333
5.0
15.066667
25.066667
5.0
32.966667
5.033333
404.9
5.033333
20.1
5.066667
10.066667
20.066667
18.366667
5.033333
15.033333
5.0
15.033333
15.0
10.066667
10.066667
10.033333
10.1
5.066667
15.033333
10.033333
5.0
10.033333
5.166667
20.133333
15.266667
15.0
5.133333
15.066667
5.033333
5.0
10.0
5.1
10.1
10.0
20.066667
20.033333
15.0
20.033333
5.133333
20.133333
10.066667
15.1
10.066667
5.0
5.033333
15.2
10.0
10.066667
10.133333
5.1
10.066667
20.166667
5.066667
5.0
15.0
16.166667
5.1
15.066667
5.033333
20.033333
10.066667
5.033333
5.0
5.033333
5.066667
10.0
10.0
30.1
10.066667
5.033333
20.066667
5.0
20.033333
5.0
5.066667
5.166667
5.033333
5.133333
10.1
10.0
10.033333
20.166667
20.166667
5.0
10.1
10.033333
15.066667
15.066667
15.0
10.1
5.066667
5.0
10.0
15.066667
5.033333
15.1
15.033333
10.066667
5.033333
30.166667
10.066667
10.033333
20.033333
15.0
15.033333
10.033333
15.166667
15.1
5.0
20.633333
5.033333
25.066667
5.033333
5.0
10.0
20.0
15.0
10.0
10.1
15.066667
5.133333
5.0
15.0
5.0
10.066667
5.066667
25.166667
20.066667
5.066667
10.1
26.266667
10.066667
15.1
5.1
5.066667
15.033333
20.033333
5.033333
10.033333
5.066667
10.066667
10.0
5.033333
10.0
25.0
44.933333
10.033333
5.033333
15.0
10.066667
15.0
25.0
15.033333
35.533333
10.033333
5.033333
5.033333
5.133333
5.066667
20.0
5.0
20.066667
20.0
10.066667
10.066667
36.433333
5.033333
5.033333
20.133333
5.033333
20.166667
5.066667
5.066667
25.033333
20.066667
5.033333
5.033333
5.033333
20.133333
5.066667
20.066667
22.0
20.266667
5.1
5.0
21.4
5.0
25.1
5.033333
15.1
15.266667
10.0
20.066667
10.0
15.1
15.066667
25.066667
5.033333
10.033333
20.133333
15.066667
5.2
15.033333
15.033333
15.0
25.0
25.066667
20.066667
15.066667
10.033333
10.066667
15.0
5.066667
5.066667
20.066667
5.033333
5.0
5.033333
5.033333
15.066667
25.066667
20.033333
20.0
5.0
10.166667
5.066667
10.1
5.033333
5.066667
15.1
5.1
20.1
5.033333
25.166667
5.066667
5.033333
15.1
10.0
5.033333
10.1
15.066667
20.0
5.0
5.2
10.1
25.0
5.066667
20.133333
10.033333
20.066667
5.1
25.033333
15.1
20.033333
10.066667
15.033333
10.0
5.0
5.0
5.1
10.066667
20.1
5.1
10.166667
5.066667
5.066667
15.033333
20.066667
20.166667
5.033333
15.066667
20.033333
5.0
5.1
15.0
10.0
10.1
205.333333
20.0
25.033333
5.033333
15.033333
20.033333
20.066667
10.0
5.033333
5.033333
10.066667
15.033333
10.1
10.033333
25.2
10.066667
5.0
10.033333
10.033333
10.066667
15.0
20.9
5.1
20.0
5.033333
15.1
5.0
10.033333
5.0
5.0
10.033333
5.1
15.1
20.066667
15.033333
10.033333
5.0
15.066667
15.033333
15.0
5.066667
15.033333
5.066667
10.0
10.0
25.033333
5.0
15.033333
5.033333
25.1
10.166667
20.033333
10.0
5.0
5.0
20.066667
20.0
10.0
15.0
20.066667
5.1
20.1
20.033333
10.166667
20.1
5.033333
20.1
10.266667
15.066667
20.066667
10.133333
28.433333
15.033333
25.0
5.0
30.066667
20.166667
5.033333
20.1
10.066667
25.133333
15.1
25.1
5.0
20.166667
5.033333
15.133333
15.0
5.0
10.033333
15.1
5.033333
30.433333
5.033333
10.0
20.0
10.066667
5.033333
15.1
15.1
15.0
10.066667
20.066667
5.0
5.066667
5.066667
25.133333
10.2
5.033333
10.0
5.033333
10.033333
5.033333
15.066667
20.133333
5.0
15.033333
5.033333
5.1
5.0
10.033333
10.033333
5.1
5.033333
5.066667
5.4
10.066667
10.033333
10.033333
15.066667
5.133333
15.066667
10.066667
10.1
10.033333
5.1
5.0
11.033333
5.0
5.033333
5.166667
5.033333
5.266667
25.0
15.033333
20.1
5.033333
5.033333
5.066667
20.066667
5.0
15.066667
10.133333
5.066667
5.066667
25.1
10.2
10.033333
31.233333
5.033333
20.033333
10.0
10.033333
5.333333
10.0
5.033333
10.066667
5.0
5.0
20.1
5.033333
15.066667
5.133333
20.066667
15.1
20.0
25.1
10.0
5.0
5.1
10.0
20.166667
20.0
5.0
15.0
20.166667
10.0
20.0
5.133333
15.1
20.633333
5.0
15.033333
5.0
25.033333
15.133333
10.033333
10.066667
15.1
10.0
15.0
5.066667
5.033333
15.2
15.1
10.066667
35.1
10.0
5.033333
5.033333
5.0
5.1
20.033333
5.1
5.1
5.066667
10.066667
10.066667
15.133333
15.1
5.066667
10.0
5.033333
15.066667
10.133333
15.033333
19.933333
5.033333
5.0
5.066667
10.166667
5.0
10.033333
5.066667
10.066667
20.0
20.1
5.066667
5.133333
5.066667
10.066667
15.1
10.1
5.0
5.033333
10.066667
5.066667
10.066667
5.1
10.0
15.0
5.0
5.0
5.133333
5.033333
15.133333
10.066667
20.0
5.066667
10.033333
5.066667
10.066667
15.0
20.2
10.066667
5.033333
15.066667
5.066667
15.133333
15.133333
20.033333
5.033333
30.133333
10.0
5.0
15.033333
10.066667
22.966667
15.066667
15.1
5.033333
10.066667
5.0
15.066667
20.0
15.033333
10.133333
15.033333
35.1
10.033333
20.066667
5.0
5.166667
5.033333
10.6
15.0
20.033333
20.133333
10.033333
15.033333
5.0
10.033333
23.933333
20.133333
10.033333
5.066667
30.066667
10.033333
20.133333
5.066667
15.1
10.0
5.0
5.033333
15.033333
15.0
5.033333
35.4
5.066667
10.066667
25.066667
15.066667
15.066667
5.066667
10.1
5.033333
5.033333
5.0
15.066667
10.133333
10.0
10.033333
5.066667
5.033333
5.0
20.166667
5.133333
10.0
20.066667
15.033333
15.0
20.066667
10.066667
15.066667
5.033333
5.1
10.033333
25.1
5.066667
10.0
15.1
25.0
24.4
25.0
5.033333
20.066667
28.4
15.0
10.066667
10.1
10.133333
5.0
5.033333
20.033333
25.066667
5.066667
10.066667
5.0
30.166667
10.033333
10.1
15.066667
5.0
15.0
5.033333
5.166667
15.033333
25.166667
10.066667
5.1
20.1
15.033333
15.066667
10.066667
6.1
5.0
10.0
20.1
5.0
10.033333
40.066667
15.033333
15.033333
15.1
10.066667
25.033333
5.0
10.033333
5.1
5.133333
31.6
25.066667
5.0
15.0
15.033333
5.0
20.133333
10.0
10.0
10.033333
5.066667
10.0
5.066667
10.1
5.033333
35.033333
20.066667
10.033333
15.133333
5.0
15.1
5.066667
5.033333
10.066667
5.166667
5.066667
5.0
10.0
10.066667
25.066667
15.0
30.166667
15.066667
5.066667
20.166667
10.133333
15.0
5.066667
5.1
5.033333
15.0
15.0
10.066667
15.166667
20.033333
29.733333
20.033333
15.1
5.0
5.066667
5.033333
5.1
15.166667
20.233333
5.1
15.066667
5.0
15.0
5.0
25.1
10.033333
15.2
5.133333
5.033333
5.033333
20.033333
5.066667
10.033333
20.033333
15.066667
5.0
15.0
5.033333
15.033333
20.1
5.1
10.0
15.0
15.2
10.033333
15.066667
5.033333
15.066667
10.133333
5.0
10.166667
5.0
10.066667
10.0
5.066667
15.166667
5.0
25.0
15.033333
15.033333
10.066667
10.0
5.066667
5.1
10.0
20.1
10.0
10.066667
5.033333
15.066667
5.066667
30.0
15.1
25.066667
15.033333
15.0
5.0
10.066667
10.1
10.133333
5.066667
5.0
10.133333
5.033333
10.033333
15.033333
5.0
15.033333
5.133333
5.033333
25.033333
25.0
25.166667
20.066667
25.033333
10.066667
10.066667
20.0
18.533333
5.033333
10.033333
5.4
5.366667
25.033333
5.0
5.133333
5.133333
5.0
5.033333
5.066667
5.033333
5.033333
5.0
20.1
20.0
20.2
15.033333
25.0
20.0
15.0
5.0
10.066667
10.0
10.033333
15.133333
5.0
5.1
5.0
5.0
25.033333
5.1
15.033333
5.066667
10.0
30.033333
10.0
25.033333
15.033333
10.033333
5.433333
5.133333
30.1
5.066667
5.033333
20.0
5.0
5.066667
5.0
10.066667
20.2
25.066667
14.3
5.033333
5.0
15.033333
5.1
20.033333
25.0
20.133333
5.0
25.066667
5.033333
10.033333
10.0
15.033333
35.266667
10.033333
20.033333
15.1
5.033333
15.033333
5.133333
5.033333
5.033333
15.166667
5.066667
10.0
25.066667
15.033333
10.033333
5.033333
24.6
5.1
15.033333
15.066667
30.033333
10.033333
5.033333
5.166667
15.066667
20.066667
29.6
5.0
10.033333
15.133333
10.033333
5.033333
30.066667
20.666667
5.033333
5.066667
5.033333
10.033333
20.0
25.066667
10.0
25.266667
30.033333
10.0
10.033333
5.033333
10.0
10.0
5.033333
5.066667
5.0
25.066667
5.033333
5.033333
10.033333
5.1
25.0
25.033333
15.1
10.0
20.1
15.033333
25.0
5.033333
5.066667
10.066667
5.033333
5.0
5.0
20.766667
25.0
5.0
15.033333
10.033333
5.033333
5.0
5.066667
5.233333
20.033333
25.8
5.0
20.0
10.033333
10.066667
10.066667
10.066667
10.066667
5.033333
5.1
25.033333
5.0
15.033333
20.033333
25.033333
25.0
20.1
30.1
20.0
10.0
5.066667
10.066667
5.0
5.033333
10.0
15.0
15.066667
5.033333
5.033333
5.033333
5.033333
15.1
30.366667
25.233333
5.0
20.0
10.033333
5.066667
10.133333
25.133333
10.1
19.366667
25.066667
5.033333
5.033333
10.066667
5.033333
5.0
20.0
10.0
5.066667
5.0
15.1
5.0
5.033333
5.033333
5.033333
25.1
15.1
5.066667
20.1
5.0
5.033333
5.0
25.066667
20.066667
5.033333
15.033333
20.1
20.2
20.233333
5.0
5.066667
25.066667
15.0
10.1
10.1
5.1
15.033333
10.1
10.166667
15.066667
15.033333
5.0
25.1
5.033333
15.0
5.033333
10.033333
5.033333
5.1
15.1
10.133333
15.033333
5.066667
10.033333
5.0
5.033333
15.066667
5.066667
5.066667
10.166667
10.166667
5.0
5.033333
5.066667
5.0
5.3
10.066667
10.0
15.133333
5.033333
5.0
5.0
20.0
25.1
10.1
5.0
15.0
20.033333
10.066667
5.066667
5.0
15.066667
15.166667
5.033333
20.066667
5.033333
5.0
20.066667
10.033333
20.1
5.0
5.0
10.033333
10.1
5.033333
5.133333
5.1
5.066667
5.0
10.066667
10.1
10.033333
20.0
20.0
25.0
20.0
20.0
15.066667
10.133333
5.066667
20.133333
5.0
5.0
15.066667
20.0
20.033333
10.033333
10.033333
15.133333
5.033333
10.066667
10.0
10.1
10.233333
25.3
10.033333
32.833333
15.1
10.0
15.0
20.0
10.033333
10.033333
5.1
10.0
10.066667
5.033333
15.0
5.133333
25.066667
20.1
15.0
5.0
10.0
25.1
15.066667
10.033333
5.1
10.066667
20.066667
20.133333
10.066667
25.033333
5.033333
10.066667
10.0
15.0
5.0
20.2
5.033333
5.033333
5.066667
10.066667
5.0
10.0
10.033333
10.033333
5.066667
5.066667
15.066667
10.1
25.033333
10.033333
15.066667
10.066667
5.0
5.066667
30.033333
10.133333
20.066667
25.2
22.166667
10.1
10.1
20.1
15.033333
10.033333
10.366667
10.133333
5.0
5.066667
5.066667
5.033333
5.033333
15.0
10.033333
15.033333
5.066667
20.066667
5.066667
20.066667
15.066667
5.0
10.033333
5.033333
15.0
5.033333
15.1
5.0
10.1
5.133333
10.0
10.133333
15.133333
17.366667
15.0
15.1
5.066667
20.0
25.133333
10.0
25.0
10.0
15.0
5.1
5.0
25.0
15.1
5.0
20.166667
5.0
5.1
15.0
25.166667
10.0
36.033333
20.1
15.033333
5.0
25.633333
5.033333
20.0
5.166667
10.0
15.033333
5.033333
5.033333
15.1
5.1
26.433333
5.066667
5.133333
25.1
5.066667
5.033333
30.033333
15.033333
15.066667
20.1
5.066667
15.033333
5.033333
25.066667
10.066667
15.066667
5.066667
25.066667
5.066667
40.166667
5.0
15.166667
15.033333
10.1
10.0
15.166667
10.133333
10.1
5.0
5.033333
468.466667
10.066667
5.0
5.133333
20.133333
10.0
16.133333
10.033333
5.033333
5.033333
5.0
25.1
10.133333
35.066667
15.133333
131.866667
10.066667
15.033333
20.033333
5.166667
20.133333
22.866667
15.066667
5.066667
10.033333
5.033333
5.133333
5.033333
5.033333
15.066667
5.066667
5.0
15.033333
15.166667
5.033333
5.0
15.1
20.066667
20.066667
5.0
25.066667
5.066667
5.066667
20.0
10.033333
5.066667
10.166667
5.033333
10.033333
5.033333
5.0
15.0
10.033333
15.0
10.133333
10.033333
5.066667
10.033333
5.033333
20.066667
15.033333
10.066667
10.033333
20.1
20.066667
5.033333
15.066667
10.1
15.166667
25.133333
5.066667
10.0
5.033333
10.133333
10.033333
20.1
5.033333
5.066667
5.066667
15.133333
20.0
10.0
5.0
24.433333
15.033333
15.033333
10.0
5.1
10.033333
5.066667
25.2
5.0
10.166667
15.0
20.066667
5.033333
15.033333
25.333333
15.066667
30.0
20.0
25.033333
5.066667
15.0
20.133333
5.033333
5.033333
20.0
20.1
5.0
10.066667
5.0
5.0
25.1
10.1
5.1
10.033333
5.1
5.133333
25.1
15.133333
5.033333
5.033333
5.033333
5.033333
5.033333
20.1
20.133333
10.0
10.133333
5.0
5.033333
10.0
10.1
5.1
5.033333
20.066667
15.133333
20.1
5.033333
20.033333
20.066667
10.066667
25.033333
15.1
15.0
10.066667
15.066667
20.1
5.0
15.0
20.9
19.333333
5.1
20.266667
15.066667
5.066667
5.066667
25.566667
5.1
20.033333
20.033333
15.066667
10.0
15.033333
20.133333
30.1
5.0
15.1
15.033333
5.033333
5.066667
5.033333
20.133333
20.2
20.133333
25.033333
23.5
5.0
5.1
25.1
15.033333
5.033333
10.066667
5.433333
15.133333
10.033333
15.0
5.0
5.033333
5.066667
20.133333
10.033333
15.066667
15.033333
5.1
15.0
15.266667
5.333333
30.1
15.0
20.066667
5.066667
10.066667
5.033333
20.033333
5.0
5.066667
5.033333
10.0
10.033333
25.1
5.1
15.0
5.066667
5.0
15.033333
5.033333
5.1
15.0
25.166667
10.1
20.066667
30.066667
25.066667
20.033333
5.033333
10.033333
5.066667
26.1
10.0
10.0
10.0
20.2
20.166667
25.066667
5.0
5.066667
20.0
15.066667
25.1
10.0
5.066667
20.1
5.033333
15.1
10.1
5.2
5.0
5.0
20.1
20.066667
15.066667
30.066667
20.1
20.066667
5.0
10.066667
20.066667
15.0
25.066667
15.0
20.166667
25.2
10.133333
10.0
10.033333
25.066667
15.1
22.2
5.066667
15.066667
20.1
10.033333
5.033333
15.066667
20.0
20.1
10.066667
10.066667
15.0
20.1
20.033333
20.0
5.033333
10.0
5.033333
15.166667
5.1
20.2
15.0
20.066667
5.1
5.066667
10.1
10.0
10.1
5.0
20.133333
20.033333
10.033333
15.0
10.033333
10.033333
15.0
20.066667
15.133333
20.066667
15.0
5.0
5.033333
20.066667
20.0
10.1
5.0
10.0
5.033333
30.033333
15.0
10.2
5.0
15.066667
20.1
10.0
20.033333
5.066667
15.033333
15.033333
15.233333
15.066667
5.1
5.1
5.033333
5.066667
10.033333
5.1
20.066667
25.033333
15.066667
10.1
5.066667
5.1
5.033333
5.0
5.0
18.5
5.133333
10.033333
54.766667
25.066667
10.033333
5.033333
15.166667
5.033333
5.1
20.133333
10.0
5.166667
15.066667
20.133333
20.066667
15.033333
25.0
10.033333
5.0
5.133333
5.033333
10.2
15.033333
15.133333
5.066667
20.233333
5.066667
5.0
15.0
10.066667
10.033333
5.1
10.133333
25.1
5.066667
20.1
5.033333
5.033333
5.066667
30.1
20.133333
10.033333
10.0
15.033333
5.1
20.1
15.0
30.0
20.133333
15.066667
10.1
20.0
5.1
10.033333
5.033333
20.066667
10.033333
5.066667
20.133333
5.1
5.0
20.1
25.133333
10.033333
5.066667
5.0
15.033333
5.033333
20.066667
10.166667
15.066667
15.066667
5.0
20.2
10.0
20.066667
15.033333
15.033333
5.066667
5.033333
15.033333
25.066667
15.1
20.0
10.033333
20.066667
10.033333
5.033333
15.066667
5.033333
10.133333
15.033333
15.033333
5.033333
10.066667
5.1
10.033333
15.1
5.1
5.1
20.033333
10.033333
5.066667
20.0
5.1
10.033333
5.0
5.033333
15.0
20.033333
5.0
10.066667
20.033333
15.1
10.0
5.2
5.066667
15.133333
5.333333
5.0
15.133333
5.066667
5.033333
5.0
5.033333
10.0
5.066667
20.033333
15.066667
20.0
15.133333
15.166667
10.066667
5.033333
20.2
15.0
10.066667
5.0
25.066667
15.033333
35.133333
10.0
25.0
15.066667
20.066667
10.166667
10.0
15.033333
20.1
25.033333
15.066667
15.066667
5.033333
15.133333
15.066667
20.033333
5.0
5.033333
5.0
5.0
20.0
5.066667
10.033333
5.033333
10.033333
5.0
10.033333
10.033333
20.2
20.2
5.0
15.1
5.0
5.0
5.033333
5.033333
10.066667
25.066667
5.0
5.066667
10.033333
25.133333
5.1
5.066667
5.066667
5.0
10.0
5.033333
5.0
10.333333
20.166667
5.033333
10.066667
20.1
5.033333
25.233333
25.066667
20.1
5.066667
25.066667
15.033333
26.466667
10.066667
25.166667
30.1
10.0
5.033333
20.0
5.033333
10.0
20.1
5.0
30.1
15.0
5.033333
20.2
5.033333
20.033333
5.033333
10.033333
10.033333
25.1
5.066667
5.0
15.066667
25.1
5.0
10.066667
5.0
15.0
10.0
10.033333
5.1
5.133333
5.066667
20.166667
5.0
5.066667
25.033333
10.066667
25.0
15.033333
5.0
5.1
5.033333
5.0
10.0
5.066667
10.066667
10.066667
5.0
5.066667
5.033333
5.0
10.0
10.033333
25.066667
15.0
10.133333
10.133333
15.066667
5.1
20.033333
10.166667
25.033333
5.033333
5.0
5.0
10.033333
10.033333
5.033333
20.1
5.033333
10.1
10.0
10.1
5.066667
10.033333
10.133333
5.0
10.066667
25.133333
5.1
15.066667
10.066667
5.0
15.066667
20.133333
10.033333
20.0
5.466667
10.0
10.033333
10.066667
15.066667
5.066667
10.0
10.033333
5.0
5.0
15.133333
5.066667
15.066667
5.033333
10.0
5.066667
10.0
5.0
5.033333
20.0
5.0
5.1
5.0
10.166667
10.066667
20.133333
10.1
10.066667
10.066667
5.033333
5.033333
5.066667
5.0
10.033333
10.0
5.0
15.033333
20.0
24.5
15.0
15.033333
15.1
30.1
5.066667
5.033333
10.0
5.033333
5.0
20.033333
30.1
5.0
10.066667
15.033333
20.866667
15.033333
5.1
15.033333
25.1
10.066667
5.0
36.566667
5.066667
20.033333
5.1
15.066667
534.566667
20.233333
5.1
10.033333
5.1
5.0
5.033333
15.0
10.033333
27.066667
5.1
5.066667
25.3
5.066667
20.0
15.0
5.0
10.0
5.066667
5.0
15.133333
5.033333
20.133333
10.033333
10.1
5.1
25.066667
15.1
10.0
5.0
20.066667
15.066667
5.0
20.0
15.1
5.033333
20.066667
15.0
15.0
10.066667
25.133333
5.0
5.033333
15.0
20.033333
15.1
15.0
20.066667
10.0
10.1
5.0
15.033333
5.066667
10.1
10.066667
20.066667
20.266667
15.133333
5.033333
25.233333
20.066667
5.0
10.1
5.0
10.0
25.0
25.7
20.066667
15.0
20.0
10.0
10.033333
10.5
10.0
15.033333
20.1
5.033333
15.066667
10.1
5.1
5.0
10.066667
30.166667
20.0
10.0
5.066667
20.066667
15.033333
20.0
22.066667
21.033333
5.066667
25.0
10.066667
10.033333
5.0
10.033333
5.066667
20.033333
15.1
20.0
10.0
15.0
30.033333
5.066667
5.1
5.033333
10.033333
20.233333
10.033333
20.133333
10.0
5.0
5.0
5.233333
20.033333
5.1
10.0
15.133333
20.033333
20.033333
20.033333
30.166667
10.033333
10.0
10.133333
20.1
5.066667
20.2
15.066667
10.066667
5.0
15.0
10.066667
20.0
10.033333
5.033333
5.066667
10.066667
10.1
15.066667
15.066667
16.4
25.1
6.133333
5.0
5.0
25.1
5.066667
5.0
10.133333
5.033333
5.0
5.0
21.766667
10.066667
15.0
5.133333
15.066667
5.0
15.033333
10.1
10.066667
15.033333
5.033333
10.0
15.0
10.033333
10.0
25.0
15.066667
15.1
5.066667
10.066667
23.766667
5.033333
5.133333
5.033333
5.066667
5.0
15.1
26.6
5.0
5.033333
36.566667
20.0
15.033333
5.033333
25.0
5.0
5.133333
5.066667
5.0
20.566667
10.1
5.1
15.1
10.066667
10.1
15.166667
31.266667
30.166667
15.033333
25.0
5.066667
5.033333
10.0
15.266667
10.0
20.066667
5.033333
45.266667
5.066667
20.1
10.0
20.1
5.066667
5.066667
5.166667
20.0
15.033333
10.0
5.066667
10.066667
21.066667
10.066667
5.033333
15.0
25.1
10.2
15.033333
20.033333
5.1
10.066667
10.1
5.066667
5.0
5.033333
10.0
25.133333
5.033333
15.066667
10.1
5.0
25.033333
5.033333
15.033333
10.066667
5.066667
5.0
20.0
40.133333
5.0
10.066667
5.0
10.133333
15.033333
5.1
10.0
15.066667
5.033333
5.033333
10.0
5.0
5.133333
30.066667
5.066667
10.066667
10.066667
20.066667
5.033333
5.033333
20.133333
10.066667
463.366667
25.166667
15.033333
25.0
10.033333
5.266667
15.066667
5.0
26.0
25.0
10.066667
5.066667
10.033333
15.0
5.133333
5.0
15.033333
15.1
20.1
20.0
5.0
14.9
10.033333
5.6
10.033333
20.066667
5.0
10.0
10.0
5.1
20.066667
5.0
20.066667
20.133333
15.066667
10.066667
15.0
15.066667
10.1
5.066667
15.066667
5.066667
5.0
5.033333
10.033333
20.8
20.033333
5.0
20.066667
15.0
5.2
15.033333
5.066667
5.033333
10.033333
10.133333
15.1
20.0
15.0
20.1
5.066667
20.066667
10.033333
10.1
5.033333
10.1
10.066667
20.0
5.066667
5.033333
10.033333
25.033333
5.033333
25.166667
30.066667
15.066667
5.033333
15.1
5.066667
15.066667
20.1
15.066667
5.0
15.1
31.1
15.066667
203.766667
5.033333
15.066667
20.1
25.1
25.033333
20.1
15.033333
30.033333
10.1
5.066667
15.0
15.066667
10.066667
10.066667
10.133333
10.0
25.066667
5.033333
5.1
10.0
5.0
15.066667
10.066667
25.033333
15.066667
10.0
10.066667
5.033333
25.0
10.0
5.0
15.0
15.1
5.066667
10.1
10.0
5.033333
10.0
10.1
15.066667
15.066667
10.033333
5.033333
5.0
10.1
5.033333
5.066667
10.033333
10.166667
10.033333
20.133333
20.0
10.033333
30.133333
25.166667
20.3
35.6
15.066667
15.066667
5.0
5.033333
15.0
20.2
5.0
58.5
10.0
15.033333
25.166667
15.033333
5.033333
15.033333
28.033333
5.133333
15.066667
15.0
15.133333
15.133333
20.033333
10.033333
5.133333
15.033333
10.066667
10.066667
20.0
10.066667
15.133333
5.133333
10.0
10.033333
10.166667
10.0
10.1
10.033333
10.066667
5.166667
5.066667
5.066667
15.033333
10.133333
10.066667
5.033333
10.1
5.033333
20.066667
20.066667
10.066667
5.066667
5.066667
5.066667
5.1
10.133333
15.033333
5.033333
5.0
10.0
5.033333
10.033333
25.066667
25.033333
5.033333
5.066667
25.133333
20.0
20.1
10.033333
5.0
25.166667
5.066667
25.0
25.033333
20.133333
20.766667
20.0
5.033333
10.066667
10.033333
10.1
20.066667
5.0
29.433333
10.166667
10.066667
20.033333
5.0
5.1
20.1
5.066667
5.0
10.033333
20.0
10.166667
5.0
15.0
356.466667
20.066667
10.066667
52.033333
5.1
20.033333
5.033333
5.0
5.0
15.1
25.0
20.166667
10.033333
10.033333
20.0
15.033333
5.033333
10.133333
15.1
20.0
15.166667
10.133333
10.033333
5.1
5.133333
5.033333
10.1
10.0
10.033333
10.033333
25.066667
15.033333
5.133333
10.066667
5.0
5.1
15.1
15.133333
20.066667
20.1
15.0
5.033333
10.066667
5.1
15.1
10.066667
15.0
25.133333
15.1
5.0
5.033333
10.033333
5.033333
10.1
10.0
20.033333
15.0
5.033333
10.0
17.233333
10.0
25.033333
10.066667
5.066667
10.066667
5.0
15.1
15.066667
5.033333
10.066667
15.066667
25.0
20.266667
15.033333
35.166667
10.033333
5.0
25.033333
25.233333
15.133333
5.033333
5.0
5.033333
25.066667
21.333333
15.166667
15.066667
15.0
5.233333
10.066667
27.133333
10.0
25.033333
5.066667
15.033333
10.0
20.166667
5.033333
5.066667
10.033333
10.133333
5.1
35.033333
10.1
15.033333
5.033333
5.0
5.0
5.1
10.166667
20.1
5.133333
5.033333
15.166667
40.1
15.1
10.033333
20.066667
20.133333
10.0
10.0
20.0
10.1
5.0
10.0
15.066667
10.0
5.0
5.133333
5.033333
5.0
5.0
5.066667
5.0
20.066667
5.0
5.033333
10.1
10.1
5.033333
20.0
10.066667
10.066667
5.0
20.066667
15.066667
10.033333
5.0
20.066667
5.033333
15.0
5.066667
20.033333
5.1
15.033333
15.0
10.0
5.0
5.0
10.033333
5.033333
25.166667
15.066667
15.1
20.033333
10.066667
20.133333
10.0
15.1
10.066667
5.066667
10.033333
5.0
10.1
15.0
5.033333
10.0
5.0
15.1
10.1
20.033333
20.1
25.0
15.0
15.0
15.033333
5.0
10.033333
25.0
10.033333
5.033333
15.1
5.133333
15.066667
5.1
20.033333
20.0
10.066667
20.133333
30.2
5.166667
5.066667
5.033333
5.066667
5.1
20.033333
5.066667
5.1
25.133333
5.033333
5.033333
25.033333
20.0
5.266667
20.1
15.033333
15.033333
5.033333
20.066667
5.066667
10.033333
10.0
10.066667
15.366667
10.0
20.166667
15.0
5.0
5.0
20.133333
5.033333
10.033333
5.0
15.0
20.0
10.033333
5.033333
10.033333
20.133333
5.033333
5.0
5.033333
25.1
20.033333
5.033333
15.033333
20.033333
25.066667
15.066667
5.0
5.0
5.2
20.066667
15.0
10.0
5.066667
25.033333
15.066667
5.1
5.066667
5.066667
15.066667
5.0
5.1
15.1
20.066667
5.0
15.066667
15.2
5.033333
5.033333
10.066667
5.033333
5.066667
5.033333
15.066667
5.033333
5.1
20.0
10.066667
5.1
5.0
20.066667
15.033333
20.066667
20.566667
5.133333
5.033333
15.133333
20.066667
10.1
15.033333
15.033333
25.1
10.1
5.033333
25.0
5.0
20.133333
10.066667
5.033333
5.0
5.066667
10.1
10.1
5.166667
10.0
5.066667
5.0
15.0
10.0
15.1
20.0
25.166667
30.066667
5.0
10.066667
5.066667
5.033333
10.1
20.133333
15.1
20.066667
15.0
20.133333
5.033333
15.1
15.033333
15.0
20.033333
5.033333
15.2
15.033333
20.1
5.066667
20.0
15.1
5.033333
10.066667
5.033333
5.066667
20.1
10.033333
5.1
10.066667
5.066667
15.0
5.0
5.033333
5.033333
10.333333
10.1
15.033333
5.0
5.066667
5.066667
15.166667
5.0
15.0
20.066667
10.0
5.0
20.1
20.1
5.0
5.0
5.033333
5.066667
15.133333
5.033333
5.1
5.033333
5.033333
5.033333
5.033333
5.0
20.0
5.033333
15.033333
10.066667
5.033333
20.133333
5.066667
20.033333
15.066667
5.033333
20.033333
5.0
15.1
5.0
5.033333
20.0
20.233333
5.0
20.033333
25.033333
20.033333
15.033333
5.0
15.066667
15.1
10.0
30.133333
5.0
15.0
10.033333
15.166667
20.166667
15.066667
15.066667
15.1
15.066667
10.033333
10.033333
15.0
5.033333
15.0
5.0
10.066667
5.066667
5.0
5.1
10.066667
20.066667
25.133333
5.033333
15.2
5.066667
10.066667
20.1
10.133333
5.033333
5.033333
5.066667
5.0
10.066667
10.033333
5.0
5.133333
10.0
20.1
10.066667
20.1
20.166667
5.0
5.066667
15.033333
10.033333
5.0
15.066667
15.066667
20.0
15.1
5.066667
5.066667
5.466667
10.066667
5.033333
5.033333
15.0
10.066667
25.133333
15.0
20.066667
5.066667
15.366667
20.1
25.066667
20.0
5.0
20.133333
15.0
30.033333
15.0
5.033333
10.066667
5.033333
11.133333
5.033333
5.033333
10.033333
15.0
25.0
5.0
5.033333
10.1
15.1
20.033333
5.0
10.0
5.033333
5.0
20.066667
10.066667
15.0
20.0
20.1
10.066667
5.066667
15.266667
15.0
5.1
10.0
10.033333
5.033333
5.033333
10.033333
5.0
5.133333
15.1
15.066667
15.066667
20.1
5.133333
5.0
15.1
30.766667
15.133333
10.1
15.066667
10.033333
20.033333
5.066667
5.066667
20.166667
5.033333
5.066667
5.033333
10.1
10.066667
15.0
5.033333
10.033333
25.066667
15.066667
20.033333
5.033333
5.033333
5.066667
5.066667
5.033333
10.066667
5.033333
15.1
20.033333
5.0
5.033333
15.066667
15.066667
20.1
10.066667
5.1
20.066667
5.033333
25.066667
10.0
5.0
20.1
10.033333
5.0
25.033333
5.1
10.066667
15.1
5.1
20.0
5.066667
10.133333
5.1
15.0
15.066667
15.033333
10.0
5.0
15.0
20.033333
5.133333
5.033333
5.0
5.0
15.166667
5.033333
5.033333
10.0
15.0
15.1
5.066667
15.1
5.0
15.0
40.166667
10.033333
5.066667
10.033333
10.033333
15.066667
27.866667
25.133333
5.0
10.0
15.133333
20.0
10.1
10.066667
10.1
15.0
5.033333
15.033333
5.066667
25.033333
15.033333
5.066667
20.033333
15.066667
5.1
5.033333
10.066667
25.066667
15.0
15.033333
25.0
10.0
25.033333
5.433333
5.066667
15.033333
5.033333
15.033333
20.166667
15.166667
30.0
20.1
15.066667
10.066667
20.033333
10.033333
5.033333
25.0
10.033333
10.1
10.066667
5.033333
5.033333
5.033333
10.033333
15.066667
10.033333
10.033333
5.066667
20.1
15.0
10.033333
20.133333
20.2
15.033333
13.3
20.033333
20.066667
20.033333
10.033333
10.066667
5.0
20.066667
20.033333
5.1
20.1
20.1
10.066667
5.0
20.133333
5.033333
5.066667
5.066667
5.0
5.033333
5.066667
5.066667
10.066667
5.233333
10.033333
5.0
10.066667
5.066667
5.1
10.0
25.1
5.033333
15.066667
20.233333
15.033333
5.033333
5.066667
5.066667
5.033333
15.033333
5.033333
5.133333
5.0
5.033333
15.033333
20.066667
10.066667
5.0
20.2
5.033333
5.1
15.066667
10.066667
5.166667
5.033333
20.1
25.0
15.033333
5.0
5.0
5.033333
5.066667
20.533333
20.033333
25.0
39.566667
5.033333
5.0
5.033333
20.0
20.0
5.033333
15.0
5.033333
15.066667
10.1
10.066667
10.166667
15.0
10.0
15.066667
10.066667
5.066667
22.333333
25.233333
20.033333
15.166667
20.233333
5.066667
20.066667
10.233333
5.0
20.1
5.033333
5.0
10.0
40.066667
15.0
10.066667
15.133333
5.0
5.033333
10.033333
10.1
5.166667
10.133333
10.133333
20.066667
10.033333
5.2
5.033333
5.1
5.033333
5.033333
20.1
5.0
5.0
5.033333
10.033333
10.066667
10.066667
25.066667
5.0
20.033333
10.0
10.033333
10.0
35.166667
25.066667
15.033333
5.066667
15.066667
15.066667
5.066667
5.033333
15.066667
16.9
5.0
21.033333
5.133333
5.0
15.066667
10.0
10.133333
10.066667
5.066667
15.066667
5.033333
25.233333
5.0
5.033333
5.066667
5.0
10.0
5.066667
15.0
5.033333
10.066667
20.0
20.1
20.0
25.2
10.133333
20.0
25.033333
5.033333
20.166667
20.133333
20.0
10.066667
20.133333
10.1
5.133333
15.1
20.133333
5.066667
20.0
5.066667
5.066667
20.133333
10.1
5.1
15.0
15.066667
15.0
20.0
10.0
5.033333
15.033333
15.1
25.1
10.1
15.0
5.0
5.133333
10.033333
5.0
5.033333
5.033333
10.066667
20.1
5.0
10.0
10.1
5.033333
10.066667
5.166667
20.033333
5.066667
5.066667
10.033333
10.0
5.0
25.166667
5.0
10.066667
15.066667
5.033333
10.233333
5.1
14.733333
20.0
15.0
10.066667
5.033333
15.033333
15.233333
5.0
5.0
10.066667
25.1
10.0
20.1
5.0
5.033333
5.266667
10.0
5.033333
21.066667
20.133333
20.066667
15.1
10.066667
15.066667
15.1
15.1
10.066667
5.033333
5.066667
25.066667
5.0
10.133333
5.033333
5.0
5.0
5.133333
5.1
10.266667
15.0
15.066667
5.0
20.1
5.0
15.166667
10.066667
25.166667
10.066667
15.066667
10.0
15.0
5.033333
5.066667
10.1
15.033333
15.0
15.166667
5.033333
5.0
5.166667
20.033333
15.1
10.033333
15.033333
15.166667
5.0
5.0
5.033333
5.033333
10.033333
20.066667
10.1
20.0
15.033333
20.1
10.2
10.033333
20.033333
5.0
5.066667
25.066667
15.066667
20.233333
5.0
5.1
15.033333
5.0
5.066667
20.0
17.233333
15.033333
15.0
25.0
15.033333
10.0
5.066667
5.033333
10.033333
5.0
5.033333
5.033333
25.0
15.1
15.033333
10.1
25.0
5.0
20.0
10.0
20.133333
10.033333
15.033333
30.133333
10.066667
15.1
5.033333
15.066667
5.033333
15.033333
5.066667
5.1
10.066667
5.0
5.1
15.033333
10.066667
5.033333
5.133333
10.066667
20.033333
20.133333
5.033333
15.066667
10.033333
5.0
5.033333
20.166667
20.033333
5.033333
5.0
22.233333
25.1
15.0
15.133333
20.133333
10.033333
10.0
5.166667
10.033333
25.066667
5.033333
20.066667
20.133333
20.2
10.033333
5.0
20.1
10.066667
30.333333
15.066667
10.0
10.066667
20.133333
10.066667
15.066667
20.033333
25.1
20.1
15.066667
5.066667
10.1
15.166667
10.066667
10.133333
5.066667
5.0
20.033333
20.1
5.066667
10.0
5.1
10.033333
5.033333
20.1
25.066667
5.066667
15.166667
10.0
20.166667
20.533333
20.1
5.033333
25.0
10.066667
10.0
25.0
5.066667
10.433333
10.033333
15.033333
15.1
5.0
15.066667
10.066667
15.0
21.033333
20.0
20.166667
15.066667
5.0
15.0
5.033333
5.0
10.1
5.066667
20.066667
5.066667
15.066667
15.0
15.1
10.0
10.1
25.233333
15.0
5.0
5.033333
20.0
5.0
5.1
10.1
15.033333
5.1
15.033333
20.0
5.0
15.066667
25.066667
5.033333
15.0
15.033333
20.4
10.066667
20.166667
5.133333
5.066667
15.033333
25.033333
22.066667
5.0
15.066667
5.066667
20.066667
5.066667
10.0
5.3
15.066667
5.0
5.0
15.033333
15.033333
5.0
5.1
15.0
5.033333
5.066667
20.2
20.0
15.033333
20.0
10.033333
5.033333
15.1
5.0
25.166667
5.066667
5.066667
5.1
15.066667
10.066667
20.0
5.0
15.033333
25.0
10.033333
15.166667
15.066667
5.033333
5.066667
25.033333
15.1
5.033333
10.033333
5.0
10.033333
5.066667
5.066667
15.066667
25.066667
25.066667
5.1
20.0
15.0
20.0
20.033333
5.033333
15.1
20.1
15.166667
25.166667
10.066667
5.1
5.1
20.0
15.0
5.0
5.1
20.166667
15.066667
21.6
5.066667
20.033333
10.133333
10.033333
5.133333
10.1
15.166667
5.1
5.066667
15.066667
20.033333
5.033333
15.1
10.066667
20.066667
15.0
25.066667
20.066667
15.066667
5.066667
5.066667
10.166667
5.066667
5.133333
20.1
20.1
10.033333
5.1
10.066667
15.1
5.0
10.066667
5.066667
10.066667
10.0
10.133333
5.0
5.0
5.066667
20.0
20.066667
10.0
5.133333
5.066667
15.1
5.0
20.066667
10.0
10.066667
10.0
20.1
10.1
10.0
15.066667
10.033333
20.2
5.0
20.133333
5.0
5.133333
20.033333
5.033333
15.133333
10.066667
5.033333
10.066667
5.0
20.133333
15.133333
15.066667
5.0
20.0
20.1
15.1
20.033333
15.133333
10.033333
5.0
10.0
10.033333
25.1
5.1
27.966667
5.033333
5.033333
5.066667
10.1
5.033333
20.033333
5.066667
10.1
10.1
5.033333
5.066667
15.066667
25.033333
5.0
5.0
5.066667
5.033333
5.0
15.066667
10.133333
5.0
15.0
20.1
10.033333
5.1
5.1
5.133333
15.233333
20.1
20.066667
15.0
15.066667
10.166667
5.133333
20.033333
5.066667
10.133333
15.133333
10.0
15.033333
10.0
15.0
5.066667
25.0
15.333333
10.133333
5.033333
5.0
10.1
20.133333
5.033333
5.0
10.1
10.066667
5.033333
5.0
25.0
5.0
10.033333
5.0
10.066667
20.033333
5.033333
10.0
15.0
5.033333
5.033333
5.033333
5.066667
20.066667
5.0
5.066667
15.066667
20.033333
5.0
5.066667
15.0
15.0
10.133333
15.133333
10.033333
20.1
5.066667
15.066667
5.066667
10.033333
5.066667
20.066667
20.033333
10.1
20.0
5.1
15.0
15.066667
5.066667
5.033333
5.0
5.1
5.0
20.1
20.033333
15.2
10.0
15.066667
15.033333
10.1
5.1
10.033333
10.033333
10.0
10.133333
20.333333
10.066667
15.066667
5.033333
5.1
5.066667
10.033333
21.666667
20.0
15.1
5.033333
5.033333
10.066667
20.033333
25.0
10.033333
5.0
5.1
5.0
10.1
5.033333
5.033333
5.033333
20.1
25.0
20.066667
25.033333
25.1
10.033333
20.033333
237.433333
15.033333
15.066667
5.066667
10.0
10.0
15.033333
5.033333
15.0
5.066667
5.033333
5.0
20.066667
10.033333
5.0
5.033333
5.0
20.066667
5.033333
10.033333
10.033333
77.533333
5.066667
20.1
30.1
15.0
5.033333
5.0
20.066667
10.066667
30.066667
5.066667
10.0
10.0
15.066667
10.166667
15.0
36.833333
15.1
15.1
5.0
25.066667
25.0
15.1
10.033333
10.033333
15.1
10.033333
15.066667
5.033333
15.1
5.066667
20.033333
5.066667
10.033333
15.166667
10.0
5.066667
10.0
10.0
15.1
15.1
15.1
20.033333
5.033333
10.0
5.1
10.0
10.033333
5.066667
5.066667
5.033333
5.066667
10.033333
10.1
10.066667
16.066667
20.133333
10.366667
15.0
5.1
5.3
5.0
5.1
20.1
5.566667
5.0
15.1
20.066667
5.0
20.033333
5.1
20.033333
10.033333
15.033333
10.0
5.0
5.0
10.0
15.033333
5.066667
15.133333
20.1
15.066667
10.066667
10.0
10.066667
10.033333
10.033333
5.033333
10.133333
25.033333
20.0
15.0
10.0
5.1
5.0
20.1
20.0
5.033333
15.066667
5.033333
10.033333
15.0
15.066667
5.066667
5.033333
15.033333
10.066667
10.066667
5.0
20.166667
30.066667
16.9
5.0
15.0
15.133333
5.033333
20.066667
5.0
20.033333
10.033333
20.066667
20.033333
25.1
20.133333
10.033333
5.0
5.2
5.066667
5.1
20.066667
5.0
20.0
20.1
10.166667
5.0
10.066667
5.033333
5.0
5.066667
19.6
10.033333
5.0
25.1
10.033333
5.133333
5.066667
5.066667
18.433333
15.0
10.133333
5.033333
10.166667
20.066667
5.166667
25.066667
25.1
5.066667
20.0
5.066667
20.066667
10.033333
10.033333
10.1
5.166667
20.0
15.033333
10.066667
15.066667
20.066667
20.0
5.033333
15.066667
5.0
5.033333
20.2
15.033333
5.0
5.0
5.1
5.333333
5.0
10.0
10.033333
5.066667
15.166667
15.1
5.066667
15.066667
20.033333
5.033333
25.0
20.133333
15.033333
15.1
20.0
10.066667
20.166667
5.066667
5.066667
10.033333
5.0
10.233333
15.066667
12.2
20.1
15.0
5.1
5.366667
31.1
10.066667
5.066667
10.066667
5.166667
25.266667
20.0
15.533333
20.033333
20.2
20.0
5.066667
10.0
15.0
10.066667
5.0
15.0
10.033333
30.2
15.0
15.066667
5.0
20.133333
15.133333
10.033333
20.066667
10.1
5.066667
5.033333
10.2
20.0
5.233333
15.033333
20.066667
10.0
25.1
25.133333
15.066667
5.0
10.133333
10.033333
10.033333
20.066667
5.033333
15.066667
10.0
10.033333
25.0
10.1
15.2
5.133333
10.066667
10.033333
15.166667
5.066667
5.0
20.033333
5.033333
10.066667
5.066667
20.1
10.033333
5.133333
5.0
10.066667
5.1
20.1
5.033333
25.033333
15.1
25.433333
10.0
10.066667
10.033333
20.333333
5.033333
15.033333
10.133333
5.033333
10.066667
15.0
10.066667
10.066667
10.066667
10.033333
5.033333
15.033333
5.033333
25.1
20.1
5.033333
20.033333
5.0
10.066667
5.066667
10.033333
15.033333
15.0
20.1
20.066667
5.033333
5.066667
15.033333
5.0
10.133333
5.0
5.0
10.0
5.0
10.033333
10.033333
10.066667
5.033333
5.0
25.133333
10.066667
5.066667
20.3
25.066667
20.066667
5.0
10.066667
15.033333
15.066667
10.033333
5.133333
15.033333
15.133333
20.033333
10.166667
10.033333
10.0
5.033333
10.066667
15.1
5.1
20.1
10.0
15.166667
10.0
15.033333
5.0
5.066667
5.0
5.4
20.033333
15.133333
20.1
15.0
15.033333
20.133333
5.1
5.033333
15.1
15.0
15.1
5.0
10.066667
5.033333
5.033333
5.0
25.1
5.066667
10.166667
5.033333
15.166667
20.066667
5.0
5.033333
5.033333
5.0
20.0
5.066667
20.133333
19.6
5.166667
15.033333
20.033333
21.2
15.066667
10.0
15.0
20.033333
20.033333
5.033333
20.066667
20.166667
5.066667
20.0
10.066667
5.033333
20.1
30.166667
5.1
10.066667
10.066667
5.066667
10.033333
15.033333
15.066667
5.0
10.2
25.133333
5.033333
20.166667
