1.004388778
0.9927553259999999
0.895521794
1.00805684
0.907292256
0.846832938
1.001244232
1.001125208
0.992342454
1.003487654
1.0054021279999998
1.0014473400000001
0.926498112
0.9856833380000001
0.9840798479999999
0.980666744
1.019719628
0.987208098
1.005583382
1.004633112
0.891425294
1.004156302
1.002775408
1.002230194
1.00288546
1.004628412
1.01470382
1.00824852
1.013119298
0.8593217200000001
1.00054216
1.00345952
1.0051009659999999
0.979262572
1.001926254
1.0043511999999999
0.987843862
1.004092918
0.9824388679999999
1.004301882
0.995793592
1.0016995899999999
0.864175052
0.875029246
1.005338586
0.8451898200000001
0.888245148
0.87583221
1.0044686440000001
1.005468032
1.007248326
0.984512954
0.9991339920000001
1.002190438
0.92267858
1.002681768
1.002751996
0.98199636
1.0075649580000001
1.006327916
1.00718219
1.003973216
1.00245008
0.985638098
1.001568778
1.003447798
0.999834088
1.004395826
1.0009548879999999
0.9995618399999999
0.996463582
0.9951752279999999
1.005011594
0.998901618
0.843793366
0.983532246
0.816674994
1.004776478
0.982407408
1.004522678
0.999199076
1.006934254
0.983388124
1.004548522
0.8910461719999999
0.921848798
1.003337622
1.0196494219999999
1.0021506839999998
1.002386912
1.002131978
1.000083196
1.00650007
0.997403086
1.000971216
1.004609614
0.961414912
0.9985671899999999
1.0080000599999999
1.009692012
0.987739358
1.004123436
0.913766448
1.011789926
1.0222145440000001
1.007123146
1.004647212
0.997433198
1.002606866
1.001828098
0.9997014359999999
0.944459488
0.997384556
1.004673062
1.0020805400000001
1.008033182
1.0037080919999999
0.999945822
1.0063963
1.007411342
1.001148544
0.989161128
1.003656492
0.999522296
1.006429316
1.0028222359999999
1.00143333
1.0051433060000001
1.004543822
1.005018648
1.0044240119999999
0.997850318
1.008054474
1.005477446
0.999536252
1.000169366
1.0172344500000001
0.9991339920000001
0.908868528
0.999915558
1.0018491299999999
0.964188334
1.013021326
1.002480498
1.0030962620000001
1.001690244
1.001027208
0.9988760640000001
0.91918933
1.004114046
1.001886522
1.001459016
1.00403189
1.003346998
1.00298148
1.006969666
1.004278398
1.004546172
1.001954304
1.003412632
1.0060262
0.983793578
1.003572066
1.0053221140000002
1.001832772
1.002906536
0.999836416
1.00085692
1.002784774
0.985853026
1.0052068219999999
1.003562686
1.004675412
0.888548354
1.010055312
0.999089832
0.995253634
1.002167054
1.001489374
1.00166922
1.0051009659999999
0.985400656
0.984305376
0.9961400260000001
1.003553306
1.002288666
1.004534424
0.986172198
0.875980472
1.00350641
1.00092223
1.003110318
0.983985158
0.908985864
0.9971182700000001
1.00473652
1.015291492
0.996195478
1.001244232
0.936757442
0.999275792
1.01784918
0.842355258
0.860594164
1.004062404
1.00398495
0.99380051
0.9901120120000001
0.872099368
0.983597566
0.925904902
0.9824973
1.0068303939999999
0.918357954
1.002351822
0.98302125
1.006028556
1.007321558
1.0061016120000001
0.9992595179999999
0.859369864
1.00377612
1.003269656
1.004546172
1.004830546
1.173985512
1.0002019739999999
0.877935802
0.937315546
0.999875986
0.90000111
1.003382158
1.001870164
1.0074184320000001
0.910531354
1.015339496
1.000444274
1.00440757
0.999294392
1.002883118
0.873911122
1.007974038
1.003185294
1.005275054
0.946251054
1.002529638
1.001949628
0.998562546
0.984228686
0.9818886
0.9935384340000001
1.004398174
1.000243902
1.00438643
0.984752228
1.00314312
0.99355912
1.006028556
0.924975674
1.00383477
0.893156704
0.830243778
0.906702322
0.996387296
1.006551964
0.999224646
1.00232609
1.000481562
1.001774354
1.000723998
1.0037034
1.003271998
1.00637036
1.00296977
1.001085538
0.980557038
1.001304922
1.003154834
1.003407944
1.003938014
0.99885051
1.00456027
1.018259414
1.611765148
0.90823429
1.004210302
1.002050146
0.996923856
0.9830662499999999
1.0018491299999999
0.984675466
0.99895273
0.995638928
1.002064174
1.005253878
1.001449676
1.00181174
1.00120222
1.00203612
1.004020154
0.9929412320000001
0.999217672
1.0044686440000001
0.998869094
1.0082295860000001
1.006021488
1.0059955680000001
1.0023143939999999
1.002424344
1.005578674
1.005814164
0.9848719079999999
0.940636988
1.006012062
1.00209223
0.8747191599999999
1.0052138800000001
0.99982245
1.001793048
1.003122032
0.984512954
0.99950834
1.00265836
0.908516704
1.0081988179999999
1.002850334
1.003522824
1.00086625
1.003461864
0.815717988
1.002389252
0.999238594
0.857960474
1.000374368
1.00440522
0.960935234
0.997435514
1.005545714
1.001685572
1.011277726
0.909195604
0.903463752
0.991545206
1.001092538
0.985796458
1.00339388
1.00265836
1.002939322
1.00239393
1.004269004
1.003907508
1.004656612
1.001772018
0.999801504
1.00118355
0.999759612
1.001300254
1.000458256
1.003729202
1.004205606
1.001603814
0.941610352
1.0000179980000001
1.003611932
0.985717272
1.0036025499999999
0.982857034
0.940435142
0.9827940620000001
1.014279678
1.000132102
1.001309592
1.01882463
0.88993471
1.002433702
1.001017876
1.005192708
1.0043817320000001
1.02306677
0.999659554
0.993828106
0.9911150400000001
1.004966914
0.909101304
1.00309392
0.98580777
0.98332058
0.996183924
0.9084782699999999
1.0051009659999999
0.99969911
0.996974766
1.004795284
0.998732054
1.002178746
1.002653678
0.941833354
1.000162378
1.004771778
0.999554862
0.994695832
0.8429405000000001
0.9905253159999999
0.843634254
0.981704566
1.008054474
1.000926894
0.9986298779999999
1.00678555
1.007248326
1.003670564
1.00351579
1.020482826
0.863599902
1.00759805
1.001575784
1.006290192
1.006318486
1.012510266
0.999964448
1.005267994
1.01053774
0.984607746
0.983798084
0.9963156440000001
1.001227894
1.003790194
1.003729202
0.925362294
1.004388778
1.0020898919999999
1.019528402
0.9244520599999999
1.0046871640000001
1.003590826
1.0032649679999999
0.983226036
0.893690082
1.00473887
1.001891196
1.003757352
0.909917926
1.004823492
1.004797634
0.84768199
1.0012348960000002
1.005976718
1.020521622
1.00568463
0.905767282
1.001141542
0.846354008
1.01310496
1.007858138
0.8556086719999999
1.006186464
1.000770634
0.987174062
1.002787114
1.0060262
1.002043132
0.995297456
1.005458616
1.0021881
0.986154084
1.007142038
0.942329292
0.8158837919999999
0.9818661540000001
1.003494688
1.003033012
1.003037696
1.006052122
1.000628408
0.981352402
1.000374368
1.00245476
0.998673996
1.00334231
1.004628412
1.00542331
0.995590462
1.003229816
0.982191732
1.002728586
0.98350522
1.006195894
1.00239627
1.003844156
1.0065213
1.00157812
1.003867618
1.00425022
0.933989044
0.7776553740000001
0.99972936
0.902696614
1.003637728
1.012830214
1.0061699640000001
0.998950408
1.003633038
1.003766736
0.99607534
1.003112662
0.99466819
0.9983513239999999
1.0140617539999999
1.0020548219999998
1.002471138
0.903942926
0.9437663260000001
1.002101582
0.998557904
0.9845671180000001
0.983951344
1.008655788
1.0035181340000001
1.003194668
1.003712784
1.001837446
0.98762125
1.000689024
1.00532682
1.002585804
0.893892822
1.004823492
0.982261368
1.00157812
1.020027192
1.00166922
1.004142216
1.002096906
1.001477698
0.999454844
1.001982352
0.944939486
1.006724194
0.8746692819999999
1.000735656
1.002443062
1.000281174
0.986942682
1.009125026
1.0019145680000001
0.9453263319999999
0.98247033
1.005769412
1.00403189
1.017075464
1.001057538
1.0043676400000001
1.002433702
1.002206808
1.002847992
0.9980010300000001
0.99880173
1.002847992
1.004339456
1.004680114
1.0044522
0.997368344
1.004576718
1.004847002
1.00041864
1.004705966
1.007078278
1.00220213
1.00054449
1.009333716
1.0036869819999998
0.945249354
1.00635857
1.02130302
1.002913562
0.9995664940000001
1.001816414
0.9669930440000001
1.005164478
0.919974916
0.999768922
1.003743278
1.004365292
0.99876689
1.003042382
1.0059955680000001
1.003654146
1.00311969
0.9991851279999999
0.8592821780000001
1.002234872
1.005307996
1.000929228
1.002538998
1.003701056
0.945638536
1.0065071460000001
1.00653781
0.80029353
1.007234152
0.983674158
1.002775408
1.004038932
1.004581416
1.005260936
0.944658908
1.00492694
0.9478925060000001
1.006426956
1.001919244
1.001928592
1.020041728
1.007236516
1.0001530619999999
1.005505694
0.998509152
1.000898904
1.003900468
1.0052209380000001
1.0032204420000002
0.887393604
1.005814164
1.00195664
1.001769682
1.00347593
0.8855511380000001
1.009547238
1.0056469540000001
1.003445452
0.998890002
1.003349342
1.008696058
1.004917534
1.004851704
1.003311842
0.9837372440000001
0.890763428
1.002052484
1.005550422
1.005913104
1.005823586
1.0045109300000001
1.00678319
1.002071188
0.8306307420000001
1.003424354
1.004769426
1.001239564
1.002648996
0.999452518
1.00403189
0.99987133
1.0032016959999999
0.9821805020000001
1.003773774
0.9941248500000001
0.9967989159999999
1.002246566
1.0005794540000001
0.98427154
0.999229296
1.002192776
0.942333428
1.005138602
1.0062784040000001
1.004698914
1.01628128
1.007914902
1.003691672
1.0010598720000001
1.00328606
1.012087956
1.005013946
1.00356503
0.855075504
0.84405205
0.983829634
0.874715598
0.892941302
1.004611964
1.00415865
1.002078202
1.00133994
0.940027598
1.002370536
0.997857274
0.9814421019999999
0.98458066
1.00239861
0.996988652
0.890152352
0.991939088
1.000504868
0.982238904
0.9413647580000001
0.99855326
1.002407968
1.017938438
0.893405658
1.001438
0.866633702
1.003661182
0.907541484
0.849289478
0.878506854
1.002817552
0.999101452
1.017552572
1.000654052
1.004395826
1.00324622
0.9997363420000001
0.87448229
0.9929618920000001
1.006144036
1.001185884
0.80324504
0.76541395
0.610407462
1.0198189
1.000817274
1.004973968
0.907689168
0.984386592
0.9852017439999999
1.002436042
1.005809454
0.995770504
0.94299964
0.7563852600000001
0.857751436
1.00913688
1.0000505960000001
1.002815212
1.00400842
0.984838032
0.9830347500000001
1.003363406
1.001926254
0.993095058
1.004863458
0.926450148
1.0055574840000001
1.00011347
1.0192163
1.001923918
1.005788256
1.006174678
1.004196216
1.002522618
1.002693472
0.993694744
0.9101300240000001
1.000696018
1.00541625
0.908445604
0.9949792660000001
1.002223178
1.002227856
0.873770668
1.006271332
1.003316528
0.9842895859999999
1.00447804
1.002251242
3.73953427
1.00478118
1.004527376
0.998671674
1.007522414
1.0042149980000001
0.99886677
1.001996378
0.855635944
1.003750314
1.002932296
0.986439466
1.00527976
0.990443084
1.008286392
1.002494538
1.01836806
1.000637732
1.012770508
1.011503984
1.002611548
0.985312492
1.00541625
0.998648454
0.943016202
1.001991704
1.019245324
0.98623334
0.9972409760000001
1.002962744
0.89126066
1.006577912
0.99094125
1.004346502
1.008144388
0.9992641680000001
0.9248940059999999
1.003248564
0.98043169
1.0008149419999999
0.987380582
1.0021881
0.9584734140000001
1.003229816
1.0049057780000001
1.006188822
1.000281174
1.00114621
0.9420275339999999
1.004931642
1.004156302
0.985644884
1.003082206
1.005298584
1.004130478
1.003888736
1.0052068219999999
1.003075178
1.00455322
1.001919244
1.007723348
0.999401354
0.927949378
0.92717814
0.983509724
1.002946348
0.955594508
1.000528174
1.003595516
1.00572231
1.001970666
1.004353548
1.004872862
1.0210820680000001
1.006554322
1.001216224
1.0024898580000001
1.000390678
0.991707758
0.998869094
1.0168346719999999
0.9997898679999999
1.0044803900000001
1.001860816
1.002213824
0.99949671
1.00692009
1.00678083
1.001825762
1.001283914
0.984535522
0.930166044
0.9834061359999999
0.9441356080000001
1.0006074280000001
0.905568666
1.008949602
1.019617954
1.005531588
0.99891091
0.9986600640000001
1.0022933440000001
0.986591284
1.001185884
0.936929096
0.9837214719999999
0.984068576
1.001860816
1.002370536
0.997613906
0.925892926
1.000260208
1.004602564
1.004153954
0.9079827619999999
0.9395114720000001
1.006054478
1.0053291739999999
0.931578316
1.0006400640000002
1.00235884
1.004525028
1.000952554
1.010107572
0.909890938
1.003140776
1.000560806
0.7377311200000001
1.0015711139999999
1.001722952
1.0032157560000001
1.004623712
1.002770726
1.002983822
0.87665633
1.0018304359999999
0.9984418359999999
1.005343294
1.00698383
0.924732708
0.84008483
1.0018935340000001
0.942747112
1.001094872
1.000747314
0.844447014
1.005110374
1.005437432
1.0035462720000001
1.003396224
0.981471258
0.8835399660000001
0.945771806
0.999524622
0.999219996
0.987450954
0.986169934
1.002213824
0.992541966
0.99855326
1.004365292
1.0014123160000001
1.002241888
1.002819894
1.00245242
0.9959483020000001
0.984659664
1.01436831
1.002576442
0.982935762
0.9995153179999999
0.912324288
1.00115321
1.001083204
1.0008872420000001
0.9100393880000001
0.9980868420000001
1.006096898
1.00738535
0.999410656
1.00115321
0.959552658
1.014586366
1.00246178
1.006856356
1.0018304359999999
1.002010404
1.00245476
1.018160446
1.002344804
1.004715366
1.003332936
1.003497032
0.905870442
1.0021436700000002
1.004231434
0.96501156
0.778307842
1.0051433060000001
1.002920586
1.004543822
0.999808486
0.999050324
0.998367568
0.98647345
1.006120468
1.0031571780000001
0.890959296
0.9802437260000001
0.909588404
1.005159772
0.868665178
0.998393096
1.006125182
1.0110230119999999
0.8439575119999999
1.002939322
0.911398896
1.0008872420000001
1.0011298739999999
0.9248004059999999
1.001715944
1.005602218
1.0184042819999999
1.0039051620000001
1.02122774
1.005920172
1.00423613
1.00209223
1.006580272
1.001197552
1.0009129
0.891458598
1.005380946
1.00518565
1.001118206
1.002506238
1.00455322
1.00499278
1.002319072
0.8597792980000001
1.004543822
1.006868158
0.998989906
1.003107976
1.002609208
0.804858666
1.002146008
0.9811820179999999
0.890449478
1.0054350779999999
0.998783148
0.9263961940000001
1.000971216
0.9831765179999999
1.00165754
1.002429024
1.001870164
1.005021
0.8930916999999999
1.00357441
1.006740712
0.893455838
1.00311969
1.003487654
0.910035532
0.998606658
1.00581652
1.011940112
1.003710438
1.00311969
0.9206098779999999
0.9822546280000001
1.004315972
1.004151608
1.0028690679999999
1.002784774
0.889836988
0.993097354
1.003466552
1.004301882
1.0020548219999998
1.006674642
0.982807554
0.8433957000000001
1.006240684
1.004748272
1.00593902
1.0044522
0.978735928
1.004590816
1.006601504
1.005964936
1.0045109300000001
1.0020898919999999
1.003489998
1.005665792
0.911132082
1.005835364
1.00137496
1.003670564
1.00356034
1.005140954
0.99833276
1.005616344
1.00275902
1.003023642
1.008499472
0.982270354
0.984673208
1.0029650860000001
1.00721998
1.004522678
0.998750632
0.9822658599999999
0.984743196
0.963301694
0.99919675
1.00305878
0.988187058
0.998103078
0.984987098
0.908847372
1.000430292
1.016601212
1.004184476
1.004029542
1.002794138
0.986783954
0.964948684
1.00604034
1.002836284
1.004393476
0.982767076
1.007094808
0.923960842
1.004950454
1.00334231
1.001870164
1.00190522
1.006679362
1.003539236
0.90918983
1.0039051620000001
1.012531748
1.001141542
1.014004296
0.9241695959999999
1.016257234
1.005882478
1.004581416
1.0049057780000001
1.002670064
0.982578218
0.984711588
0.9067291199999999
1.002728586
1.002967428
1.008426068
1.0055551299999999
1.003872312
0.99855326
1.003187638
1.004186824
1.005729376
1.003684636
1.00474122
0.98692454
0.999694456
0.9266440340000001
1.004412268
1.003398568
0.998079884
1.006820952
1.008404758
1.002438382
0.927933338
1.00658499
1.001916906
0.99808916
1.001230228
1.003912202
0.87788735
1.009440466
1.007879424
0.869301638
1.002723904
0.995842078
0.923287508
1.003766736
1.006556682
1.021152472
1.006856356
1.00323919
0.927997498
0.943770474
1.001636516
0.874366572
1.003293092
1.00533388
1.0058494980000001
1.002206808
1.004884618
1.00348062
0.9846009739999999
1.006099256
0.998797084
1.003684636
1.0063609279999999
1.006995636
0.989911194
0.985776094
1.002810528
0.84297028
0.99991323
1.007238878
0.983802592
0.998964348
1.001863152
1.005517464
1.003236846
0.997403086
0.9999877300000001
1.003616622
1.005307996
1.00129792
1.00133994
0.9832462940000001
1.004760024
1.0006913560000001
0.9948179420000001
1.00409996
0.875146922
0.9047903260000001
0.999399028
1.006174678
0.995315908
1.007104254
1.005199766
1.0032016959999999
1.001884186
0.8906248920000001
0.895417242
0.994764948
1.000626076
1.000174024
1.017972216
0.9909503959999999
1.0006913560000001
0.931717758
1.0035791
1.004257264
1.019862488
1.00379254
1.003464208
1.005159772
1.003180608
0.990445368
0.871361566
1.0008242699999998
0.988077938
1.0104997
0.984005448
1.003729202
1.003054094
1.004069446
0.999559514
0.999682822
0.974436954
0.8921455899999999
1.004377036
0.98172925
1.00539036
1.004919886
1.000507198
0.999271142
1.004933994
1.004915184
0.9837868160000001
1.0041750839999999
1.002436042
1.005769412
1.004995132
1.004184476
1.0016995899999999
0.919437266
0.8938611959999999
1.006606222
1.000842928
0.909569142
0.9976880619999999
1.001748652
1.000187998
0.993409744
0.91726942
1.00410935
1.003722166
1.005477446
1.01686356
1.003396224
1.007992964
1.005809454
1.001328268
1.016401532
1.006066262
0.993940802
1.004955156
0.995315908
1.001587464
1.00092223
1.00523976
1.006304338
1.000703012
1.0069318919999999
1.015658834
1.005512756
1.002728586
1.004095266
1.004142216
0.915273636
0.9832530460000001
1.020116832
1.00121389
1.00400842
0.990954968
1.002122626
0.99984107
1.00523976
0.851321352
1.009476054
1.003222786
0.925605592
1.003658836
1.003168892
1.00092223
1.000022654
1.01457678
1.006186464
0.8750256799999999
0.890885374
0.994258328
1.002206808
1.004088224
1.006153464
1.004621362
1.006592068
1.004724768
1.000381358
1.004851704
1.000945556
0.888456452
0.99789205
0.744120588
1.006714756
1.006238326
1.004839948
1.004877564
0.9852514640000001
0.9891656860000001
0.998597372
1.014607936
1.00131893
0.986507438
1.00245008
1.002344804
1.0045837659999999
0.99106244
1.00582123
1.004219694
1.004727118
1.002773068
1.00637036
1.007626416
1.018013234
1.00129325
1.004506232
1.007720984
1.00304004
0.890167112
0.9855566760000001
1.004438106
1.00724124
1.002871408
0.911520754
0.985111356
0.992785158
0.9850142059999999
0.998165708
1.002417326
0.833314054
1.0203470620000001
0.926064616
0.904255042
1.001405312
1.005936664
1.003309498
0.982400666
0.862645902
1.001251234
1.003330592
1.003082206
1.005011594
1.003670564
0.998239946
1.004788232
0.9258170840000001
1.002639634
0.987217174
1.002066512
0.928023564
0.922129846
1.00197534
1.001617828
1.002967428
1.005529234
0.9464157780000001
0.858310244
1.00500689
0.9063713
1.00355096
1.001715944
1.004306578
0.87479577
1.000947888
0.9977715020000001
0.941684674
1.007023968
1.005750572
1.001765008
0.885138686
0.986294488
0.988373532
1.001599142
1.005863632
1.006750152
1.0062619
0.996200098
0.848345032
1.002061836
0.986702344
1.006865798
0.985045834
0.914930478
1.002272292
1.021781672
0.9992455680000001
1.001064538
0.926436158
1.000735656
1.001538416
1.004995132
1.020688964
0.940039942
0.983608828
0.997058086
0.7561136159999999
1.003445452
0.840798578
0.998989906
1.00578119
1.005840076
1.003482964
0.984330192
0.988462244
1.004574368
1.004355896
0.981875132
0.8922771820000001
1.002503898
1.00202443
1.00031379
0.983491708
1.0051433060000001
0.893677066
1.005352706
1.007716254
0.997523544
1.001613156
1.011103936
0.924446092
1.002382232
1.00723179
1.002370536
0.9946083019999999
0.9979013240000001
1.004168042
1.001809404
1.005277406
0.9862990180000001
1.00507039
1.001916906
0.9435714279999999
1.004017808
1.001970666
0.9971298460000001
1.0004069899999999
1.000348738
0.994711958
1.002962744
0.9450933539999999
0.9940512220000001
1.00281287
0.92792933
0.996373428
1.004259612
0.947012598
0.997676476
0.813678098
0.999554862
0.83779719
0.8922048939999999
0.993209884
1.00165754
1.003508756
1.001010876
0.88435317
1.002522618
1.0030353539999999
1.003705746
1.002934638
0.993772918
1.0028877999999999
0.981704566
0.995389722
1.00068436
1.0021834219999999
0.94438265
0.84613725
1.004694214
1.00256708
0.9913277880000001
1.001881848
0.871763044
1.005456262
1.007215256
1.003525168
1.002609208
1.00385354
0.99687295
0.9946866179999999
0.998453442
1.003150148
1.000243902
1.002260598
1.007101892
0.9870152600000001
1.0028597
1.0189720740000001
1.003543926
0.930428
0.89408821
0.992617664
1.002993192
1.0053762400000001
1.001671556
1.004398174
0.996280978
1.00239159
1.003949748
1.00143333
0.9992967159999999
1.002986164
0.996225516
1.003072836
0.943451212
1.005413896
1.006153464
0.983520986
1.0052021180000001
1.004346502
0.86933155
1.003999032
1.005778834
1.00473887
1.003980256
1.0026185699999999
1.007186912
0.944899986
0.942732628
1.021310306
1.0050962620000001
0.838282844
1.004130478
1.003009588
0.844626364
0.9823242719999999
1.003633038
1.001748652
1.002955716
1.0010622059999998
0.9228233020000001
1.0080805
1.006849276
1.001853804
1.003900468
0.980783192
1.0045579199999999
0.988582828
1.00611104
0.9993083420000001
0.9994804279999999
1.00220213
0.844501808
1.005519818
1.005430372
1.002195114
1.006401016
1.00245476
1.00440522
1.002576442
1.005086854
0.947085688
0.9944424940000001
1.00364711
0.980872788
1.006570836
1.00523035
0.95716403
0.999329268
0.997361394
0.9442559979999999
0.98168886
1.003750314
1.00090357
0.995747418
1.004045972
1.0053291739999999
1.003208726
1.001300254
1.0053291739999999
1.003668218
1.005155068
0.9999807439999999
1.009502154
0.9880052020000001
0.889230866
1.0076027779999999
1.00582123
1.004062404
1.00327903
1.002096906
1.001685572
1.002997876
0.997565248
1.002274632
0.98247932
0.982605192
1.001421656
0.908357224
0.9724887280000001
0.99828171
0.997852636
1.004548522
1.0032181
1.003122032
0.846227274
0.92792131
1.01360466
1.00119055
1.004421662
1.002871408
1.003243876
1.00541625
0.9815295740000001
0.986052202
0.9829312619999999
0.890628586
1.003963828
1.000770634
0.839346046
1.006757232
1.00300256
0.995809752
1.004395826
1.000055252
0.981904314
1.002382232
1.000556144
1.001601478
1.005413896
1.003440764
1.006327916
1.001008544
1.003037696
0.987017528
0.983196774
1.000220608
1.004689514
0.98428733
1.004548522
1.002653678
0.983478196
0.986124648
1.007319196
0.9983745300000001
1.004043626
1.0022582599999998
0.843854706
1.0063963
0.897711768
1.005042166
1.001704262
0.9992641680000001
0.995825914
1.003987296
1.0028409679999999
1.007035774
1.001694918
0.987280716
1.006139322
1.007165656
0.9259607959999999
0.879067852
1.004308926
1.0024921980000001
0.983075252
1.004755324
1.001998716
1.000106484
0.99662544
1.0046143140000001
1.003110318
1.003051752
1.014387476
0.9997153980000001
1.007245964
1.004959858
1.002321412
0.874712034
1.008426068
1.006417524
1.005199766
0.861953408
0.9918108120000001
0.943602524
1.005378594
0.9847228760000001
1.003658836
1.001477698
1.00032078
1.004576718
0.984452026
0.995784356
0.9999807439999999
1.005016298
0.877214968
0.9963064
0.983001002
0.894006322
0.99713216
1.010281022
0.9572963019999999
1.004090572
1.01356878
1.003649456
0.998804052
1.003178264
1.000700682
0.992099478
1.007342822
0.983106754
1.000071554
1.0029369799999999
0.997843364
1.000619082
1.003173578
1.005378594
1.003414976
1.019112308
1.000444274
1.001484702
1.00410935
1.003105634
0.988546422
0.902759226
0.84406532
1.005581028
1.005663438
1.002503898
1.01514751
1.005585736
1.003321216
1.018104934
1.000852256
0.9820210580000001
1.005489216
1.00245242
1.000276516
1.018595086
0.999922542
1.016456856
0.8741263340000001
1.002368196
0.99762781
1.00509391
0.892021446
1.004950454
1.006393942
1.00284331
1.00377612
1.00351579
1.00738535
1.006162894
1.001650532
1.00131426
1.003799578
1.003063464
0.996135404
1.005084502
0.998941114
1.00456027
1.0190929640000002
0.891832516
1.0015804560000001
1.003701056
1.004522678
0.983994176
1.005336234
0.87582328
1.003414976
1.00194729
1.005468032
1.007201084
1.010093318
1.015646826
1.003321216
0.985567984
0.8916547739999999
1.004616662
1.007699704
1.002124964
0.848462344
1.01026914
1.0026185699999999
1.002901852
1.0084971040000001
1.010368958
0.988287108
0.907271172
0.97173844
0.885038368
0.9993804260000001
1.00323216
1.002883118
0.9423892540000001
1.0028597
1.005451554
0.996741084
1.002536658
0.983401632
0.983439912
1.003830078
1.004067098
0.983118006
0.9878325
1.000658714
1.002375214
1.003471242
1.01191627
1.016955054
0.99959441
0.8720037559999999
1.000647058
0.911016124
1.004621362
1.0045579199999999
1.001561772
1.001519732
1.001241898
0.922518052
0.9993153180000001
1.004231434
1.002164714
1.000523514
0.962871936
0.926268328
1.000346408
1.003999032
1.004640162
1.000882576
0.98994542
1.004165694
0.982974004
0.93867782
1.0030845480000001
1.002520278
1.003288404
0.9854436120000001
1.000761306
1.005331526
0.9824658359999999
1.003942708
0.893219858
1.0023027
1.006577912
1.003747968
1.001115872
1.006724194
1.006459974
1.002641974
1.0035791
0.908001956
1.0032016959999999
1.002440722
0.877390584
0.907765906
0.981446586
0.999889952
1.003731548
0.98506165
1.003830078
1.00376439
0.982090668
1.000784624
1.002775408
0.8930025699999999
1.004102308
1.0051621259999999
1.003630692
0.8173090620000001
1.0038113100000001
1.00141932
1.0054986320000001
1.001045872
1.014957994
1.005065686
0.81579081
1.006608582
0.92165098
0.7785533299999999
1.004522678
1.002181084
0.9860295640000001
1.0017393060000002
0.9994129820000001
0.941612416
0.90441118
1.00769734
0.768360704
0.982173764
0.925511846
0.85817476
0.59498289
0.9933936619999999
1.004045972
0.894604068
1.000045938
1.004616662
1.002003392
1.004233782
0.907071898
0.833385198
1.005583382
1.0021577
1.002766044
1.005411542
1.01711882
1.005705824
0.9857919319999999
1.001559436
1.003921588
1.001601478
1.003288404
0.986083896
1.001963652
0.9992455680000001
0.9927897480000001
0.895113062
0.744252112
0.9261604680000001
1.000236914
1.006162894
1.007650056
1.0037596979999999
1.001391302
0.890861352
0.985253724
1.005428018
1.003433732
1.0054962779999999
1.007321558
1.0006400640000002
0.983271054
1.003037696
1.005920172
1.0040506679999999
1.0042455240000001
0.999482754
1.002941664
1.003907508
1.005056278
1.000334758
0.993687846
0.891256962
0.9995129920000001
0.984122692
0.944179194
1.0022582599999998
1.003557996
1.00697911
1.005538652
1.0140186599999998
0.892865194
0.877564478
0.989434578
1.001015542
1.00357441
1.00327903
1.005263288
0.94481892
1.000842928
0.9875940000000001
0.941554618
0.9787069340000001
0.9996432660000001
1.001136874
1.003731548
1.002766044
0.881069538
0.99787582
0.99609844
1.006570836
1.002787114
0.8879072720000001
0.8789077519999999
0.747096356
1.004948102
1.005155068
1.005578674
0.9967619019999999
1.003281374
0.983334088
0.993152468
0.998913234
1.004071792
0.901853128
0.8305616720000001
0.982908768
0.996863696
1.003743278
1.006651048
1.010214486
0.8771433080000001
1.0006820300000001
1.000024982
1.00159447
1.005757636
1.005847142
1.00590368
1.003236846
0.9026890240000001
1.002010404
1.00183511
0.908295752
1.010689932
0.8790804480000001
0.99609151
0.911816832
1.004308926
1.00780611
1.002546018
1.003820694
1.00063307
1.003063464
0.9840798479999999
0.892525648
1.003966174
0.99069439
1.002698154
1.007531868
1.005359766
1.0019215799999999
0.80181746
0.998892324
0.993904
1.001828098
0.9821266000000001
1.0004769
0.85459401
0.908416782
0.9619510840000001
0.993455702
1.002260598
1.00318998
1.004301882
1.00061209
0.845798994
1.007217618
0.999206048
1.002422004
1.006177036
1.004745922
1.00204547
1.004341806
0.985665242
1.017489896
1.0028597
1.007702068
1.0067171160000001
1.002422004
1.002407968
0.999357172
0.96371021
0.998615946
0.99808916
1.00658263
0.9847228760000001
0.916950214
0.99744478
0.99715531
1.001473026
1.006806792
1.00420091
0.9997712480000001
1.005778834
1.002995534
0.986858778
1.003499376
1.001741644
1.001746316
1.000689024
1.00323216
1.000595772
0.998318836
0.9088608359999999
1.00585892
1.002073526
0.999192102
1.003482964
1.000437284
1.0032016959999999
1.004586116
1.006094542
1.002038458
1.00142399
0.874307836
1.008291126
0.9635653519999999
1.005637536
0.9953458940000001
1.00403189
0.8746016
1.005468032
1.0065213
1.005150364
1.002375214
1.009618434
1.0071845499999998
1.001349278
1.003112662
1.005324468
1.00161082
0.9889219859999999
1.001377294
0.9925304979999999
1.005173888
1.003033012
1.015942326
1.004517978
0.979968626
1.002019754
1.002651338
1.00031612
1.005825942
1.004971616
0.814780226
1.001643524
0.9038573219999999
0.896332894
1.000143746
1.004252568
1.000770634
0.891528916
0.908099868
1.006424598
1.000665708
1.0160649
1.00188886
0.9925304979999999
0.904529272
1.0059790739999999
1.003417322
1.0059295959999999
1.004922236
0.9880438420000001
1.005917816
1.003168892
1.001178882
1.004438106
1.001973002
1.004847002
1.006193536
0.966420794
0.988046114
0.894775532
1.004308926
1.003288404
1.0005002060000001
1.0033188720000001
0.9873851220000001
0.986070312
1.000446604
1.005715244
0.999136316
1.00426196
1.002824576
1.006092186
0.830534368
0.996267112
0.9244301739999999
1.004348852
0.9054426680000001
1.003361062
1.001652868
1.01197826
0.9853192719999999
0.845377804
1.002407968
1.002773068
1.002195114
1.005331526
1.0022582599999998
0.944025624
1.003314184
1.00410935
0.984014466
1.004024848
1.005828298
1.006061548
1.014339564
0.983653884
1.007068832
1.0029580580000002
1.004071792
1.01004581
1.004034238
0.9851475080000001
1.0027215619999998
1.0029299539999998
1.001409982
1.00126524
1.002756678
1.006070976
1.00797877
1.013733848
1.0039474
0.986106536
1.004226738
0.983113506
1.002784774
1.007732806
0.912132472
1.002810528
0.99908286
0.986786222
1.004419314
0.9827108600000001
1.012498332
1.006424598
1.0016481959999999
1.0048752140000001
0.984129456
1.0013259319999999
1.004983374
1.0062784040000001
1.005371532
1.00496221
1.002571762
1.007165656
1.006962582
1.00202443
1.00330481
0.862155846
1.0050304079999999
1.001851468
0.967326262
0.9949539119999999
1.005517464
1.006544888
1.004546172
1.004062404
1.001405312
1.004499184
0.984291842
0.9970557720000001
0.99945717
1.001559436
0.997794682
1.003229816
1.0001670360000001
0.9853531799999999
1.004710666
0.926366222
0.96405848
1.006544888
1.004327714
1.009566224
1.004168042
1.003311842
0.985558938
1.00323216
1.003975562
1.007394802
0.944102402
0.94279471
1.007959844
1.001407646
1.006735994
1.0057175999999999
1.0053832999999999
1.004097614
1.006618018
1.0035040659999999
0.875807206
0.894947062
0.98403701
0.983858932
0.87693377
0.81211033
1.0059578679999999
1.00473182
1.315779454
1.0052068219999999
1.006349138
1.00145668
0.998355966
1.003766736
1.00581652
1.001585128
1.005825942
1.007728076
1.0042971840000001
1.0054798
0.889473952
1.002894826
0.9862990180000001
1.001169546
0.8756108
0.852925746
1.00504687
1.005103318
1.005823586
1.0076736979999998
1.0039966839999999
0.945186948
1.004085876
1.006146394
1.00355565
0.87699107
1.003797232
1.001438
1.000206632
1.00303067
1.005651664
1.00794092
0.98484255
1.006792632
1.001440336
0.9988110219999999
1.006405732
1.004325366
1.006846914
1.0052021180000001
1.004271354
0.9994129820000001
1.002400948
1.009416742
1.004193868
1.0057859
0.9997014359999999
1.002174068
1.00316655
1.0018935340000001
1.003206384
1.00440757
1.018215962
1.000929228
0.9498105440000001
1.006526016
1.005757636
1.00093156
0.98534866
1.00239159
0.87747842
1.00874344
1.00753423
1.001468356
1.0073522719999999
0.9099776900000001
1.001311926
0.909280296
1.008291126
1.002766044
0.985810034
1.00005991
1.0043371079999999
1.002248904
1.004774128
1.007817934
1.005018648
1.0082248520000001
1.00919616
1.005199766
1.002592824
1.0035462720000001
0.90992371
1.007031052
1.000661046
0.9936487660000001
0.806706002
1.0037596979999999
1.00335403
1.00398495
0.999578126
0.99881799
1.000290494
1.002665382
1.00542331
1.00025322
1.003056436
1.006504788
1.005809454
1.0032181
1.002960402
0.999282766
0.9833048219999999
1.005774124
1.00650243
1.006509506
1.012054568
0.983606576
0.997229398
1.0020548219999998
0.997854954
1.0028316019999999
0.9868247659999999
0.94590303
0.9980103060000001
0.91022068
1.001015542
1.000257878
1.000288164
1.001760336
1.008795566
0.98407534
1.004642512
0.997674158
1.002335446
1.020601648
0.992792042
1.0037034
1.002333108
1.001685572
0.9991177219999999
1.001961316
1.006061548
0.918224446
1.003543926
1.014274888
1.00373624
1.0052068219999999
0.982974004
1.007926728
1.003942708
1.00256708
1.008726856
1.002433702
1.002223178
0.894581708
0.984165538
0.909956482
1.004619012
1.010689932
1.00024856
1.0161538460000001
0.990164512
1.00408353
1.002644316
0.99990392
1.000041282
1.002616228
0.9826231759999999
0.998901618
1.007593322
1.0033751260000001
1.010347566
1.00878135
0.992684196
0.987628064
1.00239159
0.9960406900000001
1.007031052
0.993003216
1.002939322
1.004884618
1.005388006
1.003091576
1.001603814
0.992450226
0.964634434
0.877093154
0.86530848
1.004623712
1.003858234
0.9870492860000001
0.876860366
1.005291524
1.003907508
1.005364472
1.00573644
0.8606321020000001
0.999782886
1.004400522
1.004550872
1.006426956
1.00552688
1.007992964
1.001837446
1.003182952
1.01855402
1.006575554
1.007659514
1.004670712
0.9992734679999999
1.008887982
1.0086131520000001
1.0012489
1.007331008
1.005023352
1.004666012
1.0045085820000001
0.9982608279999999
1.014174296
1.001550094
0.999371124
1.003037696
1.002616228
0.87448585
1.003750314
1.00417978
1.0032204420000002
0.996486702
0.762971918
1.003339966
0.988742134
1.000348738
1.000929228
1.002536658
1.017791292
0.906155214
0.999582778
1.005086854
1.005098614
0.87600906
0.999336244
0.876708226
1.005336234
1.004821142
1.003410288
1.005319762
1.006856356
0.987548584
1.000786956
0.8290754419999999
1.001487038
1.0054256639999999
1.00379254
1.003124376
1.00265836
0.999575798
0.9259747700000001
0.9965213820000001
1.006377434
1.006750152
1.010378464
1.004001378
1.002892484
0.9921384379999999
1.000125114
1.004668362
1.002667722
0.999061944
1.017940852
1.0009758819999999
0.8781943
1.018856048
0.755741088
1.010647124
1.002527298
1.004715366
0.983167516
1.001524404
1.020543446
0.891110878
0.984472334
1.020878198
0.999475776
1.0004838919999999
1.005216234
0.9063674740000001
0.981774132
1.005197412
0.9913255000000001
1.019225974
1.008179886
0.984156516
1.003851194
1.0016481959999999
1.002897168
1.007836852
0.818244864
1.01818941
1.005533942
1.001902882
1.000987546
0.998430232
1.00059111
0.8612965659999999
1.002520278
0.998246906
0.762401734
0.982737842
1.000530506
1.003912202
0.986695544
1.0156564319999999
0.943840988
1.004459248
1.003248564
1.006028556
1.005263288
0.89103693
1.006441108
1.005851854
0.8594816439999999
1.00232375
0.982333258
1.001069206
1.00678083
1.00356972
1.000227596
0.908747378
0.981825752
0.993030766
0.996280978
0.9998992640000001
1.002047808
0.9823714539999999
1.001407646
0.99909448
1.020274346
1.004308926
1.002524958
1.007309746
0.997783092
0.857054802
1.001379628
1.008059206
0.901872064
1.002876092
1.003799578
0.9955304620000001
1.00112054
1.00383477
1.009984056
1.0127227460000001
1.004024848
1.004797634
0.99795929
0.892742704
0.9955950779999999
1.00544214
1.001302588
1.002862042
0.920647372
1.003208726
1.003928628
1.0010342060000001
1.0093764139999999
0.948386472
1.004849352
1.01014796
1.002801162
1.007846312
1.003328248
0.987391932
0.998191226
1.006568476
0.9963156440000001
1.003398568
1.005277406
1.0046143140000001
1.0049363439999999
1.0053221140000002
1.006679362
1.009642166
0.980411546
1.01936144
0.891347594
1.004076488
0.998604338
1.0036776
0.9410574319999999
1.00818462
1.001722952
1.006368002
1.002641974
0.9879188440000001
1.0004838919999999
1.010209734
1.0038371160000001
0.925294512
0.993786714
0.87420106
1.006589708
0.845712392
1.004520328
1.006379792
1.00386058
1.002604526
1.004332412
0.982589456
1.004656612
1.00005991
1.0056469540000001
1.001099538
0.9824590940000001
1.002705176
1.012646338
0.982045756
1.0008079460000001
1.00491048
1.00557632
1.002506238
1.002209146
0.9288042440000001
1.019351762
1.0028316019999999
1.019288864
0.9658057840000001
0.992590136
1.001937942
1.002361178
1.003694018
0.999271142
1.012629626
1.0043206679999999
0.995488928
1.013987538
1.004959858
1.0006796980000001
1.003731548
0.998908588
1.0065236579999999
1.00401546
1.005463324
0.98665021
0.9987227639999999
0.9998271059999999
0.942956162
0.999475776
1.000635402
1.009867692
1.00223721
1.003489998
1.004055362
1.0025624
1.0063963
1.007460966
1.004252568
1.00614875
1.00348062
0.8908983100000001
1.007031052
0.993143282
0.845764018
1.003696364
0.982238904
0.943173588
0.98656862
0.9818481960000001
0.844430412
1.003000218
1.003194668
0.998432552
0.99966886
1.005437432
1.002019754
0.989740106
1.001090206
0.999385076
0.994009812
1.001879512
1.001484702
1.008326634
1.003891082
1.005936664
0.9987111519999999
0.9870969239999999
1.014560002
1.003909854
1.000565468
0.800338268
1.0062453980000001
1.000987546
1.0008872420000001
1.003187638
1.005757636
1.002078202
1.008572886
0.9816552040000001
1.001568778
1.003023642
0.889162752
1.004130478
1.004522678
1.00296977
0.999368798
1.0054986320000001
1.0038371160000001
1.001377294
1.002099244
1.001099538
1.002478158
0.9839603600000001
1.0050962620000001
1.001360952
0.99076295
0.905001948
1.000276516
0.9940029100000001
1.002213824
1.004792932
0.928344508
1.006665204
1.003668218
0.929668736
1.0046871640000001
1.001937942
1.001746316
1.003729202
0.984923854
1.001545422
0.9994199579999999
1.001024874
1.00534094
1.00145201
0.999768922
1.016878006
1.000770634
1.001554764
0.94825037
0.8640916
0.996213962
0.984689012
1.00239393
1.003963828
0.987550854
0.9434823
1.006797352
0.846372354
1.0053927139999999
1.004546172
1.004666012
1.006974388
1.000642396
0.983345344
1.004950454
0.997609272
0.959032006
1.004769426
1.001115872
1.0067949919999999
1.003881696
1.001512726
1.005774124
0.874140566
1.000187998
1.005696406
0.985346398
0.9994199579999999
1.00350641
1.000439614
1.00201508
0.9600416860000001
1.00289951
1.004847002
0.999852708
1.01709955
0.891991804
1.003787848
1.004901076
0.996489014
0.99948508
1.0049057780000001
0.9977483220000001
1.0052068219999999
1.004470994
1.00631377
1.007829758
1.0039028140000001
1.005807098
1.00002964
1.001765008
1.00059344
1.008985156
0.984892234
1.003187638
1.003548616
1.001416986
0.984519724
0.9812290920000001
1.003968522
0.984937406
0.9076047700000001
1.00066804
1.0023471419999999
0.999976088
0.998639166
0.94379536
1.001255902
1.008809782
1.003154834
1.003140776
0.9827108600000001
0.996412724
0.9857602560000001
1.003288404
1.003973216
0.9991246939999999
1.003161864
1.004226738
0.876071598
1.004301882
1.001589798
0.909567216
1.002414986
1.009015972
0.999955134
1.005493924
0.999326944
0.8710505399999999
0.925731278
0.986879186
0.8610548240000001
1.00393332
1.01948968
1.000854588
0.9971344759999999
1.01051872
0.911106954
0.9454720019999999
1.000204304
1.003208726
1.000381358
1.00406475
0.983201276
1.002480498
0.999254868
0.98371246
1.004807038
1.00394036
1.003426698
1.005628118
1.006448182
1.003626002
0.9840775939999999
1.004247872
1.0034853080000001
1.000045938
0.9988365720000001
1.006233612
1.004849352
1.00398495
1.010216862
0.983813858
1.00083593
0.990013876
0.9962856
1.001115872
1.015001168
1.006941336
0.8531527760000001
0.8763039680000001
0.9082112419999999
1.00375266
1.003115004
1.001269908
1.000635402
0.85823821
0.884018248
1.001288582
1.003705746
1.003872312
1.007134954
1.00478588
0.999983072
0.991705468
1.007366448
0.994154764
1.003145462
1.006019132
1.0071491240000001
1.004137522
1.0023471419999999
1.0031524920000001
0.880139696
1.006075688
0.99827939
0.945049684
1.000551484
0.998453442
1.006271332
1.00505863
0.922819336
1.007730442
1.004121088
0.860685568
1.002782432
1.00335403
1.001968328
0.99912237
1.00503276
0.9108461059999999
1.006344422
0.982310792
1.002384572
1.002422004
1.001517396
1.00256942
1.00088491
0.994378028
1.0016809
1.019412248
1.00121389
1.00160615
1.006816232
1.002693472
1.006004992
1.004952804
1.001961316
1.012877986
1.003600206
1.0028690679999999
1.006674642
0.987623522
1.0039028140000001
1.0082698239999999
1.004142216
0.984334702
1.007338096
0.99727571
1.012577104
0.985929972
1.007123146
0.92347213
1.0040506679999999
1.00678083
1.007716254
1.005752926
1.0008872420000001
1.00171828
1.00085692
1.000786956
1.004421662
1.00813729
1.0042948360000001
1.003656492
0.9862967539999999
0.938768094
0.99068982
1.002744974
1.00478588
1.003009588
1.002480498
1.00533388
1.005293878
1.00262559
1.003042382
1.015425914
0.998657742
1.00328606
1.00534094
1.001760336
1.000849924
1.006457616
1.00406475
1.002747314
0.8880376179999999
1.006761952
1.007720984
1.00642224
0.829626346
1.006120468
1.006813872
0.984201622
1.004856406
1.013171876
1.007290846
0.830054442
1.006462334
1.001391302
1.001529074
0.999843398
0.98368993
1.00314312
1.003250908
1.004487438
1.004207954
1.005307996
1.01751159
1.006865798
1.000439614
0.946046792
1.016757642
1.001241898
1.0040506679999999
1.009250704
1.003489998
0.985457178
1.004006072
0.999517644
1.0118399839999999
1.0032157560000001
1.006551964
1.003766736
1.002382232
1.00348062
0.998646132
0.9114066319999999
1.00118355
1.00328606
0.986532364
1.00394036
0.8924162320000001
1.0042149980000001
1.0021881
0.986448528
1.006325558
0.986876918
1.0103142920000001
0.989373038
0.9850910199999999
1.002751996
1.021757364
0.974507704
0.996886834
0.9849464400000001
1.004670712
1.003260282
1.006962582
0.9963133340000001
1.003473586
1.009943682
0.987280716
0.983953598
1.016707098
0.98131877
1.007281398
1.005889544
0.9866570100000001
1.002915902
1.007595686
0.9928654840000001
1.00734991
0.909592258
1.006080402
1.005380946
1.007387714
0.98551371
1.004301882
1.00755314
1.009542494
1.006728914
1.007612234
1.009219874
0.985441352
0.895557272
0.997998712
1.007546048
1.004802336
1.006596786
1.001393638
0.920943486
0.998611302
1.005223292
1.002075864
0.993784414
1.00496221
1.003618966
1.00303067
1.0080000599999999
1.006478842
1.007974038
1.00593902
1.01629571
0.999006172
1.00364242
1.004487438
0.98385217
1.003178264
1.002340126
1.0046613119999999
1.000817274
0.981278412
1.00104354
1.003424354
1.004102308
1.002876092
1.002993192
1.005696406
1.000288164
1.001363286
1.0072058080000001
1.003818348
1.0024454
0.9919917819999999
1.0022185
1.005060982
1.017241678
1.005131544
1.001884186
1.014301236
1.00394036
1.002515598
0.832196724
1.00573173
1.00289951
1.002766044
1.003935668
1.000423302
1.005211528
1.001363286
1.0192670940000002
0.893673348
1.001041206
1.00720817
1.001468356
1.003797232
1.017241678
0.925456008
0.999399028
0.984634834
1.007168018
0.9886374419999999
0.994428678
1.00742552
0.981890844
1.003654146
1.007305022
0.860237362
1.005729376
1.002819894
1.00669116
1.009893812
1.007557866
0.989357084
0.983746258
1.006825672
1.006870518
1.001844456
1.00345483
1.005013946
1.002508578
1.003314184
1.00301193
0.987784792
0.9036310240000001
1.003658836
1.0024454
0.9947856839999999
1.007924364
0.943919812
1.002941664
1.00304004
1.005432724
0.9964335280000001
1.006693518
1.001218558
1.001587464
0.9990526479999999
1.002029106
1.005976718
0.99131406
1.00582123
1.004628412
0.999429262
1.001332936
1.007746992
1.003801924
1.003140776
1.01927435
1.001160212
1.004752972
0.98669101
0.993134096
1.00505863
0.982140074
1.013164706
0.9237382740000001
0.995645852
1.00516683
1.007692612
1.004078834
0.9838251259999999
1.015591588
1.002269954
1.002876092
1.00550334
1.000493214
1.0032251300000001
1.005828298
0.88634427
1.0037596979999999
0.994656672
1.002386912
1.004055362
1.0056728560000001
0.999445542
1.002239548
1.002085216
1.005762346
0.996780408
0.9075012140000001
0.999494384
0.909332276
0.909474766
1.003241534
1.002225516
1.007316834
1.0002555499999999
0.984774806
0.964697268
1.00246178
0.985072946
1.0059531560000001
1.004990428
1.0050045380000001
1.009430976
1.000379028
1.00345952
1.005969648
0.998045094
1.001031874
1.0048822659999999
1.001094872
1.005976718
0.992622252
1.0037409320000001
1.00415865
1.002581122
0.985260504
1.004818792
0.9095421760000001
0.9942698360000001
0.926880004
1.007581504
1.0054727380000001
0.874147684
0.99237226
1.004078834
1.001330602
1.005493924
0.9255557240000001
1.0012372299999999
0.8756607860000001
1.001968328
1.0006074280000001
0.838410482
1.00015772
1.00513625
0.98894931
1.002548358
0.9832530460000001
1.0044522
1.006266616
0.933077986
0.890287048
1.00105054
0.9978387259999999
0.984892234
1.003182952
1.003115004
0.964073628
1.001330602
1.003975562
1.00539742
1.004137522
1.0053856540000001
0.910446428
1.005835364
0.9896124
1.004611964
0.894045404
1.003658836
1.002876092
1.00570818
0.998256186
1.007995328
1.003452486
1.007210532
0.997143736
0.924591368
1.006037982
0.9923562100000001
1.009442838
1.004299532
1.00692245
1.003325904
1.004102308
1.001295586
0.908570518
0.996859068
1.00816332
1.000609758
1.003743278
1.004797634
1.007955114
1.002319072
1.003726858
0.984316656
0.986246928
1.001793048
0.985265024
1.00199404
1.005037464
0.985113614
1.006492994
1.004877564
1.0151930999999998
1.008665262
1.000595772
1.005972004
0.9109639519999999
1.0059295959999999
0.9939108999999999
1.009309998
1.007777732
1.00310329
1.007621688
0.988662474
0.908612804
1.003351686
1.00568934
1.003710438
1.004203258
1.0035181340000001
1.004360594
1.00557161
0.8626303080000001
0.9283224360000001
1.001316594
0.984377568
1.001858478
1.005310348
0.9965213820000001
1.007224704
1.005767058
1.00456262
0.897897564
0.982362468
0.985400656
1.00319701
0.99795929
0.997398452
1.005103318
1.002709858
1.00492694
1.000952554
1.004153954
1.01555797
1.003827732
1.0031524920000001
0.8277221180000001
1.002241888
0.812768088
1.006129896
1.0035111
0.99964094
1.020298584
1.00481644
1.003618966
1.00212964
1.001818752
0.891066508
1.00339388
0.996116922
0.920556602
1.0055151100000002
0.9841926
1.000819606
0.995380494
1.002510918
1.008828738
1.016699878
1.004456898
1.007250688
1.004207954
0.998982936
1.0042948360000001
0.997950016
1.00175099
0.985314752
0.9993548459999999
1.005197412
1.0000179980000001
1.014176692
1.011218202
1.00509391
1.004517978
0.9813725839999999
1.0047647259999999
1.001503384
0.874671064
0.909391962
0.8880192560000001
1.0024875180000001
1.001757998
1.002653678
1.00625247
1.006896484
1.002501558
1.004104656
1.004879916
1.003743278
0.875842926
1.003412632
1.002684108
0.9836583879999999
1.000164708
1.003626002
1.004395826
1.008951974
0.994877856
1.0048423
1.00268879
0.929954572
1.003630692
1.00367291
1.0091795620000001
0.985952604
1.005847142
1.004642512
0.983680918
1.000523514
1.0045391240000001
1.004233782
1.002541338
1.004588466
0.994778772
0.997873502
1.007836852
1.0032181
1.008307696
0.9997642680000001
0.8613518400000001
0.995717408
1.00572231
1.003325904
1.00422439
1.001575784
1.0020057279999999
1.00412813
1.0001530619999999
0.99958743
1.0051127279999998
0.99902941
0.981617062
1.001592134
1.006592068
1.004710666
1.01419106
0.983620092
1.00440757
0.999189776
0.908597428
0.997303498
1.00704522
1.007451514
1.002609208
0.893764472
1.004901076
1.004684814
1.003248564
0.92544205
1.005569256
0.9977668660000001
1.003684636
0.98294476
1.0005025379999999
1.002017418
0.861802936
1.000882576
0.999908574
1.003635384
0.988343964
0.998481296
0.98165296
1.0004163099999999
1.001935604
0.987380582
1.0086771079999999
0.9384932199999999
1.003014272
1.006986192
1.001393638
1.005686986
1.00568934
1.01804219
0.9826996179999999
1.004121088
1.00492694
1.0073593600000001
1.0026747440000001
1.003743278
1.0053762400000001
1.0026607
1.006061548
0.935849134
0.99567355
0.877462286
1.005578674
0.982998752
0.98378231
1.008343204
1.004717716
0.9810520279999999
1.0037080919999999
1.003016614
1.003154834
0.9900983179999999
0.830125032
1.006745432
1.004362942
1.00161082
0.875680426
0.98361784
1.002295682
1.00064939
1.00456262
1.003250908
0.998513794
1.004182128
1.00409996
1.0019309299999999
1.014926816
1.00557632
0.9416991259999999
1.001045872
0.997878138
1.00255538
1.00653781
1.004017808
1.003494688
1.0021834219999999
1.00304941
0.994652066
1.01836806
1.003436076
1.002524958
1.00143333
0.9830325
1.000087854
1.00728376
1.00141932
1.007378262
0.925551736
1.0047224179999998
1.001814078
1.002305038
1.004315972
1.0059743620000001
1.004409918
0.872925348
0.843478516
1.004499184
1.0023143939999999
1.000943224
0.999487406
1.004839948
1.008385818
0.98371246
0.990344882
1.004041278
1.007420794
1.0029369799999999
0.99958743
1.001300254
0.989111012
1.01673598
1.000826602
0.8023671960000001
1.005227996
1.006735994
1.001475362
1.002606866
0.9821266000000001
0.9836696540000001
1.001706598
1.002536658
1.006401016
0.9923974839999999
1.011878126
1.00262559
1.0002788440000001
1.0057859
1.00488932
1.00383477
0.9252725860000001
1.016950238
0.9837868160000001
1.001949628
1.0045109300000001
0.984786096
0.925637508
0.944469872
0.891851036
1.0061699640000001
1.004017808
0.996170062
1.000577124
1.00507039
0.995565076
1.002305038
1.00345952
1.003618966
1.0047083159999999
0.8583994460000001
1.0084971040000001
1.004658962
0.89012837
1.000267198
1.004097614
1.006695878
0.7183673119999999
1.001643524
1.0076287800000001
1.001902882
1.014770948
0.894382382
1.000761306
1.016257234
1.015267492
0.997537444
1.005545714
1.003567376
1.003830078
1.000448936
0.9994501920000001
1.006221824
1.001286248
0.8317664180000001
1.001891196
1.005056278
0.9942698360000001
1.002192776
1.004943398
1.002305038
0.997998712
1.020456154
1.0053950680000001
1.000747314
1.00928865
0.981143914
1.019896394
1.003907508
1.018276314
0.98647345
0.999603716
0.908509018
1.003747968
0.876255696
0.99605455
1.002195114
1.002955716
1.000432622
1.002248904
1.006330274
0.9823939239999999
1.001907556
1.004656612
1.0073593600000001
1.004252568
1.000996878
1.002920586
1.005218586
0.986092952
0.8935506360000001
1.004586116
0.996438152
0.94662437
1.0099175599999999
1.007300296
1.002953374
1.0078439479999999
1.006035626
1.003916894
0.874329194
0.893887242
1.003884044
1.00510567
1.002216162
1.002922928
1.004501534
1.004168042
0.985113614
1.0013819640000001
1.0023027
0.991423898
0.990207886
1.0061369660000001
1.003300122
1.005522172
1.0061369660000001
1.00356034
0.99772978
0.990740096
0.984039264
0.996216274
1.004125784
1.008755286
1.00423613
0.999401354
1.002576442
0.984862874
0.98454455
0.986625278
1.00816332
1.002499218
1.005044518
1.004990428
1.00339388
1.007529504
1.006096898
1.00205716
1.003769082
1.000225266
1.000964218
1.0051621259999999
1.00348062
1.001666884
0.992757622
0.981043064
0.987226252
1.006811512
0.999247894
0.983784564
1.002496878
1.003675254
1.00356972
1.007323922
1.004955156
0.90401142
1.000737988
1.013442024
1.000381358
0.9098813
0.862351456
1.0053221140000002
0.8715136240000001
1.017393486
0.9944263760000001
0.99523749
1.001923918
0.91283813
1.001344608
1.006431674
1.0038089639999999
1.004257264
0.9831382599999999
0.892247524
1.005251524
0.990534454
1.007586232
1.002700494
0.893383358
0.887710908
0.8612309380000001
0.999752632
0.983313826
0.98240516
1.0043183199999999
1.0036776
1.005630472
0.926770004
1.003398568
0.8331330100000001
1.000288164
1.011470634
1.00564931
1.000733324
1.0044803900000001
0.998453442
1.002581122
1.000129772
0.993759122
1.017899838
1.006257186
0.892698172
1.00486581
0.986491576
0.887520132
1.003595516
1.01310496
0.984969028
1.007588594
1.006542528
1.004395826
0.985000652
0.988906046
1.001052872
1.003229816
0.946924906
1.001400642
1.00574115
0.9844114100000001
1.001671556
0.8590879579999999
0.982958256
1.002195114
1.00600028
1.0044921359999999
0.999357172
1.005762346
0.9070642360000001
1.004715366
1.017152542
1.00115321
0.983624598
1.002426684
1.004745922
1.003107976
1.005583382
0.9992014
1.003621312
1.004487438
1.0037034
1.004287792
1.00541625
0.9432709459999999
1.0021881
1.004182128
0.892345774
1.00631377
0.986140498
1.002508578
1.0067761100000001
0.940968778
0.997878138
0.998611302
0.90737276
0.999540904
0.984106906
1.0010365399999999
1.004715366
0.928019554
1.005253878
1.01086834
0.905055346
0.981980642
1.000330098
1.007926728
1.000586448
1.000169366
0.999629308
0.9445301060000001
1.004548522
1.005152716
0.9926039
1.0042971840000001
1.00239627
0.9829200140000001
0.910378884
1.002230194
1.003248564
0.982313038
1.00637036
0.993189212
0.984743196
0.9824119020000001
0.9847815799999999
0.991748978
1.0039192399999999
0.983973886
0.998936466
0.985163326
0.871835598
0.9882257120000001
1.003295436
1.004344154
0.986541428
1.0033188720000001
1.003717474
1.00535506
1.006549606
0.986718212
0.874110324
0.9901348379999999
0.996359558
1.006214752
1.00619118
1.004088224
1.00536212
1.00197534
1.0043347599999999
1.004527376
0.9225497579999999
1.001909894
1.000943224
0.907800442
1.002181084
0.985923182
1.003799578
0.9993548459999999
0.8934781420000001
0.9840775939999999
1.007444426
1.0032649679999999
0.836337088
1.002515598
1.002443062
1.0041633460000001
0.83075606
1.020189526
1.004532076
1.01188051
1.002571762
1.00367291
1.000062238
1.003862926
1.00025322
1.006735994
1.00196599
1.0021436700000002
0.89126066
1.0060262
1.001613156
1.0028877999999999
1.0022559199999999
1.013468328
1.013654896
1.0068634379999999
1.001575784
1.015397106
0.9954958500000001
0.85872382
1.003091576
0.911064436
1.005218586
1.007829758
0.980769756
1.0062548279999999
1.004990428
0.90823813
1.00655904
1.011268202
1.001099538
1.00724124
1.009165334
1.002810528
1.00126524
0.89251081
1.015788548
1.005289172
1.007723348
1.001860816
1.00486581
1.00095722
0.99887374
1.0137027440000002
1.00256942
1.003122032
0.9997363420000001
0.9775396980000001
0.983453424
1.002700494
0.997298866
0.985911866
1.019617954
0.9077217799999999
0.9857127480000001
1.005463324
1.005759992
0.875901868
1.0068421939999999
0.9814510719999999
0.9977668660000001
0.983073002
1.014100064
0.9979616099999999
0.812874228
0.9715032499999999
1.010647124
1.00393332
0.994988486
1.00474122
0.932118126
1.007382988
1.004233782
1.005976718
1.004525028
1.005847142
1.003497032
0.87641841
0.999638614
1.001356282
0.998228346
0.98350522
1.004055362
1.00557632
1.007075916
1.002531978
1.002216162
1.0037080919999999
0.9961977879999999
0.94595303
1.001795384
0.999810814
0.99301699
1.016206738
1.004839948
1.001652868
1.003208726
1.001734634
0.892082586
0.944987304
0.9848832
1.0060874720000001
1.002768384
1.0035462720000001
1.0039450540000001
0.910085668
0.885607744
1.000155392
1.0073522719999999
0.999855036
1.00420091
0.960756822
0.775007452
1.003138434
1.001473026
1.002253582
0.9988365720000001
1.005289172
1.002124964
1.005345646
1.0043817320000001
0.9902695300000001
1.00307752
1.002890142
0.998458084
0.993786714
1.010166966
1.004581416
0.982836792
1.004628412
1.001402976
0.8756304380000001
0.9814286459999999
0.9411254800000001
1.005223292
1.0017393060000002
1.017039338
1.003520478
0.981498172
1.0047083159999999
0.964890154
1.002595164
1.003468898
0.91899855
1.003400912
1.002029106
1.0038981219999998
0.960709542
0.878923938
1.005265642
0.9442061780000001
1.0060262
0.9974007699999999
1.004287792
0.7442920940000001
1.0067879100000001
1.006290192
0.98347144
0.998578798
1.0033235600000001
1.000337088
1.0084971040000001
0.986897326
1.004053014
0.858571042
1.002153022
1.0053762400000001
0.984043774
1.005091558
0.9987204420000001
0.986459856
1.003670564
1.004139868
1.003452486
0.982996502
1.001851468
0.999036382
0.982310792
1.005227996
1.008071036
1.01484288
1.012772896
1.004090572
1.003909854
1.003884044
1.004252568
1.00590368
1.0075720479999999
1.00533388
0.9951429460000001
1.0107684239999999
0.9446132
1.0008919059999999
1.003494688
1.020116832
0.905849426
0.9959367539999999
1.0035791
0.96841026
1.005500986
0.996403478
0.9913529579999999
1.003816002
0.99317773
1.004395826
0.98307075
0.8940695980000001
1.00417039
1.0024571
0.998014946
1.003658836
0.909058974
1.005931952
0.997347498
1.00392628
0.8773135200000001
0.98859648
0.982286078
1.0045391240000001
0.883763584
1.007264862
1.001732298
0.998641488
0.999990058
1.001561772
0.909287996
1.005630472
1.000122786
0.998353644
1.00307752
1.003426698
1.005244466
1.01932757
1.001498714
0.99564816
1.001449676
0.983707954
1.0077895559999999
1.002548358
1.005171534
1.002670064
0.965315206
1.00488932
1.00512684
0.9834421640000001
1.0130189360000001
0.999206048
0.98575347
1.005917816
1.00571289
1.002124964
1.01361662
1.003813656
0.9633578700000001
1.003553306
0.998885356
1.000388348
1.005548068
1.0026185699999999
1.002307378
0.925910892
1.0018304359999999
1.017046564
1.001262906
1.002010404
0.998520758
1.0019309299999999
0.999843398
1.003445452
1.00095722
0.998820312
1.00212964
0.998520758
1.00131426
1.001755662
1.015509944
0.93824515
1.004001378
0.999962118
1.003701056
0.997169202
1.006195894
0.946664014
0.894786718
1.002087554
1.00574115
0.999392052
1.003414976
1.000369708
0.9279313339999999
1.004090572
1.010283398
0.992461692
1.002064174
1.016074514
1.001603814
1.003855886
1.008873764
1.001839782
0.985323794
1.019910926
0.9976787920000001
1.000194986
0.998045094
0.92304146
1.000281174
0.993570612
0.996671694
0.9949723500000001
0.999268818
0.998481296
0.93616327
1.004621362
1.001332936
1.000880244
1.0038066159999999
1.004475692
1.004102308
1.0021577
1.0122716299999999
0.8149951320000001
1.006455258
1.003417322
0.997493426
0.998725086
1.012371842
0.9992595179999999
1.00687524
0.925139052
0.871333282
0.9997037639999999
1.005091558
0.684239946
0.9024557280000001
1.001641188
0.984005448
1.006266616
0.997372976
0.946753744
1.003417322
1.00065172
0.944991462
1.000525844
0.8992492519999999
0.882110034
1.003307154
1.002744974
1.00279648
0.87823201
0.984797386
1.005300936
1.002836284
1.003473586
1.0021436700000002
0.847610056
1.0020548219999998
0.982654652
1.002131978
1.00021595
1.00205716
0.944017324
0.99828635
1.004567318
0.999773576
1.000071554
1.002136654
0.992159064
1.007123146
1.003171236
0.988221164
1.005430372
1.004222042
0.907769744
1.0051433060000001
1.001048206
0.981444344
1.005606926
1.009943682
1.002663042
0.999554862
0.948103844
0.984273796
1.006589708
1.0042173460000001
0.829254726
0.999024762
1.000707676
0.9944655179999999
0.9455677520000001
1.003042382
1.002174068
1.0071491240000001
1.004121088
1.001475362
0.9825355100000001
0.986439466
1.000525844
0.997319708
1.00719636
1.001545422
0.9120763
1.00355565
0.875730418
1.019823742
1.004231434
1.00582123
0.928256226
0.765685494
0.7441257440000001
0.996364182
1.004837598
1.001652868
1.003117348
0.98805066
0.9860861599999999
1.004355896
0.869423058
1.002117948
1.004146912
1.0008685819999998
1.00024856
1.002485178
1.003494688
1.003091576
0.9844384860000001
1.001001544
1.003478276
1.006846914
1.002513258
1.004757674
1.014133588
1.002181084
0.983118006
0.942457494
0.843818232
1.003129062
1.00041165
1.001157878
0.9622053819999999
1.002192776
0.9919345060000001
1.006424598
1.002730926
0.9830527499999999
1.001398306
1.00334231
1.004440454
1.003337622
1.001337606
0.9087050799999999
1.004534424
0.976759384
0.984472334
0.75194769
0.999652574
1.001568778
0.9951844519999999
1.00445455
0.92514503
1.006377434
0.9947004399999999
1.0054727380000001
1.006332632
1.001421656
0.9825647300000001
1.000369708
1.003626002
1.0020057279999999
1.012639176
0.875635794
0.7243498580000001
0.986548226
1.005183298
1.003799578
1.002983822
0.99551431
1.005767058
1.003501722
1.003637728
0.999596736
1.0008079460000001
0.999445542
1.007780098
1.004886968
1.0080923320000001
1.004752972
1.00040932
1.0210577939999999
1.008052108
1.005218586
1.004981022
1.00013443
1.00692009
1.005578674
0.9844317180000001
1.003787848
1.003398568
1.007486962
1.006898844
1.005578674
1.001449676
0.946215614
1.00394036
1.003171236
1.007777732
0.931517702
0.8774336039999999
1.006528376
1.007501142
1.004193868
1.002941664
1.00451328
1.004043626
1.005453908
1.003963828
1.005946088
1.00074032
1.007430246
1.0052021180000001
1.003888736
1.016760048
1.005300936
1.001587464
1.001395972
1.003858234
1.003536892
1.005901324
0.9834827
1.002665382
1.00061442
1.006186464
1.018184582
1.00211561
1.000800948
0.9817090540000001
1.001118206
1.00269113
0.92722618
1.002663042
1.004384082
0.9991061
0.8908872219999999
1.005223292
0.999157234
0.9228014920000001
0.999966776
1.0032204420000002
0.924824302
1.001377294
1.01588946
0.9842264300000001
1.004205606
1.000877912
0.981410704
0.959779952
1.000376698
1.007264862
0.991046432
1.00232609
1.001136874
1.005811808
1.003307154
0.984562604
1.00539036
1.00065172
1.000663378
1.003192324
0.9825737219999999
0.8296215379999999
0.945938446
1.001311926
0.894784854
0.9985439740000001
1.018599918
1.004130478
0.99805437
1.004123436
1.004362942
1.000174024
1.006351496
0.9018663840000001
1.004623712
0.86243111
0.999471124
1.005173888
1.00455557
0.960417376
1.00282926
0.999336244
1.001262906
1.003980256
1.013836746
1.004207954
1.008369246
1.003513444
0.879595342
0.9987692140000001
1.00711606
1.000654052
1.005833008
1.002061836
1.003044724
1.0020057279999999
0.99917118
1.001307258
0.941263668
1.0032016959999999
1.003762044
0.980613006
0.982706364
1.00357441
1.001045872
