0.9914696700000001
0.99461982
0.9904453700000001
0.9888309099999999
0.9921521900000001
0.9885396
0.9857579900000001
0.9881574999999999
0.9942146
0.98761217
0.9916024400000001
0.82617768
0.9832485400000001
0.99187724
0.9872398699999999
0.99059614
0.99369474
0.9939569
0.98382963
0.98341064
0.99368095
0.98995226
0.9931478699999999
0.9914239
0.99109903
0.82735539
0.9953112900000001
0.9877847900000001
0.70856041
0.99245481
0.9914330499999999
0.9926016099999999
0.99261996
0.99115392
0.9585611199999999
0.99108988
0.99148798
0.9892226399999999
0.99147425
0.99198262
0.99197803
0.99221637
0.99125
0.99201011
0.99280811
0.9896465999999999
0.98882181
0.99347409
0.99623014
0.98923631
0.99222095
0.98998877
0.99094354
0.99224846
0.9936625600000001
0.9837890699999999
0.99262455
0.9909663999999999
0.9920330199999999
0.99292746
0.99517292
0.99162533
0.9927668
0.99106244
0.99220261
0.9917031799999999
0.9944355899999999
0.99235392
0.9819851300000001
0.99002529
0.9901622299999999
0.9927254999999999
0.99200095
0.99054131
0.98861696
0.99008462
0.9917673
0.9672260500000001
0.9902124499999999
0.9932994700000001
0.99189556
0.9916802800000001
0.99466128
0.98793475
0.98153182
0.983073
0.9881802399999999
0.99249609
0.9938879
0.9891224
0.9945276900000001
0.99216594
0.99202844
0.99334541
0.99099384
0.99293664
0.9932856800000001
0.9926842
0.98954628
0.99083838
0.98849409
0.9923309899999999
0.98915429
0.99267961
0.98801202
0.9896101199999999
0.99196887
0.9931249099999999
0.9904545
0.98945965
0.98526955
0.9957866599999999
0.99339136
0.9914834
0.9938051099999999
0.99177188
0.9939431000000001
0.9887580699999999
0.9836133300000001
0.97799156
0.99249151
0.7096773500000001
0.98365839
0.9945230899999999
0.99168486
0.9862831599999999
0.82746697
0.9925052700000001
0.98072496
0.9938925000000001
0.99168486
0.9874396
0.9837890699999999
0.99105329
0.82542825
0.9927530299999999
0.9844790999999999
0.99288614
0.82559008
0.98979713
0.99300551
0.9880211099999999
0.9907789499999999
0.99354303
0.99061442
0.99293664
0.99288155
0.99379591
0.9908886699999999
0.98944597
0.9931341
0.9933362200000001
0.9939799100000001
0.99259702
0.9906966799999999
0.99348328
0.9936027900000001
0.99423301
0.9857896700000001
0.97359758
0.98848044
0.99097555
0.9929090899999999
0.99149714
0.99000247
0.98491708
0.9889538600000001
0.9897378299999999
0.99056872
0.9912317
0.9914650899999999
0.99285401
0.99355222
0.9911219
0.82806363
0.99082009
0.9908155200000001
0.9907835199999999
0.9938971
0.99148798
0.82570436
0.98814841
0.99244564
0.99239978
0.98613371
0.9932259600000001
0.9907698100000001
0.98894476
0.98278507
0.98554537
0.99094354
0.9914696700000001
0.99525594
0.9908155200000001
0.9849983899999999
0.9941363599999999
0.9898746900000001
0.99177646
0.99020332
0.99137355
0.99359819
0.99410414
0.9902900800000001
0.9914147400000001
0.9911813700000001
0.9944770300000001
0.9913506700000001
0.99006637
0.99026725
0.98365839
0.9929458200000001
0.99659075
0.99438493
0.9903905500000001
0.9880165700000001
0.99032661
0.99134609
0.99149256
0.99147425
0.99241812
0.99246399
0.99092067
0.99339596
0.99441717
0.99075152
0.99433889
0.99284942
0.9956758600000001
0.99173524
0.99273009
0.9920467700000001
0.99301469
0.99189556
0.98606126
0.98817569
0.9893456899999999
0.99122712
0.98906318
0.99415476
0.99341894
0.98925454
0.99010288
0.9922347
0.9922622099999999
0.99347409
0.9921063499999999
0.98818933
0.99123627
0.99217969
0.99140101
0.99196429
0.99130033
0.9917169199999999
0.98813477
0.98516559
0.9916802800000001
0.98293801
0.98394684
0.99484099
0.99166654
0.99107616
0.9917902
0.9728566
0.9917535599999999
1.00039301
0.7076708
0.7086937
0.9970904899999999
0.70955776
0.97951717
0.9925052700000001
0.99249609
0.99042253
0.9927805700000001
0.9909069599999999
0.98865337
0.99356601
0.9893456899999999
0.99113105
0.9918451699999999
0.99068753
0.98881725
0.9936763500000001
0.99342353
0.98694949
0.9916756999999999
0.98881725
0.98926365
0.9931478699999999
0.98449264
0.9925511400000001
0.9876621299999999
0.82421172
0.99206052
0.9921201000000001
0.99038142
0.9866592799999999
0.99101213
0.99119967
0.9932673099999999
0.99316625
0.98810294
0.9931938100000001
0.9826186800000001
0.9957959
0.9934373200000001
0.99227597
0.9916894399999999
0.98897208
0.99192763
0.9956897100000001
0.99198262
0.98762125
0.9934281300000001
0.9892818800000001
0.99213385
0.98689959
0.82705268
0.70905405
0.98788476
0.99235392
0.99060528
0.98652783
0.9932994700000001
0.82833192
0.9912728799999999
0.9817292500000001
0.99399371
0.99144221
0.9894095
0.99340515
0.99187266
0.98964204
0.9939247
0.99320299
0.99011658
0.9932856800000001
0.9870356800000001
0.9920880200000001
0.9898473099999999
0.99133694
0.99248233
0.99245481
0.99511297
0.99377292
0.9927346699999999
0.98414073
0.99336379
0.99286319
0.99354303
0.9912317
0.9875758299999999
0.9932627100000001
0.99222095
0.9941731699999999
0.9826681399999999
0.98972414
0.99229431
0.9904407999999999
0.99279434
0.99038599
0.99097555
0.99534359
0.99340515
0.99240436
0.9934556999999999
0.99295041
0.99408573
0.99645202
0.9915246000000001
0.98625599
0.99470274
0.9922805499999999
0.61415108
0.98359531
0.99044994
0.9927484400000001
0.9923401599999999
0.9912591500000001
0.9926383099999999
0.9911951000000001
0.9882257099999999
0.9964196599999999
0.98565393
1.00005758
0.98492159
0.9907423799999999
0.8271737400000001
0.9942192
0.99602221
0.99479951
0.98292901
0.99407193
0.99080638
0.9952743900000001
0.98616993
0.9928953199999999
0.99279893
0.99296419
0.99340974
0.8881055600000001
0.9868361
0.9869721699999999
0.99173524
0.99217052
0.99423301
0.99398911
0.9885487000000001
0.99211552
0.99299633
0.99273926
0.9934143400000001
0.99273926
0.9739684900000001
0.99320299
0.98971046
0.99062355
0.99462442
0.9899842099999999
0.99481333
0.99242271
0.9917902
0.99201469
0.99105329
0.99303306
0.9845016699999999
0.98491256
0.99163449
0.9920971900000001
0.99129576
0.9927071399999999
0.99189556
0.99610075
0.9888673400000001
0.99211094
0.99318462
0.9927071399999999
0.9888309099999999
0.99500232
0.99051389
0.99213844
0.99097555
0.98580325
0.99307439
0.99298255
0.99124542
0.9895098
0.99306521
0.99302388
0.99213385
0.98637377
0.99137813
0.99152918
0.9936717500000001
0.9907880900000001
0.9899613899999999
0.99238602
0.98829393
0.9951175800000001
0.99120425
0.9945323
0.99433889
0.99218886
0.99155665
0.98738058
0.99238602
0.9880756599999999
0.8282488600000001
0.99379591
0.9932673099999999
0.99482255
0.98444751
0.9937499200000001
0.99084752
0.99251903
0.9929458200000001
0.9917169199999999
0.99292746
0.99277598
0.99211094
0.9904819100000001
0.8202419500000001
0.99234475
0.9945369
0.99197345
0.98961468
0.9956758600000001
0.98798475
0.99011201
0.99318921
0.99198262
0.99275762
0.9916894399999999
0.98783023
0.99056872
0.98405505
0.99297337
0.82892983
0.99144221
0.9936579600000001
0.9923264
0.99264749
0.989291
0.9952928400000001
0.99129118
0.99251903
0.98336561
0.99354303
0.99318921
0.99273009
0.98422643
0.9929458200000001
0.98984275
0.98388372
0.993589
0.9934603
0.99100298
0.98618352
0.99304225
0.99125457
0.98591187
0.9913186399999999
0.99017593
0.99249609
0.99377752
0.9933729800000001
0.98484932
0.9928127000000001
0.98596166
0.9883848999999999
0.99257408
0.9849758
0.9934511100000001
0.97727501
0.82917308
0.96313536
0.99142847
0.99473039
0.99036772
0.99221178
0.99442177
0.9954035600000001
0.9917444000000001
0.99309276
0.82560595
0.99161159
0.9920834399999999
0.99218428
0.99061442
0.99537588
0.99120882
0.99195512
0.98940039
0.9912683
0.99511297
0.99173524
0.9905778599999999
0.9894095
0.99244105
0.99230806
0.9926658399999999
0.9839829
0.99273926
0.99162075
0.9935844
0.9932627100000001
0.9936717500000001
0.99219803
0.99261537
0.9852107800000001
0.99474882
0.98116409
0.99066925
0.98987925
0.99161617
0.99414096
0.99002529
0.9966370000000001
0.99483638
0.9907378099999999
0.99439875
0.9874305200000001
0.98933202
0.99309735
0.99122712
0.99076066
0.9869132
0.99441256
0.9879529300000001
0.98938671
0.9948455900000001
0.99221178
0.99202844
0.99573588
0.99212927
0.99224846
0.9873715
0.98363136
0.9939385000000001
0.99277598
0.99455072
0.98662301
0.98656862
0.99229889
0.99331784
0.98783932
0.99295041
0.99189556
0.9854277899999999
0.99364417
0.99187266
0.98833032
0.99033575
0.99165738
0.9896465999999999
0.99139644
0.9936165800000001
0.983082
0.98432568
0.98369894
0.99369934
0.9877847900000001
0.9906281199999999
0.9951360300000001
0.9826231799999999
0.99366716
0.9866547400000001
0.988576
0.9888309099999999
0.9902124499999999
0.98287053
0.99340974
0.9917169199999999
0.99282647
0.99417778
0.9929458200000001
0.99286778
0.99305143
0.9934924700000001
0.98834396
0.9909115300000001
0.99265666
0.99260619
0.9923401599999999
0.7099354200000001
0.9941501599999999
0.9880393
0.99089781
0.99324893
0.99199636
0.99111733
0.99116307
0.9910258500000001
0.99012114
0.99206052
0.98748501
0.98995226
0.9935016600000001
0.99167112
0.9899659599999999
0.9961700600000001
0.9870629
0.9920467700000001
0.99342353
0.9883348700000001
0.98924087
0.9917535599999999
0.99174898
0.9905732899999999
0.98981538
0.98403701
0.99179936
0.9896602900000001
0.98939127
0.99307898
18.9288995
0.99257408
0.99411795
0.98880815
0.99496544
0.99236767
0.99054131
0.9936717500000001
0.82723109
0.9795841900000001
0.9892272
0.98889922
0.98907229
0.9911722199999999
0.99001616
0.9939247
0.98466869
0.99162075
0.9915337599999999
0.9930698
0.99163907
0.98686785
0.9879393000000001
0.9934373200000001
0.99137355
0.9939247
0.99216594
0.99246399
0.99187724
0.99306521
0.99187266
0.99229431
0.9932259600000001
0.9933362200000001
0.99021702
0.98923631
0.99483177
0.99303765
0.99223929
0.99056415
0.9886124100000001
0.98907229
0.9944355899999999
0.98434373
0.9920971900000001
0.99403972
0.9869041300000001
0.99281729
0.99369474
0.9871899500000001
0.99497005
0.9921934400000001
0.9938511
0.99308358
0.99357061
0.98373048
0.98445203
0.98502098
0.9920330199999999
0.99475804
0.8206462999999999
0.99237685
0.9929917399999999
0.9940213099999999
0.98445654
0.7061048200000001
0.99011201
0.98543683
0.9923722600000001
0.9859299699999999
0.99033575
0.99045907
0.9939799100000001
0.99362118
0.98875352
0.99325812
0.9927254999999999
0.9930560199999999
0.9941363599999999
0.99436191
0.9917581400000001
0.99301929
0.99194138
0.9858213499999999
0.9914101700000001
0.82706543
0.99369934
0.99180394
0.99228514
0.99199178
0.9958605500000001
0.99294123
0.9824568499999999
0.9948502
0.99048648
0.9811192599999999
0.82792316
0.8270622400000001
0.99342353
0.99332244
0.98296501
0.9903905500000001
0.9925144400000001
0.98512491
0.99110361
0.99055958
0.9935016600000001
0.9865459599999999
0.99187266
0.99228972
0.99267961
0.99087495
0.98970134
0.99011658
0.9929045000000001
0.99700254
0.9932856800000001
0.990587
0.9936763500000001
0.8225543000000001
0.99155207
0.99238602
0.99183601
0.99230806
0.98933657
0.994606
0.99538511
0.9949884900000001
0.99303306
0.99309276
0.9938373
0.99151087
0.9886761300000001
0.9935200500000001
0.99415476
0.9835727900000001
0.99258325
0.9928448299999999
0.99155207
0.98288852
0.9908292299999999
0.97942782
0.8260601
0.99303306
0.9916528
0.9934511100000001
0.99366716
0.9854006599999999
0.9939201
0.99093439
0.9936579600000001
0.99328109
0.98445654
0.9939063
0.9846596599999999
0.9809713600000001
0.99282647
0.818485
0.9856946499999999
0.9900800599999999
0.99103957
0.9932259600000001
0.99304225
0.99278975
0.7076544699999999
0.9865097
0.9857444200000001
0.9901622299999999
0.9860567299999999
0.9903220500000001
0.70863056
0.98345568
0.9857987199999999
0.99588826
0.98207944
0.9928723700000001
0.9947949
0.99196887
0.9945276900000001
0.99113105
0.9938373
0.9897651999999999
0.82293571
0.99261537
0.99012114
0.98254675
0.99116307
0.9925144400000001
0.99338217
0.9901257099999999
0.9874305200000001
0.8259552499999999
0.99140559
0.98169783
0.99080638
0.99212469
0.99221178
0.99398451
0.99295041
0.9888809999999999
0.99042253
0.99299633
0.99324893
0.9820749499999999
0.9926383099999999
0.9935062600000001
0.9924685700000001
0.9946843099999999
0.98969677
0.99256949
0.9927668
0.99369015
0.9965444999999999
0.9927254999999999
0.98906318
0.98491256
0.9926016099999999
0.9876621299999999
0.9927805700000001
0.9917673
0.9906463999999999
0.9926383099999999
0.9922347
0.9931295
0.99159328
0.99258325
0.99217511
0.99442177
0.99404892
0.99308817
0.99021702
0.99320299
0.99174898
0.99144678
0.9930698
0.98955084
0.98238943
0.98804839
0.9858304
0.99348787
0.9948916800000001
0.99247316
0.99218886
0.98776207
0.988394
0.9941731699999999
0.99257408
0.98325755
0.9891998599999999
0.9812044299999999
0.99292746
0.9942007900000001
0.9946152100000001
0.9846461200000001
0.99219803
0.9885532499999999
0.9934327199999999
0.8253648
0.99362118
0.9923814299999999
0.98715818
0.9824119
0.99098927
0.982992
0.9889903
0.98359081
0.98046526
0.99252362
0.9870039199999999
0.9950945299999999
0.98971502
0.9920559400000001
0.9911219
0.98607484
0.99331325
0.99265208
0.99273926
0.8244363800000001
0.9859526
0.82785933
0.9852605
0.99309276
0.9950945299999999
0.99571279
0.9872671
0.99611461
0.98588923
0.98762125
0.98946421
0.98995226
0.99127745
0.9927254999999999
0.99341894
0.9934511100000001
0.98331608
0.99240895
0.99602683
0.99012114
0.9932856800000001
0.9928448299999999
0.9911219
0.99374073
0.99023072
0.9916986
0.99190472
0.7094405500000001
0.9910578700000001
0.9906372600000001
0.99251903
0.99233558
0.9882620900000001
0.98591187
0.9926933699999999
0.55029819
0.98495322
0.99306521
0.99297337
0.9916986
0.99252362
0.8282265
0.98561774
0.98924087
0.99068296
0.99239519
0.99354303
0.99325352
0.99348787
0.99382811
0.9911401999999999
0.9934511100000001
0.99151087
0.9917535599999999
0.9917902
0.9917169199999999
0.99116307
0.9947073500000001
0.9913049100000001
0.9822321599999999
0.99323056
0.9826546500000001
0.9937683199999999
0.9903996899999999
0.99083838
0.9911401999999999
0.99477647
0.99378671
0.99190014
0.98551371
0.99323056
0.98448813
0.9922347
0.99474882
0.99103957
0.8269889899999999
0.99173524
0.98609748
0.8264892899999999
0.9774351400000001
0.99184975
0.99373153
0.70652065
0.99317543
0.98685878
0.99297796
0.99084752
0.9867680799999999
0.9899842099999999
0.99099384
0.98791657
0.9929090899999999
0.9923309899999999
0.99254655
0.99182684
0.9945691499999999
0.9911264799999999
0.98768939
0.9921934400000001
0.98827574
0.99400751
0.99304684
0.8225165
0.99220261
0.9954866199999999
0.99432048
0.99200553
0.9952928400000001
0.98726256
0.98924998
0.9909298200000001
0.9916986
0.99171234
0.99294123
0.99202844
0.994735
0.99229431
0.99293664
0.9881847899999999
0.99402592
0.9925649
0.8265465500000001
0.99100298
0.99323974
0.9931984
0.98717179
0.99273009
0.98647345
0.99194138
0.9925282
0.9932259600000001
0.9916756999999999
0.99259243
0.9922072
0.99381891
0.9922805499999999
0.9918864000000001
0.82710047
0.9806040500000001
0.98755313
0.9944309800000001
0.99221637
0.99286778
0.9945276900000001
0.82405042
0.99377752
0.9920650999999999
0.9933408199999999
0.99296419
0.98770301
0.82585043
0.9896922100000001
0.99374073
0.9920880200000001
0.9924685700000001
0.99486403
0.98673635
0.99149714
0.9900572400000001
0.99318003
1.29806733
0.99034945
0.98602051
0.99166654
0.9931938100000001
0.9933592
0.9888809999999999
0.9909618299999999
0.9908246599999999
0.9922255400000001
0.9940535199999999
0.98438885
0.99261537
0.99141932
0.9825152799999999
0.99321218
0.99317543
0.99292287
0.99190931
0.99348328
0.9941961899999999
0.9946843099999999
0.98522434
0.9897606299999999
0.98773027
0.99323515
0.99334541
0.9932259600000001
0.99222095
0.99253738
0.98280755
0.9931203200000001
0.9900937500000001
0.99353843
0.99277598
0.9867272800000001
0.99410874
0.99146052
0.99311572
0.9942928499999999
0.9881938800000001
0.9946520700000001
0.99650289
0.993589
0.98428959
0.7068113300000001
0.9938741
0.99271632
0.9912866
0.9928953199999999
0.9943112700000001
0.98506165
0.7086329
0.98511587
0.9912728799999999
0.9936487700000001
0.99283565
0.99313869
0.9917581400000001
0.9914330499999999
0.9884213
0.99011201
0.9933729800000001
0.9873124900000001
0.99322137
0.99215677
0.82689346
0.99223929
0.99245023
0.99263372
0.9939569
0.9931708399999999
0.9930009200000001
0.9891907500000001
0.6201098
0.99162991
0.9943527
0.99383271
0.99440335
0.983037
0.9922438699999999
0.9916024400000001
0.8233584999999999
0.98172027
0.98559965
0.9877484400000001
0.82757858
0.9939385000000001
0.9925511400000001
0.99199636
0.9925649
0.97999099
0.9938787000000001
0.9928035199999999
0.99381891
0.99200553
0.99282647
0.9914101700000001
0.99469814
0.99325352
0.98341965
0.98152733
0.9911447699999999
0.9927254999999999
0.9889310899999999
0.99304225
0.99370854
0.9932075899999999
0.99365336
0.99377292
0.98663661
0.9919505399999999
0.99158412
0.9899979000000001
0.9914650899999999
0.9852785900000001
0.9906007099999999
0.98728525
0.9915749599999999
0.99304684
0.99378671
0.99245481
0.99237685
0.99261537
0.9901622299999999
0.9900800599999999
0.99438493
0.70888553
0.99339596
0.9917398199999999
0.9933592
0.99054588
0.70952494
0.9871082699999999
0.99129118
0.99004811
0.99284942
0.99187266
0.99307439
0.9924364699999999
0.9922668
0.9914239
0.98772573
0.98850319
0.99038599
0.99292746
0.99370854
0.9926658399999999
1.29185936
0.9946843099999999
0.9927346699999999
0.99341894
0.9939109
0.9913049100000001
0.99062355
0.9945276900000001
0.9938787000000001
0.8251269499999999
0.9925649
0.98797111
0.9927346699999999
0.99292287
0.98978801
0.99108074
0.96830765
0.98532831
0.9747908099999999
0.99060985
0.97416731
0.99124085
0.9893274599999999
0.99155665
0.9920513599999999
0.9931984
0.99197803
0.98560417
0.9899294500000001
0.9904819100000001
0.9744104299999999
0.98574894
0.99334541
0.99128203
0.99149714
0.99182226
0.98760308
0.9871128
0.9954358600000001
0.9931019499999999
0.9939247
0.9949285600000001
0.99055501
0.9928769599999999
0.99253738
0.99149256
0.99382351
0.98983819
0.99134152
0.9913689800000001
0.99249609
0.9897697599999999
0.98912696
0.98945965
0.9896465999999999
0.99013027
0.9791822
0.82949015
0.9925511400000001
0.99417778
0.99159328
0.9902398499999999
0.9918634900000001
0.8202137500000001
0.99191847
0.99236309
0.98450618
0.99234475
0.9915383400000001
0.99235392
0.99428825
0.9945875700000001
0.9832935700000001
0.98442495
0.99363957
0.98978801
0.9936165800000001
0.99047278
0.992955
0.9914513599999999
0.99011658
0.99211094
0.98416328
0.99440335
0.99234475
0.99197803
0.9891634100000001
0.99180852
0.99300551
0.9954035600000001
0.99250068
0.9907698100000001
0.98664114
0.99055501
0.98769847
0.99377292
0.98969677
0.70720703
0.99128203
0.8275243600000001
0.99373613
0.99107616
0.99134609
0.9904271
0.9939385000000001
0.99344651
0.9872671
0.99079266
0.9920971900000001
0.99280811
0.9927530299999999
0.9900618
0.8259552499999999
0.9928127000000001
0.9926658399999999
0.99034488
0.99158412
0.9917398199999999
0.98939127
0.9931019499999999
0.82597431
0.99381891
0.9922622099999999
0.82719604
0.9926933699999999
0.9927025500000001
0.99366716
0.99243188
0.9909115300000001
0.99321677
0.98649158
0.9944355899999999
0.9904453700000001
0.99336839
0.8283287300000001
0.94352168
0.99106244
0.99183143
0.9941501599999999
0.9896602900000001
0.9833611000000001
0.98759854
0.99144678
0.99258325
0.99296419
0.70831502
0.98865792
0.98360883
0.8239619
0.99262455
0.9945691499999999
0.99137355
0.9887262
0.99353384
0.9923401599999999
0.99244105
0.9887899400000001
0.9945553300000001
0.99351545
0.99487786
0.99331784
0.99377292
0.99171234
0.98728525
0.99321677
0.98987013
0.99027638
0.99062355
0.98428959
0.9939569
0.99211552
0.9945276900000001
0.99323056
0.9907652400000001
0.99476264
0.9908292299999999
0.9926933699999999
0.99190472
0.99289073
0.99184059
0.9939201
0.99200095
0.9927209100000001
0.99227597
0.9922347
0.9925511400000001
0.7094429
0.92852514
0.99259702
0.9908018
0.98693134
0.9917902
0.98906318
0.99051846
0.9898518799999999
0.99351545
0.9915978599999999
0.99288155
0.99237685
0.99180852
0.98437982
0.99355682
0.9936487700000001
0.99304225
0.96225065
0.98927277
0.9934603
18.65916803
0.99184975
0.5473666699999999
0.9927025500000001
0.99198262
0.99227597
0.9941961899999999
0.82449969
0.99486864
0.99166196
0.9938879
0.99441717
0.99023072
0.99301469
0.99324893
0.98414524
0.98534188
0.99412255
0.98479513
0.9950484199999999
0.99228972
0.9871491
0.99298714
0.99044994
0.99202844
0.99075609
0.99376372
0.82634935
0.99211552
0.9879302099999999
0.99263372
0.99318003
0.99283565
0.98674995
0.98314051
0.9893730399999999
0.98172027
0.98745322
0.98590734
0.99034031
0.9915978599999999
0.99249151
0.9911081799999999
0.99257408
0.99182684
0.9904453700000001
0.9902352799999999
0.99497005
0.99724792
0.99061898
0.99379131
0.82643522
0.9864961099999999
0.9938557
0.9904407999999999
0.99363038
0.98945053
0.9637837399999999
0.9920330199999999
0.99261078
0.99549585
0.99125
0.98989751
0.99460139
0.9938097100000001
0.9935200500000001
0.9877439
0.9938787000000001
0.9922668
0.9914513599999999
0.9917581400000001
0.9934556999999999
0.99423761
0.99079723
0.98263667
0.98943686
0.82866754
0.99253738
0.99512219
0.9944079600000001
0.82351637
0.99275762
0.9920238600000001
0.99426523
0.9881847899999999
0.99545432
0.99154292
0.8289618299999999
0.99107159
0.9858530299999999
0.9927851599999999
0.9923309899999999
0.99217969
0.9919872
0.98419937
0.99399831
0.99229889
0.9933408199999999
0.99304225
0.9937683199999999
0.9947949
0.99074695
0.98897208
0.7049227299999999
0.98989751
0.99031748
0.99369934
0.9927622100000001
0.99182226
0.99399371
0.99282647
0.99206052
0.9895782
0.98487191
1.02731244
0.99259243
0.99248692
0.9900891900000001
0.98224564
0.99322137
0.9896101199999999
0.98476803
0.9913506700000001
0.99262913
0.99417778
0.99273009
0.9939017
0.9898655700000001
0.9911951000000001
0.99247316
0.9943665199999999
0.98709466
0.99018962
0.99442638
0.98738058
0.98670008
0.9942698400000001
0.9921476
0.99304684
0.98637377
0.9928769599999999
0.9931984
0.99492395
0.99129576
0.9890221800000001
0.99339596
0.98188187
0.99230348
0.98332058
0.9883348700000001
0.9912728799999999
0.99339596
0.993589
0.99283565
0.71023126
0.99018962
0.9939155
0.9918451699999999
0.99361199
0.99170776
0.9931111300000001
0.9932994700000001
0.70345182
0.99353384
0.99446782
0.9920971900000001
0.9886124100000001
0.99318921
0.99200553
0.99223012
0.9906372600000001
0.99148798
0.9881984300000001
0.9915749599999999
0.70885745
0.99124542
0.9938005099999999
0.98276708
0.98423996
0.8266133600000001
0.99116307
0.99308817
0.99241812
0.9925052700000001
0.70932807
0.9905276000000001
0.98647345
0.99988064
0.9915337599999999
0.82598702
0.99351085
0.98332959
0.8245535099999999
0.8273075799999999
0.9904407999999999
0.98944142
0.82711958
0.9899613899999999
0.9945369
0.99200553
0.82654973
0.9938465
0.9896922100000001
0.9955466199999999
0.9899248799999999
0.98360883
0.9923814299999999
0.9918589099999999
0.98841675
0.9928448299999999
0.99425603
0.9912591500000001
0.9939247
0.9954589300000001
0.99611923
0.99512219
0.99210177
0.9858485
0.97952164
0.99256949
0.70582632
0.98983363
0.98810749
0.99129118
0.99238602
0.8261586099999999
0.99295041
0.9943434999999999
0.99155207
0.98818933
0.99357061
0.99124542
0.9932856800000001
0.99322137
0.99046364
0.9927025500000001
0.9931249099999999
0.9944309800000001
0.99324893
0.9929090899999999
0.9892682100000001
0.99438493
0.9927851599999999
0.98126272
0.99510836
0.99641041
0.9930101
0.99306061
0.99280811
0.99151087
0.70964451
0.99137355
0.99008462
0.99106701
0.99197803
0.99627636
0.9879438399999999
0.9916528
0.9944954500000001
0.9906007099999999
0.99331325
0.98232202
0.9910167
0.98627863
0.99539895
0.9920880200000001
0.98616993
0.99194596
0.9857579900000001
0.9923309899999999
0.9928769599999999
0.98844859
0.9915749599999999
0.99151545
0.99354303
0.9884031
0.82697943
0.99409494
0.9911127500000001
0.9436046
0.9908520900000001
0.99309735
0.9898746900000001
0.99195971
0.99305143
0.99255573
0.99315247
0.99451388
0.9920926
0.9946751
0.9923585
0.99500693
0.9926383099999999
0.99308358
0.82809556
0.99436191
0.99318921
0.9902809499999999
0.99216594
0.9939247
0.98564036
0.99079266
0.9930560199999999
0.99241812
0.99181768
0.82721516
0.99301469
0.9847589999999999
0.7090985399999999
0.99363038
0.9915246000000001
0.99238602
0.62031579
0.82752117
0.9929182799999999
0.82395557
0.99066925
0.98525598
0.9860929500000001
0.99019419
0.99360739
0.98324404
0.994606
0.98618805
0.70979228
0.9929595999999999
0.9876803
0.98969677
0.9943711199999999
0.99283565
0.70818889
0.98082799
0.99318921
0.9891679600000001
0.99450006
0.9940535199999999
0.70134969
0.99470274
0.98992032
0.82811791
0.99137813
0.9828480399999999
0.99329028
0.8199413
0.99296419
0.99297796
0.99357521
0.9933867700000001
0.99311572
0.99258325
0.8264065899999999
0.99191847
0.98220072
0.98260519
0.99212469
0.9891953
0.99139644
0.9945369
0.9901394
0.99508531
0.99126373
0.99519137
0.9943158699999999
0.98938671
0.99221637
0.98783023
0.98837126
0.99569894
0.98606578
0.98495773
0.99173524
0.98742598
0.99133694
0.9872580200000001
0.9871400300000001
0.98466418
0.9932259600000001
0.98619258
0.99323515
0.9896465999999999
0.99177188
0.98620164
0.99556969
0.99170776
0.9906281199999999
0.99129576
0.99302847
0.82622536
0.9923264
0.9928035199999999
0.99242729
0.99107159
0.8251111
0.98620164
0.99060528
0.98538709
0.9923814299999999
0.99309735
0.99348328
0.98872165
0.9916070100000001
0.99061898
0.98563131
0.9908155200000001
0.99029921
0.99217052
0.99145594
0.99109903
0.99335001
0.99355222
0.82761685
0.9925878400000001
0.99377292
0.98842585
0.99298714
0.9918131
0.99242729
0.99304684
0.99265666
0.99193221
0.99342353
0.9921613600000001
0.9861291799999999
0.98616993
0.99201011
0.98232202
0.99017593
1.2976437699999999
0.99445401
0.9916024400000001
0.98705836
0.9902124499999999
0.99273926
0.8276966
0.9934373200000001
0.99429746
0.9923722600000001
0.9926842
0.98674995
0.9943711199999999
0.9926429
0.9929687800000001
0.99269796
0.99379591
0.99336379
0.9856494100000001
0.9915886999999999
0.9895326
0.99245023
0.9938511
0.9938465
0.9924364699999999
0.99258325
0.99174898
0.9923722600000001
0.99228972
0.9944448
0.9924594
0.9927484400000001
0.9896557300000001
0.99316625
0.9923722600000001
0.9850255
0.48546392
0.99066468
0.69173253
0.9875304199999999
0.9855634600000001
0.98442044
0.99430666
0.99322137
0.9925511400000001
0.98551371
0.98994314
0.99234933
0.99138271
0.99176272
0.99268878
0.99108074
0.99279893
0.99297337
0.9934327199999999
0.9858575500000001
0.9875849200000001
0.99254655
0.99162075
0.9879438399999999
0.99055958
0.9929045000000001
0.9913689800000001
0.9910258500000001
0.99341894
0.9911127500000001
0.99247775
0.9933592
0.99189098
0.9934556999999999
0.9971692
0.9956620100000001
0.98797566
0.99317543
0.99493317
0.9911813700000001
0.9939707099999999
0.99087952
0.99520982
0.9914376300000001
0.99259702
0.9932259600000001
0.99240895
0.99266125
0.99466128
0.9942698400000001
0.99417778
0.99257867
0.9956389299999999
0.99357981
1.12540937
0.99237685
0.99184975
0.99198262
0.99418698
0.98461
0.99087952
0.99295041
0.99338217
0.9923309899999999
0.99274385
0.98099377
0.9862288100000001
0.99249609
0.99271632
0.9925282
0.9925878400000001
0.990587
0.9923814299999999
0.82590442
0.99311572
0.99248233
0.99301929
0.9931478699999999
0.9940903400000001
0.99607765
0.99295041
0.9914834
0.9917215
0.99133694
0.9939661
0.99083381
0.82797742
0.82513963
0.9937821200000001
0.99234933
0.99191389
0.99427444
0.9920559400000001
0.99247775
0.9929182799999999
0.9936487700000001
0.99157039
0.98966485
0.99259243
0.99230348
0.9947534299999999
0.98531927
0.99309276
0.99178104
0.99292746
0.99279434
0.9926429
1.00412109
0.9935936
0.9904088299999999
0.99457836
0.98709466
0.99328109
0.9909069599999999
0.99222095
0.9932259600000001
0.98885368
0.98250629
0.9911813700000001
0.99308817
0.99426063
0.99338217
0.9948594199999999
0.9847409399999999
0.9916070100000001
0.8192687599999999
0.8287858699999999
0.9934786800000001
0.98828483
0.9884440499999999
0.99090238
0.9912591500000001
0.99487786
0.9936717500000001
0.99192763
0.99442638
0.99669714
0.99211552
0.9919505399999999
0.9927668
0.99320299
0.9923126499999999
0.9931019499999999
0.9893776
0.98624693
0.99289991
0.9904271
0.99304225
0.99351545
0.9829695100000001
0.99340055
0.9927071399999999
0.99430666
0.99150171
0.99089781
0.98703114
0.99403052
0.98776662
0.98625146
0.9922530399999999
0.9922622099999999
0.99376372
0.99162533
0.99145594
0.9915978599999999
0.99128203
0.9899385700000001
0.99404892
0.9946843099999999
0.9928586
0.9916940200000001
0.98216478
0.9955466199999999
0.99198262
0.99038142
0.99346949
0.9833430900000001
0.98746685
0.9949377800000001
0.99260619
0.9922438699999999
0.9851294300000001
0.98495773
0.99179936
0.98404152
0.99212927
0.9908520900000001
0.99332244
0.9920971900000001
0.9922072
0.99364417
0.99346949
0.9884076500000001
0.99094811
0.82769979
0.9886124100000001
0.9914834
0.98820297
0.98816205
0.9838611899999999
0.99188182
0.9908292299999999
0.99375912
0.99017136
0.9906463999999999
0.82657518
0.99200095
0.99018962
0.99183601
0.99526055
0.99217511
0.8263843300000001
0.98260519
0.99195512
0.9893274599999999
0.98713549
0.99310654
0.9922438699999999
0.99476725
0.99131406
0.99229889
0.9937177300000001
0.99155207
0.99237685
0.9914239
0.99161617
0.9902626800000001
0.9844745899999999
0.98234899
0.99227597
0.98410916
0.98689052
0.9915978599999999
0.9824703300000001
0.99066468
0.98924543
0.99044994
0.99399371
0.9932719
0.98188187
0.9941455600000001
0.99528823
0.99234933
0.99295041
0.9943158699999999
0.9913689800000001
0.9938832999999999
0.99368555
0.99148798
0.99030378
0.9938879
0.9950899200000001
0.9945645399999999
0.99357061
0.99310654
0.9906281199999999
0.9949055099999999
0.9918589099999999
0.99416397
0.99134152
0.99352924
0.9934924700000001
0.99498388
0.9928586
0.98975151
0.9863782999999999
0.99123627
0.8248417100000001
0.9910258500000001
0.9938419000000001
0.9909115300000001
0.99089324
0.98533284
0.99113563
0.9908520900000001
0.9929458200000001
0.99261078
0.99199178
0.8273617600000001
0.99318003
0.99194596
0.9933546
0.99228972
0.9946935299999999
0.9922438699999999
0.9945599300000001
0.99259243
0.99118595
0.99498388
0.99150171
0.9928035199999999
0.99275762
0.99266125
0.99376372
0.8262189999999999
0.9925144400000001
0.9914834
0.9898609999999999
0.99248233
0.99317543
0.99297796
0.99307898
0.99242729
0.9929045000000001
0.9939201
0.99267961
0.9814959299999999
0.9850435799999999
0.99623938
0.98818933
0.99305143
0.9938097100000001
0.9930009200000001
0.99113105
0.99267961
0.99307898
0.9917398199999999
0.99353384
0.9931019499999999
0.99313869
0.9941271500000001
0.9885396
0.99414096
0.99157039
0.9937683199999999
0.99317543
0.99338217
0.98707651
0.99242271
0.9932075899999999
0.9811551199999999
0.99279893
0.99179936
0.99191847
0.9938005099999999
0.99265666
0.9925511400000001
0.99627636
0.99250068
0.99462903
0.9934786800000001
0.98619258
0.9930698
0.99217511
0.99462442
0.99293205
0.9918131
0.99590673
0.98682703
0.99023072
0.99409494
0.99217969
0.99135982
0.9941501599999999
0.99446322
0.9872580200000001
0.9931249099999999
0.9933592
0.99348328
0.99474421
0.9909161000000001
0.98474545
0.99054131
0.99279434
0.9957682
0.9910578700000001
0.9939293
0.9921063499999999
0.9936579600000001
0.99235392
0.9936165800000001
0.70990022
0.99234933
0.99261078
0.9921934400000001
1.2827767
0.82746697
0.99336839
0.99351545
0.9945599300000001
0.9932719
0.71029939
0.9926429
0.99129118
0.9929182799999999
0.9934556999999999
0.98882181
0.99565278
0.99373613
0.9954912400000001
0.98790294
0.98470933
0.9923585
0.98125824
0.99438493
0.9843708
0.99322137
0.9858756599999999
0.99239978
0.9940903400000001
0.9936579600000001
0.99415937
0.99329028
0.9847003
0.82723428
0.98626958
0.99124085
0.98833032
0.9940213099999999
0.9889265399999999
0.99306061
0.99158412
0.9919368
0.9841136699999999
0.9736373
0.82456617
0.8271418799999999
0.99262455
0.99332703
0.9842986100000001
0.99061898
0.9916940200000001
0.99360739
0.99369474
0.99491934
0.9930698
0.99610075
0.99235392
0.99087038
0.9923722600000001
0.98395134
0.99100756
0.99199636
0.82769022
0.99340515
0.70566165
0.99174898
0.99480412
0.99148798
0.99316165
0.9935200500000001
0.9932719
1.31634403
0.9936487700000001
0.99329487
0.98563584
0.99192763
0.99033118
0.99329487
0.99408573
0.9944079600000001
0.99047278
0.99197345
0.99036315
0.9917398199999999
0.9923218199999999
0.9932673099999999
0.9823355100000001
0.7103205300000001
0.98555441
0.99379131
0.99354763
0.9858937600000001
0.99199636
0.9934373200000001
0.9841723
0.99263372
0.99311572
0.9918864000000001
0.98880815
0.9907241
0.99473039
0.99303765
0.9813120399999999
0.8274191399999999
0.98671368
0.9920238600000001
0.99062355
0.98798929
0.99292287
0.99066925
0.9913506700000001
0.99053217
0.99285401
0.99306521
0.98281205
0.99254655
0.99222095
0.99196429
0.9801385899999999
0.98461
0.99294123
0.99217511
0.99155665
0.99501154
0.99055501
0.9920421899999999
0.98596618
0.99535281
0.99480873
0.9911447699999999
0.9913049100000001
0.9921613600000001
0.99446782
0.994735
0.99132321
0.9915978599999999
0.98904496
0.9822770900000001
0.9936625600000001
0.9832485400000001
0.99333163
0.9879393000000001
0.98947789
0.99344651
0.99241353
0.9929045000000001
0.98873986
0.9911401999999999
0.9938557
0.98899485
0.99249151
0.99417778
0.99165738
0.9869676300000001
0.99409954
0.9907835199999999
0.9912683
0.99030835
0.9917535599999999
0.8274159600000001
0.9862831599999999
0.9966138800000001
0.98514751
0.81986617
0.8262666900000001
0.9938557
0.9927668
0.99375912
0.9866774100000001
0.9930101
0.9917169199999999
0.9906007099999999
0.99408113
0.99474421
0.99178562
0.98424447
0.98790294
0.9938879
0.99298714
0.9939799100000001
0.9831540099999999
0.9920467700000001
0.9820704600000001
0.99116765
0.9932259600000001
0.9867272800000001
0.99200553
0.70858379
0.99098012
0.9926429
0.9944355899999999
0.99486403
0.99417778
0.99501154
0.99250985
0.9916070100000001
0.99256949
0.99237685
0.99137813
0.99110361
0.99250985
0.99444019
0.99076066
0.9909069599999999
0.9922805499999999
0.98967397
0.98684064
0.99097097
0.9880711200000001
0.99050476
0.9898473099999999
0.9864236099999999
0.99316165
0.99378671
0.98460549
0.99130033
0.99451388
0.98671368
0.9923722600000001
0.9911081799999999
0.98548205
0.98425801
0.98760308
0.98783932
0.9853102300000001
0.99128203
0.9925282
0.9911768
0.9921201000000001
0.99244105
0.9917306600000001
0.99187724
0.9948594199999999
0.99173524
0.983109
0.99351085
0.99348787
0.99340974
0.9923722600000001
0.82759771
0.99304684
0.9925511400000001
0.99323515
0.98792112
0.99437573
0.9919505399999999
0.9919368
0.98688599
0.99333163
1.11244374
0.99378671
0.99460139
0.70915942
0.9907103899999999
0.99351085
0.99304684
0.99092525
0.98207944
0.9914788299999999
0.9938787000000001
0.9931708399999999
0.7072303200000001
0.99261996
0.98616541
0.94208539
0.98872165
0.99292287
0.9927071399999999
0.98359982
0.99263372
0.9947534299999999
0.98455583
0.9842715400000001
0.9928953199999999
0.99250985
0.98910874
0.99461982
0.98433921
0.99379131
0.9825512399999999
0.9934419099999999
0.99377292
0.9912591500000001
0.99573126
0.9897378299999999
0.99324893
0.99360739
0.8271450699999999
0.9938925000000001
0.9920559400000001
0.9760446399999999
0.99378671
0.8259711299999999
0.99311572
0.99024441
0.99196429
0.99235392
0.9962532500000001
0.98681343
0.99410874
0.9924364699999999
0.9928586
0.99550969
0.99315247
0.9933729800000001
0.99318462
0.99046364
0.9918634900000001
0.9954866199999999
0.98795748
0.98591187
0.99271632
0.99134609
0.99054588
0.9912134
0.9886442700000001
0.98836671
0.98487191
0.99338217
0.9928127000000001
0.99341894
0.9929136900000001
0.9858937600000001
0.99297796
0.99466128
0.6196821299999999
0.70879428
0.9855182299999999
0.989601
0.99036772
0.98147799
0.99187266
0.9933729800000001
0.99318462
0.99728497
0.9926933699999999
0.99124085
0.9935936
0.99236309
0.98028176
0.98974239
0.9918589099999999
0.9939799100000001
0.99377752
0.98765759
0.99331784
0.99464746
0.98816205
0.9898473099999999
0.9881711400000001
0.98679529
0.99053217
0.9901576599999999
0.99056872
0.9934143400000001
0.9882211599999999
0.9925511400000001
0.8273139500000001
0.99182226
0.9923814299999999
0.9908109500000001
0.99374073
0.9938373
0.9901804900000001
0.99223929
0.98767122
0.98896297
0.9851068399999999
0.98758037
0.99157039
0.99570817
0.99360739
0.99151545
0.99120425
0.99253738
0.99116765
0.98260969
0.9947718600000001
0.9869358800000001
0.99253279
0.9908155200000001
0.99257408
0.98947333
0.9911813700000001
0.98350072
0.99261537
0.99445401
0.99436191
0.9879438399999999
0.9911951000000001
0.9931938100000001
0.9923585
0.9912728799999999
0.8268648000000001
0.9909298200000001
0.9914101700000001
0.98938215
0.99297337
0.82198443
0.82663563
0.9928035199999999
0.98483577
0.98446556
0.99245023
0.9923585
0.98664114
0.9941731699999999
0.9923814299999999
0.9885396
0.9922668
0.9927484400000001
0.98098929
0.97870916
0.8274159600000001
0.9934511100000001
0.99539895
0.99406273
0.99347409
0.99557431
0.9941133499999999
0.9892864400000001
0.8282137199999999
0.9900800599999999
0.98995226
0.9857534699999999
0.9835637800000001
0.98475448
0.9946935299999999
0.99497005
0.99210177
0.98753496
0.9937039400000001
0.9917031799999999
0.8282201100000001
0.9830685
0.99163449
0.9926842
0.9862061599999999
0.99293664
0.99473039
0.99079723
0.9928127000000001
0.99190014
0.82654019
0.9904407999999999
0.9942238
0.9944908499999999
0.99348328
0.9944586099999999
0.98353675
0.98267264
0.9964658900000001
0.9889766400000001
0.99325812
0.9929045000000001
0.99185433
0.9922622099999999
0.992955
0.99601759
0.9933546
0.9936487700000001
0.98268613
0.98716272
0.70947571
0.99245481
0.98889466
0.99156581
0.9826546500000001
0.9908566600000001
0.9854006599999999
0.9935936
0.9908109500000001
0.98013412
0.99374533
0.99280811
0.99336839
0.9858123000000001
0.70835708
0.99512681
0.99282647
0.9925052700000001
0.9875712900000001
0.98848044
0.99292746
0.99216594
0.9932075899999999
0.99517292
0.99292287
0.99262455
0.9917673
0.9884531400000001
0.99410414
0.9824208900000001
0.99538972
0.99192305
0.99303765
0.98990207
0.9918864000000001
0.9904545
0.9926383099999999
0.98267264
0.9929136900000001
0.99197803
0.99591597
0.70895574
0.99307439
0.98969677
0.99031291
0.99325812
0.9921613600000001
0.9904362299999999
0.98089967
0.9853599599999999
0.9936165800000001
0.98468675
0.82791997
0.98897208
0.99279893
0.9929687800000001
0.99135982
0.99511297
0.9823669599999999
0.99271632
0.99092525
0.99459218
0.9927668
0.9935062600000001
0.98945053
0.99357061
0.9954866199999999
0.99154292
0.99433889
0.99322137
0.9914101700000001
0.99438493
0.98823936
0.99430666
0.99283106
0.9840821
0.9896602900000001
0.99297337
0.99306521
0.9923264
0.99256032
0.9924594
0.99000703
0.9922622099999999
0.99242729
0.9910258500000001
0.99591597
0.82683615
0.98940495
0.99298714
0.99329028
0.99119052
0.99053674
0.99158412
0.9913689800000001
0.9857037
0.99301469
0.98850319
0.99253738
0.99093896
0.9907423799999999
0.9929090899999999
0.9945829700000001
0.98990663
0.9911081799999999
0.989291
0.99195971
0.9929045000000001
0.9938005099999999
0.98745322
0.9938511
0.99083838
0.9935200500000001
0.98578514
0.9938373
0.98074288
0.70866797
0.98546848
0.99357981
0.99092067
0.98271761
0.9841677900000001
0.9921201000000001
0.99060528
0.9845422899999999
0.99246399
0.99280811
0.99344651
0.98966485
0.99318921
0.99254655
0.9874350599999999
0.99340515
0.99229431
0.9907652400000001
0.99356142
0.99164365
0.99610075
0.99192763
0.9950899200000001
0.9941501599999999
0.98941406
0.98949612
0.99268878
0.98656862
0.99373153
0.99236767
0.9845468099999999
0.98849409
0.82807959
0.9927346699999999
0.9947810800000001
0.9830639999999999
0.9942284100000001
0.99340055
0.99180394
0.99363497
0.99279893
0.99400291
0.70837577
0.9931203200000001
0.99441256
0.9942053900000001
0.9891953
0.9933729800000001
0.99223012
0.9912134
0.99369015
0.99413175
1.24636312
0.9918634900000001
0.9936579600000001
0.99100756
0.98717633
0.99496544
0.99293205
0.9914330499999999
0.9907058200000001
0.99311572
0.9884031
0.9934327199999999
0.99435731
0.98944597
0.98621522
0.9927346699999999
0.98176516
0.99552354
0.99363957
0.8275148
0.99268878
0.99244105
0.99353384
0.99198262
0.98692227
0.9855091899999999
0.98248381
0.9929045000000001
0.99211552
0.9951498599999999
0.98488546
0.99267043
0.98997508
0.9896694100000001
0.99302388
0.99466128
0.99300551
0.99335001
0.99174898
0.99362118
0.99571279
0.9896329199999999
0.98510232
0.99167112
0.983001
0.99376372
0.99404432
0.99328109
0.99558815
0.98323054
0.99274385
0.70897212
0.9844745899999999
0.98945965
0.99252362
0.99185433
0.98868979
0.99087038
0.99485481
0.9921476
0.9908018
0.98849409
0.98853505
0.98768939
0.99323515
0.9941455600000001
0.9945875700000001
0.99197345
0.9905001900000001
0.9921934400000001
0.99365336
0.9875894599999999
0.98053241
0.99152918
0.82612365
0.99129576
0.9941685699999999
0.9945645399999999
0.8276328
0.98859876
0.9929458200000001
0.9922255400000001
0.99321677
0.99284024
0.99235392
1.24773903
0.99273009
0.9941501599999999
0.98938671
0.99267043
0.99365336
0.9924364699999999
0.9916024400000001
0.98488997
0.9936027900000001
0.99281729
0.9920513599999999
0.9948455900000001
0.9915978599999999
0.99267961
0.9936165800000001
0.994735
0.99430206
0.98479964
0.98961468
0.99187724
0.9931478699999999
0.99073324
0.9912591500000001
0.99265666
0.99298714
0.9913323599999999
0.99421
0.9904453700000001
0.99246399
0.9929045000000001
0.99475804
0.99459678
0.99195971
0.9938648999999999
0.98438434
0.99377752
0.9893548099999999
0.9940213099999999
0.99222095
0.99164365
0.9927209100000001
0.9827940599999999
0.98363586
0.99297796
0.99323056
0.82703676
0.98898119
0.99114935
0.9916024400000001
0.9938695
0.9951590899999999
0.9927668
0.99247775
0.98426252
0.98734426
0.99537588
0.99382811
0.99279893
0.9858575500000001
0.98935025
0.98907229
0.9837395
0.9930009200000001
0.9905001900000001
0.9895098
0.9950484199999999
0.70657877
0.98378006
0.82776359
0.99340515
0.99051846
0.99349707
0.9917902
0.99244105
0.99288155
0.98427605
0.9942053900000001
0.99277598
0.9909618299999999
0.99398451
0.9880347500000001
0.82406624
0.99089324
0.9917398199999999
0.99032661
0.98621522
0.9912317
0.9939201
0.9938373
0.99010745
0.9889310899999999
0.9903220500000001
0.98750317
0.9863964199999999
0.98360883
0.99151545
0.99315706
0.98090863
0.9921934400000001
0.9907880900000001
0.9943112700000001
0.70973364
0.99210177
0.99298714
0.99377752
0.99129576
0.99283106
0.9938603
0.9941133499999999
0.9922347
0.99056415
0.98914974
0.99357521
0.9921521900000001
0.9977019699999999
0.99365336
0.98721717
0.99353384
0.9873397199999999
0.99178562
0.99500693
0.9860295600000001
0.99517753
0.9927346699999999
0.98940039
0.99255573
0.99183601
0.99191389
0.99351085
0.99366716
0.99369015
0.98516559
0.9872353300000001
0.9779692900000001
0.9917306600000001
0.99200095
0.99044994
0.9929045000000001
0.9835502599999999
0.99483638
0.98400545
0.99302388
0.99179936
0.99128203
0.9946658899999999
0.99300551
0.8201260499999999
0.99253279
0.98438434
0.9906372600000001
0.9889310899999999
0.9913049100000001
0.9905504399999999
0.99124085
0.98362234
0.99423301
0.9851927
0.9945276900000001
0.99556508
0.82946773
0.70869136
0.99304684
0.98994314
0.99321218
0.82845655
0.99297337
0.9845738900000001
0.7083968
0.99406273
0.9909069599999999
0.9902352799999999
0.99281729
0.9933408199999999
0.99462442
0.98314951
0.9838070999999999
0.99116765
0.99279893
0.99323056
0.99255573
0.98119995
0.7061744799999999
0.99338217
0.99201469
0.9904271
0.99283565
0.9932719
0.99320299
0.9914147400000001
0.70591217
0.98223666
0.99382811
0.9873397199999999
0.99321677
0.98654143
0.9918451699999999
0.9863148700000001
0.98746231
0.9941501599999999
0.9962532500000001
0.9926842
0.99149256
0.98660488
0.9932673099999999
0.99484099
0.9915886999999999
0.98141519
0.99100298
0.99089781
0.98931834
0.9911401999999999
0.99182226
0.9938925000000001
0.9820884200000001
0.9919872
0.9927025500000001
0.9881984300000001
0.98668648
0.9941133499999999
0.9857444200000001
0.9927530299999999
0.98443849
0.9927851599999999
0.99318921
0.9922347
0.98321253
0.9829335100000001
0.9853102300000001
0.99377292
0.9923401599999999
0.98987013
0.9922805499999999
0.8273490099999999
0.9939109
0.9909618299999999
0.9938971
0.98674995
0.9921063499999999
0.99224846
0.9944079600000001
0.9939707099999999
0.9844610500000001
0.99256032
0.99372693
0.99438033
0.9929687800000001
0.99335001
0.99230806
0.99195512
0.99188182
0.8257107100000001
0.98964204
0.98861696
0.9926842
0.99442638
0.9920421899999999
0.98712188
0.98315851
0.99128203
0.82359849
0.99550969
0.99497466
0.99109446
0.9934281300000001
0.98258271
0.98524694
0.9941133499999999
0.99115392
0.99346949
0.9946935299999999
0.9946428500000001
0.9928586
0.98923631
0.99103957
0.99133694
0.99267961
0.99119052
0.99267502
0.9922622099999999
0.99248233
0.9873124900000001
0.9891041800000001
0.9789099299999999
0.99047735
0.99377752
0.99252362
0.99201469
0.98502098
0.9910167
0.99415476
0.99119967
1.03833461
0.99124542
0.98404152
0.99285401
0.9874804699999999
0.9931478699999999
0.99325812
0.9931249099999999
0.9935062600000001
0.9931432800000001
0.9916070100000001
0.7083267
0.98270861
0.99277598
0.9905732899999999
0.99255573
0.97967804
0.99519137
0.9804205
0.9934143400000001
0.99254197
0.99331784
0.98502098
0.9939109
0.9914788299999999
0.9864507899999999
0.9875168
0.9817382299999999
0.98628769
0.98832122
0.99099841
0.98568108
0.99161159
0.98260969
0.9865504900000001
0.99279434
0.98773027
0.99124085
0.9943112700000001
0.98377104
0.98467772
0.98935025
0.98317652
0.98961468
0.9834872
0.99087952
0.99289991
0.99010288
0.98405505
0.99120425
0.99308817
0.9940581199999999
0.9924594
0.9919505399999999
0.99189098
0.9896329199999999
0.99278975
0.99331325
0.98562679
0.99211552
0.99171234
0.9899659599999999
0.99138728
0.9928035199999999
0.99119052
0.99083381
0.9895052400000001
0.9942007900000001
0.98859421
0.99354763
0.98025491
0.9944770300000001
1.2801232999999999
0.9928953199999999
0.9854458700000001
0.99087495
0.98894931
0.99277598
0.9915383400000001
0.99375452
0.99280811
0.99500693
0.99199636
0.99256032
0.98792112
0.9816754
0.9951498599999999
0.99301469
0.9903585800000001
0.99318462
0.99090238
0.9830774999999999
0.99356601
0.9913323599999999
0.99418698
0.9866094099999999
0.9937039400000001
0.99407193
0.98905407
0.9923905999999999
0.99516831
0.99337758
0.99293205
0.98626505
0.9951637
0.9842941000000001
0.98959644
0.99501615
0.99253279
0.99289073
0.99110361
0.99094354
0.9952421
0.98505261
0.99306521
0.99491934
0.9839107699999999
0.98858965
0.9885122900000001
0.98271761
0.98704021
0.98205249
0.99020789
0.9852333799999999
0.99528362
0.9922668
0.99594368
0.98590281
0.99212469
0.9923585
0.99220261
0.9925878400000001
0.9921201000000001
0.97866902
0.99302847
0.8215379
0.99162991
0.9906463999999999
0.99501154
0.98379358
0.99399831
0.99533436
0.8165337100000001
0.99289991
0.98613823
0.9929595999999999
0.9835727900000001
0.9938005099999999
0.9903905500000001
0.9944448
0.99206969
0.9935062600000001
0.98971502
0.9914650899999999
0.99349707
0.99349707
0.99060528
0.99328109
0.99426523
0.9877711600000001
0.98670008
0.99362578
0.99182684
0.98080111
0.99265666
0.9908886699999999
0.98767576
0.99289073
0.99339596
0.9897287
0.9942468200000001
0.9890085200000001
0.99631796
0.99550969
0.9949884900000001
0.98877173
0.99240895
0.99373153
0.9941731699999999
0.9877711600000001
0.99277139
0.99491934
0.9878347700000001
0.9839333100000001
0.990587
0.8271833
0.9866547400000001
0.9931295
0.70908683
0.99269796
0.9910258500000001
0.70939368
0.9822591199999999
0.9904545
0.98729887
0.9939615
0.9920880200000001
0.9925052700000001
0.99041339
0.97934296
0.99000247
0.99324434
0.98181902
0.99107159
0.9903220500000001
0.98223666
0.98971958
0.9943711199999999
0.99137355
0.70991899
0.98924543
0.99013027
0.98949156
0.99577743
0.82729483
0.82778274
0.9925282
0.98969677
0.9921063499999999
0.9838702
0.99302388
0.99372233
0.9859299699999999
0.9909298200000001
0.81876898
0.9906007099999999
0.9892682100000001
0.99362578
0.98366289
0.9934143400000001
0.99586979
0.98924543
0.99697477
0.9828480399999999
0.99022615
0.99243188
0.9828390400000001
0.99423301
0.9873397199999999
0.9830774999999999
0.99340055
0.98419937
0.99239519
0.9934143400000001
0.98606126
0.99309735
0.99667401
0.99278975
0.9934281300000001
0.9930101
0.99418238
0.9938648999999999
0.9926383099999999
0.98640548
0.99364417
0.9925511400000001
0.9907103899999999
0.98670461
0.99197345
0.98806657
0.9931019499999999
0.99324434
0.9907835199999999
0.99401211
0.99369934
0.9934786800000001
0.99357521
0.9926842
0.99161159
0.9922713799999999
0.99435731
0.7092226599999999
0.9915886999999999
0.99246399
0.98395585
0.98943686
0.99357061
0.98135689
0.99292287
0.99370854
0.99506225
0.9938511
0.98645532
0.99320299
0.98967397
0.99292746
0.9920926
0.99286778
0.98647345
0.99311572
0.9891224
0.99360739
0.99094354
0.99409954
0.98947789
0.99144221
0.982992
0.98221419
0.99044994
0.98985644
0.9854956199999999
0.9920742699999999
0.99438493
0.98814841
0.99625787
0.99087038
0.98441141
0.9839333100000001
0.9920926
0.9863782999999999
0.99002529
0.99435731
0.99229889
0.9902124499999999
0.98525598
0.99307898
0.9943665199999999
0.82054596
0.98677262
0.98812113
0.9931938100000001
0.9936027900000001
0.9922805499999999
0.9927071399999999
0.98775299
0.9923722600000001
0.99418698
0.99260619
0.99518676
0.98844859
0.98395134
0.99528362
0.98946421
0.9916940200000001
0.98614729
0.9958282199999999
0.98967397
0.99277598
0.9920559400000001
0.9805682299999999
0.98668648
0.98645986
0.9950899200000001
0.99430666
0.99349707
0.9921613600000001
0.9921613600000001
0.99241812
0.98829848
0.99179936
0.9931019499999999
0.82799977
0.9944954500000001
0.99125457
0.99329487
0.98563131
0.99184975
0.91594314
0.9936165800000001
0.99212927
0.98742598
0.98862606
0.98246134
0.82274654
0.99203761
0.9920650999999999
0.82543459
0.99198262
0.9948962899999999
0.99592983
0.99355222
0.98885368
0.99161159
0.99210177
0.98469578
0.99086581
0.9827355900000001
0.99487786
0.99048648
0.99607765
0.99092067
0.98892199
0.55089109
0.98436177
0.99242729
0.98926365
0.9972016100000001
0.99359819
0.9836944400000001
0.987594
0.99261078
0.98812113
0.9876167100000001
0.98968765
0.99278975
0.9836674
0.98972414
0.9939569
0.99250068
0.9938143100000001
0.98817569
0.99643353
0.82897143
0.99108531
0.98439336
0.99379131
0.97606238
0.99500232
0.99304225
0.99191847
0.9926842
0.8270717999999999
0.99073324
0.9910212799999999
0.99315706
0.9927209100000001
0.99337758
0.99189556
0.99322137
0.9926429
0.99050933
0.99151545
0.98346919
0.9916940200000001
0.99324893
0.99306061
0.9914330499999999
0.98477255
0.99523288
0.9920650999999999
0.99330866
0.70898383
0.98702207
0.9934373200000001
0.9930101
0.98670008
0.98518366
0.98428507
0.99194596
0.98920897
0.9934603
0.98728525
0.98446556
0.99162075
0.98827574
0.99398911
0.9826231799999999
0.99289991
0.99236309
0.98389725
0.99097097
0.9928586
0.98177413
0.98693134
0.99182226
0.99298255
0.98754858
0.98930923
0.99172608
0.9922438699999999
0.9935200500000001
0.99183601
0.9958559300000001
0.99181768
0.99230806
0.99111733
0.9934143400000001
0.99309276
0.70967969
0.9929182799999999
0.98674541
0.9840234800000001
0.98483577
0.9910167
0.9829155199999999
0.99330866
0.99074695
0.9948962899999999
0.9939661
0.98988838
0.98971046
0.98554537
0.99164365
0.99083381
0.9936165800000001
0.99271173
0.99221178
0.99346489
0.9945875700000001
0.9897697599999999
0.99230348
0.98890377
0.8272247199999999
0.99265666
0.9922805499999999
0.99300551
0.9928953199999999
0.99404432
0.98295151
0.99300551
0.99234933
0.99182226
0.98676355
0.9865097
0.99206969
0.99306521
0.98649158
0.99245023
0.99245481
0.9950484199999999
0.99108074
0.98856235
0.99140559
0.9917031799999999
0.99243188
0.99303306
0.8286579500000001
0.99445401
0.9148233
0.9916940200000001
0.9941455600000001
0.9829470100000001
0.55146686
0.9937499200000001
0.98263667
0.98282555
0.9944816400000001
0.99254197
0.9933408199999999
0.99131406
0.99373613
19.126145779999998
0.99186807
0.9902581100000001
0.99099384
0.9920742699999999
0.99099384
0.99411795
0.9897697599999999
0.98769847
0.9903905500000001
0.99067839
0.99315247
0.9843347
0.9898016900000001
0.99231723
0.992955
0.99340974
0.99428365
0.98426252
0.99189556
0.9845874299999999
0.99068753
0.99075609
0.9938695
0.9920513599999999
0.8274861
0.99134152
0.98482674
0.98768939
0.98760762
0.99220261
0.99403512
0.99240436
0.98533284
0.99305143
0.99256949
0.82837985
0.99352924
0.9904545
0.9901622299999999
0.9925649
0.99415476
0.9854187400000001
0.9930101
0.9880211099999999
0.99304225
0.9923401599999999
0.82261102
0.9843211700000001
0.9917902
0.99368095
0.9923722600000001
0.99332703
0.99342353
0.99197345
0.99182684
0.9906738199999999
0.98515203
0.99302847
0.99126373
0.99331784
0.9829065199999999
0.9814376199999999
0.99295041
0.9941685699999999
0.9818594199999999
0.9927668
0.8266833699999999
0.9925052700000001
0.99108988
0.9938557
0.99283565
0.99033575
0.99237685
0.99223012
0.99150171
0.99332703
0.98153182
0.98418132
0.9917673
0.9764884600000001
0.9751626299999999
0.98084143
0.99534359
0.99267502
0.9895326
0.98314051
0.99147425
0.9938648999999999
0.99191389
0.99094811
1.0994863
0.9852785900000001
0.9879302099999999
0.99355682
0.99438493
0.99217052
0.99285401
0.9835727900000001
0.98199411
0.99135525
0.98713549
0.9920742699999999
0.99177646
0.99463364
0.9933729800000001
0.98746231
0.98181902
0.98941862
0.82659427
0.98655502
0.8252601300000001
0.99261537
0.9955143099999999
0.9937821200000001
0.99060985
0.98962836
0.99192305
0.98907229
0.98959644
0.98350072
0.99132321
0.99303765
0.99332244
0.99028551
0.9906372600000001
0.9928127000000001
0.9917902
0.99229431
0.99473039
0.98362234
0.99211552
0.9930009200000001
0.9916802800000001
0.9939109
0.98984275
0.9938603
0.99355222
0.99428825
0.9935844
0.98410465
0.99324893
0.99437573
0.9865051699999999
0.99406273
0.82725659
0.9829829999999999
0.99164823
0.98410014
0.9844745899999999
0.9909663999999999
0.98376654
0.9912866
0.9908109500000001
0.99402592
0.99230348
0.9913049100000001
0.99356142
0.9927254999999999
0.99302388
0.9925282
0.99331325
0.9932259600000001
0.99256032
0.98708558
0.9926842
0.99318921
0.99442638
0.99122712
0.9929090899999999
0.9917535599999999
0.9940903400000001
0.99383271
0.9825287699999999
0.9824119
0.9932856800000001
0.99174898
0.9830774999999999
0.9942192
0.99229431
0.99430666
0.9835457599999999
0.99279434
0.9876439600000001
0.9855182299999999
0.98470933
0.99156123
0.99224846
1.24452125
0.99427904
0.98563131
0.9923264
0.99459218
0.9880074799999999
0.99753049
0.9929458200000001
0.99283106
0.9988296
0.9936027900000001
0.99304225
0.98920897
0.99476725
0.99298714
0.9906281199999999
0.9853599599999999
0.9838431599999999
0.9934327199999999
0.99571741
0.99106244
0.98810294
0.98011175
0.99165738
0.99292287
0.9923401599999999
0.98799384
0.9955143099999999
0.99415476
0.99245481
0.9947119600000001
0.99275762
0.9916756999999999
0.9934603
0.99140559
0.99268878
0.99296419
0.9931708399999999
0.99294123
0.9888673400000001
0.98920897
0.9880983999999999
0.99359819
0.9917902
0.9901531
0.99058243
0.99432968
0.99077438
0.9827221
0.98228159
0.9896694100000001
0.99305143
0.99265666
0.9935936
0.9938143100000001
0.99021702
0.9911584999999999
0.99162533
0.99084295
0.99426063
0.98563131
0.9900800599999999
0.98823481
0.99229431
0.99084295
0.99340974
0.98668194
0.99371314
0.98744414
0.98371246
0.99338217
0.99188182
0.99425603
0.99338217
0.9927346699999999
0.9913689800000001
0.9920330199999999
0.99378671
0.99400751
0.9893456899999999
0.9903951200000001
0.98930923
0.9920513599999999
0.9929182799999999
0.9922530399999999
0.99457836
0.99469814
0.98952804
0.9911127500000001
0.99247316
0.9921521900000001
0.99249609
0.99162533
0.99162991
0.99432048
0.8219687
0.98311351
0.9892955600000001
0.98220072
0.9917902
0.99436191
0.99128203
0.9874078199999999
0.98484932
0.99279434
0.99416397
0.9933362200000001
0.99363497
0.99094811
0.99432048
0.99335001
0.9945369
0.9932075899999999
0.99263372
0.99368095
0.98042945
0.9948962899999999
0.99271632
0.99241353
0.71069665
0.99302388
0.98163052
0.9881938800000001
0.99500232
0.99219803
0.71360382
0.99289073
0.99234933
0.99496544
0.9912591500000001
0.9938051099999999
0.9896694100000001
0.9927254999999999
0.9840009399999999
0.99368095
0.98337912
0.9815228500000001
0.9917535599999999
0.98931834
0.99324893
0.99105329
0.9865097
0.9924594
0.9931019499999999
0.9931203200000001
0.99429746
0.99296419
0.70421999
0.99382811
0.98987013
0.98491256
0.98216029
0.99249609
0.99268878
0.9965583800000001
0.98425801
0.98044736
0.99293205
0.9948732499999999
0.82568849
0.98862606
0.99413175
0.9932994700000001
0.98977432
0.98886279
0.99331325
0.9875758299999999
0.9934143400000001
0.9922438699999999
0.98647798
0.9942284100000001
0.99543125
0.98794839
0.99104872
0.9856222699999999
0.7097266000000001
0.9865368999999999
0.99322137
0.9934327199999999
0.99304684
0.9939247
0.99293664
0.98810749
0.98963748
0.99279893
0.98787113
0.99301469
0.99292746
0.9947949
0.98107444
0.9911951000000001
0.9925878400000001
0.9877984200000001
0.98656862
0.9938419000000001
0.9941501599999999
0.9829785
0.9939569
0.9944309800000001
0.9920513599999999
0.9944448
0.99308358
0.99305143
0.9908520900000001
0.9819716599999999
0.99240895
0.99304225
0.99168486
0.9923585
0.8275435
0.99253279
0.99553277
0.98555894
0.99113563
0.99318003
0.99114935
0.99162075
0.7060073199999999
0.99593906
0.99206052
0.99361199
0.98377104
0.99242729
0.99349707
0.99318921
0.9930698
0.99311572
0.99591135
0.99283565
0.99304225
0.99199636
0.99267043
0.9934603
0.99061442
0.9811103
0.99129118
0.9934556999999999
0.7082379299999999
0.98979713
0.99020332
0.99128203
0.7073491199999999
0.9869721699999999
0.99256032
0.9934143400000001
0.99298255
0.97903042
0.9917398199999999
0.9931341
0.9876167100000001
0.98821207
0.98845769
0.99234475
0.9906738199999999
0.99369934
0.98646439
0.99141932
0.99199178
0.9875894599999999
0.9814376199999999
0.99249151
0.9847815799999999
0.9927071399999999
0.8233679700000001
0.9830865
0.9930698
0.99250985
0.99168486
0.98965116
0.9941685699999999
0.99047735
0.99124085
0.9920559400000001
0.99369474
0.99307439
0.9878211400000001
0.9936625600000001
0.98997052
0.99502537
0.99435731
0.98373499
0.9810072099999999
0.82692848
0.9835142299999999
0.9930009200000001
0.7085720999999999
0.99568509
0.98577609
0.61636152
0.98700846
0.992955
0.99202844
0.9938603
0.9941271500000001
0.9880347500000001
0.98626505
0.98246584
0.99325812
0.9952743900000001
0.98964204
0.9938465
0.99000247
0.9907241
0.99516831
0.99315247
0.8275913300000001
0.99230806
0.9941685699999999
0.99277139
0.98951892
0.98134792
0.98837581
0.99060528
0.99277598
0.98930923
0.9931295
0.98772119
0.9937177300000001
0.99419158
0.9923814299999999
0.99124085
0.9947534299999999
0.9920467700000001
0.9871082699999999
0.9933867700000001
0.9934786800000001
0.70297055
0.99300551
0.9934556999999999
0.98674541
0.99303765
0.99086581
0.99263372
0.9911584999999999
0.98945509
0.9965722499999999
0.9959667799999999
0.99228514
0.9951452500000001
0.9936487700000001
0.99300551
0.81796437
0.99451848
0.98775299
0.99046364
0.9906372600000001
0.9880302000000001
0.9940581199999999
0.99305143
0.99118595
0.99132779
0.99349707
0.98634205
0.99134609
0.9922438699999999
0.9891679600000001
0.99295041
0.99201011
0.9896557300000001
0.99083381
0.99356601
0.9903905500000001
0.99470274
0.99180394
0.9933408199999999
0.99468892
0.99107616
0.9930009200000001
0.99110361
0.99361199
0.99370854
0.99375452
0.99029465
0.9918864000000001
0.99082009
0.99164823
0.9930560199999999
0.99119052
0.98948701
0.99190931
0.9923814299999999
0.99377292
0.98907229
0.98825755
0.9844069000000001
0.9929595999999999
0.9920650999999999
0.99119052
0.99316165
0.99271173
0.9915383400000001
0.99418238
0.9948455900000001
0.99222095
0.9899842099999999
0.9921476
0.99082009
0.8271578100000001
0.99318003
0.9943434999999999
0.9939063
0.9945645399999999
0.99258325
0.9855318
0.9938879
0.98384766
0.99100298
0.9904819100000001
0.99034945
0.99295041
0.99213844
0.9942928499999999
0.82840861
0.9950207600000001
0.99298255
0.99336379
0.9944494
0.99759074
0.9930698
0.99347409
0.9917031799999999
0.98797111
0.82569801
0.9902626800000001
0.99278975
0.99277598
0.9934419099999999
0.99044994
0.9898609999999999
0.9928769599999999
0.99079266
0.9932765
0.98959644
0.9883075800000001
0.9847228800000001
0.9942053900000001
0.9933546
0.9874078199999999
0.99412255
0.9925878400000001
0.9922438699999999
0.99399831
0.99155207
0.9905504399999999
0.9920238600000001
0.99493317
0.99344651
0.9934511100000001
0.8244743699999999
0.98791657
0.9878166
0.9906372600000001
0.99221637
0.98965116
0.99300551
0.9914696700000001
0.99323056
0.9930101
0.99211094
0.99323974
0.99347409
0.98997965
0.98491256
0.99036772
0.99340055
0.99302388
0.9926933699999999
0.99441256
0.99517292
0.99056415
0.99129576
0.99501615
0.99336839
0.99156123
0.98873075
0.9835232399999999
0.98360432
0.9927071399999999
0.98827574
0.9888445699999999
0.9929045000000001
0.99098927
0.9845422899999999
0.9877348100000001
0.98647798
0.99265666
0.9868179600000001
0.99362118
0.99355222
0.993589
0.9944770300000001
0.98208393
0.9920421899999999
0.9907241
0.9963873
0.82369958
0.9939109
0.99201928
0.99268878
0.99108074
0.9891634100000001
0.99355682
0.9933408199999999
0.99029465
0.99425603
0.99552354
0.99293205
0.98748501
0.99302847
0.98816205
0.9917031799999999
0.99087038
0.9904088299999999
0.9964612700000001
0.99286778
0.98266364
0.9917444000000001
0.99278975
0.98832122
0.99297337
0.9838656899999999
0.99184975
0.99356142
0.98482674
0.99189556
0.99333163
0.9917215
0.99194596
0.99366716
0.9945691499999999
0.99145594
0.9928723700000001
0.9929458200000001
0.70854873
0.9923264
0.99310654
0.9954727800000001
0.9939799100000001
0.9916894399999999
0.99248233
0.99223929
0.98940039
0.9914239
0.99191847
0.99496083
0.99301929
0.99277598
0.99374533
0.99362578
0.99528823
0.99323974
0.99084752
0.98214681
0.98955996
0.9954266300000001
0.99303765
0.99348787
0.61904977
0.99265666
0.9875258800000001
0.99480873
0.99447243
0.99364417
0.9941271500000001
0.99285401
0.99116307
0.9931019499999999
0.99340515
0.98382963
0.99282188
0.99294123
0.9917398199999999
0.99469814
0.99413175
0.99344651
0.9860839
0.8262953000000001
0.9932765
0.9914834
0.99002072
0.98741236
0.98921353
0.9920971900000001
0.99001159
0.9926658399999999
0.99324434
0.9900526700000001
0.9907149599999999
0.99084752
0.99427444
0.9921063499999999
0.99293205
0.99215677
0.99244105
0.9947396000000001
0.9956666300000001
0.9946520700000001
1.00350641
0.99354763
0.99414096
0.97460943
0.99302847
0.99097097
0.99323515
0.99357981
0.99089324
0.99093896
0.9890814
0.99092525
0.98359081
