15.166667
15.1
5.066667
5.066667
15.1
15.033333
15.0
20.033333
5.0
5.166667
162.0
10.133333
5.133333
110.1
5.033333
15.066667
17.433333
14.733333
107.733333
141.933333
26.833333
55.866667
268.433333
147.066667
15.033333
5.033333
9.7
147.1
157.166667
155.566667
5.033333
5.266667
20.033333
137.1
10.033333
10.033333
15.2
137.166667
147.0
5.033333
13.133333
25.033333
20.133333
5.166667
41.633333
152.166667
146.933333
160.566667
7.533333
5.033333
5.066667
10.1
140.9
137.1
10.233333
137.066667
10.033333
137.0
22.1
10.066667
139.266667
228.466667
5.066667
15.866667
141.966667
10.033333
142.133333
821.833333
47.5
822.0
147.033333
5.0
230.033333
69.766667
157.266667
15.066667
29.266667
18.633333
137.033333
142.166667
8.366667
292.533333
142.166667
5.166667
142.1
5.066667
5.066667
5.066667
10.033333
279.066667
10.0
137.0
274.033333
147.066667
14.7
27.5
5.1
142.066667
279.233333
20.133333
5.066667
284.233333
5.1
553.2
5.066667
548.333333
18.833333
194.566667
5.0
568.366667
5.033333
10.1
33.866667
5.1
295.633333
25.033333
5.1
125.2
14.133333
5.0
700.2
19.433333
5.4
142.5
399.5
411.033333
136.933333
137.0
32.6
7.5
48.9
84.466667
137.066667
17.2
35.866667
156.966667
142.066667
162.066667
17.166667
5.866667
5.066667
147.1
136.966667
142.233333
142.166667
24.1
137.1
548.333333
7.1
5.066667
287.0
147.0
15.5
10.033333
146.9
5.1
5.0
568.333333
141.933333
284.1
279.033333
5.4
147.0
263.2
20.433333
346.566667
406.666667
137.133333
136.933333
35.966667
15.0
274.1
137.0
274.033333
10.133333
5.033333
5.0
5.066667
20.066667
10.066667
20.033333
38.433333
28.833333
133.433333
15.066667
5.0
15.133333
136.933333
155.933333
5.0
5.0
238.633333
5.033333
5.0
137.066667
10.033333
137.0
15.1
142.033333
6.7
15.066667
77.033333
162.066667
155.766667
137.066667
5.1
5.0
282.4
146.966667
5.1
5.066667
136.933333
20.066667
5.033333
32.466667
5.1
125.833333
136.966667
10.033333
10.133333
5.033333
129.566667
216.6
5.066667
5.0
137.133333
149.866667
97.8
5.066667
274.2
5.1
152.0
147.133333
152.0
157.0
245.066667
324.1
84.866667
5.033333
151.9
5.0
137.0
5.0
5.0
5.033333
274.066667
8.7
57.633333
137.033333
5.0
273.766667
141.966667
5.033333
307.5
56.766667
23.566667
67.233333
159.633333
5.033333
137.033333
279.166667
5.033333
10.1
240.1
15.066667
162.066667
162.166667
113.6
10.066667
16.433333
162.633333
10.0
5.033333
217.7
142.033333
5.033333
13.833333
137.166667
21.166667
5.066667
283.833333
10.033333
197.766667
42.466667
283.966667
20.1
130.866667
165.533333
147.166667
5.066667
7.533333
152.1
6.266667
242.933333
136.866667
157.1
202.133333
25.1
158.766667
23.133333
6.2
15.0
9.2
273.966667
5.033333
31.433333
144.233333
142.1
136.9
5.1
30.066667
5.0
137.0
6.566667
5.133333
5.0
16.8
135.933333
144.4
553.3
8.8
137.033333
200.633333
15.066667
5.233333
176.7
20.166667
15.0
147.0
20.0
14.833333
137.033333
548.333333
5.033333
25.033333
5.0
5.2
10.033333
5.066667
25.066667
5.133333
8.133333
20.1
134.7
163.233333
5.1
208.9
20.133333
15.266667
236.9
274.033333
5.0
703.833333
284.233333
10.066667
14.166667
55.566667
10.066667
284.133333
21.233333
122.766667
168.733333
10.033333
136.966667
10.0
152.0
10.033333
162.066667
137.066667
5.1
78.266667
137.066667
10.033333
10.066667
147.0
10.066667
142.066667
5.0
8.8
141.9
154.0
152.1
157.333333
137.066667
5.0
5.0
273.766667
11.666667
137.166667
30.233333
137.1
141.966667
142.166667
157.1
156.133333
5.033333
137.033333
124.7
5.0
5.033333
25.033333
5.033333
30.2
5.166667
5.066667
25.5
147.0
15.133333
162.033333
5.2
150.4
136.833333
157.033333
147.1
150.7
20.566667
217.1
548.566667
436.0
18.666667
148.9
20.466667
142.033333
5.1
151.966667
154.666667
5.0
137.2
64.466667
142.2
136.966667
190.5
152.066667
109.533333
30.066667
6.966667
416.133333
152.0
5.033333
10.0
5.033333
137.1
5.0
5.266667
162.0
12.633333
10.066667
70.866667
20.1
223.033333
5.766667
5.033333
142.066667
279.166667
152.033333
162.033333
17.166667
25.166667
136.8
5.2
137.2
553.133333
142.066667
5.033333
136.933333
167.366667
152.133333
5.1
142.0
279.1
152.033333
152.233333
137.1
137.133333
15.033333
17.166667
137.166667
67.333333
5.066667
5.0
147.066667
200.033333
174.5
276.2
151.233333
182.633333
5.033333
17.466667
572.666667
5.0
568.2
123.6
10.033333
10.0
25.1
5.066667
5.033333
5.033333
10.033333
5.066667
90.733333
5.033333
6.833333
30.133333
274.0
20.066667
31.633333
37.966667
15.066667
25.1
152.033333
152.066667
27.166667
5.033333
160.4
147.2
5.066667
279.033333
13.133333
685.233333
158.1
137.133333
147.1
137.166667
137.0
5.0
160.8
90.0
137.0
15.133333
137.0
147.1
5.033333
84.9
136.933333
10.033333
17.1
282.466667
20.233333
5.066667
136.966667
8.066667
212.666667
162.033333
156.066667
395.666667
5.0
27.8
5.066667
137.033333
408.133333
136.933333
147.0
10.1
5.0
5.033333
283.8
157.066667
137.033333
153.3
147.166667
5.033333
152.066667
223.833333
25.166667
416.1
11.6
212.533333
5.033333
20.066667
5.033333
141.866667
155.633333
5.1
183.566667
5.066667
206.566667
142.0
238.466667
23.9
142.1
5.033333
15.0
10.1
15.066667
10.1
5.066667
142.066667
5.133333
21.866667
5.066667
37.233333
147.166667
152.033333
147.0
10.066667
162.1
279.0
5.033333
142.0
10.0
152.0
142.066667
10.2
278.966667
137.0
294.1
563.266667
10.0
42.2
25.033333
5.133333
5.066667
91.966667
30.2
137.133333
146.966667
153.0
15.0
15.066667
448.866667
25.133333
142.0
147.0
155.966667
10.0
142.2
20.0
284.1
5.0
5.1
37.633333
136.933333
10.033333
5.066667
5.066667
146.966667
6.766667
5.0
136.933333
24.833333
137.066667
10.033333
563.133333
142.1
162.033333
10.066667
5.1
147.166667
31.233333
553.266667
15.033333
10.033333
5.166667
31.133333
147.066667
6.566667
136.333333
10.033333
5.033333
5.1
147.266667
10.0
30.166667
5.0
146.966667
15.033333
5.0
5.133333
7.033333
15.066667
42.0
5.033333
142.066667
5.0
26.933333
15.066667
146.8
5.366667
10.1
15.1
273.933333
152.066667
15.033333
30.1
165.2
6.966667
5.033333
5.1
20.166667
26.3
10.066667
147.066667
152.133333
5.0
279.066667
128.766667
5.033333
284.066667
137.0
98.366667
5.066667
416.066667
5.033333
5.066667
7.833333
42.533333
162.0
142.233333
152.1
151.533333
153.266667
137.133333
137.033333
142.133333
18.466667
151.9
10.066667
52.833333
10.1
137.033333
5.033333
137.066667
5.1
20.166667
137.066667
152.133333
23.033333
151.133333
137.1
5.066667
100.933333
17.566667
137.333333
274.2
137.033333
16.366667
145.1
21.233333
15.033333
279.066667
5.0
147.033333
279.066667
25.0
5.033333
21.333333
279.033333
5.033333
5.066667
284.133333
10.1
5.166667
5.1
5.033333
10.133333
10.066667
206.2
553.4
15.133333
5.033333
5.033333
5.033333
10.033333
152.1
269.033333
15.0
20.033333
289.033333
558.3
21.7
298.333333
157.133333
142.033333
558.2
5.066667
5.2
10.066667
162.366667
5.0
278.9
142.166667
5.166667
152.066667
15.266667
25.1
5.133333
10.0
20.033333
20.266667
225.933333
54.7
279.166667
24.133333
283.966667
299.233333
5.033333
147.366667
10.3
147.1
162.033333
5.066667
20.066667
5.033333
149.166667
5.0
10.1
25.1
218.533333
36.066667
354.733333
190.933333
5.066667
415.866667
97.833333
11.933333
5.133333
5.133333
10.033333
51.733333
10.866667
150.7
5.066667
152.466667
553.3
25.066667
10.466667
142.366667
137.0
11.433333
30.066667
7.3
86.0
153.833333
108.533333
5.033333
147.033333
5.1
548.166667
137.0
10.033333
278.833333
137.033333
273.866667
136.966667
31.533333
5.1
136.9
137.133333
13.433333
5.1
137.166667
15.066667
142.066667
5.0
152.133333
137.0
148.1
107.933333
30.0
23.133333
48.566667
20.0
279.033333
145.066667
147.066667
5.033333
156.5
5.133333
137.033333
5.2
10.033333
137.0
15.1
151.933333
151.9
15.0
136.966667
5.033333
279.033333
31.733333
142.033333
146.9
10.1
5.033333
93.4
20.033333
273.966667
5.033333
5.3
10.033333
410.9
22.433333
20.0
5.033333
424.766667
13.6
106.966667
15.133333
30.8
12.866667
244.333333
152.0
274.0
150.2
10.0
5.0
137.0
29.733333
261.1
274.033333
12.533333
142.0
5.066667
274.0
5.3
15.0
137.066667
5.2
146.733333
6.7
142.033333
137.033333
141.966667
5.166667
10.033333
5.1
147.133333
283.9
147.0
5.033333
33.9
15.0
153.733333
35.666667
553.166667
137.133333
147.033333
554.166667
136.933333
15.066667
114.666667
10.2
5.033333
283.933333
166.5
553.033333
5.066667
37.666667
10.133333
170.166667
5.166667
10.0
10.0
15.1
5.033333
8.3
8.266667
5.066667
157.033333
10.066667
20.1
30.066667
38.733333
5.0
30.0
17.366667
147.066667
284.166667
5.0
137.033333
136.933333
5.033333
5.066667
10.1
10.166667
55.9
20.1
63.466667
5.033333
152.033333
103.466667
107.066667
5.266667
137.1
137.066667
55.566667
5.133333
157.633333
5.133333
12.366667
13.566667
21.6
5.166667
426.033333
23.566667
137.033333
10.0
151.133333
15.766667
147.066667
157.033333
5.0
15.066667
15.166667
705.3
157.133333
136.966667
22.433333
6.333333
32.9
107.5
42.8
273.966667
5.1
416.3
149.833333
342.333333
5.033333
5.0
20.0
137.033333
116.4
247.166667
147.1
5.0
5.166667
182.466667
157.8
20.0
137.033333
5.033333
5.0
5.033333
553.166667
106.9
20.0
145.6
123.566667
245.3
23.2
5.1
583.033333
10.0
141.966667
5.0
5.066667
142.066667
141.166667
136.866667
11.866667
6.533333
179.3
137.066667
130.466667
90.533333
5.0
137.066667
14.6
147.033333
294.0
136.933333
15.133333
6.4
142.0
5.233333
5.1
284.033333
5.066667
137.1
37.6
15.033333
301.433333
142.033333
426.0
279.2
6.3
5.066667
5.1
137.066667
25.233333
289.166667
305.0
5.033333
10.033333
25.066667
10.0
29.533333
416.0
411.066667
137.1
147.2
97.4
157.033333
259.333333
105.033333
10.1
268.833333
10.066667
10.0
10.033333
263.5
284.033333
289.7
15.2
5.033333
421.1
5.066667
183.566667
18.3
278.933333
5.0
416.1
242.2
142.066667
142.066667
405.833333
152.166667
288.966667
147.133333
293.7
295.566667
15.3
23.7
5.066667
5.066667
24.066667
15.066667
5.066667
560.833333
105.833333
142.033333
24.566667
5.133333
160.333333
5.0
81.8
137.1
75.033333
16.133333
32.933333
20.066667
15.1
25.1
20.033333
10.066667
150.766667
137.033333
154.033333
5.1
15.1
5.166667
15.0
15.0
284.0
398.333333
5.033333
289.133333
137.033333
5.266667
147.466667
558.133333
137.066667
5.066667
10.0
10.166667
146.933333
145.166667
137.066667
5.066667
147.033333
284.0
284.033333
15.1
279.133333
20.166667
5.066667
284.566667
5.033333
141.966667
289.7
15.166667
568.3
137.0
5.0
10.133333
15.0
5.1
16.0
147.033333
274.033333
137.033333
5.1
28.233333
426.066667
5.0
5.033333
10.033333
290.0
137.1
137.133333
10.066667
5.1
15.033333
9.933333
10.066667
273.866667
176.533333
207.5
375.633333
5.133333
398.0
5.133333
5.1
137.0
5.133333
15.166667
152.166667
5.033333
431.1
10.0
15.033333
5.033333
17.566667
5.133333
5.033333
152.0
5.033333
18.333333
152.666667
10.133333
306.3
15.033333
142.2
411.133333
5.0
415.966667
152.133333
162.1
20.066667
5.1
117.133333
202.5
144.233333
5.133333
15.066667
418.766667
5.066667
5.1
10.033333
291.566667
5.0
5.133333
5.033333
21.6
274.0
137.033333
156.233333
16.6
5.2
157.2
5.033333
147.066667
10.133333
85.633333
5.033333
30.033333
5.033333
38.466667
137.166667
10.0
278.966667
137.166667
5.033333
67.766667
10.0
20.066667
147.133333
152.366667
21.2
5.1
5.2
15.033333
278.9
5.1
154.8
9.6
157.666667
5.133333
278.966667
30.1
416.1
137.1
5.066667
137.033333
10.066667
10.033333
15.133333
162.166667
76.733333
16.066667
20.1
136.966667
20.666667
279.266667
137.1
15.066667
548.266667
279.033333
363.166667
89.566667
5.1
16.4
137.133333
294.066667
10.166667
222.0
233.1
278.8
30.433333
20.166667
6.3
278.933333
679.833333
409.5
435.9
15.166667
418.733333
137.1
15.133333
5.066667
5.066667
28.533333
10.033333
136.966667
137.066667
152.266667
10.033333
25.033333
16.0
141.9
20.0
5.033333
146.866667
5.066667
5.066667
274.0
5.033333
5.333333
17.933333
152.066667
15.066667
10.066667
29.266667
573.4
147.033333
20.066667
152.033333
5.033333
136.933333
192.7
31.733333
5.066667
26.533333
10.0
147.2
137.2
5.033333
5.1
20.6
18.5
279.0
141.966667
284.133333
5.066667
21.566667
157.1
5.133333
5.0
5.033333
157.066667
5.0
10.1
15.066667
102.533333
146.966667
25.066667
10.033333
30.233333
272.4
5.033333
10.033333
137.066667
122.166667
137.066667
153.5
38.466667
273.4
137.0
10.1
25.1
23.466667
112.4
5.1
15.033333
15.966667
156.966667
20.1
20.066667
15.033333
553.233333
5.066667
152.033333
5.033333
5.066667
27.1
18.033333
5.0
152.133333
74.266667
31.533333
161.966667
5.1
318.1
20.033333
147.233333
293.666667
299.1
5.1
700.066667
142.066667
154.133333
136.9
10.066667
16.466667
137.033333
528.9
145.3
5.066667
630.766667
283.933333
5.1
15.066667
558.666667
24.966667
5.066667
5.066667
5.0
10.066667
45.133333
69.3
154.733333
14.666667
5.133333
314.966667
164.2
136.966667
6.833333
5.166667
5.1
15.066667
155.566667
278.833333
20.066667
147.133333
137.1
142.1
140.0
5.066667
162.966667
278.933333
17.033333
284.1
315.2
163.933333
279.033333
5.066667
147.133333
162.1
5.066667
411.133333
137.0
9.666667
273.933333
5.033333
18.4
137.066667
157.2
137.0
5.133333
147.066667
289.333333
136.833333
12.733333
10.066667
227.3
5.066667
25.033333
279.166667
15.066667
5.0
424.766667
164.666667
5.033333
147.133333
329.8
10.066667
5.3
137.1
426.2
284.166667
10.1
147.066667
147.133333
15.1
137.066667
417.9
411.2
5.2
147.0
5.1
147.066667
15.1
16.833333
5.066667
142.033333
113.966667
5.033333
5.066667
15.0
273.966667
5.1
25.066667
142.066667
10.0
329.8
5.066667
416.233333
170.133333
10.033333
162.033333
5.066667
284.0
15.133333
5.033333
25.9
284.1
147.133333
5.1
10.066667
284.2
5.066667
137.066667
553.066667
25.533333
25.9
10.1
5.066667
10.066667
10.066667
147.166667
25.166667
10.1
26.033333
10.033333
142.033333
15.033333
10.0
137.0
20.133333
25.166667
30.0
5.0
15.033333
15.1
279.033333
5.033333
5.0
24.133333
128.466667
147.0
105.366667
49.6
146.933333
5.1
141.966667
10.033333
5.0
5.033333
9.0
10.033333
6.866667
152.933333
221.2
279.166667
147.0
5.033333
289.133333
10.033333
137.1
5.066667
5.066667
285.4
15.033333
20.0
5.066667
411.133333
5.2
152.1
5.066667
147.1
6.333333
124.133333
10.033333
256.3
10.3
273.833333
10.066667
10.033333
62.3
270.3
136.966667
173.2
5.0
136.833333
137.0
78.5
34.266667
5.133333
15.0
279.133333
20.066667
15.166667
27.933333
282.8
28.066667
6.4
10.066667
142.0
5.066667
6.7
274.066667
5.166667
148.733333
152.2
136.866667
5.033333
5.0
30.133333
25.166667
35.766667
10.2
5.033333
136.933333
29.166667
73.233333
163.033333
219.266667
17.266667
5.1
154.5
273.5
15.166667
142.133333
10.066667
42.833333
5.066667
557.7
5.066667
520.7
700.3
10.0
214.666667
21.766667
47.933333
8.033333
121.033333
141.9
20.1
278.9
142.0
23.7
147.466667
8.866667
146.966667
279.0
20.166667
5.066667
5.033333
15.166667
410.733333
137.033333
137.1
158.466667
5.066667
209.2
151.866667
142.133333
5.2
25.066667
5.0
259.066667
10.033333
20.2
144.533333
5.0
548.1
180.466667
283.933333
273.8
15.033333
137.0
420.866667
5.0
5.0
10.1
234.466667
219.566667
553.1
5.066667
10.033333
143.0
30.166667
235.7
553.433333
48.666667
152.1
279.133333
293.0
136.966667
426.1
568.233333
548.233333
416.033333
411.066667
15.133333
294.2
142.066667
26.5
426.1
142.1
10.066667
146.933333
404.166667
15.033333
142.633333
20.1
23.6
147.166667
15.166667
142.0
137.033333
147.1
217.533333
421.133333
15.2
152.033333
147.033333
137.133333
137.0
273.366667
147.033333
137.0
142.033333
18.966667
137.066667
10.0
389.1
132.266667
283.966667
419.5
283.9
20.0
273.933333
6.8
155.4
142.066667
279.166667
144.066667
5.2
137.033333
17.9
136.8
5.0
137.066667
15.066667
548.333333
137.033333
25.033333
17.966667
238.5
190.933333
137.0
277.4
289.6
5.0
283.933333
410.9
137.233333
10.0
137.033333
137.166667
5.033333
12.933333
685.033333
136.966667
274.1
137.1
152.033333
137.066667
125.266667
399.2
278.966667
309.333333
10.066667
147.1
20.066667
15.033333
5.0
5.066667
142.233333
15.066667
137.0
10.1
142.0
137.0
214.133333
137.1
10.033333
15.033333
5.066667
15.066667
5.033333
10.133333
142.033333
336.133333
5.0
60.966667
316.8
5.133333
137.066667
137.233333
137.133333
138.3
5.1
297.866667
10.133333
21.033333
136.966667
20.066667
5.066667
164.733333
137.0
157.2
299.133333
685.466667
274.066667
10.066667
142.266667
147.0
152.0
10.166667
273.9
137.133333
5.0
151.866667
149.466667
136.966667
241.6
147.0
152.033333
137.0
152.1
5.0
283.766667
162.766667
5.066667
146.733333
5.033333
137.033333
174.866667
5.066667
147.033333
13.933333
15.4
136.933333
98.633333
282.833333
242.8
420.933333
5.033333
164.2
5.066667
151.566667
137.1
147.5
105.733333
142.2
251.6
5.066667
101.133333
162.133333
22.566667
5.0
278.966667
5.066667
5.033333
141.833333
8.4
296.733333
5.133333
25.4
10.466667
10.766667
84.666667
235.966667
157.166667
20.066667
15.133333
357.133333
127.933333
153.2
9.533333
132.0
80.9
342.466667
250.7
36.666667
5.033333
279.0
32.033333
147.133333
139.5
233.2
162.7
137.133333
5.166667
284.033333
15.033333
188.2
5.066667
27.1
10.0
103.1
10.033333
16.433333
5.766667
87.2
18.133333
15.133333
5.066667
14.366667
64.233333
279.1
15.133333
10.066667
30.866667
137.033333
5.066667
274.0
274.033333
5.366667
213.666667
137.066667
10.0
50.666667
20.233333
147.033333
30.266667
284.7
8.6
72.7
157.066667
137.2
270.9
137.033333
147.133333
96.266667
279.133333
15.033333
224.466667
5.0
136.966667
141.933333
410.933333
280.333333
146.866667
137.033333
20.033333
136.933333
222.633333
200.2
5.0
15.0
35.0
147.133333
18.8
386.833333
279.066667
20.1
230.8
279.1
137.0
230.833333
283.7
5.066667
5.033333
269.266667
100.266667
5.0
147.133333
40.066667
284.166667
294.033333
144.866667
5.1
5.033333
141.966667
147.066667
284.033333
325.433333
8.066667
137.1
137.0
284.0
5.033333
15.066667
137.166667
20.133333
15.033333
15.1
137.1
10.533333
281.9
142.033333
152.133333
142.066667
151.3
5.033333
15.133333
5.033333
137.0
5.066667
339.4
5.1
5.0
152.733333
152.066667
294.033333
273.966667
27.733333
6.233333
10.1
85.266667
273.966667
289.1
155.533333
336.333333
284.266667
274.133333
265.733333
10.066667
100.1
43.3
193.9
5.033333
137.0
279.1
115.6
65.8
10.033333
10.066667
5.066667
23.3
10.066667
5.033333
15.0
15.066667
23.633333
556.833333
152.033333
21.633333
5.0
147.033333
46.5
174.333333
5.1
142.033333
21.133333
152.066667
15.133333
10.033333
147.133333
14.133333
146.966667
15.333333
270.533333
6.233333
164.233333
141.933333
5.066667
147.133333
416.0
167.133333
137.1
142.133333
147.1
142.1
5.0
147.7
10.1
8.033333
283.966667
142.033333
137.0
5.1
15.1
5.0
20.1
16.233333
164.133333
10.066667
10.0
10.333333
23.266667
16.366667
382.666667
553.3
5.033333
164.533333
25.1
14.1
20.066667
5.0
5.166667
5.1
253.866667
15.033333
5.033333
5.066667
10.033333
10.033333
9.633333
33.033333
5.0
16.2
136.933333
136.966667
267.633333
10.133333
10.033333
144.266667
35.066667
153.833333
9.266667
230.033333
15.066667
273.766667
136.866667
5.0
142.1
159.066667
32.033333
137.066667
151.9
273.1
415.866667
5.066667
284.033333
5.0
97.933333
73.266667
137.0
152.1
20.033333
142.033333
162.1
5.033333
5.133333
5.1
8.3
54.933333
140.5
5.066667
5.033333
5.1
162.233333
10.033333
5.066667
10.033333
25.233333
200.366667
5.0
151.733333
312.633333
5.133333
46.066667
411.0
20.0
21.466667
15.566667
5.066667
136.9
137.0
20.0
137.133333
10.066667
273.866667
284.0
5.133333
147.0
136.8
5.0
9.1
5.033333
147.066667
15.1
18.666667
5.066667
10.1
218.666667
147.166667
289.033333
152.2
10.033333
10.133333
5.1
5.0
12.166667
5.066667
10.066667
5.0
5.066667
147.166667
31.066667
5.0
14.4
137.133333
152.166667
5.033333
87.733333
136.966667
13.3
15.1
5.1
29.8
142.033333
166.7
227.0
5.066667
137.0
157.033333
16.6
141.966667
137.0
141.966667
274.133333
685.1
281.566667
136.966667
5.066667
5.033333
5.033333
18.6
147.133333
142.033333
5.033333
164.066667
142.0
284.033333
25.766667
136.933333
289.266667
553.233333
5.0
279.0
137.066667
15.066667
137.1
15.066667
91.966667
124.933333
279.033333
5.066667
5.033333
5.1
166.1
15.2
16.766667
279.0
10.033333
137.066667
126.866667
5.0
294.033333
152.033333
137.133333
137.066667
5.133333
5.0
5.0
5.066667
5.1
260.4
137.0
10.133333
152.133333
152.033333
147.1
137.6
19.0
142.133333
152.0
142.066667
142.033333
15.166667
157.033333
5.066667
5.0
15.033333
137.0
5.066667
15.066667
12.766667
137.033333
142.033333
5.166667
605.166667
5.066667
184.266667
284.9
117.633333
43.433333
416.066667
284.033333
5.033333
5.066667
411.033333
10.1
5.1
152.066667
5.066667
346.266667
132.633333
5.1
15.066667
5.066667
415.966667
5.033333
136.966667
5.0
223.733333
141.733333
169.733333
146.966667
10.066667
147.0
168.066667
5.133333
342.333333
30.166667
5.1
119.1
5.133333
10.1
20.0
685.2
15.033333
5.066667
142.9
127.666667
128.2
18.533333
66.566667
274.066667
274.033333
142.066667
328.9
5.033333
6.233333
10.0
273.833333
137.033333
214.033333
142.066667
185.066667
137.066667
5.066667
93.5
182.5
5.2
137.066667
147.466667
255.633333
5.2
15.066667
137.033333
20.133333
137.1
5.1
5.033333
153.7
5.033333
10.166667
137.066667
48.233333
279.0
5.066667
24.7
20.266667
150.333333
5.0
5.066667
137.0
137.133333
10.033333
20.066667
30.1
274.066667
5.166667
137.1
30.066667
274.033333
137.066667
137.033333
137.033333
10.1
5.066667
147.4
146.933333
5.133333
5.066667
9.666667
103.966667
21.133333
15.066667
5.033333
163.933333
284.066667
641.533333
17.6
245.633333
5.033333
5.066667
15.033333
142.166667
136.9
5.033333
19.8
294.0
13.9
136.9
147.133333
143.466667
133.666667
13.5
44.433333
284.033333
278.833333
283.9
142.0
388.833333
5.0
284.133333
5.066667
5.033333
10.0
15.1
15.0
124.6
152.166667
5.033333
15.2
136.933333
5.066667
10.033333
20.033333
55.533333
15.233333
397.633333
5.033333
15.0
20.2
138.233333
12.333333
195.1
220.333333
5.033333
289.2
10.233333
700.266667
5.0
50.5
10.066667
25.733333
5.066667
152.033333
138.866667
553.133333
30.0
147.133333
5.033333
40.9
92.333333
11.133333
301.233333
10.0
11.266667
20.066667
5.0
137.0
20.033333
9.266667
157.1
20.066667
10.0
17.2
5.0
15.066667
7.9
147.0
101.266667
5.066667
30.233333
273.866667
147.0
10.0
5.033333
264.933333
5.0
20.066667
38.966667
19.2
25.033333
20.233333
164.066667
20.1
285.533333
20.066667
137.0
5.0
10.066667
141.2
266.733333
153.933333
146.9
556.2
152.2
5.1
5.033333
25.166667
10.066667
10.1
234.5
157.133333
142.066667
23.4
289.066667
152.4
15.1
10.1
5.1
15.033333
298.666667
153.633333
307.233333
5.066667
5.066667
10.1
141.966667
17.966667
10.066667
5.066667
28.466667
123.133333
279.066667
283.666667
50.0
5.2
10.0
15.1
14.866667
15.133333
137.0
20.0
158.633333
279.133333
10.0
31.533333
273.933333
255.4
10.033333
155.133333
137.1
30.033333
137.266667
11.4
17.033333
44.0
5.033333
164.433333
167.1
152.0
152.133333
10.1
142.066667
5.2
10.033333
33.533333
5.0
136.933333
25.066667
20.0
5.166667
415.833333
137.066667
11.466667
45.466667
20.066667
147.066667
157.066667
5.1
62.5
19.9
151.266667
147.066667
19.566667
147.033333
11.6
20.233333
20.1
10.033333
5.033333
14.633333
180.433333
142.033333
10.033333
5.066667
137.066667
150.966667
147.033333
136.966667
5.033333
34.1
273.933333
136.966667
10.033333
11.2
35.2
15.066667
142.2
10.033333
16.033333
137.066667
294.066667
20.033333
161.733333
822.3
283.866667
384.766667
158.466667
137.0
5.033333
292.933333
142.066667
157.733333
426.0
685.333333
26.566667
421.1
279.0
137.1
17.0
6.633333
411.0
152.033333
68.466667
101.866667
16.666667
5.133333
152.033333
142.1
415.8
146.966667
27.633333
365.766667
142.033333
5.0
10.033333
137.066667
15.133333
10.066667
147.133333
147.133333
5.166667
20.0
5.066667
78.366667
5.066667
58.4
5.1
5.1
20.033333
5.066667
331.933333
142.033333
10.133333
5.1
278.1
113.333333
424.8
15.033333
12.233333
279.133333
142.066667
282.566667
274.066667
15.166667
151.9
152.133333
152.166667
15.1
148.3
10.066667
15.166667
157.1
15.033333
10.4
5.1
5.066667
5.033333
279.033333
7.833333
5.066667
165.266667
99.833333
5.133333
5.033333
160.7
105.133333
5.0
137.066667
151.933333
8.933333
136.833333
10.0
621.366667
10.033333
15.033333
274.1
137.2
294.066667
147.0
142.133333
17.833333
15.033333
137.066667
16.866667
18.966667
147.266667
284.9
125.566667
152.066667
10.0
10.033333
10.066667
142.066667
5.066667
147.166667
5.0
152.1
15.133333
142.0
14.1
15.1
276.333333
22.633333
15.0
114.033333
274.033333
8.333333
10.0
137.133333
5.1
137.1
5.066667
27.9
284.033333
10.133333
310.033333
10.033333
5.0
548.433333
284.066667
137.0
5.0
13.5
289.2
7.466667
262.9
5.033333
5.0
30.4
141.966667
137.033333
259.166667
152.866667
137.0
166.566667
137.0
137.1
137.033333
16.7
10.1
5.0
137.133333
15.0
10.033333
26.633333
5.033333
136.9
10.1
31.666667
5.033333
10.0
142.1
30.166667
5.066667
151.466667
142.233333
141.933333
147.066667
137.133333
141.966667
296.566667
421.133333
5.0
5.033333
5.066667
10.0
416.133333
15.033333
137.033333
10.0
421.133333
284.066667
274.066667
5.1
15.033333
16.533333
212.2
71.333333
5.033333
30.066667
5.0
310.6
150.5
136.966667
15.2
5.066667
5.033333
298.3
548.4
134.4
142.0
5.033333
137.0
553.166667
5.066667
142.033333
5.033333
10.0
137.033333
5.033333
5.1
158.3
152.0
137.0
142.033333
170.7
31.4
5.033333
5.133333
15.1
362.6
15.133333
147.033333
151.933333
142.1
142.166667
5.1
22.033333
25.133333
5.033333
5.133333
5.033333
20.033333
147.1
9.7
423.833333
257.3
5.066667
10.533333
45.533333
142.133333
168.433333
142.0
136.966667
5.033333
148.933333
32.1
20.066667
30.066667
159.0
5.1
69.833333
136.933333
15.066667
137.033333
37.7
136.966667
147.0
139.533333
142.066667
7.0
152.033333
14.133333
5.1
153.166667
411.066667
289.066667
157.133333
5.0
5.066667
156.933333
20.066667
29.066667
5.066667
442.8
5.033333
45.266667
18.433333
690.366667
30.033333
137.033333
142.1
10.9
274.0
70.133333
376.833333
30.833333
273.966667
17.633333
185.333333
176.7
411.0
284.1
142.1
410.966667
137.0
137.033333
273.966667
409.633333
10.033333
19.433333
142.033333
5.1
20.266667
5.066667
152.1
147.1
10.166667
152.0
20.1
155.9
137.066667
147.033333
5.066667
5.033333
282.5
20.0
15.133333
15.066667
25.4
12.2
5.066667
137.2
284.166667
5.1
103.9
9.1
5.0
5.066667
284.666667
781.733333
142.0
