5.06
20.08
25.08
15.02
5.02
5.02
15.06
10.08
215.12
15.44
20.6
25.12
572.98
57.36
5.0
5.08
15.04
147.12
35.1
10.04
15.1
147.16
137.04
15.1
20.06
136.96
157.06
5.04
137.0
30.16
15.06
95.98
142.08
5.06
274.0
5.02
10.08
142.12
5.08
142.04
20.08
19.18
553.3
44.94
25.1
151.8
142.02
5.12
15.04
10.08
20.08
5.06
20.08
5.06
15.06
26.84
10.04
35.8
5.06
147.0
157.0
142.1
137.1
5.06
152.0
23.98
20.02
563.08
5.04
142.02
137.06
5.08
96.96
137.1
5.02
284.08
10.08
20.06
10.06
32.34
147.04
289.06
20.08
137.0
695.2
269.64
142.0
10.08
5.04
5.08
563.12
553.3
241.16
622.4
415.82
10.02
10.08
20.06
137.02
147.08
690.28
152.02
136.98
177.12
284.0
137.04
5.02
441.88
366.76
5.04
136.96
10.06
5.08
10.08
5.04
25.14
167.14
5.02
137.02
10.04
25.08
142.06
284.08
142.08
157.1
5.02
137.08
5000
416.14
15.12
10.04
247.3
157.1
10.08
156.98
10.06
146.92
251.92
20.1
142.08
10.08
5.08
147.12
144.52
141.96
5.04
137.12
83.72
210.86
5.06
152.06
689.94
141.94
137.02
10.06
142.18
137.02
20.1
141.98
279.1
30.12
151.84
553.22
136.98
273.96
827.3
5.1
10.04
5.04
284.02
558.34
5.04
128.2
142.04
137.12
152.06
564.0
156.26
136.88
5.12
5.04
5.04
20.12
152.16
558.1
10.06
162.04
291.58
142.06
42.76
137.0
251.22
136.96
273.88
142.1
283.88
141.32
129.34
27.48
147.1
5.12
152.1
137.14
57.28
152.04
142.06
284.16
10.04
15.12
152.08
327.2
279.08
20.06
10.06
30.7
10.06
15.12
173.96
25.1
28.7
10.04
20.06
5.04
257.3
20.08
138.78
5.04
558.24
10.02
26.28
10.06
15.08
20.1
21.16
10.02
15.04
156.92
30.14
10.08
5.04
10.1
147.04
137.14
274.12
5000
303.98
19.44
137.0
5.06
5.06
147.06
138.94
10.06
20.12
5.06
25.2
5.08
228.28
32.9
9.42
5.04
100.64
10.06
137.1
553.16
5.06
5.04
558.46
263.34
136.96
152.02
230.48
20.08
273.96
157.16
136.96
15.06
301.7
137.02
142.1
5.04
75.4
420.9
49.76
142.08
279.06
137.0
136.94
290.62
284.4
142.02
157.06
147.0
147.92
15.08
5.04
137.14
695.28
401.56
10.1
20.12
152.04
5.06
25.1
15.08
5.08
142.12
142.12
5.06
15.08
48.04
152.06
28.4
147.06
15.06
142.06
10.06
5.08
10.1
18.26
137.0
137.08
44.92
100.08
5.06
157.2
15.02
91.62
20.04
10.04
112.44
278.4
5.04
5.04
136.94
273.84
273.94
137.1
61.64
110.06
15.1
5.46
10.08
136.96
15.06
5.1
5.06
137.12
146.9
24.04
10.06
396.48
15.04
142.04
15.06
10.02
104.54
15.24
15.08
20.08
147.08
15.06
10.08
146.22
10.08
157.06
20.06
25.1
142.0
10.1
192.92
142.04
288.94
220.62
5.04
25.1
5.06
10.1
6.86
289.08
5.12
428.34
204.92
152.0
5.06
124.36
234.02
119.3
137.12
16.58
29.52
5.06
137.1
9.42
155.44
48.98
244.16
5.08
5.1
5.06
25.1
15.12
152.02
15.14
5.06
136.94
136.98
15.1
10.08
284.12
147.14
22.92
10.1
70.9
137.08
5.06
20.12
137.02
142.04
156.7
15.02
15.08
5.02
115.72
152.1
100.56
15.06
5.08
152.76
283.96
173.32
5.04
137.0
5.04
189.66
5.04
25.12
59.18
5.08
136.96
5.08
5.04
16.64
15.06
180.08
147.0
137.08
141.94
146.98
20.1
35.82
10.04
20.1
177.16
137.04
9.16
5.06
80.5
5.08
147.04
5.12
5.06
124.54
142.1
167.08
142.08
5.04
136.98
20.08
15.12
15.06
15.32
55.7
284.08
279.06
137.08
10.04
117.02
142.04
5.02
5.02
19.8
34.2
5.08
20.44
15.1
15.06
10.08
233.26
15.12
10.02
5.08
222.36
5.04
10.06
137.12
159.96
5.12
5.2
5.06
10.08
279.0
279.14
137.02
5.06
142.1
5.06
20.08
5.06
25.06
15.1
279.12
5.08
690.32
5.1
289.14
269.98
5.08
20.1
88.0
10.08
151.94
5.06
10.08
10.06
552.96
142.1
839.36
141.94
5.06
47.96
141.88
10.08
283.98
15.04
5.08
141.96
137.12
410.94
137.02
5.04
19.32
204.54
255.54
152.08
5.08
10.06
137.04
20.04
5.0
147.02
10.0
10.06
5.1
287.82
276.64
148.1
136.94
10.06
137.1
10.06
5.06
144.3
137.02
30.4
5.06
142.0
15.04
10.58
16.32
136.96
5.06
157.06
148.88
15.14
273.96
10.06
5.06
5.04
146.88
136.92
274.0
31.44
152.02
10.06
5.04
15.06
86.28
5.1
142.0
20.08
142.14
5.08
26.28
5.0
5.06
806.0
387.16
10.06
5.04
10.06
95.6
137.02
5.04
5.04
25.12
279.06
152.06
137.0
147.04
278.98
10.06
20.1
10.08
145.98
137.02
157.04
15.12
49.14
10.02
552.96
147.0
114.04
10.08
5.06
15.08
10.06
5.08
12.58
15.08
5.1
5.02
15.06
5.08
10.06
5.08
5.04
5.06
10.08
146.94
75.44
15.12
10.06
147.0
95.98
15.04
137.04
146.98
11.6
143.96
20.1
20.1
273.92
5.08
137.06
20.16
10.04
10.12
5.1
152.16
10.04
20.1
5.02
142.02
267.72
278.94
109.66
284.02
5.0
5.06
20.04
5.06
403.52
107.68
5.06
20.08
92.02
40.18
33.38
274.04
147.1
265.4
415.88
137.02
10.1
147.02
142.06
136.88
5.08
5.04
10.06
175.1
142.04
142.06
5.04
5.08
141.98
42.98
274.02
278.72
15.08
119.92
15.04
5.08
5.08
5.04
263.66
136.98
5.08
147.16
5.04
5.04
209.02
71.52
30.14
20.06
5.04
141.98
25.08
157.06
140.5
147.16
5.1
78.52
684.82
137.0
5.06
137.02
279.1
137.04
294.14
124.7
142.06
5.02
142.04
142.08
10.06
141.94
152.14
15.06
5.08
279.06
289.04
100.7
284.04
15.06
5.12
152.14
142.06
284.08
385.52
10.08
136.96
5.1
53.26
274.08
15.12
152.0
137.08
259.28
147.02
284.0
7.4
15.08
10.06
5.04
274.14
5.06
5.06
10.04
141.9
142.02
137.08
25.08
163.16
75.4
20.14
137.02
5.02
5.04
10.12
103.78
5.06
136.96
10.08
553.34
5.08
152.04
278.9
142.02
25.08
5.06
274.08
10.04
20.1
5.02
5.02
5.12
137.02
219.18
136.9
10.1
10.02
275.72
156.98
10.06
10.04
415.9
5.1
5.02
5.06
162.1
152.06
35.1
5.06
142.02
421.02
10.06
430.92
109.94
421.04
26.08
10.12
137.04
478.52
84.34
10.04
5.02
5.06
141.96
137.18
25.06
147.04
420.9
20.08
5.04
25.48
421.06
137.0
5.06
202.4
136.98
10.04
25.12
152.1
558.26
239.2
10.08
5.04
21.44
10.08
274.06
15.04
15.08
5.08
15.06
136.48
5.02
5.02
211.8
5.06
112.3
126.02
5.04
5.06
20.08
141.96
5.1
284.36
5.04
93.2
10.1
292.0
157.06
136.98
137.02
548.18
137.02
152.1
137.08
15.1
553.18
136.98
10.06
5.08
5.06
294.1
25.04
10.08
15.04
10.04
5.04
15.06
5.06
186.74
130.8
5.08
5.04
10.08
5.1
151.96
89.32
5.08
10.02
5.06
147.04
15.02
5.0
15.1
690.18
15.12
49.06
5.02
15.1
15.08
15.08
10.42
152.1
141.96
6.84
5.06
141.98
284.04
15.14
548.08
5.06
142.04
142.0
15.1
5.04
553.16
142.06
10.02
10.1
10.04
23.14
10.04
10.06
229.12
5.06
136.98
201.24
5.08
88.98
152.02
283.98
5.06
5.06
278.94
5.3
129.32
10.14
5.04
157.04
10.12
137.02
25.12
15.06
5.06
5.0
15.14
5.34
145.96
10.04
257.72
198.18
141.98
137.04
563.24
147.06
5.1
20.08
5.04
260.84
152.14
273.94
25.06
5.04
106.04
151.96
5.04
289.04
15.08
137.1
137.04
137.06
85.48
10.14
5000
15.1
136.98
5000
294.26
411.06
137.04
5.06
15.1
5.02
5.06
673.5
553.1
5.06
142.1
137.04
284.14
284.08
147.02
279.04
5.02
5.04
147.12
10.02
5.04
416.18
147.06
272.76
10.06
319.3
64.64
137.08
141.92
284.06
15.12
153.2
17.66
17.0
137.14
5.08
74.64
10.04
5.02
136.66
118.08
5.1
5.0
5.06
157.08
136.54
47.34
20.1
10.06
15.08
10.08
136.94
20.1
5.06
136.98
15.08
5.02
10.06
25.08
5.06
10.06
5.04
15.1
20.04
25.06
5.06
366.32
13.78
180.46
21.44
52.96
85.84
142.0
278.98
17.52
5.04
570.8
137.06
178.4
410.9
137.14
137.02
25.1
235.14
136.98
10.08
10.06
5.1
283.96
115.44
15.06
15.08
157.12
10.06
15.12
136.98
20.08
191.32
15.1
51.48
102.12
151.98
5.02
167.12
273.86
15.06
136.98
5.02
10.1
15.1
306.42
154.12
219.52
167.02
152.08
475.56
133.3
485.38
105.06
39.86
5.06
147.06
147.1
46.68
228.12
152.16
142.04
15.02
5.06
137.06
136.98
279.02
151.24
20.04
10.06
5.06
10.08
5.02
147.12
5.08
25.1
137.02
5.0
5.06
147.08
15.08
5.1
251.18
147.08
15.06
137.06
137.0
10.06
352.06
5.1
278.68
10.06
270.7
5.04
558.34
5.04
20.1
137.02
142.06
142.1
283.92
5.04
142.08
137.0
226.94
170.12
141.96
5.04
5.02
22.6
24.72
5.06
5.04
152.04
157.0
5.02
5.04
157.1
20.1
157.1
87.82
15.06
175.82
283.98
142.08
20.12
25.1
20.12
136.86
48.02
130.88
137.08
5.02
152.04
5.06
14.58
20.1
135.02
283.84
254.82
10.04
142.12
152.06
283.9
20.12
151.94
5.06
20.1
157.08
15.04
10.06
5.08
10.06
10.08
142.08
137.0
136.96
25.08
5.1
158.6
152.04
5.08
14.26
137.12
137.04
370.34
136.92
10.2
15.04
5.0
147.04
142.02
5.04
156.98
15.08
10.06
137.04
15.06
10.1
136.94
284.08
20.14
20.12
137.06
40.04
5.08
141.96
10.04
141.98
415.72
5.08
152.0
279.06
10.52
20.06
10.08
82.02
152.1
10.06
5.1
5.04
152.76
5.06
10.08
320.42
365.28
5.06
20.08
142.08
27.58
563.26
553.38
10.08
273.98
217.0
137.0
142.02
15.04
247.02
142.02
5.02
5.06
147.04
147.04
10.06
152.0
141.98
5.12
152.08
5.02
136.98
142.06
5.06
20.12
15.04
10.06
283.84
10.08
142.04
5.02
464.6
5.02
5.04
136.94
48.72
10.04
159.68
142.06
10.08
273.9
284.04
142.04
15.12
5.06
136.98
83.64
20.08
10.08
30.1
147.0
233.48
142.04
142.06
10.02
273.98
152.12
15.1
142.02
5.04
147.04
152.12
10.06
152.06
284.08
137.0
5.08
136.86
20.1
10.04
137.04
150.24
5.04
10.08
283.88
10.02
142.06
136.94
20.06
5.08
10.06
279.04
5.0
238.04
5.06
289.14
170.58
137.08
5.06
246.94
284.0
142.08
142.06
5.02
5.04
19.1
179.68
421.14
5.08
5.0
20.06
137.04
279.08
10.06
136.94
284.04
152.0
553.34
152.0
20.08
141.98
46.1
20.06
159.64
142.08
147.0
10.08
5.08
5.0
15.06
137.1
15.06
152.14
5.02
25.04
59.88
136.92
10.06
284.08
192.48
137.06
15.04
152.06
137.08
5.1
137.0
553.22
5.08
10.06
46.28
152.2
142.1
28.1
415.94
415.76
5.1
290.96
558.18
5.04
142.04
85.48
152.12
136.92
137.02
5.06
136.94
141.98
5.06
30.1
38.0
5.12
5.04
553.24
553.16
147.14
157.02
293.84
136.98
142.02
147.9
39.66
142.02
5.02
10.04
152.14
5.02
10.06
136.98
142.1
15.1
5.06
5.06
15.02
124.08
137.04
288.96
152.02
5.04
105.54
558.22
10.06
15.06
5.04
5.08
174.36
5.02
152.06
5.06
10.06
5.04
15.1
16.62
5.08
5.08
5.02
5.06
10.04
10.08
284.02
273.98
10.06
414.02
563.16
5.04
5.3
137.06
15.06
152.1
152.16
5.04
563.16
15.06
30.38
10.12
690.08
137.06
151.94
5.16
10.04
157.0
5.0
274.0
274.08
10.06
413.52
279.0
685.06
152.02
259.02
5.08
15.06
10.06
5.06
68.06
68.14
137.04
20.06
26.8
5.04
15.08
141.98
5.08
5.08
15.06
15.22
116.82
160.1
20.06
137.0
10.04
117.54
10.08
10.08
5.06
157.54
42.86
410.96
10.04
20.06
5.06
241.62
137.08
420.98
284.14
15.06
10.06
10.1
10.04
558.14
5.06
142.06
30.14
147.12
10.04
15.12
5.08
171.72
20.04
137.06
5.06
10.02
279.08
147.06
136.82
141.98
137.0
5.04
47.04
226.68
5.1
17.58
257.36
279.1
137.1
9.5
105.28
284.16
294.1
15.06
11.12
5.04
13.76
10.02
5.06
5.08
416.02
15.1
136.94
279.12
10.04
15.06
137.16
150.78
236.04
256.8
5.06
10.04
152.12
137.02
5.18
147.06
5.1
5.08
136.68
78.78
151.8
279.02
5.04
35.08
298.9
5.04
265.72
137.06
20.1
5.1
15.06
5.1
10.08
5.08
137.04
10.08
157.06
95.66
5.02
20.1
25.12
5.1
142.04
10.02
10.04
152.08
518.1
137.08
458.34
13.2
5.08
5.64
293.7
320.28
5.06
157.02
5.06
142.06
137.1
10.08
137.0
5.02
410.84
10.06
137.06
99.82
151.92
274.0
279.06
157.1
131.44
152.06
10.06
161.54
169.44
10.04
137.02
194.56
193.76
76.08
20.1
10.02
20.1
29.32
5.04
43.56
10.12
152.06
539.72
5.06
5.04
5.0
79.5
15.12
142.04
136.92
152.04
283.88
5.08
15.12
10.1
5.06
15.14
147.08
5.04
284.02
5.1
10.1
152.02
136.98
5.06
10.06
265.9
558.16
10.02
25.06
5.02
5.06
20.08
10.0
5.14
10.04
136.66
15.08
5.08
137.04
5.06
279.0
90.14
152.06
147.04
15.08
10.08
152.08
142.06
152.08
137.1
75.42
289.12
821.84
137.08
10.06
586.24
142.06
45.8
663.9
5.02
10.08
13.72
257.5
15.06
214.86
5.06
137.1
690.16
142.08
10.04
137.0
5.1
142.06
15.08
153.02
5.46
15.06
10.02
5.0
109.32
25.9
15.12
5.06
152.14
16.7
5.12
10.08
20.06
5.08
10.06
5.08
20.1
142.0
5.02
5.08
20.08
147.08
25.26
278.82
136.52
116.0
5.04
137.0
151.9
289.12
20.12
10.08
5.06
5.06
36.26
15.44
10.08
139.62
5.08
137.04
10.08
10.02
553.44
137.12
274.04
5.08
25.1
15.06
137.02
137.04
5.06
676.12
147.12
25.16
232.5
273.94
415.96
107.28
147.14
410.92
5.08
152.06
137.02
137.04
283.88
152.06
142.08
553.24
553.34
5.02
10.06
147.06
147.06
5.14
5.04
5.04
10.06
152.0
152.86
284.02
147.14
274.04
195.64
5.06
11.8
136.98
15.06
136.94
15.1
15.0
5.02
15.06
147.02
142.02
15.06
5.02
136.98
157.12
142.02
10.08
5.1
15.04
15.08
5.06
10.04
5.08
553.48
15.06
130.84
5.06
20.12
5.04
142.0
137.06
21.56
504.52
136.98
136.86
157.06
147.08
13.68
142.06
243.98
137.0
278.9
10.06
553.7
221.84
278.88
15.08
5.06
167.7
152.06
570.38
20.08
142.08
5.02
137.04
639.0
141.98
147.02
136.96
5.08
137.12
58.92
137.12
15.08
5.1
15.08
153.58
20.02
137.04
167.98
10.08
273.94
10.1
15.08
10.08
128.42
137.04
46.26
147.04
157.08
274.0
10.1
136.94
5.08
146.96
20.06
136.98
216.78
141.98
10.12
84.54
174.96
142.06
274.1
147.18
152.1
5.08
10.02
5.06
136.92
5.04
283.98
157.06
134.3
147.02
5.06
25.14
70.32
105.8
5.06
142.04
5.06
5.02
33.88
102.68
5.08
152.02
5.04
5.04
15.04
5.04
274.0
5.06
137.08
289.1
279.02
289.1
279.08
152.1
5.06
20.06
10.06
416.02
5.1
137.06
20.1
284.34
439.92
20.12
5.02
157.08
137.0
49.36
15.06
142.04
5.06
10.06
66.82
136.96
5.04
278.08
142.0
137.46
5.02
274.08
283.98
274.0
367.86
15.08
680.12
284.16
15.08
10.1
25.04
20.12
157.0
152.0
5.0
5.04
10.12
5.04
141.98
5.04
149.36
10.08
5.0
152.08
10.06
5.04
5.06
147.04
25.12
5.04
37.46
279.04
558.18
5.06
18.98
201.78
