0.0
0.0
0.0
0.0
0.0
0.0
0.122807
0.0
0.583333
0.0
0.0
0.0
0.206349
0.0
0.0
0.0
0.0
0.333333
0.0
0.0
0.0
0.637681
0.315068
0.0
0.0
0.107143
0.285714
0.0
0.137931
0.0
0.0
0.0
0.21875
0.0
0.411765
0.0
0.0
0.275362
0.0
0.450549
0.0
0.0
0.666667
0.0
0.0
0.019608
0.285714
0.0
0.0
0.0
0.0
0.0
0.0
0.0
0.0
0.038462
0.0
0.0
0.0
0.122807
0.056604
0.425287
0.509804
0.0
0.122807
0.0
0.0
0.462366
0.0
0.166667
0.275362
0.0
0.0
0.657534
0.0
0.50495
0.0
0.0
0.0
0.0
0.285714
0.390244
0.0
0.431818
0.767442
0.019608
0.090909
0.0
0.0
0.0
0.484536
0.66443
0.056604
0.693252
0.315068
0.0
0.0
0.0
0.342105
0.107143
0.734043
0.333333
0.21875
0.0
0.596774
0.425287
0.0
0.242424
0.056604
0.0
0.056604
0.0
0.0
0.0
0.0
0.0
0.367089
0.0
0.230769
0.0
0.0
0.444444
0.382716
0.425287
0.264706
0.0
0.411765
1.0
0.887133
0.0
0.0
0.861496
0.230769
0.0
0.019608
0.0
0.019608
0.166667
0.0
0.180328
0.0
0.0
0.333333
0.056604
0.193548
0.0
0.468085
0.0
0.090909
0.0
0.275362
0.579832
0.206349
0.206349
0.0
0.264706
0.166667
0.0
0.107143
0.305556
0.090909
0.038462
0.54955
0.122807
0.230769
0.924925
0.0
0.0
0.0
0.479167
0.431818
0.0
0.074074
0.456522
0.431818
0.137931
0.596774
0.358974
0.0
0.0
0.0
0.0
0.090909
0.253731
0.6
0.0
0.21875
0.324324
0.122807
0.0
0.295775
0.541284
0.193548
0.180328
0.468085
0.090909
0.056604
0.166667
0.0
0.367089
0.0
0.375
0.62963
0.0
0.473684
0.333333
0.816176
0.0
0.0
0.285714
0.519231
0.333333
0.0
0.0
0.0
0.0
0.0
0.21875
0.0
0.0
0.0
0.107143
0.0
0.137931
0.152542
0.0
0.0
0.606299
0.0
0.074074
0.0
0.0
0.0
0.056604
0.0
0.0
0.107143
0.0
0.0
0.0
0.0
0.285714
0.456522
0.66443
1.0
0.484536
0.074074
0.230769
0.0
0.0
0.367089
0.0
0.0
0.0
0.0
0.0
0.0
0.038462
0.0
0.0
0.0
0.0
0.0
0.541284
0.66443
0.0
0.0
0.074074
0.107143
0.090909
0.295775
0.074074
0.056604
0.264706
0.438202
0.038462
0.0
0.444444
0.206349
0.509804
0.0
0.122807
0.863388
0.0
0.074074
0.264706
0.21875
0.107143
0.484536
0.411765
0.180328
0.230769
0.152542
0.253731
0.0
0.0
0.818182
0.955317
0.166667
0.0
0.0
0.438202
0.0
0.0
0.0
0.0
0.6
0.62963
0.0
0.0
0.0
0.305556
0.0
0.431818
0.0
0.382716
0.0
0.0
0.0
0.074074
0.382716
0.333333
0.0
0.0
0.0
0.342105
0.0
0.0
0.122807
0.0
0.0
0.324324
0.0
0.0
0.21875
0.230769
0.444444
0.390244
0.0
0.0
0.0
0.0
0.0
0.264706
0.0
0.0
0.0
0.206349
0.056604
0.0
0.0
0.180328
0.0
0.285714
0.0
0.0
0.0
0.0
0.0
0.0
0.382716
0.0
0.0
0.0
0.0
0.468085
0.0
0.0
0.038462
0.0
0.137931
0.242424
0.6
0.122807
0.0
0.0
0.0
0.0
0.0
0.489796
0.0
0.390244
0.038462
0.390244
0.0
0.0
0.038462
0.0
0.431818
0.0
0.0
0.0
0.375
0.0
0.358974
0.0
0.411765
0.0
0.0
0.0
0.0
0.0
0.295775
0.0
0.0
0.152542
0.166667
0.0
0.0
0.537037
0.350649
0.0
0.0
0.166667
0.565217
0.0
0.0
0.180328
0.367089
0.285714
0.0
0.0
0.0
0.122807
0.275362
0.0
0.0
0.0
0.056604
0.333333
0.137931
0.0
0.411765
0.0
0.122807
0.0
0.0
0.0
0.0
0.275362
0.0
0.0
0.0
0.0
0.038462
0.295775
0.425287
0.264706
0.122807
0.0
0.0
0.107143
0.038462
0.122807
0.166667
0.0
0.0
0.0
0.0
0.39759
0.0
0.0
0.0
0.375
0.193548
0.367089
0.0
0.206349
0.0
0.0
0.0
0.090909
0.0
0.723757
0.719101
0.375
0.0
0.0
0.367089
0.0
0.0
0.0
0.0
0.0
0.0
0.0
0.0
0.0
0.107143
0.0
0.0
0.0
0.180328
0.0
0.0
0.519231
0.230769
0.0
0.0
0.0
0.056604
0.230769
0.324324
0.21875
0.0
0.777778
0.0
0.0
0.0
0.0
0.0
0.462366
0.0
0.72973
0.0
0.166667
0.107143
0.0
0.0
0.0
0.0
0.137931
0.0
0.0
0.0
0.444444
0.462366
0.64539
0.122807
0.0
0.0
0.038462
0.0
0.438202
0.0
0.0
0.253731
0.21875
0.62406
0.479167
0.0
0.152542
0.342105
0.107143
0.242424
0.0
0.0
0.315068
0.0
0.0
0.333333
0.0
0.0
0.0
0.54955
0.090909
0.0
0.090909
0.0
0.275362
0.0
0.0
0.056604
0.206349
0.0
0.0
0.264706
0.0
0.056604
0.0
0.074074
0.0
0.253731
0.0
0.0
0.683544
0.0
0.0
0.0
0.056604
0.074074
0.390244
0.0
0.0
0.0
0.0
0.019608
0.0
0.0
0.264706
0.0
0.462366
0.0
0.166667
0.0
0.0
0.731183
0.264706
0.0
0.0
0.0
0.0
0.295775
0.0
0.0
0.0
0.73822
0.152542
0.206349
0.462366
0.180328
0.180328
0.0
0.0
0.137931
0.375
0.166667
0.0
0.0
0.0
0.21875
0.275362
0.0
0.0
0.0
0.0
0.0
0.0
0.0
0.0
0.0
0.0
0.0
0.0
0.0
0.0
0.0
0.0
0.0
0.137931
0.0
0.0
0.0
0.180328
0.0
0.0
0.358974
0.107143
0.0
0.0
0.0
0.0
0.275362
0.122807
0.468085
0.0
0.0
0.056604
0.0
0.456522
0.0
0.0
0.0
0.242424
0.0
0.038462
0.0
0.074074
0.0
0.0
0.0
0.0
0.456522
0.0
0.0
0.0
0.0
0.0
0.0
0.333333
0.390244
0.137931
0.411765
0.253731
0.0
0.090909
0.606299
0.122807
0.0
0.0
0.0
0.275362
0.21875
0.230769
0.0
0.0
0.166667
0.0
0.074074
0.152542
0.166667
0.0
0.0
0.0
0.0
0.0
0.411765
0.358974
0.0
0.411765
0.0
0.0
0.275362
0.0
0.0
0.0
0.0
0.056604
0.0
0.295775
0.264706
0.52381
0.0
0.0
0.593496
0.206349
0.0
0.350649
0.704142
0.50495
0.677419
0.0
0.484536
0.0
0.242424
0.367089
0.0
0.090909
0.350649
0.0
0.0
0.586777
0.444444
0.0
0.305556
0.0
0.0
0.494949
0.21875
0.590164
0.514563
0.0
0.230769
0.0
0.0
0.709302
0.0
0.107143
0.375
0.152542
0.342105
0.438202
0.0
0.0
0.0
0.0
0.568966
0.0
0.0
0.0
0.056604
0.39759
0.285714
0.0
0.375
0.0
0.137931
0.206349
0.0
0.0
0.0
0.0
0.0
0.122807
0.0
0.655172
0.0
0.206349
0.456522
0.285714
0.0
0.0
0.81685
0.0
0.0
0.0
0.0
0.0
0.253731
0.561404
0.074074
0.0
0.0
0.275362
0.122807
0.0
0.0
0.275362
0.0
0.0
0.0
0.438202
0.122807
0.0
0.0
0.21875
0.411765
0.090909
0.275362
0.0
0.431818
0.0
0.0
0.333333
0.462366
0.0
0.0
0.0
0.0
0.122807
0.473684
0.0
0.275362
0.425287
0.0
0.0
0.0
0.358974
0.152542
0.0
0.659864
0.152542
0.0
0.0
0.333333
0.640288
0.285714
0.0
0.0
0.038462
0.0
0.444444
0.0
0.0
0.0
0.0
0.122807
0.0
0.0
0.152542
0.0
0.0
0.0
0.0
0.0
0.0
0.285714
0.0
0.166667
0.0
0.0
0.0
0.242424
0.479167
0.152542
0.479167
0.450549
0.206349
0.659864
0.52381
0.0
0.609375
0.152542
0.0
0.0
0.0
0.242424
0.0
0.0
0.056604
0.0
0.0
0.0
0.0
0.295775
0.0
0.0
0.0
0.0
0.0
0.230769
0.0
0.107143
0.0
0.0
0.230769
0.0
0.0
0.0
0.62963
0.0
0.0
0.0
0.0
0.0
0.0
0.0
0.489796
0.056604
0.0
0.0
0.180328
0.333333
0.0
0.425287
0.0
0.253731
0.193548
0.0
0.0
0.509804
0.390244
0.0
0.0
0.0
0.0
0.0
0.0
0.056604
0.0
0.152542
0.230769
0.0
0.0
0.253731
0.253731
0.0
0.0
0.285714
0.0
0.0
0.0
0.0
0.411765
0.0
0.21875
0.0
0.0
0.0
0.0
0.0
0.0
0.0
0.0
0.074074
0.425287
0.107143
0.242424
0.528302
0.152542
0.0
0.0
0.0
0.090909
0.468085
0.358974
0.0
0.0
0.0
0.107143
0.0
0.242424
0.0
0.568966
0.484536
0.411765
0.074074
0.0
1.0
0.137931
0.253731
1.0
0.894958
0.264706
0.107143
0.0
0.0
0.0
0.0
0.876847
0.5
0.0
0.431818
0.831081
0.264706
0.166667
0.122807
0.230769
0.0
0.0
0.770642
0.0
0.152542
0.462366
0.39759
0.056604
0.0
0.090909
0.0
0.590164
0.074074
0.375
0.0
0.038462
0.0
0.166667
0.489796
0.0
0.0
0.0
0.0
0.074074
0.107143
0.0
0.0
0.0
0.275362
0.107143
0.090909
0.0
0.0
0.0
0.0
0.21875
0.0
0.0
0.166667
0.0
0.0
0.056604
0.0
0.074074
0.0
0.0
0.0
0.152542
0.0
0.0
0.152542
0.0
0.315068
0.0
0.0
0.0
0.056604
0.583333
0.056604
0.0
0.537037
0.444444
0.0
0.107143
0.642857
0.253731
0.0
0.0
0.137931
0.074074
0.0
0.0
0.295775
0.0
0.0
0.0
0.253731
0.0
0.0
0.305556
0.0
0.230769
0.0
0.0
0.0
0.056604
0.0
0.242424
0.514563
0.0
0.019608
0.0
0.0
0.0
0.473684
0.074074
0.019608
0.253731
0.333333
0.038462
0.0
0.074074
0.0
0.0
0.0
0.21875
0.242424
0.0
0.0
0.193548
0.056604
0.0
0.0
0.193548
0.285714
0.657534
0.019608
0.0
0.0
0.0
0.0
0.0
0.350649
0.0
0.0
0.107143
0.0
0.0
0.285714
0.122807
0.0
0.0
0.462366
0.038462
0.489796
0.264706
0.0
0.090909
0.0
0.074074
0.0
0.038462
0.0
0.73262
0.0
0.0
0.444444
0.425287
0.541284
0.180328
0.0
0.39759
0.180328
0.324324
0.056604
0.206349
0.0
0.0
0.090909
0.0
0.0
0.0
0.264706
0.39759
0.0
0.0
0.375
0.0
0.431818
0.074074
0.0
0.019608
0.668874
0.305556
0.0
0.0
0.0
0.122807
0.0
0.019608
0.456522
0.0
0.193548
0.0
0.0
0.0
0.0
0.593496
0.305556
0.0
0.489796
0.39759
0.21875
0.0
0.038462
0.0
0.0
0.193548
0.0
0.038462
0.0
0.0
0.0
0.090909
0.568966
0.056604
0.0
0.0
0.333333
0.411765
0.0
0.056604
0.484536
0.264706
0.565217
0.122807
0.0
0.0
0.0
0.390244
0.152542
0.0
0.122807
0.0
0.0
0.264706
0.0
0.0
0.137931
0.640288
0.0
0.0
0.275362
0.0
0.0
0.090909
0.0
0.193548
0.295775
0.0
0.315068
0.647887
0.0
0.107143
0.0
0.0
0.54955
0.0
0.0
0.0
0.473684
0.0
0.0
0.333333
0.090909
0.0
0.0
0.230769
0.0
0.579832
0.671053
0.0
0.53271
0.39759
0.122807
0.137931
0.0
0.350649
0.166667
0.0
0.0
0.295775
0.242424
0.0
0.122807
0.090909
0.0
0.242424
0.0
0.122807
0.514563
0.0
0.0
0.0
0.0
0.609375
0.0
0.090909
0.0
0.090909
0.0
0.0
0.206349
0.0
0.0
0.038462
0.137931
0.0
0.21875
0.456522
0.230769
0.0
0.0
0.576271
0.0
0.0
0.0
0.107143
0.090909
0.264706
0.180328
0.390244
0.0
0.528302
0.519231
0.0
0.056604
0.0
0.333333
0.568966
0.0
0.350649
0.450549
0.342105
0.0
0.074074
0.0
0.0
0.444444
0.411765
0.0
0.0
0.315068
0.038462
0.253731
0.411765
0.0
0.0
0.0
0.324324
0.0
0.056604
0.0
0.519231
0.305556
0.444444
0.0
0.122807
0.52381
0.438202
0.450549
0.0
0.0
0.0
0.090909
0.473684
0.0
0.0
0.0
0.21875
0.438202
0.0
0.107143
0.180328
0.21875
0.62406
0.295775
0.0
0.315068
0.0
0.0
0.019608
0.390244
0.206349
0.0
0.0
0.0
0.122807
0.681529
0.0
0.438202
0.0
0.0
0.056604
0.090909
0.0
0.230769
0.056604
0.519231
0.0
0.324324
0.671053
0.0
0.275362
0.705882
0.0
0.0
0.0
0.456522
0.603175
0.0
0.618321
0.579832
0.0
0.367089
0.52381
0.0
0.305556
0.0
0.295775
0.315068
0.438202
0.0
0.074074
0.074074
0.0
0.0
0.0
0.0
0.0
0.484536
0.53271
0.39759
0.152542
0.180328
0.242424
0.152542
0.468085
0.0
0.242424
0.0
0.0
0.324324
0.0
0.0
0.242424
0.431818
0.0
0.0
0.0
0.0
0.0
0.230769
0.193548
0.152542
0.0
0.0
0.541284
0.0
0.0
0.0
0.0
0.305556
0.0
0.137931
0.0
0.0
0.0
0.0
0.0
0.0
0.0
0.0
0.0
0.0
0.090909
0.264706
0.519231
0.0
0.545455
0.626866
0.0
0.0
0.528302
0.0
0.537037
0.586777
0.0
0.253731
0.0
0.0
0.0
0.52381
0.358974
0.122807
0.0
0.137931
0.122807
0.0
0.593496
0.411765
0.122807
0.107143
0.253731
0.514563
0.468085
0.122807
0.0
0.0
0.0
0.0
0.0
0.0
0.193548
0.0
0.0
0.0
0.0
0.152542
0.0
0.0
0.0
0.0
0.0
0.090909
0.0
0.137931
0.0
0.0
0.0
0.0
0.0
0.242424
0.0
0.411765
0.0
0.0
0.0
0.264706
0.519231
0.39759
0.80695
0.0
0.0
0.0
0.0
0.586777
0.0
0.5
0.0
0.342105
0.0
0.0
0.0
0.0
0.0
0.691358
0.0
0.074074
0.642857
0.264706
0.122807
0.038462
0.193548
0.0
0.107143
0.019608
0.0
0.0
0.324324
0.54955
0.375
0.0
0.0
0.62406
0.230769
0.0
0.137931
0.0
0.0
0.0
0.0
0.0
0.264706
0.0
0.21875
0.576271
0.0
0.0
0.479167
0.375
0.473684
0.411765
0.0
0.0
0.509804
0.275362
0.0
0.462366
0.0
0.0
0.0
0.0
0.0
0.324324
0.0
0.107143
0.206349
0.0
0.122807
0.324324
0.0
0.0
0.0
0.0
0.0
0.0
0.479167
0.0
0.295775
0.0
0.0
0.0
0.0
0.0
0.350649
0.0
0.0
0.509804
0.107143
0.489796
0.090909
0.0
0.0
0.0
0.285714
0.342105
0.0
0.358974
0.0
0.21875
0.382716
0.0
0.230769
0.0
0.431818
0.0
0.166667
0.0
0.152542
0.230769
0.609375
0.561404
0.0
0.107143
0.0
0.444444
0.315068
0.0
0.264706
0.152542
0.193548
0.0
0.0
0.0
0.0
0.090909
0.0
0.0
0.0
0.418605
0.418605
0.0
0.0
0.0
0.0
0.0
0.242424
0.019608
0.285714
0.275362
0.0
0.0
0.0
0.0
0.0
0.193548
0.0
0.390244
0.0
0.0
0.285714
0.152542
0.0
0.0
0.107143
0.541284
0.0
0.0
0.0
0.0
0.0
0.0
0.0
0.152542
0.0
0.0
0.0
0.090909
0.0
0.242424
0.019608
0.431818
0.5
0.0
0.0
0.411765
0.54955
0.450549
0.456522
0.0
0.230769
0.657534
0.50495
0.0
0.782609
0.456522
0.0
0.456522
0.0
0.122807
0.0
0.090909
0.0
0.193548
0.0
0.324324
0.769585
0.230769
0.0
0.253731
0.0
0.473684
0.0
0.404762
0.0
0.0
0.0
0.0
0.0
0.0
0.0
0.0
0.906542
0.074074
0.0
0.0
0.0
0.0
0.0
0.0
0.0
0.382716
0.0
0.0
0.0
0.230769
0.0
0.019608
0.0
0.0
0.0
0.295775
0.038462
0.295775
0.0
0.0
0.0
0.0
0.0
0.0
0.0
0.0
0.0
0.253731
0.038462
0.0
0.75
0.456522
0.438202
0.0
0.0
0.0
0.242424
0.39759
0.0
0.509804
0.350649
0.0
0.305556
0.382716
0.404762
0.0
0.180328
0.712644
0.0
0.206349
0.242424
0.285714
0.324324
0.333333
0.479167
0.519231
0.468085
0.0
0.0
0.509804
0.509804
0.0
0.0
0.0
0.0
0.122807
0.367089
0.315068
0.80916
0.795082
0.019608
0.0
0.0
0.315068
0.0
0.107143
0.0
0.0
0.0
0.0
0.152542
0.390244
0.0
0.0
0.137931
0.305556
0.107143
0.0
0.0
0.0
0.0
0.0
0.0
0.0
0.390244
0.0
0.0
0.0
0.0
0.0
0.122807
0.264706
0.0
0.122807
0.367089
0.038462
0.230769
0.275362
0.0
0.358974
0.253731
0.367089
0.285714
0.0
0.137931
0.295775
0.450549
0.0
0.0
0.375
0.509804
0.484536
0.107143
0.367089
0.0
0.411765
0.657534
0.166667
0.056604
0.056604
0.0
0.39759
0.0
0.350649
0.0
0.0
0.0
0.52381
0.0
0.438202
0.285714
0.122807
0.295775
0.0
0.0
0.0
0.0
0.382716
0.0
0.253731
0.074074
0.253731
0.0
0.056604
0.0
0.137931
0.0
0.180328
0.038462
0.193548
0.0
0.0
0.0
0.193548
0.52381
0.456522
0.411765
0.0
0.056604
0.0
0.137931
0.0
0.576271
0.074074
0.0
0.193548
0.0
0.152542
0.137931
0.0
0.0
0.107143
0.0
0.0
0.0
0.0
0.0
0.122807
0.0
0.0
0.0
0.0
0.473684
0.0
0.468085
0.545455
0.444444
0.596774
0.561404
0.632353
0.0
0.122807
0.152542
0.65035
0.0
0.315068
0.0
0.590164
0.315068
0.0
0.0
0.425287
0.431818
0.0
0.0
0.358974
0.0
0.0
0.0
0.122807
0.0
0.0
0.333333
0.0
0.0
0.404762
0.375
0.479167
0.473684
0.090909
0.295775
0.662162
0.0
0.038462
0.0
0.0
0.253731
0.315068
0.0
0.0
0.0
0.0
0.242424
0.0
0.122807
0.0
0.0
0.494949
0.0
0.0
0.0
0.180328
0.0
0.0
0.0
0.137931
0.489796
0.0
0.0
0.038462
