0.0
0.0
0.0
0.117647
0.0
0.0
0.0
0.4
0.0
0.0
0.0
0.0
0.117647
0.0
0.0
0.0
0.0
0.0
0.0
0.594595
0.0
0.0
0.0
0.0
0.285714
0.0625
0.0
0.166667
0.0
0.0
0.142857
0.0
0.0
0.0
0.189189
0.333333
0.0
0.0
0.0
0.0
0.0625
0.0
0.0
0.516129
0.0625
0.0
0.0
0.333333
0.0
0.0
0.411765
0.0
0.0
0.0
0.142857
0.0
0.0
0.0
0.0
0.0
0.268293
0.0
0.0
0.620253
0.0
0.25
0.0
0.0
0.090909
0.318182
0.25
0.0
0.0
0.0
0.0
0.333333
0.166667
0.189189
0.090909
0.0
0.0
0.0
0.0
0.0
0.0
0.0
0.0
0.558824
0.0
0.776119
0.705882
0.0
0.0
0.166667
0.0
0.0
0.491525
0.0
0.0
0.545455
0.0
0.142857
0.142857
0.0
0.411765
0.625
0.0
0.793103
0.0
0.0
0.0
0.0
0.0
0.0
0.0
0.0
0.387755
0.166667
0.0
0.318182
0.333333
0.0
0.090909
0.545455
0.0
0.0
0.0
0.0625
0.558824
0.4
0.0
0.0
0.117647
0.032258
0.0
0.210526
0.285714
0.0
0.333333
0.285714
0.032258
0.142857
0.189189
0.4
0.318182
0.0
0.0
0.268293
0.090909
0.0
0.0
0.0
0.0
0.0
0.230769
0.0
0.0
0.0
0.318182
0.0
0.0
0.0
0.117647
0.0
0.0
0.302326
0.516129
0.0
0.166667
0.117647
0.361702
0.302326
0.0
0.0
0.090909
0.117647
0.0
0.662921
0.904762
0.230769
0.25
0.0
0.0
0.0
0.0
0.0
0.0
0.0625
0.210526
0.189189
0.0
0.032258
0.0
0.0
0.647059
0.117647
0.0
0.0
0.361702
0.794521
0.032258
0.0
0.0
0.0
0.189189
0.565217
0.0
0.0
0.0
0.189189
0.508197
0.117647
0.0
0.032258
0.0
0.741379
0.0
0.0
0.0
0.583333
0.0
0.0
0.0
0.411765
0.0
0.659091
0.189189
0.0
0.0625
0.117647
0.423077
0.705882
0.0
0.0
0.0
0.0
0.545455
0.0625
0.347826
0.0
0.230769
0.0
0.7
0.0
0.0
0.210526
0.651163
0.0
0.0
0.032258
0.0
0.777778
0.0
0.0
0.0
0.0
0.117647
0.571429
0.0
0.0
0.0
0.032258
0.166667
0.0
0.230769
0.117647
0.647059
0.0
0.0
0.117647
0.333333
0.0
0.375
0.0
0.516129
0.0
0.634146
0.0
0.673913
0.545455
0.0
0.0
0.090909
0.0
0.302326
0.516129
0.0
0.0
0.0625
0.0
0.268293
0.166667
0.0
0.0
0.0
0.25
0.268293
0.25
0.0
0.347826
0.0
0.0
0.333333
0.0625
0.0
0.795918
0.0
0.52381
0.0
0.0
0.0
0.0
0.0
0.0
0.0
0.0
0.0
0.032258
0.318182
0.090909
0.0
0.974619
0.387755
0.0
0.0
0.117647
0.302326
0.189189
0.0
0.0
0.0
0.70297
0.0625
0.032258
0.0
0.25
0.5
0.0
0.0
0.0
0.0
0.0
0.0
0.615385
0.0
0.0
0.0
0.0
0.0
0.0625
0.0
0.454545
0.302326
0.166667
0.0
0.0
0.0
0.347826
0.210526
0.0
0.166667
0.0
0.719626
0.0
0.032258
0.0
0.0
0.0
0.0
0.0625
0.142857
0.347826
0.090909
0.189189
0.0
0.0
0.032258
0.0625
0.333333
0.0
0.0
0.875519
0.0
0.0
0.189189
0.0
0.571429
0.565217
0.117647
0.864253
0.411765
0.0
0.361702
0.0
0.285714
0.722222
0.951923
0.210526
0.88806
0.0
0.0
0.0
0.0
0.0
0.090909
0.0
0.0
0.0
0.032258
0.166667
0.0
0.285714
0.0
0.0
0.0625
0.0
0.0
0.605263
0.0625
0.0
0.0
0.142857
0.189189
0.361702
0.0625
0.0
0.53125
0.52381
0.0
0.302326
0.0
0.0
0.333333
0.0
0.0
0.0
0.72973
0.0
0.0
0.387755
0.0
0.74359
0.0
0.268293
0.032258
0.117647
0.0
0.0
0.61039
0.117647
0.142857
0.473684
0.0
0.53125
0.0
0.0
0.0
0.0
0.25
0.0
0.0
0.361702
0.318182
0.411765
0.0
0.0
0.0
0.482759
0.333333
0.5
0.0
0.0
0.0
0.0
0.508197
0.0
0.0
0.53125
0.302326
0.0
0.0
0.558824
0.0
0.189189
0.090909
0.302326
0.0
0.0
0.0
0.677419
0.361702
0.0
0.0
0.0
0.361702
0.0
0.0
0.117647
0.0
0.0
0.0
0.0
0.210526
0.0
0.0
0.538462
0.333333
0.589041
0.0
0.0
0.0
0.387755
0.0
0.0
0.0
0.0
0.0
0.189189
0.210526
0.0
0.0
0.0
0.423077
0.53125
0.117647
0.0
0.0
0.117647
0.361702
0.375
0.0
0.230769
0.411765
0.0
0.0
0.142857
0.166667
0.117647
0.62963
0.0
0.0
0.558824
0.0
0.387755
0.0625
0.464286
0.0
0.0
0.0
0.5
0.4
0.0
0.690722
0.166667
0.032258
0.508197
0.0
0.0
0.0
0.0625
0.0
0.565217
0.0
0.552239
0.0
0.0
0.090909
0.0
0.0
0.0
0.0
0.0
0.0
0.333333
0.302326
0.0
0.0
0.0
0.464286
0.0
0.0
0.0
0.705882
0.210526
0.387755
0.0
0.0
0.75
0.634146
0.0
0.433962
0.090909
0.0
0.0
0.0
0.0
0.0
0.0
0.0625
0.464286
0.0
0.318182
0.545455
0.25
0.318182
0.741379
0.166667
0.0
0.0
0.032258
0.577465
0.0
0.722222
0.0
0.0
0.387755
0.0
0.090909
0.454545
0.0
0.0
0.090909
0.6
0.423077
0.732143
0.491525
0.0
0.589041
0.0
0.0
0.0
0.230769
0.690722
0.0
0.0
0.0
0.69697
0.583333
0.0
0.361702
0.0
0.090909
0.0
0.0
0.210526
0.411765
0.318182
0.0
0.0
0.0
0.0
0.0
0.53125
0.0
0.0
0.0
0.0
0.0
0.0
0.0
0.0
0.375
0.741379
0.0
0.0
0.0
0.0
0.361702
0.0
0.806452
0.0
0.090909
0.0
0.0
0.210526
0.565217
0.032258
0.0
0.0
0.0
0.0
0.0
0.0
0.0
0.0
0.0
0.433962
0.0
0.0
0.0
0.0
0.0
0.387755
0.0625
0.0
0.552239
0.0
0.0
0.0
0.25
0.117647
0.0
0.0
0.0
0.0
0.0
0.79021
0.0
0.0
0.0
0.333333
0.0
0.230769
0.0
0.0
0.117647
0.0
0.0
0.0
0.0
0.0
0.0
0.032258
0.0
0.387755
0.0
0.0
0.0
0.285714
0.0
0.0
0.25
0.0
0.0625
0.032258
0.142857
0.189189
0.0
0.963548
0.0
0.268293
0.984359
0.724771
0.0
0.0
0.0
0.0
0.032258
0.0
0.0
0.0
0.0
0.0
0.0
0.52381
0.0
0.0
0.347826
0.0625
0.117647
0.0
0.0
0.0
0.0
0.0
0.0
0.0
0.347826
0.0
0.032258
0.0625
0.0
0.433962
0.0
0.0
0.0
0.0
0.0
0.285714
0.0
0.0
0.210526
0.0
0.0
0.0
0.0
0.117647
0.0
0.0
0.0
0.0625
0.0
0.454545
0.0
0.0
0.0
0.0
0.0
0.268293
0.0
0.032258
0.0
0.0
0.333333
0.625
0.0
0.0
0.0625
0.090909
0.0
0.0
0.142857
0.0625
0.090909
0.0625
0.454545
0.0
0.0
0.6875
0.0
0.0
0.090909
0.0
0.0
0.0
0.0
0.0
0.387755
0.0
0.0
0.0
0.090909
0.189189
0.032258
0.0
0.361702
0.268293
0.0
0.166667
0.268293
0.0
0.117647
0.0
0.166667
0.0
0.0
0.583333
0.142857
0.0
0.0
0.375
0.090909
0.0
0.0
0.090909
0.0
0.0
0.117647
0.0
0.0
0.0
0.0
0.0
0.333333
0.0
0.491525
0.615385
0.571429
0.0
0.0
0.268293
0.0
0.0
0.0
0.6875
0.0
0.090909
0.0625
0.0
0.0
0.0
0.032258
0.0
0.52381
0.117647
0.0
0.361702
0.0
0.0
0.0
0.62963
0.347826
0.0
0.53125
0.0
0.491525
0.741379
0.0
0.0
0.0
0.0
0.0
0.0
0.0
0.0
0.620253
0.0
0.0
0.0
0.0
0.0
0.0
0.117647
0.375
0.142857
0.0
0.642857
0.0
0.0
0.0
0.0
0.0
0.117647
0.0
0.166667
0.0
0.0625
0.620253
0.0
0.0
0.142857
0.285714
0.0
0.268293
0.0
0.0
0.0
0.0
0.0
0.0625
0.508197
0.0
0.0
0.210526
0.0
0.318182
0.0
0.189189
0.302326
0.0
0.0625
0.0
0.0
0.0
0.0
0.6
0.0
0.0
0.0
0.090909
0.230769
0.0
0.0
0.0
0.0
0.166667
0.142857
0.0
0.361702
0.0
0.0
0.705882
0.189189
0.444444
0.0
0.0
0.142857
0.0
0.0
0.0
0.0
0.0
0.0
0.0
0.0
0.0
0.0
0.0
0.210526
0.0
0.734513
0.0
0.230769
0.0
0.473684
0.0
0.032258
0.0
0.53125
0.558824
0.0
0.0
0.0
0.302326
0.117647
0.491525
0.0
0.0
0.0
0.0
0.0
0.0
0.0
0.0
0.0
0.361702
0.0
0.0
0.117647
0.0
0.464286
0.0
0.0
0.0
0.117647
0.302326
0.0
0.0
0.0
0.0625
0.0
0.708738
0.0
0.0
0.0
0.0
0.361702
0.117647
0.210526
0.090909
0.142857
0.0625
0.090909
0.0
0.0
0.090909
0.0
0.142857
0.516129
0.090909
0.0
0.0
0.302326
0.0
0.69697
0.0
0.0
0.0
0.834254
0.361702
0.0
0.0625
0.268293
0.268293
0.166667
0.53125
0.0625
0.53125
0.558824
0.0
0.625
0.032258
0.642857
0.142857
0.571429
0.716981
0.0
0.0
0.0
0.647059
0.0
0.930716
0.444444
0.0
0.0
0.347826
0.302326
0.090909
0.433962
0.0
0.0
0.0
0.387755
0.662921
0.464286
0.0
0.0
0.0
0.5
0.444444
0.411765
0.0
0.454545
0.387755
0.0
0.67033
0.0
0.25
0.268293
0.767442
0.0
0.268293
0.0
0.0
0.0
0.117647
0.0
0.0
0.0
0.0
0.189189
0.0
0.0
0.25
0.302326
0.0
0.0
0.0
0.61039
0.0
0.0
0.0
0.0
0.25
0.166667
0.620253
0.482759
0.0
0.0
0.0
0.090909
0.6
0.0
0.0
0.0
0.0
0.117647
0.0
0.0
0.558824
0.6875
0.0
0.693878
0.491525
0.0
0.0
0.0
0.387755
0.361702
0.0
0.0
0.166667
0.0
0.464286
0.758065
0.0
0.0
0.0
0.0
0.0
0.302326
0.0
0.090909
0.0
0.0
0.0
0.0
0.0
0.0
0.302326
0.4
0.0
0.0
0.0
0.090909
0.0
0.836066
0.210526
0.756098
0.0
0.142857
0.117647
0.0
0.772727
0.0
0.0625
0.0
0.285714
0.210526
0.347826
0.0
0.189189
0.285714
0.375
0.166667
0.302326
0.0
0.516129
0.0
0.0
0.0
0.0
0.577465
0.0
0.230769
0.090909
0.0
0.0
0.0
0.0
0.0
0.090909
0.848485
0.0
0.0
0.361702
0.0625
0.318182
0.659091
0.0
0.0
0.0
0.0
0.0
0.0
0.6
0.25
0.0
0.0625
0.0
0.516129
0.0
0.0
0.347826
0.0
0.464286
0.375
0.0
0.0
0.0
0.0
0.032258
0.0
0.318182
0.189189
0.433962
0.0
0.0
0.62963
0.0
0.0
0.0
0.0
0.166667
0.142857
0.423077
0.724771
0.375
0.0
0.285714
0.538462
0.0
0.772727
0.0
0.347826
0.0
0.0625
0.142857
0.117647
0.655172
0.0
0.0
0.0
0.0
0.0
0.0
0.0
0.0
0.0
0.189189
0.0
0.0
0.0
0.6
0.473684
0.230769
0.0
0.0
0.090909
0.0625
0.0
0.0
0.0625
0.0
0.0
0.0
0.0
0.0
0.375
0.0
0.0
0.0
0.625
0.0
0.361702
0.0
0.210526
0.0
0.0
0.210526
0.0
0.0
0.0
0.0
0.347826
0.508197
0.361702
0.0
0.318182
0.361702
0.411765
0.0
0.0
0.166667
0.0
0.142857
0.032258
0.0
0.454545
0.0
0.433962
0.032258
0.189189
0.0
0.166667
0.0
0.0
0.375
0.0
0.0
0.0
0.375
0.0
0.605263
0.318182
0.583333
0.0
0.0
0.210526
0.673913
0.0
0.0
0.0
0.0
0.0
0.0
0.0
0.0
0.25
0.0
0.268293
0.189189
0.684211
0.0
0.0
0.032258
0.0
0.189189
0.0
0.0
1.0
0.0
0.0
0.0
0.032258
0.0
0.433962
0.0
0.0
0.0
0.0
0.0
0.0
0.0
0.0
0.0
0.0
0.0
0.69697
0.0
0.0
0.0
0.0
0.210526
0.210526
0.090909
0.577465
0.0
0.473684
0.454545
0.318182
0.0
0.791667
0.747899
0.508197
0.571429
0.333333
0.230769
0.230769
0.594595
0.0
0.0625
0.0
0.0
0.0
0.0
0.361702
0.0
0.772727
0.565217
0.230769
0.0
0.52381
0.411765
0.0
0.189189
0.090909
0.0
0.302326
0.0625
0.347826
0.482759
0.032258
0.347826
0.0
0.0
0.166667
0.508197
0.142857
0.673913
0.0
0.0
0.842932
0.787234
0.0
0.0
0.0
0.482759
0.558824
0.0
0.0
0.347826
0.491525
0.411765
0.0
0.333333
0.0
0.375
0.0
0.302326
0.0
0.538462
0.0
0.142857
0.0625
0.0
0.0
0.0
0.0
0.333333
0.142857
0.0
0.0
0.0
0.25
0.0
0.0
0.0
0.0
0.387755
0.0
0.0
0.361702
0.166667
0.0
0.0
0.0
0.0
0.230769
0.0
0.0
0.423077
0.032258
0.0625
0.565217
0.615385
0.0
0.0
0.0
0.0
0.0
0.166667
0.0
0.0
0.0
0.117647
0.25
0.0
0.0
0.0
0.0
0.0
0.032258
0.090909
0.0
0.0
0.0
0.0
0.0625
0.210526
0.0
0.0
0.0
0.0
0.0
0.117647
0.92823
0.708738
0.0
0.117647
0.53125
0.615385
0.0
0.784173
0.0
0.0625
0.0
0.0
0.0
0.0
0.0
0.387755
0.302326
0.375
0.0
0.0
0.0
0.0
0.0
0.361702
0.5
0.090909
0.0
0.0
-0.034483
0.0
0.0625
0.0
0.189189
0.605263
0.0
0.0
0.230769
0.0
0.0
0.032258
0.0
0.032258
0.0
0.0
0.142857
0.0
0.473684
0.0
0.166667
0.189189
0.117647
0.166667
0.642857
0.0
0.693878
0.090909
0.117647
0.52381
0.0625
0.0
0.491525
0.032258
0.0
0.0
0.375
0.0
0.0
0.0
0.090909
0.0
0.0
0.0
0.0
0.0
0.0
0.0
0.0
0.0
0.0
0.142857
0.032258
0.0
0.53125
0.0
0.53125
0.0
0.4
0.0
0.491525
0.166667
0.285714
0.411765
0.577465
0.285714
0.0
0.0
0.545455
0.0
0.444444
0.347826
0.0
0.0
0.673913
0.0
0.0
0.0
0.117647
0.25
0.0
0.482759
0.0
0.0
0.0
0.0
0.0
0.0
0.268293
0.433962
0.032258
0.0
0.0
0.0
0.0
0.142857
0.708738
0.333333
0.0
0.0
0.0
0.117647
0.4
0.565217
0.0
0.230769
0.0
0.25
0.0
0.0
0.745763
0.117647
0.0
0.0
0.0
0.333333
0.0
0.0
0.0
0.032258
0.0
0.189189
0.0
0.785714
0.318182
0.473684
0.0
0.655172
0.268293
0.0
0.454545
0.605263
0.473684
0.464286
0.0
0.0
0.693878
0.0
0.423077
0.0
0.0
0.454545
0.166667
0.638554
0.333333
0.0
0.433962
0.690722
0.210526
0.0
0.433962
0.705882
0.0
0.268293
0.189189
0.375
0.0
0.0
0.032258
0.142857
0.52381
0.61039
0.508197
0.0
0.677419
0.0
0.0
0.0
0.0
0.032258
0.0
0.0
0.0
0.0
0.0
0.0
0.0
0.0
0.090909
0.605263
0.347826
0.0
0.387755
0.090909
0.0
0.230769
0.0
0.0
0.0625
0.0
0.0
0.0
0.0
0.0
0.662921
0.25
0.318182
0.0
0.0
0.189189
0.433962
0.0
0.0
0.0
0.62963
0.142857
0.411765
0.0
0.5
0.0
0.0
0.142857
0.117647
0.433962
0.302326
0.268293
0.0
0.0
0.0
0.0
0.0
0.333333
0.4
0.0
0.552239
0.0
0.0
0.0
0.508197
0.0
0.0
0.285714
0.0
0.473684
0.0
0.0
0.0
0.0
0.0
0.0
0.285714
0.0
0.166667
0.0
0.0
0.333333
0.210526
0.302326
0.0
0.423077
0.0625
0.0
0.210526
0.0
0.0
0.166667
0.032258
0.0
0.0
0.0
0.433962
0.166667
0.0
0.0625
0.491525
0.411765
0.0
0.0
0.0
0.0
0.52381
0.387755
0.0
0.210526
0.0625
0.0
0.0
0.491525
0.625
0.0
0.318182
0.0
0.302326
0.0
0.0
0.473684
0.0
0.0
0.0
0.0625
0.0
0.0
0.117647
0.090909
0.0
0.117647
0.090909
0.0
0.693878
0.0
0.0
0.0
0.0
0.0
0.032258
0.0
0.0
0.0
0.25
0.189189
0.0
0.0
0.0
0.538462
0.0
0.0
0.0
0.0
0.491525
0.0
0.318182
0.0
0.090909
0.0
0.0
0.166667
0.0
0.302326
0.0
0.142857
0.0
0.0
0.0
0.53125
0.268293
0.189189
0.491525
0.189189
0.375
0.166667
0.0
0.0
0.433962
0.433962
0.0
0.333333
0.0
0.0
0.285714
0.0
0.0
0.0
0.0
0.0
0.0
0.0
0.0
0.0
0.0
0.090909
0.166667
0.0
0.0
0.0
0.0
0.387755
0.0
0.230769
0.0
0.0
0.0
0.0
0.333333
0.0
0.117647
0.0
0.0
0.615385
0.516129
0.655172
0.0
0.302326
0.411765
0.0
0.0
0.090909
0.473684
0.142857
0.0
0.166667
0.0
0.210526
0.268293
0.565217
0.0
0.166667
0.0
0.0
0.4
0.0
0.0
0.090909
0.491525
0.347826
0.285714
0.333333
0.090909
0.361702
0.594595
0.0
0.210526
0.0
0.347826
0.73913
0.473684
0.090909
0.0
0.166667
0.945946
0.0
0.0
0.032258
0.0
0.0
0.979508
0.0625
0.0
0.0
0.142857
0.032258
0.166667
0.361702
0.5
0.0
0.0
0.482759
0.473684
0.189189
0.189189
0.0
0.142857
0.0
0.0625
0.708738
0.285714
0.210526
0.285714
0.508197
0.0
0.0
0.0
0.0
0.0
0.0
0.0
0.032258
0.0
0.0
0.0
0.0
0.090909
0.673913
0.0
0.0
0.0
0.0
0.210526
0.0
0.0
0.0
0.210526
0.0
0.0
0.189189
0.117647
0.142857
0.651163
0.0
0.0
0.361702
0.302326
0.0
0.571429
0.0
0.032258
0.0
0.482759
0.0625
0.142857
0.166667
0.166667
0.72973
0.0625
0.0625
0.0625
0.375
0.0625
0.0
0.0
0.189189
0.0625
0.75
0.0
0.0
0.0
0.0
0.736842
0.0
0.0
0.747899
0.0
0.0
0.142857
0.0
0.0
0.361702
0.769231
0.0
0.423077
0.0
0.142857
0.0
0.0
0.813665
0.0
0.677419
0.0
0.0
0.758065
0.0625
0.508197
0.0625
0.0
0.0
0.0
0.0
0.0
0.268293
0.433962
0.0
0.268293
0.0
0.302326
0.032258
0.333333
0.0
0.0
0.0
0.0
0.61039
0.444444
0.0625
0.444444
0.166667
0.0
0.0
0.0
0.0625
0.0
0.0
0.0
0.0
0.0
0.0
0.558824
0.0625
0.117647
0.230769
0.090909
0.0
0.142857
0.090909
0.032258
0.6
0.776119
0.0
0.117647
0.0
0.0
0.0
0.0
0.516129
0.577465
0.558824
0.0
0.0
0.0
0.0
0.210526
0.0
0.189189
0.25
0.0
0.0
0.0
0.142857
0.0
0.0
0.0
0.928401
0.0
0.333333
0.387755
0.25
0.0
0.090909
0.189189
0.0
0.0
0.0
0.0
0.0
0.268293
0.166667
0.0
0.230769
0.117647
0.032258
0.0
0.655172
0.0625
0.0
0.0
0.411765
0.361702
0.67033
0.032258
0.482759
0.0
0.189189
0.565217
0.638554
0.0
0.0
0.0
0.0
0.142857
0.090909
0.0
0.0
0.0
0.0
0.473684
0.0
0.788732
0.464286
0.736842
0.318182
0.0
0.655172
0.210526
0.0
0.117647
0.0
0.0
0.0
0.0
0.166667
0.0
0.0
0.189189
0.67033
0.5
0.0
0.0
0.0
0.318182
0.473684
0.0
0.0625
0.0
0.0
0.0
0.25
0.0
0.0
0.0
0.0
0.318182
0.268293
0.268293
0.0
0.0
0.781022
0.0
0.0
0.25
0.0
0.0
0.0
0.0
0.117647
0.0
0.117647
0.0
0.0
0.25
0.0
0.0
0.0
0.0
0.166667
0.0
0.0
0.0
0.0
0.347826
0.516129
0.0
0.0
0.0
0.673913
0.6
0.117647
0.090909
0.0
0.423077
0.117647
0.318182
0.0
0.0
0.0
0.0
0.090909
0.0
0.361702
0.090909
0.589041
0.0
0.0
0.189189
0.0
0.0
0.491525
0.0
0.210526
0.0
0.0
0.0625
0.411765
0.508197
0.0
0.166667
0.538462
0.0
0.464286
0.142857
0.842932
0.0
0.767442
0.433962
0.0
0.0
0.0
0.0
0.0
0.0
0.0
0.0
0.0
0.347826
0.5
0.0
0.0625
0.166667
0.565217
0.0
0.0
0.0
0.0
0.117647
0.433962
0.0
0.0
0.268293
0.142857
0.0
0.0
0.0
0.0
0.0
0.0
0.0
0.0
0.0
0.0
0.0
0.032258
0.0
0.0
0.318182
0.0625
0.166667
0.0
0.0
0.0
0.0
0.0
0.0
0.375
0.189189
0.0
0.166667
0.0
0.61039
0.0
0.0
0.433962
0.318182
0.0
0.117647
0.61039
0.0
0.268293
0.0
0.0
0.0
0.142857
0.0
0.464286
0.166667
0.0
0.454545
0.0
0.0
0.0
0.032258
0.756098
0.545455
0.0
0.0
0.0
0.482759
0.0
0.0
0.0
0.0
0.318182
0.0
0.454545
0.0
0.0
0.0
0.571429
0.0
0.0
0.0
0.0
0.0625
0.0
0.0
0.117647
0.0
0.52381
0.0
0.0
0.387755
0.0
0.0
0.25
0.0
0.0
0.0625
0.142857
0.090909
0.375
0.0
0.0
0.189189
0.0
0.0
0.0
0.444444
0.662921
0.166667
0.454545
0.61039
0.0
0.0
0.347826
0.882812
0.0
0.117647
0.0
0.142857
0.0
0.0
0.538462
0.0
0.0
0.0
0.032258
0.0
0.0
0.538462
0.0
0.0
0.090909
0.0
0.0
0.0
0.464286
0.0
0.647059
0.0
0.0
0.0
0.285714
0.0
0.0
0.0
0.0
0.117647
0.0
0.0
0.0
0.0
0.0
0.142857
0.0
0.0
0.0
0.090909
0.0
0.0
0.0
0.0
0.0
0.0
0.0
0.642857
0.0
0.090909
0.0
0.433962
0.347826
0.032258
0.0
0.0
0.0
0.0
0.0
0.230769
0.0
0.0
0.0
0.25
0.318182
0.0
0.318182
0.0
0.0
0.285714
0.0625
0.0
0.0625
0.285714
0.0
0.0
0.0
0.0
0.0
0.0625
0.0
0.0
0.0
0.166667
0.318182
0.0
0.0
0.0
0.0
0.0
0.090909
0.230769
0.577465
0.0
0.0
0.0
0.142857
0.0
0.268293
0.142857
0.0
0.0
0.0
0.0
0.0
0.302326
0.594595
0.0
0.5
0.0
0.387755
0.0
0.0
0.0
0.0
0.0
0.0
0.0
0.464286
0.0
0.0
0.0
0.210526
0.0
0.0
0.0
0.0
0.230769
0.0
0.0
0.0
0.0
0.0
0.454545
0.090909
0.0
0.0
0.0
0.0
0.0
0.0
0.0
0.0
0.0
0.117647
0.0
0.090909
0.0
0.0
0.577465
0.0
0.25
0.318182
0.454545
0.210526
0.268293
0.0
0.0625
0.0
0.0
0.0
0.0
0.0
0.411765
0.0
0.0
0.0
0.0
0.0
0.0
0.0
0.0
0.423077
0.0
0.210526
0.032258
0.0
0.0
0.0
0.117647
0.210526
0.0
0.032258
0.0
0.0
0.0
0.387755
0.375
0.0
0.0
0.0
0.0
0.0
0.0
0.411765
0.0625
0.0
0.090909
0.361702
0.0
0.0
0.0
0.0
0.61039
0.0
0.0
0.117647
0.0
0.52381
0.347826
0.0
0.25
0.268293
0.552239
0.189189
0.090909
0.032258
0.230769
0.268293
0.0
0.0
0.0
0.0
0.0
0.0
0.0
0.318182
0.0
0.0
0.6875
0.090909
0.0
0.680851
0.638554
0.0
0.444444
0.72973
0.464286
0.0
0.0
0.0625
0.0
0.0
0.0
0.0
0.0
0.0
0.090909
0.0
0.0
0.032258
0.268293
0.0
0.0
0.0
0.142857
0.333333
0.318182
0.558824
0.0
0.0
0.387755
0.0
0.0
0.0
0.0
0.318182
0.0
0.090909
0.684211
0.0
0.0
0.0
0.0
0.302326
0.0
0.423077
0.0
0.361702
0.0
0.0
0.0
0.361702
0.0
0.0
0.0
0.0
0.423077
0.285714
0.0
0.0
0.72973
0.0
0.347826
0.0
0.285714
0.0
0.230769
0.0
0.0
0.0
0.464286
0.142857
0.117647
0.0
0.0
0.117647
0.433962
0.032258
0.0
0.0
0.464286
0.0
0.090909
0.0
0.677419
0.0
0.552239
0.0
0.0
0.230769
0.166667
0.741379
0.230769
0.0
0.5
0.375
0.032258
0.166667
0.565217
0.032258
0.0
0.0
0.0
0.117647
0.0625
0.0
0.583333
0.0
0.0
0.433962
0.0
0.0
0.0
0.0
0.032258
0.0
0.142857
0.0
0.67033
0.090909
0.25
0.0
0.117647
0.0
0.032258
0.189189
0.758065
0.0
0.0
0.0
0.0
0.0
0.0
0.25
0.583333
0.302326
0.473684
0.473684
0.0
0.0
0.318182
0.0
0.0
0.0
0.0
0.0
0.0
0.0
0.0
0.166667
0.0
0.142857
0.142857
0.090909
0.189189
0.0
0.210526
0.62963
0.454545
0.285714
0.285714
0.0
0.285714
0.464286
0.142857
0.615385
0.189189
0.0
0.285714
0.454545
0.552239
0.166667
0.0
0.0
0.0
0.0
0.032258
0.473684
0.333333
0.0
0.433962
0.0
0.361702
0.0
0.0
0.0
0.0
0.508197
0.318182
0.0
0.0
0.777778
0.0
0.0
0.0
0.210526
0.166667
0.268293
0.302326
0.0
0.625
0.0
0.117647
0.684211
0.0
0.673913
0.0
0.0
0.090909
0.387755
0.589041
0.5
0.347826
0.0
0.0
0.0
0.0
0.0
0.318182
0.302326
0.0
0.0
0.545455
0.0
0.545455
0.0
0.538462
0.0
0.166667
0.473684
0.0
0.0
0.361702
0.189189
0.0
0.0
0.473684
0.0
0.0
0.0
0.411765
0.0
0.565217
0.4
0.0
0.25
0.0
0.0
0.189189
0.189189
0.230769
0.0
0.615385
0.0
0.210526
0.0
0.268293
0.0
0.516129
0.0
0.0
0.433962
0.4
0.210526
0.142857
0.0
0.0
0.285714
0.189189
0.473684
0.302326
0.0
0.142857
0.117647
0.302326
0.0
0.268293
0.73913
0.655172
0.53125
0.0625
0.0
0.716981
0.0
0.0
0.0
0.0
0.5
0.558824
0.693878
0.538462
0.0
0.558824
0.0
0.0
0.387755
0.25
0.0
0.0
0.0
0.361702
0.0
0.189189
0.0
0.0
0.0
0.117647
0.25
0.361702
