0.0
0.0
0.0
0.0
0.0
0.0
0.0
0.0
0.0
0.0
0.032258
0.0
0.0
0.0
0.117647
0.0
0.117647
0.0
0.0
0.142857
0.0
0.0
0.0625
0.090909
0.0
0.0
0.0
0.444444
0.693878
0.318182
0.0
0.0
0.0
0.552239
0.0
0.0
0.0
0.387755
0.67033
0.0
0.0
0.0
0.0
0.0
0.090909
0.25
0.25
0.333333
0.0
0.0
0.0
0.0
0.0
0.189189
0.0
0.423077
0.142857
0.375
0.0
0.0
0.0
0.032258
0.0
0.0
0.117647
0.0
0.230769
0.970385
0.0
0.774436
0.347826
0.0
0.166667
0.0
0.508197
0.0
0.0
0.0
0.166667
0.662921
0.0
0.0625
0.375
0.0
0.361702
0.0
0.0
0.0
0.0
0.230769
0.0
0.69697
0.690722
0.375
0.189189
0.0625
0.0
0.0625
0.7
0.0
0.0
0.318182
0.0
0.634146
0.0
0.76378
0.0
0.0
0.0
0.625
0.0
0.0
0.0
0.0
0.0
0.0
0.0
0.0
0.0
0.0
0.577465
0.0
0.0
0.189189
0.387755
0.565217
0.0
0.142857
0.0
0.0
0.0
0.0
0.387755
0.0
0.0
0.032258
0.302326
0.230769
0.0
0.0
0.0
0.433962
0.0625
0.516129
0.594595
0.0
0.53125
0.605263
0.0
0.0
0.142857
0.210526
0.0
0.0
0.090909
0.0
0.0
0.677419
0.189189
0.558824
0.464286
0.0
0.117647
0.0
0.142857
0.642857
0.903226
0.464286
0.0625
0.0
0.0
0.971154
0.166667
0.693878
0.0
0.0
0.0
0.0
0.0
0.0
0.0
0.0
0.0
0.0
0.0
0.0
0.0
0.166667
0.538462
0.0
0.0
0.5
0.0
0.0
0.615385
0.0
0.032258
0.0
0.189189
0.0
0.0
0.0
0.347826
0.0
0.444444
0.0
0.0
0.142857
0.347826
0.0
0.0
0.117647
0.0
0.0
0.0
0.0
0.0
0.166667
0.0
0.0
0.0
0.0
0.333333
0.0
0.0
0.69697
0.0
0.0
0.0
0.268293
0.0
0.4
0.444444
0.090909
0.605263
0.516129
0.545455
0.0
0.0
0.090909
0.0
0.166667
0.0
0.0
0.0
0.73913
0.0
0.210526
0.117647
0.0
0.318182
0.090909
0.0
0.090909
0.0
0.0
0.0
0.032258
0.0
0.285714
0.558824
0.0
0.0
0.166667
0.0
0.62963
0.508197
0.0
0.0
0.0
0.0625
0.090909
0.0
0.0
0.166667
0.0
0.0
0.230769
0.0
0.0
0.605263
0.0
0.318182
0.0
0.25
0.0
0.0
0.0
0.166667
0.0
0.0
0.0
0.0
0.473684
0.117647
0.361702
0.444444
0.0
0.268293
0.0625
0.0
0.0
0.0
0.605263
0.0
0.0
0.0625
0.189189
0.0
0.0
0.0
0.0
0.166667
0.0
0.0
0.0
0.117647
0.0
0.347826
0.5
0.0
0.333333
0.032258
0.0
0.0
0.625
0.0
0.0
0.166667
0.0
0.0
0.189189
0.662921
0.0
0.0
0.0
0.0
0.0
0.0
0.0
0.0
0.0
0.0
0.0
0.285714
0.0
0.0625
0.0
0.0
0.0
0.032258
0.0
0.53125
0.625
0.0
0.0
0.0
0.0
0.210526
0.0
0.0
0.0
0.0
0.032258
0.0
0.361702
0.0
0.142857
0.230769
0.0
0.0
0.230769
0.0
0.0
0.090909
0.0
0.268293
0.0
0.0
0.0
0.361702
0.189189
0.52381
0.722222
0.0
0.0625
0.285714
0.0
0.583333
0.189189
0.464286
0.0625
0.491525
0.347826
0.117647
0.0
0.4
0.0
0.0
0.0
0.0
0.0
0.0
0.0
0.0
0.0
0.25
0.0
0.142857
0.0
0.0
0.166667
0.0625
0.230769
0.714286
0.0
0.0
0.850746
0.347826
0.0
0.210526
0.0
0.142857
0.0
0.166667
0.25
0.0
0.87069
0.0
0.230769
0.285714
0.464286
0.690722
0.0
0.0
0.0
0.230769
0.0625
0.0
0.0
0.0
0.347826
0.0
0.0
0.032258
0.0
0.0
0.0
0.0
0.090909
0.0
0.0
0.516129
0.268293
0.142857
0.454545
0.0
0.0
0.0
0.0
0.53125
0.210526
0.210526
0.0
0.142857
0.117647
0.4
0.0
0.76378
0.4
0.53125
0.361702
0.583333
0.375
0.0
0.0
0.642857
0.0
0.0
0.0
0.583333
0.333333
0.464286
0.032258
0.230769
0.0625
0.0
0.0
0.361702
0.0
0.69697
0.0
0.0
0.0
0.142857
0.0
0.0
0.0
0.0
0.0
0.0
0.0
0.0
0.0
0.565217
0.0
0.0
0.0
0.0
0.117647
0.117647
0.117647
0.0625
0.0
0.0
0.552239
0.0
0.577465
0.090909
0.829545
0.210526
0.444444
0.508197
0.6
0.117647
0.0
0.302326
0.0
0.565217
0.0
0.545455
0.166667
0.0
0.0
0.090909
0.0
0.0
0.210526
0.0
0.0
0.53125
0.0
0.166667
0.230769
0.090909
0.625
0.0
0.0
0.0
0.558824
0.387755
0.032258
0.375
0.0
0.0
0.0
0.444444
0.25
0.189189
0.333333
0.589041
0.0
0.032258
0.142857
0.0
0.895105
0.0
0.4
0.0
0.142857
0.0
0.0
0.189189
0.0
0.268293
0.0
0.032258
0.552239
0.166667
0.0625
0.491525
0.0
0.0
0.0
0.0
0.0
0.0
0.142857
0.0
0.0
0.0
0.0625
0.433962
0.189189
0.090909
0.0
0.268293
0.615385
0.0
0.285714
0.0
0.594595
0.690722
0.032258
0.880478
0.491525
0.516129
0.318182
0.0
0.090909
0.0
0.0
0.0
0.0
0.0
0.802632
0.189189
0.0
0.0
0.0
0.411765
0.0
0.594595
0.117647
0.285714
0.0
0.268293
0.0
0.230769
0.0
0.0
0.0
0.0625
0.0
0.0
0.0
0.583333
0.0
0.0
0.166667
0.0
0.166667
0.0
0.508197
0.142857
0.090909
0.0
0.0
0.74359
0.0
0.70297
0.0
0.0
0.0
0.0
0.318182
0.0
0.0
0.0
0.0
0.0
0.53125
0.0
0.0
0.0
0.0
0.0
0.0
0.0
0.0
0.0
0.032258
0.090909
0.0625
0.0
0.0
0.0
0.0
0.0
0.0
0.0
0.318182
0.210526
0.0
0.0
0.142857
0.0
0.0
0.0
0.0
0.0
0.0
0.491525
0.651163
0.0
0.722222
0.0
0.0
0.832402
0.210526
0.0
0.0
0.583333
0.0
0.0
0.0
0.0
0.090909
0.0625
0.210526
0.166667
0.189189
0.565217
0.433962
0.333333
0.090909
0.189189
0.0
0.0
0.0
0.210526
0.0
0.25
0.0
0.0
0.571429
0.464286
0.166667
0.0625
0.705882
0.0
0.0
0.0
0.705882
0.558824
0.779412
0.0
0.090909
0.0
0.0
0.620253
0.0
0.583333
0.433962
0.0
0.0
0.0
0.577465
0.0
0.0
0.70297
0.0
0.0
0.0
0.0
0.0
0.0
0.0
0.714286
0.0
0.0
0.0
0.0
0.0
0.4
0.090909
0.0
0.0
0.268293
0.6875
0.0
0.375
0.61039
0.25
0.508197
0.0
0.0
0.0
0.387755
0.0
0.25
0.444444
0.0
0.594595
0.0
0.0
0.0
0.0
0.0
0.0
0.444444
0.0
0.333333
0.0
0.433962
0.318182
0.0
0.0625
0.0
0.25
0.268293
0.0
0.0
0.0
0.268293
0.0
0.0
0.0
0.0
0.0
0.117647
0.0
0.0
0.230769
0.0
0.0
0.0
0.0
0.0
0.0
0.0
0.333333
0.0
0.0
0.765625
0.0
0.0
0.268293
0.117647
0.0
0.0
0.0
0.0
0.032258
0.0
0.0
0.117647
0.0
0.571429
0.0625
0.0
0.117647
0.333333
0.538462
0.117647
0.210526
0.0
0.166667
0.411765
0.0
0.0
0.230769
0.0
0.0625
0.0
0.508197
0.285714
0.4
0.0
0.0
0.0
0.0
0.0
0.552239
0.189189
0.268293
0.0
0.0
0.0
0.333333
0.0
0.0
0.166667
0.0
0.166667
0.090909
0.0
0.090909
0.0
0.508197
0.117647
0.230769
0.117647
0.0
0.0
0.0
0.0
0.747899
0.0
0.0
0.0
0.538462
0.0
0.117647
0.0
0.166667
0.0
0.0
0.0
0.0
0.0
0.491525
0.090909
0.318182
0.0
0.0
0.0
0.189189
0.0
0.032258
0.318182
0.0
0.0
0.0
0.375
0.0
0.0
0.423077
0.0
0.117647
0.117647
0.032258
0.387755
0.0
0.0
0.0
0.0
0.387755
0.411765
0.491525
0.0
0.0
0.0
0.0625
0.0
0.52381
0.4
0.361702
0.268293
0.25
0.0
0.0
0.0
0.0
0.333333
0.117647
0.638554
0.0
0.0
0.0
0.423077
0.0
0.0
0.0
0.0
0.0
0.0
0.0
0.0
0.545455
0.0
0.0
0.0
0.0
0.0
0.0
0.0
0.142857
0.571429
0.0
0.268293
0.032258
0.0
0.0
0.0
0.0
0.0
0.0
0.0
0.0
0.577465
0.166667
0.0
0.0
0.433962
0.189189
0.0
0.0
0.0
0.0
0.0
0.0
0.0
0.0
0.032258
0.0
0.166667
0.0
0.0
0.0
0.302326
0.032258
0.0
0.0
0.0
0.565217
0.594595
0.285714
0.0
0.0
0.0
0.0
0.0
0.545455
0.0
0.680851
0.0
0.268293
0.0
0.0
0.0
0.142857
0.0
0.491525
0.387755
0.0
0.0
0.0
0.285714
0.0
0.090909
0.0
0.0
0.0
0.454545
0.0
0.0
0.0
0.0
0.444444
0.0
0.0
0.6
0.0
0.0625
0.0
0.0
0.724771
0.0
0.117647
0.0
0.0
0.423077
0.189189
0.0
0.0
0.0
0.444444
0.0
0.0625
0.230769
0.166667
0.0
0.0
0.268293
0.0
0.0
0.642857
0.0
0.347826
0.0625
0.0
0.444444
0.482759
0.565217
0.684211
0.0
0.0
0.0
0.333333
0.0
0.473684
0.896194
0.0
0.0
0.0
0.0
0.0
0.318182
0.594595
0.361702
0.788732
0.0
0.210526
0.090909
0.0
0.0
0.538462
0.142857
0.0
0.0
0.516129
0.318182
0.387755
0.0
0.0
0.302326
0.0
0.166667
0.0
0.6
0.0
0.411765
0.090909
0.61039
0.166667
0.565217
0.464286
0.387755
0.333333
0.433962
0.571429
0.0
0.0
0.0
0.0
0.0
0.0
0.0
0.444444
0.0
0.347826
0.0
0.0
0.411765
0.0
0.0
0.433962
0.0
0.0
0.0
0.0
0.0
0.0
0.0
0.0
0.361702
0.464286
0.0
0.0
0.0
0.0
0.0
0.0
0.361702
0.318182
0.0
0.230769
0.268293
0.0
0.0
0.361702
0.302326
0.0
0.0
0.0
0.032258
0.333333
0.166667
0.0
0.302326
0.302326
0.61039
0.0
0.433962
0.0
0.0
0.285714
0.0
0.0625
0.634146
0.0
0.62963
0.230769
0.117647
0.0
0.0
0.0
0.0
0.0
0.375
0.210526
0.0
0.0
0.716981
0.0
0.0
0.0
0.583333
0.666667
0.142857
0.0
0.0
0.0
0.0
0.0
0.142857
0.0
0.605263
0.117647
0.0
0.230769
0.0
0.0
0.117647
0.0
0.0
0.482759
0.0
0.5
0.0
0.0
0.0
0.0
0.0
0.0
0.25
0.0
0.0
0.318182
0.0
0.25
0.0
0.375
0.72973
0.0
0.666667
0.302326
0.5
0.0
0.0
0.0
0.210526
0.142857
0.0
0.0
0.333333
0.0
0.0
0.0
0.117647
0.0
0.0
0.0
0.0
0.491525
0.552239
0.142857
0.0
0.0
0.482759
0.0
0.268293
0.0
0.0
0.0
0.0
0.0
0.0
0.61039
0.0
0.318182
0.423077
0.0
0.0
0.0
0.0
0.361702
0.0625
0.0
0.0
0.0
0.0
0.0625
0.0
0.285714
0.0
0.032258
0.0
0.620253
0.0
0.444444
0.302326
0.090909
0.268293
0.0
0.0
0.0
0.491525
0.0
0.0
0.0
0.117647
0.0
0.387755
0.285714
0.0
0.6875
0.651163
0.642857
0.0
0.0
0.090909
0.705882
0.375
0.0
0.285714
0.117647
0.268293
0.0
0.0
0.0
0.117647
0.268293
0.230769
0.142857
0.0
0.516129
0.491525
0.0
0.0
0.0
0.0
0.0
0.142857
0.210526
0.285714
0.0
0.0
0.0
0.0625
0.0
0.0
0.090909
0.0
0.0
0.538462
0.0
0.0
0.0
0.333333
0.0
0.0
0.0625
0.454545
0.433962
0.0
0.032258
0.0
0.361702
0.594595
0.166667
0.0
0.0
0.0
0.032258
0.482759
0.0
0.0
0.166667
0.0
0.210526
0.25
0.52381
0.0
0.032258
0.25
0.0
0.0
0.0
0.361702
0.0
0.0
0.0
0.0
0.189189
0.0
0.0
0.0
0.0
0.0
0.0
0.647059
0.0
0.361702
0.032258
0.117647
0.387755
0.347826
0.0
0.0
0.189189
0.0
0.0
0.0
0.0
0.0625
0.0
0.0
0.0
0.473684
0.0
0.117647
0.0
0.0
0.0
0.0
0.0
0.333333
0.032258
0.0
0.423077
0.0
0.166667
0.0
0.583333
0.53125
0.189189
0.0
0.638554
0.117647
0.166667
0.473684
0.0
0.0
0.142857
0.090909
0.545455
0.0
0.594595
0.032258
0.0
0.0
0.788732
0.0
0.0
0.0
0.0
0.0
0.0
0.0
0.268293
0.0
0.0
0.620253
0.032258
0.230769
0.0
0.0
0.0
0.0
0.538462
0.166667
0.0
0.651163
0.6
0.552239
0.0
0.0
0.411765
0.565217
0.0
0.166667
0.090909
0.361702
0.61039
0.0
0.6
0.302326
0.0
0.62963
0.090909
0.0
0.752066
0.0
0.0
0.693878
0.473684
0.032258
0.0
0.189189
0.189189
0.0
0.0
0.0
0.433962
0.0
0.0
0.4
0.0
0.0
0.907407
0.53125
0.0
0.677419
0.0625
0.0
0.0
0.189189
0.302326
0.333333
0.0
0.387755
0.491525
0.0
0.454545
0.090909
0.4
0.0
0.347826
0.0
0.4
0.0
0.0
0.0
0.52381
0.0
0.0
0.0
0.0
0.565217
0.0
0.090909
0.268293
0.0
0.117647
0.0
0.25
0.454545
0.0
0.230769
0.0
0.210526
0.117647
0.0
0.090909
0.361702
0.552239
0.0
0.0
0.230769
0.0
0.375
0.605263
0.0
0.0
0.0
0.0
0.0
0.0
0.142857
0.0
0.0
0.142857
0.0
0.090909
0.0
0.0
0.361702
0.0
0.0
0.0
0.0
0.0
0.0
0.673913
0.0
0.0
0.0
0.0
0.347826
0.0
0.0
0.117647
0.0
0.090909
0.0
0.0
0.0
0.0
0.0
0.0
0.142857
0.0625
0.677419
0.090909
0.0
0.444444
0.0
0.673913
0.0
0.0
0.830508
0.0
0.0
0.0
0.801325
0.0
0.433962
0.0
0.210526
0.0
0.0
0.0
0.268293
0.0
0.25
0.0
0.0
0.0
0.361702
0.189189
0.302326
0.0
0.0
0.464286
0.0625
0.032258
0.0
0.0
0.805195
0.0
0.0
0.0
0.375
0.0625
0.0
0.0
0.210526
0.0
0.0
0.25
0.0
0.142857
0.090909
0.0625
0.0
0.0
0.0
0.0
0.0
0.0
0.0
0.117647
0.0
0.0
0.285714
0.444444
0.0
0.0
0.0625
0.53125
0.0
0.589041
0.0
0.0
0.0
0.25
0.0
0.142857
0.719626
0.0
0.0
0.0
0.0
0.0
0.0
0.285714
0.0
0.0625
0.210526
0.0
0.516129
0.0
0.189189
0.798658
0.0
0.0
0.0
0.0
0.6
0.433962
0.4
0.0625
0.0
0.375
0.0
0.5
0.0
0.0
0.0
0.032258
0.0
0.0
0.142857
0.0
0.387755
0.142857
0.166667
0.090909
0.0
0.189189
0.615385
0.0
0.0
0.0
0.25
0.680851
0.516129
0.0
0.0
0.210526
0.0
0.411765
0.70297
0.0
0.62963
0.090909
0.433962
0.0
0.285714
0.189189
0.651163
0.571429
0.491525
0.0
0.62963
0.605263
0.230769
0.53125
0.5
0.0
0.117647
0.69697
0.0
0.032258
0.0
0.0
0.552239
0.0
0.0625
0.142857
0.411765
0.032258
0.268293
0.0
0.302326
0.142857
0.361702
0.491525
0.0625
0.0625
0.302326
0.516129
0.0625
0.655172
0.0
0.565217
0.0
0.210526
0.4
0.189189
0.0
0.62963
0.0
0.090909
0.482759
0.347826
0.25
0.0
0.347826
0.0
0.0625
0.0
0.411765
0.0
0.625
0.318182
0.0
0.0
0.230769
0.166667
0.423077
0.285714
0.210526
0.0
0.318182
0.285714
0.5
0.0
0.347826
0.25
0.0
0.0
0.538462
0.285714
0.516129
0.52381
0.552239
0.4
0.0
0.347826
0.0
0.777778
0.032258
0.361702
0.0
0.0
0.0
0.0
0.508197
0.0
0.117647
0.0
0.25
0.302326
0.230769
0.464286
0.0
0.0
0.0
0.0
0.0
0.0
0.318182
0.423077
0.0
0.0
0.638554
0.0
0.411765
0.333333
0.53125
0.0
0.0
0.538462
0.142857
0.090909
0.090909
0.0
0.0
0.0625
0.268293
0.285714
0.285714
0.516129
0.508197
0.0
0.387755
0.423077
0.4
0.0
0.0625
0.583333
0.0
0.0
0.0625
0.117647
0.545455
0.117647
0.117647
0.189189
0.516129
0.0
0.411765
0.558824
0.0
0.0
0.0
0.411765
0.577465
0.0
0.166667
0.0
0.0
0.302326
0.0
0.032258
0.0625
0.230769
0.0
0.318182
0.0
0.0
0.53125
0.0
0.0
0.491525
0.387755
0.0
0.0
0.230769
0.0
0.0625
0.545455
0.0
0.0
0.0
0.0
0.117647
0.0
0.0
0.0
0.0
0.0
0.268293
0.454545
0.0
0.0
0.285714
0.0
0.318182
0.0
0.0
0.0
0.142857
0.189189
0.0625
0.0
0.375
0.0
0.375
0.032258
0.25
0.117647
0.558824
0.0
0.52381
0.0
0.090909
0.0
0.0
0.0
0.0
0.0
0.0
0.0
0.0
0.0
0.0
0.0
0.0
0.0
0.473684
0.0
0.0
0.0
0.117647
0.0
0.302326
0.090909
0.0
0.552239
0.142857
0.0
0.0
0.0
0.53125
0.0
0.605263
0.0
0.0
0.210526
0.516129
0.5
0.565217
0.454545
0.166667
0.482759
0.0
0.090909
0.0
0.268293
0.0625
0.090909
0.117647
0.25
0.142857
0.0
0.090909
0.032258
0.117647
0.0
0.0
0.0
0.268293
0.0
0.090909
0.25
0.0
0.285714
0.61039
0.454545
0.25
0.482759
0.0
0.0
0.464286
0.0
0.0
0.166667
0.0
0.758065
0.747899
0.166667
0.0
0.0
0.117647
0.142857
0.8
0.411765
0.0
0.285714
0.210526
0.375
0.0
0.0
0.62963
0.0
0.0
0.0
0.62963
0.032258
0.189189
0.4
0.189189
0.565217
0.0
0.0
0.0
0.0
0.230769
0.0
0.333333
0.0
0.0
0.0
0.166667
0.73913
0.464286
0.090909
0.0
0.0
0.0
0.516129
0.375
0.166667
0.482759
0.647059
0.571429
0.347826
0.0
0.0
0.090909
0.0625
0.0
0.473684
0.552239
0.0
0.0
0.0
0.0
0.0
0.0
0.0
0.0
0.0
0.0
0.0
0.552239
0.032258
0.0
0.0
0.166667
0.166667
0.268293
0.0
0.166667
0.0
0.142857
0.0
0.0
0.655172
0.0
0.491525
0.0625
0.433962
0.0
0.142857
0.482759
0.0
0.189189
0.347826
0.166667
0.625
0.318182
0.680851
0.508197
0.0
0.189189
0.0
0.0
0.268293
0.347826
0.558824
0.0
0.0
0.0
0.0
0.0
0.032258
0.0
0.0
0.0
0.0
0.0
0.0
0.693878
0.0
0.558824
0.0
0.0
0.0
0.0
0.0
0.0
0.0
0.0
0.0
0.0
0.0
0.0
0.0
0.0
0.0
0.0
0.117647
0.210526
0.0
0.0
0.0
0.0625
0.032258
0.117647
0.0
0.166667
0.0
0.166667
0.189189
0.0
0.166667
0.285714
0.0
0.53125
0.318182
0.285714
0.302326
0.0
0.166667
0.0
0.0
0.0
0.142857
0.508197
0.0
0.090909
0.62963
0.032258
0.0
0.0
0.0
0.032258
0.0
0.0
0.0
0.0
0.433962
0.0
0.0
0.0
0.117647
0.032258
0.0
0.0
0.0
0.0
0.0
0.411765
0.0
0.0625
0.0
0.0
0.117647
0.230769
0.0
0.285714
0.0
0.482759
0.318182
0.0
0.0625
0.0
0.0
0.0
0.0
0.117647
0.0
0.0
0.0
0.0
0.491525
0.347826
0.166667
0.577465
0.0
0.0
0.0
0.0
0.0
0.0
0.0
0.0
0.0
0.0
0.0
0.0
0.189189
0.189189
0.189189
0.0
0.0
0.605263
0.0
0.0
0.0
0.0
0.411765
0.142857
0.117647
0.0
0.387755
0.142857
0.090909
0.387755
0.032258
0.0625
0.482759
0.61039
0.25
0.464286
0.0
0.0
0.0
0.0
0.620253
0.166667
0.0
0.117647
0.52381
0.491525
0.0
0.032258
0.302326
0.794521
0.0
0.464286
0.516129
0.0
0.347826
0.142857
0.0
0.0
0.7
0.0
0.0
0.0
0.230769
0.0
0.0
0.6
0.0
0.333333
0.0
0.0
0.594595
0.454545
0.482759
0.302326
0.0
0.0
0.0
0.0
0.0
0.552239
0.552239
0.0
0.615385
0.117647
0.620253
0.032258
0.0625
0.538462
0.090909
0.25
0.142857
0.0
0.727273
0.0
0.0
0.0
0.361702
0.0
0.0
0.0
0.166667
0.375
0.0
0.0625
0.0
0.333333
0.5
0.0
0.0
0.516129
0.433962
0.0
0.0
0.5
0.0
0.0
0.25
0.0
0.210526
0.0
0.0
0.0
0.0
0.090909
0.0
0.347826
0.0
0.230769
0.0
0.784173
0.25
0.090909
0.0
0.4
0.0
0.423077
0.0
0.0
0.0
0.0
0.0
0.0
0.69697
0.0
0.0
0.032258
0.0
0.0
0.117647
0.0
0.032258
0.230769
0.230769
0.166667
0.0
0.0
0.032258
0.230769
0.268293
0.189189
0.375
0.166667
0.594595
0.0
0.0
0.782609
0.0
0.552239
0.565217
0.333333
0.0
0.0
0.473684
0.0
0.565217
0.0
0.0
0.032258
0.0
0.0
0.4
0.0
0.69697
0.0
0.117647
0.0
0.210526
0.0
0.0
0.166667
0.444444
0.0
0.0
0.0
0.347826
0.0
0.142857
0.0
0.25
0.734513
0.813665
0.815951
0.0
0.0
0.361702
0.142857
0.189189
0.0
0.0
0.0
0.142857
0.0
0.0
0.166667
0.454545
0.659091
0.0
0.285714
0.0
0.0
0.0
0.375
0.117647
0.0
0.0
0.464286
0.0
0.189189
0.651163
0.464286
0.0
0.0
0.0
0.25
0.423077
0.090909
0.0625
0.189189
0.0
0.482759
0.0
0.0
0.0
0.0
0.0
0.0
0.268293
0.142857
0.0
0.0625
0.0
0.0
0.0
0.0
0.0
0.166667
0.0
0.0
0.0
0.0
0.0
0.0
0.375
0.0
0.4
0.0
0.752066
0.0
0.0
0.0
0.0625
0.0
0.090909
0.0
0.642857
0.0
0.230769
0.0
0.0
0.0
0.0
0.0625
0.0
0.0
0.0
0.0
0.210526
0.0
0.0
0.268293
0.0
0.0
0.0
0.0
0.0
0.0
0.142857
0.0
0.0
0.0
0.454545
0.433962
0.0
0.0
0.0
0.0
0.0
0.0
0.0
0.0
0.0
0.189189
0.0
0.565217
0.0
0.230769
0.090909
0.0
0.0
0.166667
0.117647
0.0
0.482759
0.673913
0.0
0.0
0.0
0.0
0.0
0.166667
0.583333
0.491525
0.0
0.482759
0.482759
0.0
0.0
0.0
0.0
0.230769
0.545455
0.482759
0.0
0.0
0.0
0.0625
0.0
0.0
0.0
0.0
0.0
0.285714
0.285714
0.0
0.0
0.117647
0.0
0.0
0.090909
0.25
0.0
0.210526
0.594595
0.0
0.0
0.210526
0.166667
0.0
0.0
0.491525
0.0
0.705882
0.0
0.0
0.0
0.0
0.0
0.230769
0.423077
0.5
0.0
0.433962
0.0
0.166667
0.0
0.0
0.444444
0.0
0.0
0.0
0.230769
0.25
0.0
0.0
0.0
0.032258
0.142857
0.0
0.0
0.0
0.318182
0.166667
0.0
0.361702
0.0
0.0
0.0
0.032258
0.0
0.0
0.25
0.166667
0.0
0.0
0.268293
0.032258
0.285714
0.142857
0.166667
0.117647
0.268293
0.464286
0.0
0.0
0.0
0.0
0.4
0.0
0.0
0.302326
0.189189
0.0
0.032258
0.803922
0.577465
0.634146
0.032258
0.387755
0.0
0.268293
0.565217
0.0625
0.732143
0.76378
0.0
0.805195
0.285714
0.302326
0.0
0.0
0.558824
0.210526
0.0
0.0
0.0
0.0
0.090909
0.210526
0.538462
0.6
0.032258
0.62963
0.210526
0.0
0.0
0.491525
0.0
0.0
0.4
0.722222
0.0
0.0
0.0
0.0
0.0
0.0
0.0
0.0
0.0
0.0
0.166667
0.473684
0.0
0.0
0.189189
0.0
0.230769
0.0
0.0
0.6875
0.375
0.210526
0.53125
0.0
0.0625
0.333333
0.166667
0.0
0.0
0.0
0.0
0.4
0.0
0.0
0.0
0.0
0.0
0.142857
0.0
0.0
0.318182
0.0
0.0
0.0
0.090909
0.117647
0.0
0.0625
0.090909
0.0
0.032258
0.0
0.464286
0.0
0.0
0.651163
0.538462
0.767442
0.0625
0.473684
0.0
0.0
0.375
0.0
0.0
0.268293
0.4
0.0
0.0625
0.0
0.0
0.0
0.482759
0.0
0.491525
0.0
0.72973
0.0
0.285714
0.0
0.0
0.090909
0.0
0.0
0.0
0.210526
0.0
0.0
0.558824
0.0
0.189189
0.0
0.0
0.545455
0.0
0.659091
0.0
0.0
0.189189
0.508197
0.491525
0.0
0.0
0.867257
0.0
0.620253
0.0
0.0
0.0
0.090909
0.166667
0.25
0.302326
0.166667
0.0
0.268293
0.5
0.732143
0.0
0.0
0.0
0.651163
0.0
0.0
0.0
0.0
0.032258
0.0
0.0
0.0
0.0
0.318182
0.0
0.0
0.032258
0.767442
0.0625
0.230769
0.662921
0.189189
0.230769
0.625
0.0
0.0
0.0
0.0
0.615385
0.0
0.166667
0.0
0.4
0.577465
0.433962
0.0
0.0
0.0
0.0625
0.210526
0.0
0.0
0.0625
0.387755
0.090909
0.0625
0.0
0.0
0.0
0.0625
0.690722
0.0
0.090909
0.0
0.491525
0.318182
0.0
0.673913
0.0
0.0
0.387755
0.0
0.0
0.6
0.090909
0.032258
0.61039
0.411765
0.0
0.0
0.0
0.0
0.727273
0.0
0.634146
0.285714
0.387755
0.651163
0.0
0.0
0.090909
0.0
0.0
0.0
0.0
0.756098
0.0
0.5
0.166667
0.0
0.0
0.0
0.230769
0.032258
0.032258
0.117647
0.0
0.166667
0.0
0.0
0.0
0.0625
0.0
0.0
0.0625
0.0
0.142857
0.0
0.333333
0.375
0.0
0.117647
0.0
0.4
0.166667
0.0
0.0625
0.464286
0.53125
0.411765
0.0
0.0
0.230769
0.117647
0.090909
0.0
0.0
0.0
0.0
0.0
0.769231
0.0
0.411765
0.142857
0.0
0.230769
0.0
0.565217
0.0
0.302326
0.0
0.0
0.333333
0.347826
0.454545
0.52381
0.347826
0.117647
0.285714
0.724771
0.655172
0.0
0.0
0.0625
0.0
0.0
0.0
0.318182
0.558824
0.0
0.117647
0.0
0.032258
0.387755
0.516129
0.0
0.0
0.117647
0.0
0.0
0.0
0.117647
0.0
0.0
0.673913
0.516129
0.0
0.0
0.0
0.0
0.0
0.166667
0.558824
0.318182
