0.9889515873333333
0.9857398946666667
1.0002951526666668
0.9975073266666666
1.0108540653333333
1.006813872
0.9711956979999999
1.0080308153333333
1.0070971686666668
1.0022559206666666
0.9726142566666668
1.0115325706666667
1.006754872
0.8488580933333333
0.9024841713333334
1.016211548
0.5931824646666667
0.8704750246666667
0.897130476
0.8694617793333334
0.920373144
0.7868690426666667
0.813379156
0.9070010233333334
1.0013913026666668
1.0124863966666666
0.8539466346666666
0.5538855846666667
0.306255088
0.6008501913333334
0.968436464
0.9719979393333333
1.013489852
0.4477072206666667
1.003907508
1.0299434773333334
0.978218762
0.602861656
0.32996583533333335
0.9694419846666666
0.8800170666666667
1.0069082866666665
0.9724931326666667
1.027872992
0.6227117233333334
0.7557304506666666
0.7671159786666667
0.6203865773333334
1.1624671273333333
1.0060356266666666
1.0358054493333333
1.008930642
0.8134330726666668
0.821743812
1.010532986
0.5748197966666667
0.8428445573333333
0.6233850713333333
0.9121150393333334
1.0356181313333332
0.7818769366666667
0.7961309586666666
0.9967433966666668
0.9407853366666666
0.8807659946666666
1.006813872
0.7756498793333334
0.029760915333333336
0.811956802
0.227788094
0.6535897946666667
1.0159110853333333
0.7188951686666666
1.0464554966666666
0.48555118599999997
1.001111206
0.8540400273333333
0.8261379526666667
0.849613724
0.33719473
0.8600599333333333
0.7086527733333334
0.6308799033333333
1.0287223613333334
0.6474515986666667
1.0008196053333334
1.0046824633333333
0.99955021
1.00031845
0.770826342
1.0008545886666667
0.3044381173333333
0.30764919133333335
0.628884588
0.718889152
0.6126477846666667
1.0026770853333333
0.93484694
0.2990185086666667
0.9965468160000001
1.003755006
0.6678381466666666
1.007510596
0.36288853866666665
1.032729552
0.23805119666666666
0.8640046866666666
0.8703515466666666
1.007309746
0.37734567133333335
1.0064010159999999
1.00205716
0.8645786373333334
0.9861246486666667
1.218257636
1.0359303653333334
1.0048705113333334
0.8462156033333333
0.835417964
1.0084450093333333
0.4188802106666667
0.8254790113333333
0.9650093906666666
0.8005829286666667
0.49518271733333336
0.4385976306666666
1.018211134
0.8457407026666667
1.1350336406666668
0.8960449166666667
0.8408561913333333
0.918591688
0.614985616
0.8845207273333334
0.8908964613333332
0.9735733006666666
0.7085358679999999
0.7552321186666666
0.9175516026666666
0.941569066
1.0019636526666666
0.5664427646666667
0.9353457313333333
0.483904536
0.40648365733333336
0.8550601826666666
0.47026390799999995
0.39775765733333335
0.9004218693333333
1.0000855253333334
0.7834243466666667
0.795526366
0.9916230406666667
0.9692122793333333
0.9130457686666666
1.007120784
0.9739707006666666
0.324881604
0.8312705853333333
0.44352772933333334
0.535812682
0.9749102933333333
0.9008940413333333
1.0172103586666668
0.6557101873333333
0.34158476600000004
0.08208878466666666
0.532289892
0.9718329873333333
0.9615526666666666
0.9736505480000001
0.028821676
0.8217045086666667
0.306954396
0.9988760633333333
1.0022208393333334
1.0029229286666668
0.9990735633333334
1.008978046
1.0094760546666666
0.9992827666666667
0.8599135666666666
0.8174739566666667
0.8101037006666667
1.0096421666666666
0.9983768513333333
0.9998759853333332
0.8219875786666666
0.42130033133333333
0.9968475
0.9718659733333334
0.532563802
1.0353809593333334
1.003907508
0.38526969466666666
0.9697703233333334
1.0045297260000001
1.0108778573333335
0.8165647546666668
0.9238773666666666
0.9984464786666667
0.7871502553333333
0.6480279573333333
0.88514051
0.5644254573333334
0.9988179893333333
0.998121634
0.7057706506666667
0.6390084206666667
0.9988179893333333
1.0032509073333333
0.875353822
1.0028409673333334
1.0106994459999998
0.8704132813333334
1.005517464
0.8501013986666667
0.8229798606666666
0.9985857633333334
1.0025483586666666
1.0017065980000002
0.827180112
0.600476372
1.005493924
0.9681744973333333
0.300710108
0.830651626
0.733154774
1.00813729
0.7301882513333333
0.99814483
0.6028658873333334
0.5537606106666666
0.8893560753333333
0.370808818
0.37845456266666666
0.37391110466666666
0.7553250906666668
1.0036494553333333
0.8854050933333333
1.0089187913333333
0.8221685306666666
1.002010404
1.006754872
0.998841218
0.26040205266666666
0.8638482866666667
0.4614101633333333
0.869505784
0.997171516
0.6741168993333333
0.8962692993333333
1.0254679213333333
0.8886476306666666
1.1419444566666666
0.8054624266666667
0.9345926593333334
0.880603468
1.0078061093333335
0.7153390673333333
0.44348880133333335
1.0051527153333333
1.0051997653333333
0.6153380513333333
1.0063774346666667
0.3708584466666667
0.4903350513333333
0.9964080999999999
1.0338979806666666
0.8310936453333334
0.9061399193333334
0.8958393306666667
1.0049763193333334
0.8368014840000001
0.8222787146666666
1.03851036
0.8689955986666668
0.7761615033333332
0.9033383380000001
1.0316876560000001
0.40078078600000006
1.0168611533333334
0.7125678846666667
0.8265433666666666
0.7518739739999999
0.9882120693333333
0.9551694733333334
0.8348658366666667
0.8222314893333333
1.0088003046666667
0.92403638
1.0006447266666667
0.953060534
0.5435360226666667
0.875612586
0.6443965273333333
0.5602216506666667
1.0345828626666667
0.682732428
1.03315187
0.9394272173333333
1.0058706986666666
0.8545923086666667
0.39858635733333336
1.0247828246666666
0.9282100853333333
0.8497313873333333
0.8191109473333332
0.9965930633333334
0.984993876
0.9945507226666667
1.0126176886666667
0.8219167926666667
0.9237084746666666
0.9671933826666667
1.000574792
0.5841267673333334
0.7796132393333334
0.6089906273333333
0.4985423526666667
0.8902593679999999
0.6639922233333333
0.8316730013333334
1.0074278833333332
0.9699017206666667
0.354950108
0.8402475366666666
1.0021857606666666
0.821995444
1.005282112
0.8274988526666666
0.8216259126666667
0.33354694733333334
1.0052585833333332
1.0080071573333333
1.03004228
1.012331278
0.9955766153333334
0.9981680273333333
0.9966393146666666
1.002864384
0.8790534593333333
1.0081727866666668
0.725568642
0.6733665126666667
0.9910052713333333
0.5120462686666667
1.0074869626666667
0.9642835839999999
0.79980769
0.9604345573333334
1.0333382966666667
0.39028481400000004
0.37585145200000003
1.0079243633333335
0.8712873233333334
0.7230889006666666
0.9985857633333334
0.7965148353333334
0.941104858
0.7637398280000001
0.7482391066666667
1.0095828346666667
0.9669865126666667
1.0047999853333334
0.6447883286666667
0.9992013993333333
0.8559804080000001
0.775271852
1.0032977786666668
0.8861083753333334
0.775187896
0.9671389346666667
1.0121881333333334
0.906646816
1.027663942
0.7332236126666667
1.034234082
0.8376664706666667
1.0052232913333334
0.5978268299999999
0.8193140786666666
0.4758623806666667
0.2772896613333333
1.0051291926666666
0.9314510353333333
0.7157026346666666
0.9176790333333333
0.41742074733333334
0.5338513153333333
0.542156942
0.9471963866666666
0.503238832
0.648042624
0.730157218
1.0024664586666667
0.5978892466666667
1.0107708026666666
1.007404254
1.0022676146666667
1.003825386
0.9992130226666667
0.9960614793333332
1.0193711173333333
1.03967933
0.967814524
0.7494991313333333
0.9713824033333334
0.845765684
0.9719539466666667
0.6257008846666666
0.835694302
0.9305328226666667
0.774810318
0.24587771266666666
0.8454493606666666
0.813980346
0.15501016133333334
0.7337873273333333
0.8748100246666666
0.751735796
1.0043418053333333
0.84931131
1.0031688926666666
0.8452164313333332
0.751485888
0.9907766633333334
0.12905628333333333
0.9300290806666667
0.7702802793333333
0.7122311153333334
0.496933026
0.30815908866666664
0.8961851426666667
1.0059767173333334
0.9070010233333334
0.756615778
0.9477189026666667
1.0021156106666667
1.0109730353333333
1.0000505960000001
0.6502550766666667
0.9978897306666666
0.9803175606666666
0.9668450213333334
0.9070106006666666
1.0022325326666668
0.759163464
1.0030986046666668
0.9352744426666666
0.9460176199999999
0.9977158746666668
0.48385274733333333
0.7294875366666667
0.8702898213333333
0.544342006
0.9352235293333333
1.0032743426666666
1.004600214
1.009428604
0.47463709000000004
0.795791684
0.7875543993333334
0.99748416
0.8743914933333333
0.841152612
0.6002036506666667
1.0029112193333334
0.23648487199999998
0.6031198593333333
0.4645945226666667
0.6311162973333333
0.41768054666666665
0.6176476426666666
1.0025015573333333
0.9012343113333333
0.35684192866666664
0.7998151373333333
1.0029580586666667
0.9980984386666667
0.41742074733333334
0.5600499806666667
0.5753549673333334
0.8130788940000001
0.6834222766666667
0.7515582126666667
1.0049880773333333
0.9470710686666667
0.5191296559999999
1.0076406006666667
0.3039124906666667
0.8721277026666666
1.0047294686666668
1.0142078246666666
0.8740178253333334
1.0006563833333333
1.01043789
1.0074396986666667
1.022708662
0.9781742040000001
0.854006064
1.0039427073333334
0.901073596
1.0287593226666667
0.438168076
1.000283504
0.92937503
0.7827818213333333
1.008101796
0.901811468
0.8745784473333333
0.767273576
0.6223643206666667
1.0042830946666665
1.0003999993333335
0.450203856
1.0072624993333334
0.424958176
0.804934086
0.169962418
0.6589647186666667
0.5538177346666666
0.4902147253333333
0.39772819066666665
0.8743558920000001
1.0349942273333332
0.64195492
0.7122193046666666
0.4357408966666667
1.0076051413333333
0.45143891799999997
0.8277939066666666
1.0048117386666666
0.9179438106666666
0.9072405093333333
1.0376322226666665
0.9179536199999999
0.7200220106666667
0.9995036873333334
1.0255903566666666
0.47030510333333336
0.9068861146666667
0.6653912273333333
0.7729209786666666
0.7907734346666666
0.33920669200000003
1.0005864473333332
0.858598504
1.0072624993333334
0.44358040733333337
0.5601376286666667
0.9651069706666667
0.6282590433333333
0.9730880306666666
1.0288825453333335
1.0102239906666668
0.5600864973333333
0.7409012146666667
0.7998598226666667
0.6414707333333334
0.4107461673333333
0.999515318
0.827259774
0.923569434
0.9993408946666666
0.10514098799999999
0.928752024
0.45036672333333333
1.005140954
0.5937031453333333
0.993607388
0.9819088033333334
0.7402053106666667
1.0034501413333334
0.692144988
1.0053291739999999
0.8603355826666665
0.451614552
0.8041127633333334
0.5932644013333334
0.505676964
0.9964080999999999
1.007286122
1.000201974
1.00371982
0.9954727766666667
1.0344084426666666
0.8543713106666667
1.0040013779999999
0.9119988313333334
1.0051997653333333
0.6028108879999999
0.5641956106666667
0.8172328600000001
0.8964937946666667
1.0072506879999998
0.740256342
0.38539069200000003
1.0009945453333333
0.7155237853333333
1.0135376853333333
0.40505758066666664
0.3094301106666667
0.9720529360000001
0.10741432866666666
0.5052575766666666
0.48090553066666664
0.678922772
0.9986438093333333
0.54983675
1.009381158
1.0066604860000001
1.0068256726666667
0.8312062346666667
1.010271516
0.19681957733333336
0.7910574459999999
1.0913951406666667
1.0083621433333332
1.0096896373333335
0.5424171273333334
1.012892318
0.40714642666666667
0.8759429553333333
0.6475736226666667
0.9964890133333333
0.733211096
1.009440466
0.7708401766666666
1.0080071573333333
1.0022559206666666
0.8130404146666667
0.9349486906666666
1.0077351706666666
0.9945737533333333
1.007215256
0.4137554053333333
0.9231525620000001
1.0050115933333332
0.845241382
0.8443025940000001
0.8171240240000001
1.0018701633333333
0.49922614066666665
0.8804590506666666
0.8955404653333333
1.0336367193333333
0.9995851039999999
0.2559201606666667
0.8020330706666667
0.29683516
0.9984580846666666
0.994378028
1.010747016
0.9176006099999999
0.684489664
0.9290031353333333
0.7834386373333333
0.9698141186666667
1.0044827393333333
0.9900686473333333
0.462570522
0.9989922306666668
0.9701098399999999
0.9970904926666667
0.985152028
1.0392265133333334
1.0178853646666666
0.9694529253333334
0.9245037986666667
0.8800260826666666
0.8031954699999999
0.9007995673333333
0.9351929833333333
1.00871738
0.934602828
1.040586148
0.8263445846666667
0.9654323786666668
0.9734960666666665
0.9952766973333333
0.689367654
0.796359764
1.00542331
0.9962000986666667
0.6033782833333333
0.907892552
1.002770726
1.0348570693333332
1.0072624993333334
0.8265274606666667
1.004600214
0.5067509053333333
0.350119408
1.005411542
0.27685621066666666
0.8699637013333332
1.0035673753333334
0.16790760133333332
0.804135346
0.7915896046666667
1.0026185693333334
0.41743697533333335
0.9972525533333334
1.003051752
0.91164071
0.739797316
0.9033858393333333
0.9409708386666666
0.775355826
0.7439942653333332
0.7736310133333333
0.436902222
0.560144934
0.6641000246666666
0.62376079
0.800388978
0.9938028106666668
0.7591970119999999
1.032741968
0.7912323233333334
1.0033329353333333
0.755305166
1.0044944853333333
1.0042243906666666
0.42861592400000004
0.5321612846666667
0.5505168486666666
0.80434618
0.2954405706666667
1.0058589199999999
0.7788356900000001
0.901480222
0.2939181606666667
0.44364455466666664
0.22106587466666666
0.929465536
0.8314797926666667
0.8952324693333333
1.003145462
0.38135791933333335
1.0343959866666668
0.418704618
0.5560548026666667
0.971778016
1.0101527106666668
0.8265115553333333
0.4210133113333333
1.0038371166666666
1.0016131566666666
0.2971092873333333
1.0041304786666667
1.0013446086666666
0.99955021
1.0341469233333334
1.0014963786666666
1.000376698
0.8699196499999999
0.28753592866666666
1.006754872
1.0064481826666667
0.985423264
1.003461864
1.0005514833333333
0.5982265193333334
0.6798738853333334
1.0076169606666667
0.9966624426666667
0.7315501139999999
0.31399632266666666
0.945913446
0.5619110740000001
0.39143549866666666
0.7517686906666666
0.49195538533333333
1.0070381353333333
1.0134778946666667
0.991909306
0.614290742
1.013561604
0.7333049846666666
0.5484885860000001
1.0052468186666668
0.4070731073333333
0.976484016
1.0042243906666666
1.004095266
1.0068492753333333
1.0032977786666668
0.929878064
0.5120828993333334
0.94165164
0.6591416966666667
0.8703868226666667
0.5751546426666666
0.5437837633333333
0.9976695226666668
0.9020766393333334
0.9758406146666666
0.7442392146666666
0.7329858599999999
1.0001321013333333
1.0074396986666667
1.0028409673333334
0.6801053493333333
1.0021156106666667
1.006625096
1.029671868
0.813610278
0.804466706
1.0704635293333333
0.86874073
1.0361052993333333
0.775369824
0.8907301753333333
0.9058436953333333
0.982852536
1.0048822666666666
0.9986786406666667
0.821901064
0.927708854
0.598614228
1.0015897986666666
0.9657362913333333
0.23347733266666668
1.0022208393333334
0.9690154766666667
0.700378696
0.8694177786666667
0.9284809753333334
0.9852650246666667
0.890683996
0.8193844166666666
0.8907671226666667
0.913395282
1.0011695466666666
0.8800621466666666
0.9981680273333333
0.429601982
0.9710749273333332
1.0011345413333332
0.9121731540000001
0.6616243106666667
0.4686961306666667
0.8652927906666668
0.7753488279999999
1.0067784706666667
0.825836138
0.591271594
0.9283103966666666
1.012629626
0.779061726
1.0013796286666667
0.9411976633333333
1.0078652326666666
0.5000864293333334
0.7089335046666667
0.56879827
0.8604217593333333
1.0063892253333333
0.8453245613333333
0.8647265966666667
1.007510596
0.43981703666666666
0.7696936066666668
0.7224442680000001
1.0044592473333334
0.804836042
1.006177036
0.6829658426666666
1.00275902
1.0131431966666666
0.8454826466666667
0.992585548
0.8411443753333333
0.90795013
1.00813729
0.901026338
1.0027356086666668
0.48846133999999997
0.5050585373333333
0.775733936
0.9069722933333334
0.9878256853333334
1.006530734
0.8407574306666667
1.000073882
0.25329924333333337
1.0004349526666667
0.9844745906666666
1.0096421666666666
0.45890570133333336
0.8854872373333332
0.9042321959999999
0.971767022
0.5052159733333333
0.8505222573333334
0.8687143733333333
0.9942974573333333
0.7965443799999999
0.9418065053333333
0.431080952
0.9009696346666667
0.6868485959999999
0.8699901346666667
1.0063892253333333
1.004095266
0.8260743946666667
0.8501939519999999
0.9295862380000001
0.6986072146666668
0.859603778
1.0109135473333335
0.9942514226666667
0.6337236966666667
0.9906623986666667
1.0073924393333333
0.5798446486666666
1.0114491966666666
0.86002549
0.7449362673333333
0.9694091626666667
0.6108093886666667
1.0292277246666666
1.0014029766666666
0.9974609946666666
1.0003068006666667
0.6127745266666667
0.5863516626666667
0.511750366
1.0080426446666666
0.8799539626666666
1.002010404
0.8613190206666667
0.9240860826666667
0.47289423333333336
0.5910641019999999
0.6415138493333333
0.6998822326666667
0.75715598
1.0063302746666667
0.7093491606666666
1.0344707286666668
1.0049880773333333
0.661644696
0.7789840113333333
0.36295140466666664
1.0093099973333333
0.783102952
1.007215256
0.4071966073333333
1.0120092593333334
1.0067430726666666
1.004600214
1.0105567626666665
1.0047999853333334
0.8846573693333333
0.9008845926666667
1.0023611786666666
0.453153614
1.0053762400000001
1.0044709933333333
0.999794522
0.80879937
1.0020454706666666
1.0152746926666667
0.8260743946666667
0.8557586913333333
0.42563199133333335
1.0323820193333333
0.733330026
0.9718109979999999
1.0071798273333334
1.0005398286666667
1.0079598446666667
0.9889288166666667
0.82164949
1.003532202
0.864787536
0.9961076813333334
0.4243766253333333
0.47892943066666666
0.9306437193333333
1.0111753493333333
0.5641993166666667
0.7952612246666666
0.8652143506666666
0.9774284666666667
1.0605250306666667
1.003532202
0.8852134826666667
0.9592869053333334
0.8797917359999999
0.9754859966666666
0.579919026
0.869690654
0.8173106179999999
1.0131551460000001
0.9020008599999999
0.8605079533333333
0.7056488973333334
0.9755192313333334
1.0332140046666667
1.003825386
1.0077942853333335
0.43982154
0.409643364
0.6983970559999999
0.9232517833333334
0.9686767246666667
0.8654409946666667
0.947405324
0.8806847240000001
0.45861903866666665
0.9803846919999999
0.30077117733333336
0.9063120093333333
0.7055445706666666
1.0301905199999999
1.0064953533333334
0.9679890233333334
0.884857854
0.8911460073333333
0.4820795573333333
0.6152719386666666
1.0036611819999999
1.0070263293333335
0.8025201186666666
0.49813182266666667
1.0122358433333334
0.8954657806666667
0.997322024
0.9976811106666668
1.0008429273333332
0.5420132626666667
0.8747654806666666
1.003696364
0.679852362
0.7194189826666667
0.52811412
0.8915622273333333
1.0338233213333332
0.3469040733333333
0.9964196586666667
0.955148232
1.006601504
1.0127251346666666
0.2747284546666667
0.9025505486666666
0.9065032966666666
0.9241855046666666
0.9056431373333333
0.5622788893333333
0.799911962
0.8699020306666666
0.941280172
1.0051174313333333
0.553714206
0.8449420726666668
0.9228847720000001
0.7722816726666667
0.8314234573333333
1.0034266980000002
0.9471859420000001
0.7262495640000001
1.0000156686666666
1.0315389853333332
0.35674559933333333
1.0064363906666667
0.6560457166666667
0.54189017
1.0397170826666666
0.471619418
0.5124280920000001
0.439627956
0.31525356600000004
0.9074992966666667
1.0029463486666668
0.9751869886666666
0.6614918406666667
1.008622626
0.5232277486666667
0.095772964
1.0032626246666667
1.0378704273333332
1.004506232
0.9947925966666666
0.8365651473333334
0.6768951313333333
0.40497546533333334
0.6309077053333333
0.211989324
0.821885336
0.7996215586666667
0.7518344893333333
0.79179391
1.0335496613333333
0.4359266473333333
0.8492357406666666
1.0079835006666666
1.0043418053333333
0.4505391613333334
0.6922565473333334
0.5481455813333334
1.0148908413333333
1.0025717613333334
0.7027221153333333
1.007711526
0.5050971446666667
0.890841026
0.4029427993333334
1.0063538539999999
0.5909583773333333
0.5495096333333334
0.3913249386666666
0.8267104173333334
0.4235814153333333
0.5437665513333333
0.6203104166666666
0.6836670453333333
0.5733541533333334
0.3691340793333333
0.9705592446666667
0.8750506386666665
1.0010762046666668
1.0032274726666666
0.7959096593333334
1.0382216653333334
1.0086344693333333
0.492118854
0.8125251459999999
0.656030686
0.8590793673333332
1.0030868913333333
0.4970768066666667
1.00343842
0.7790052046666667
0.5666034266666666
0.870572068
0.9280596593333333
0.7921516986666667
1.0042830946666665
1.0047529726666666
1.0322083406666667
1.0109016499999999
0.9991316666666666
0.5704413873333333
0.5359664686666666
0.8275626306666667
1.013083452
1.0312541526666668
1.0073333713333332
1.0024430613333335
0.9992130226666667
0.6451224606666667
0.6531127326666667
1.0388369039999998
0.673593566
0.7336807820000001
0.9654757833333333
1.005800032
0.645020732
0.6926975566666667
1.0035673753333334
1.0024196646666665
1.005752926
0.9532191746666667
0.6177631333333333
0.812917306
1.0366554746666667
0.7023141873333334
0.6899047133333334
0.38414461599999994
1.0388620313333332
0.5674680813333334
1.0061181106666666
1.0044944853333333
0.6330744946666667
1.0001321013333333
0.9594047613333334
0.34163367333333333
1.0053291739999999
0.37379395466666665
0.7715602513333333
0.8789095493333333
1.0132985646666666
1.004259612
1.00614168
0.9437829166666667
1.0045649686666667
0.6181321040000001
0.7953054026666667
1.0035790999999998
0.879872842
0.284129152
1.0099864306666666
0.9990735633333334
1.000283504
0.384228812
0.33078412933333334
0.8499836326666667
1.0001088126666666
1.0173549273333333
1.0115802193333334
0.8560401206666667
1.0003533980000001
0.8507833993333334
0.8698227526666666
0.3655431313333333
0.6678537233333334
0.999259518
0.744110274
1.0094641913333333
0.968578422
0.8693033973333333
1.0030634646666667
1.0391762246666667
0.5194907013333333
0.9904225286666667
0.498464242
0.9979824793333334
1.0643621326666666
0.994769556
0.7909918866666666
0.98927049
1.00289951
0.7508027786666667
1.0013446086666666
0.8910350806666667
0.653162394
1.0040365839999998
0.580024754
0.9859322346666666
0.6311394833333333
0.270173006
1.0046119633333332
0.3330167746666667
0.7126565606666666
0.49863496
0.99814483
1.0064481826666667
0.7365115826666667
0.6123420726666666
0.7883205240000001
1.0081136266666668
0.9693654039999999
0.6257236733333333
0.9932282579999999
1.009440466
1.0044475019999999
0.8360115026666667
1.0019519653333333
1.0127848366666667
0.9958536226666667
0.9296667233333332
0.5063595826666666
0.44760224000000004
0.7414448006666666
0.978452756
1.0106518806666667
0.5265989413333333
0.9999807446666668
0.7261390573333333
1.0101051966666668
0.869620218
0.9945967846666668
1.00509391
1.0044592473333334
0.755179002
0.39168716733333336
1.038748968
0.6924239533333333
0.5798407346666667
1.0045649686666667
1.024758374
1.0068020713333334
0.99945717
0.6366876126666667
0.8219482513333334
0.9297069713333334
1.0399184753333335
0.9879961113333334
1.0025132573333333
0.9536424746666666
1.0000156686666666
0.6587524706666666
0.8211625026666667
0.7627022946666666
0.99265437
0.3820703386666667
1.0029229286666668
0.5555621046666667
0.6958849786666667
0.9053949506666666
0.7297726213333333
1.0013913026666668
1.0014263253333333
1.0337859953333333
0.5176655213333333
0.8852499733333334
0.9528808046666667
1.0100220573333332
0.8747209420000001
1.025602602
0.614071172
0.7018551173333334
1.006601504
0.31658624533333335
0.34603345933333335
0.388250896
0.8732536919999999
0.9704167053333334
0.6031283286666667
0.295343054
0.62598815
1.011199156
0.6926584573333333
0.8549410386666667
0.7329796053333333
0.9674112366666666
1.008149122
0.93128946
0.9070201773333333
0.6798685046666667
0.7401542866666667
0.8697346826666666
1.0210189573333335
0.5077363646666667
0.5041840313333333
1.0056705019999999
1.0302152306666668
1.0055527766666668
0.8404201733333333
1.005188002
0.869549794
0.779464678
0.6954624246666667
1.0011345413333332
1.033437752
0.973518132
0.9133175893333334
1.005906036
1.0074869626666667
0.8999124793333334
0.993699342
0.9944586113333334
0.46807551333333336
0.99862059
0.9869857746666667
0.78837117
0.677065862
1.0213224493333333
0.9990503239999999
0.5265247013333333
0.226519448
0.5670110953333334
1.0080899653333333
0.9415071453333334
1.003755006
0.6398795166666666
0.41533987
0.5750391346666667
1.0043652913333334
0.929224226
1.0119973366666666
0.9316025626666666
0.5178277946666666
1.002653678
0.9795797233333333
0.581863508
0.8166501486666666
0.8001802133333333
0.750651874
0.479568474
1.0062123946666668
0.6339996600000001
0.6505062166666666
1.0054468466666666
0.971184718
1.013083452
0.6288477573333333
0.9926773126666667
0.9987715353333333
1.00877661
0.8601891220000001
0.799554572
1.0038371166666666
1.0007846246666667
1.0101289533333333
0.795946534
1.0367055193333334
1.0033563746666667
0.35092039066666664
0.8172639613333335
0.6416192673333333
0.9065606993333334
0.7225536526666666
0.56628966
0.653724094
1.0036260026666668
1.0336367193333333
0.5929940973333333
0.766910514
1.008066304
1.00245476
0.9789099253333334
0.9403219006666667
0.989133792
1.0052703473333333
1.009559104
0.5269704546666667
0.9980868413333333
0.8642567833333332
1.029055106
1.0183197706666667
0.91766923
0.8816700120000001
0.9973336033333333
0.6584797813333333
0.593260304
0.8178864846666667
0.397463184
1.0084331706666667
0.8086394786666666
1.007168018
0.41743089
0.4792821646666666
0.8055530686666666
1.005458616
0.3593498433333333
0.879269412
0.7744261259999999
0.524579362
1.0041656933333334
0.9280596593333333
0.8651097853333334
0.5410743833333334
0.454479466
1.0010412066666665
0.382424142
0.9649118306666666
0.9691904086666667
1.0028526753333333
0.21222396066666666
1.1075640613333333
0.9986786406666667
1.027295238
1.0378829673333334
1.007888884
0.763081718
0.835873206
0.6468275533333333
0.8086242546666668
1.0040717926666667
0.45158368800000004
0.9012626786666667
0.7793373853333333
0.941228602
1.034832136
1.0280944313333333
1.0321339253333335
0.46389200199999997
0.8129942446666667
1.004647212
0.35144299733333334
0.3977116173333333
0.45144840866666663
0.7678497000000001
1.0108897533333334
0.587546826
0.43842302266666666
0.8390902386666667
0.8221527926666666
0.744110274
0.44494292333333335
0.39030432133333337
0.9971136406666666
0.40188144600000003
0.6931167566666666
1.0334626186666667
0.3654560406666667
0.9289227646666667
0.8120872966666668
0.24822956933333334
1.0358054493333333
0.8653015073333332
0.30751702599999997
0.520684144
0.963850786
0.9996200006666667
0.7911448746666666
0.7122074946666667
0.9964774533333333
0.8753627426666667
1.0007146706666668
0.4614795713333333
0.9942399146666666
1.0341967266666667
0.6005561366666666
1.0017766906666667
0.9979245093333334
0.066696544
0.39450601799999996
0.998110036
0.3227794033333333
0.7224685726666666
1.0040013779999999
0.9912225466666668
0.7960055406666667
0.6992213753333334
0.654905316
1.0000971686666666
0.615682064
0.5089487133333334
1.00031845
0.5454307660000001
0.9773061406666668
0.5977935466666667
1.008267456
0.6566023506666667
1.0052585833333332
0.6028828119999999
1.0100101813333333
0.9094882466666666
1.0015897986666666
0.48088130133333334
0.7877205073333333
0.999375774
1.002770726
0.9995385786666667
0.43709341333333335
1.0360303206666668
0.9339423313333334
0.7300889533333333
1.004647212
0.683525602
1.0312665333333333
0.7637669906666666
0.3452268546666667
1.003696364
0.7748312853333333
1.0000855253333334
0.7835744213333334
0.868029648
0.9975304939999999
0.603196092
0.64449806
0.45088206599999997
0.995069168
1.0350191693333333
0.7739307326666667
1.0037432773333332
0.6259060473333333
0.3935426713333333
0.9582916386666668
0.817933212
1.001858478
1.004060056
1.0012629053333333
0.9850051706666666
0.875086296
0.99039969
1.0011462093333332
0.58402351
1.0049292906666667
0.940095498
1.0068610766666668
1.0120569526666667
0.645359954
1.0313036773333333
1.0049880773333333
1.006365644
1.0008079453333334
0.9974725773333333
0.9677491033333334
0.32564644866666664
1.0026770853333333
1.00952351
0.8367933320000001
0.9779180766666666
0.66451616
0.9127450133333334
0.8048058793333333
0.8846938146666666
1.0053056426666667
0.9121150393333334
1.008622626
1.012916206
0.9971599406666666
0.7831814906666666
1.0006447266666667
0.9069914466666668
0.8086318666666666
0.7139774913333334
0.3232932726666667
0.93434868
1.0086700006666667
0.5498015573333332
1.001052872
0.3249430526666667
0.9952997613333333
0.999596736
0.16622709200000002
1.006294908
0.9698469673333334
1.0014730266666667
0.19950841600000002
1.0129400946666667
0.5644143313333333
1.0010062100000001
0.7888707393333334
0.9239866826666666
0.9190536126666666
1.00534094
0.5983431960000001
1.012450596
0.7524403773333334
1.0056351813333333
0.994769556
0.7295680813333333
0.4630717466666667
0.800090776
0.579746812
0.9984929026666667
0.6943830206666667
0.5306654426666666
0.9002425740000001
0.8453744766666667
1.0041187406666667
1.011092034
0.19460966933333335
1.0028058453333333
0.997588418
0.8125943233333334
0.5771254093333333
0.6553100040000001
0.9287218993333333
1.0010412066666665
0.8036162626666666
0.9966740066666666
0.940816248
0.751407004
1.011794694
0.6340370973333334
0.9292141746666667
0.9660947200000001
1.0021156106666667
1.0098795653333332
0.9979592906666667
1.0049410473333333
0.9690920013333333
0.9761067466666666
1.0068492753333333
0.850261276
0.8638395993333333
0.7397463479999999
0.6831396506666667
0.6525471253333334
0.9236091559999999
1.0036494553333333
0.8594747653333333
0.40847847000000004
1.0053880066666667
0.40953008999999996
1.039994018
0.8449171393333332
1.004905778
0.7479394146666667
0.9998294333333333
0.43463850333333337
0.27890937466666665
1.00282926
0.7988258926666667
0.9209553340000001
0.7959981646666667
0.9121440953333334
0.762749702
0.7191058066666666
1.0061888220000001
0.9258889346666667
0.7956221546666667
0.8709074733333334
0.46848396533333336
0.859405974
0.8174039466666666
0.20222364333333334
0.9766838646666667
1.009143994
1.0062595433333332
1.0044827393333333
0.4018682853333333
0.5730328673333334
0.6125210953333333
0.8313510373333334
1.0043418053333333
0.5155187686666667
0.9416309953333333
0.5016078780000001
1.009262562
1.0004932146666667
1.00648356
0.817715196
1.0340971253333333
1.0102121099999999
0.800292038
1.006813872
0.6125560393333334
0.7296796346666666
0.818104592
0.9083821993333333
1.0066132993333334
0.8221606613333333
0.38449194733333336
1.0308704973333334
1.0046237126666666
1.0344458133333332
0.676058728
0.30750711799999997
0.4853563973333333
1.0082319526666668
1.0026887893333332
0.7760843666666666
0.9992478933333333
0.5210094313333333
0.29659532866666666
0.8085100893333333
0.371670392
0.900431308
0.5100335826666667
1.003755006
0.7121307373333334
0.7958211746666666
0.34980431133333334
0.42992880799999994
0.5032358833333334
1.0032977786666668
0.372130892
0.39536306
0.7334928353333333
0.46712861066666667
0.5028587999999999
1.0073569980000001
0.874142346
0.31669946466666665
1.0181990653333335
0.9406617086666667
0.9977042859999999
0.8745339273333333
0.44520581666666664
1.005211528
0.9401778133333334
0.8497566046666667
0.586095618
0.7670200813333332
0.7489828573333333
1.0079716726666668
0.6954849479999999
0.8744894113333334
0.6310235726666666
0.5121500686666667
0.8221527926666666
0.941723904
0.699500378
0.482228406
0.84555755
0.34329940000000003
0.9803175606666666
0.44912577133333337
1.0178853646666666
0.79229052
0.6588434173333333
0.8177619039999999
0.9944010499999999
0.36998628533333333
0.9250314546666667
0.629543676
0.5175563559999999
0.6530978353333333
0.6929657866666666
1.0150347513333333
0.6619149133333334
0.9474366726666668
0.9472903973333333
1.0087647633333332
0.5891829973333333
1.0042713533333334
0.3735988673333333
0.689362122
1.0092032746666668
0.8899642139999999
0.5605470166666666
0.6832428906666668
0.5764321726666667
0.51581595
0.6860203006666667
1.0317991873333334
0.6799546106666666
0.7117471986666666
0.5000020133333333
1.030079336
0.6586615493333333
0.7513412806666667
1.031910742
0.8903608726666666
0.45450832266666663
0.702228066
0.48720908133333335
0.479506902
0.45175705866666666
0.5978767620000001
0.9283906613333334
0.6052489073333334
1.0040835293333332
0.19032491933333331
0.9609717853333333
0.6308428380000001
1.0022676146666667
1.0051527153333333
1.032741968
0.9967780953333333
0.48870311133333333
1.0085278893333334
0.8857428946666667
1.0049175346666666
0.7517884293333333
0.6855166226666667
0.539294366
0.528354498
1.0340473319999999
1.005611636
1.0292770553333332
1.0313408246666667
1.0000389533333334
1.0105210980000001
0.6931670953333334
0.5301839666666667
1.0035790999999998
0.835922012
0.31601903466666664
1.0083621433333332
0.5884766346666667
0.663607502
0.46696355
0.7627226113333333
1.0020922293333334
0.4529122953333333
0.8476769713333333
0.623054994
0.9218250546666666
1.0007729653333335
1.0014380006666668
0.8010756873333333
0.7299400573333334
0.7150651466666667
0.7154939853333334
0.4503053393333333
0.4902986673333333
0.997739052
0.607934676
0.572521084
0.5886944173333333
0.969704638
0.9182480026666667
0.416479658
0.9985161159999999
1.0103665800000001
0.8452996053333333
0.8967090413333334
0.4105420053333333
0.8749793313333333
0.8865565006666667
0.8266865486666667
0.48049933133333333
1.0156108006666666
0.576799884
0.4680627606666667
0.9940788313333334
1.002782432
0.9993990286666667
0.591084438
0.42135819599999996
0.9924364666666667
0.8410620166666666
0.8535647873333334
0.9720089386666667
0.6941249106666667
0.9979361026666667
0.9307143033333334
0.883301928
0.7553915133333333
1.001239564
0.5119913333333334
1.0022208393333334
0.9177182500000001
0.4686015273333333
0.9522470086666667
0.9916001466666666
0.5084697013333334
0.5580851226666667
0.9988760633333333
0.799071116
0.7774259306666667
0.9181792966666666
0.935610612
0.4488113246666667
0.998841218
1.0085752553333334
0.9719539466666667
0.879719654
0.649994294
0.9994222846666666
0.9767060753333333
0.961757218
0.9501614506666667
0.831987156
0.6647681493333334
0.5500163013333333
1.0068256726666667
1.005352706
0.6422765166666666
0.9463824113333333
0.674328578
0.8488413173333333
0.8699020306666666
0.9516984006666667
0.737365088
0.6990392893333333
0.6233760233333333
0.99743783
0.6236158813333333
0.8166501486666666
0.6232584253333333
0.7552453986666666
0.6645778539999999
0.712638824
0.442419812
0.9983536446666667
0.4777334786666667
0.9997596126666667
0.8457823393333334
1.0042478713333334
0.9255497413333332
0.9995734726666666
0.9125995573333333
1.0387992153333332
0.9060921279999999
0.9475516353333334
0.8799629766666667
0.8747922066666667
0.9980868413333333
1.00275902
0.8503370280000001
0.8269571393333334
0.5302952506666666
0.9976926979999999
1.0050351113333333
0.9528490953333333
0.8755768853333334
1.0040013779999999
0.6925802713333332
0.9083053573333333
0.9641104180000001
0.36271844933333336
0.8690483486666667
1.0044944853333333
0.7889721786666667
1.0091914180000001
0.46869357333333334
0.9972757093333333
0.39521389999999995
0.869505784
0.6894063833333333
0.7980169813333333
0.4808893773333333
0.49366589066666666
0.4374651573333333
0.5516021366666667
0.778003314
0.52090201
1.0076287806666666
0.7489371453333333
1.0036260026666668
0.7332298713333333
0.9348367660000001
0.9122797173333334
0.5120615306666667
0.733887634
0.8740445053333333
1.0001553913333334
0.9352235293333333
0.8647701233333334
0.775516828
1.0029112193333334
1.0077942853333335
0.8284325813333333
0.7365810540000001
0.912677128
0.5841307393333334
0.7338124013333333
1.0014029766666666
0.7234542966666666
0.3902422606666667
0.5494393366666667
0.7054692426666667
0.5229824593333333
0.9968475
1.0027239033333333
0.4934305226666667
0.869505784
1.0145552093333334
0.8215630466666667
0.8261220626666667
0.2414198233333333
0.25253298066666663
0.7718306266666667
1.001052872
1.0025717613333334
0.8750060700000001
0.850463312
0.20059301733333332
0.5843055686666666
0.875451956
0.7082788113333333
0.798967064
0.6313714306666667
1.0011228733333335
1.0108064853333334
0.3690024653333333
1.0000273106666666
1.001239564
0.991874946
0.37172025066666664
0.9341353026666668
0.7956074166666667
0.5959851933333333
0.8226488339999999
0.4362055713333333
0.8499163526666667
0.9958536226666667
1.0069791093333333
1.0092151313333333
0.7749011826666666
0.992608488
0.6127351873333333
1.0244528366666668
1.001052872
0.7886172553333334
0.8131019833333333
0.259930844
0.5378962766666667
0.5939166013333333
0.9348164186666666
1.0066958786666667
0.8545072960000001
0.48886999
0.63422435
0.7672941366666667
0.4373849673333333
0.351771138
0.42845130866666664
0.5772223626666666
1.034620246
0.8175595413333334
0.6332751853333334
0.4383514286666667
0.9971136406666666
0.5303836566666666
0.44775856266666664
0.9194864746666667
0.9779069433333334
1.004095266
1.0032626246666667
0.9704167053333334
0.8693209926666666
0.99185204
1.001204554
1.0132746586666668
1.003825386
0.8792334126666667
0.45554478000000004
0.9799037873333334
0.9286114606666667
1.0085752553333334
0.8173650566666667
0.4982271673333333
0.6053128833333333
1.0063538539999999
0.85559674
0.9287319406666668
0.8464073813333333
1.014375498
1.0050821493333333
0.34602927733333333
0.8644481266666667
0.5088884106666667
0.6338593093333333
0.47014808333333336
0.952268122
0.7340632366666667
0.5001912613333334
1.0023962693333333
0.8175206373333334
0.64504495
0.519226932
0.37943921133333336
0.6675734486666667
0.31993499200000003
0.49501435466666666
1.0058942566666667
0.8167355613333334
1.0040013779999999
0.9066372466666667
0.7259242793333333
0.6472028113333333
0.443358328
1.0108778573333335
1.0035556506666667
0.9987250860000001
1.0022559206666666
0.9410533073333333
0.7793303146666667
0.992918276
1.0165723373333333
0.97503202
0.8747565726666666
0.9285612693333334
0.7052896793333333
0.30894044466666665
0.997032626
0.411797666
0.9975073266666666
0.8801162493333333
1.0080071573333333
0.999271142
0.9630835266666666
1.001765008
0.9972062446666667
1.0057293753333334
1.0026770853333333
0.9928149920000001
0.972129942
1.0154307153333333
0.8446014506666667
0.667174204
1.00505863
0.9356717600000001
0.869637826
0.7705221106666666
0.8596898079999999
1.0108540653333333
1.0304994893333332
0.8647788293333333
0.8403626200000001
0.8499920433333333
0.845590844
0.627740234
0.99828403
0.848866482
0.8171706646666667
1.00813729
0.8448340406666667
0.6561559653333334
0.8954471113333334
0.46431576933333335
0.6827107233333333
0.5754012159999999
0.6927925313333333
1.005023352
0.82234169
1.0022676146666667
0.8960916533333334
0.8596295853333332
0.880251534
0.49162877400000005
0.9999109026666667
0.9073459233333333
0.3690103913333333
0.9708883406666667
0.9943434959999999
1.0099270580000002
0.8748011153333334
0.9208368626666666
0.9117181179999999
1.0066958786666667
0.997797
1.0303017273333333
0.5709608426666667
1.004658962
1.0015781206666667
0.9974725773333333
0.6450837033333333
0.764834664
1.0058824773333335
0.825550412
0.906704236
1.0243184586666667
0.886026116
0.5884161686666667
1.001858478
0.7640795033333334
0.9395607973333334
1.007829758
0.901291048
0.7639096280000001
0.998794762
0.7100469173333332
0.997831772
0.524720356
0.6909702286666667
1.0077588153333332
0.912657734
1.018283556
0.9694529253333334
0.8645786373333334
1.005188002
0.8800982146666667
0.9705263466666667
0.8701399519999999
0.9955650766666666
0.9930560220000001
0.377581202
0.6415569706666667
0.812648136
0.4226602006666667
1.0077351706666666
1.004600214
1.0085278893333334
1.0355557073333332
0.9176300173333334
1.0030986046666668
1.030227586
0.99777382
0.9973567626666666
0.9342267386666667
0.9352438940000001
1.005611636
0.583769494
0.823153362
0.8219718473333334
0.9835727886666666
0.9125898619999999
0.393353448
0.9013950840000001
0.998318836
1.0024898573333334
0.7668352046666668
0.586003656
0.7333550686666668
0.629013532
1.010283398
0.6032342159999999
0.87370668
0.7951213599999999
0.6049974006666666
0.9721739506666666
0.9408574673333333
0.524512096
0.39445167066666664
0.6895059913333332
0.5320689893333334
0.999259518
0.9973451826666666
1.0367931093333334
0.7675683886666668
0.37640317933333334
0.8455159353333334
1.0047529726666666
0.8217516733333333
0.4748968706666667
0.5034364393333334
0.7953716786666667
0.971536214
0.612866338
0.20413439666666666
1.0125580066666666
0.539507756
0.4809378413333333
0.9965468160000001
0.6479595226666667
0.8439293206666666
0.8694441780000001
0.7970617606666667
0.299045574
0.981437616
1.0044827393333333
1.003051752
0.7029636480000001
1.010925444
0.9068669666666667
0.401721692
0.9975768326666666
0.6561208826666667
0.86554564
1.00813729
0.4030581313333333
0.5516056786666667
0.5173350473333334
0.6890856180000001
1.0345828626666667
1.0329034053333332
1.0345330226666667
0.9931708393333334
1.0329530886666667
0.3719246526666667
0.4476255646666667
1.00542331
0.38151035666666666
0.8752111213333332
0.381635786
0.6553900013333334
0.633457316
0.46593013666666666
0.9227757166666667
0.752875638
0.8408973479999999
1.009333716
0.27278120133333333
1.0310313500000001
1.0066132993333334
1.035468326
0.6418541873333333
0.995818988
1.0033915353333334
0.9062068353333333
0.8219875786666666
0.6263624466666666
0.9382779453333333
0.8541844013333333
1.005505694
0.5651086866666667
0.48512888466666665
0.8408726533333334
0.782988742
0.48244507666666664
0.5643512926666666
1.030709694
0.9952421033333333
0.5032919053333333
1.0323696119999999
1.0336989126666667
0.7365936866666666
0.9906623986666667
0.7409203866666667
0.9530182386666667
1.0262152313333333
1.0028058453333333
1.0114372873333333
0.9015180666666667
0.9995036873333334
0.6593288913333333
0.996523694
0.6982948626666666
0.7371562706666667
0.179170856
0.75198587
0.9028825813333333
1.024685028
0.542235656
1.00569405
0.4211309633333334
1.0082201193333333
1.0006913553333334
0.9293549200000001
1.001928592
1.009298138
1.0071444006666668
0.3039426006666667
1.0033329353333333
1.0017766906666667
0.9400852093333333
0.9113408793333333
0.8840928553333334
0.5750891826666666
0.9119310573333334
0.756582458
0.771400888
0.78313151
0.6739212153333334
1.0319355353333333
0.9360490140000001
0.9711517780000001
0.7841108713333333
0.7362716933333333
0.7874533246666666
0.6127308166666666
0.705561956
0.4021410826666667
1.0015897986666666
0.96599694
0.2346060033333333
1.011377744
0.44899900133333337
0.43968421266666663
0.500004924
1.0119734919999999
0.995668934
0.5285755793333333
1.039503188
0.43470448933333333
1.0015547646666667
1.0007146706666668
0.9020955860000001
1.004095266
0.9977506406666666
0.595910772
0.8689076960000001
0.3044014373333333
0.9939293013333332
0.5274331546666666
0.9621773593333334
0.7192322486666667
1.0151787026666665
1.0108540653333333
0.8442279133333334
0.5558640933333333
1.035256176
0.9848583573333334
1.002127302
0.6469688333333333
1.0102239906666668
0.8498827166666667
0.9993525206666667
0.7517423746666667
0.26640495066666664
0.18586495133333336
0.18424400600000002
1.0009012366666665
0.968414628
0.6226936666666666
0.8740711873333333
0.800926302
1.0035439266666668
0.8360115026666667
0.918493466
0.5750121893333333
1.0080308153333333
1.0277500113333333
0.5417432153333334
0.5500620886666666
0.28097759333333333
0.9004879433333334
0.6561559653333334
1.0326550606666667
0.99623476
1.0118423673333334
0.625477638
0.8956245013333334
1.002747314
1.2906132473333334
0.532530786
0.8699284599999999
0.8043913726666666
0.35023503800000005
0.5085690446666666
0.9502350266666667
0.8681173726666666
0.9425402246666666
0.7561695266666667
0.565871844
0.9298076066666666
0.9286716966666666
0.7367200346666667
1.0322579573333335
0.5175844226666666
1.009772722
1.0016131566666666
1.0066958786666667
1.0033563746666667
1.0083976559999999
0.8335291439999999
0.7293265006666667
0.8468078933333333
1.0083976559999999
0.9235793640000001
0.971745036
1.0028175526666667
1.009440466
0.771193122
1.01140156
0.46134325466666665
1.0005281746666665
1.0110206313333334
0.9705482780000001
0.935437404
0.9053854073333334
0.8788555953333332
0.631306468
0.999271142
0.547799512
1.0021156106666667
0.24749006266666668
0.9996083686666666
0.8648136553333333
1.0038488479999998
0.5662672613333334
0.9907995193333333
0.9013288766666666
0.8747031273333333
0.355963558
1.006813872
0.7750340233333333
1.0000156686666666
0.7788427513333332
0.6560006253333334
0.9294152526666667
0.673857774
1.000877912
0.9282903326666666
0.9934694893333333
0.9990968039999999
0.7966625793333333
0.9858077706666666
0.8647178913333334
0.7402818600000001
0.998017264
1.0204246366666667
0.9071159606666667
1.011425378
1.0026185693333334
0.863987306
0.8442859973333334
0.8643872353333333
1.000236914
0.8260346753333333
0.55183247
0.5623156973333334
1.000924562
1.0302152306666668
0.8599652200000001
0.997009482
0.9962232059999999
0.7375803566666667
0.835873206
0.9741253320000001
1.0107113380000001
0.7547344433333333
0.997009482
0.37843288799999997
1.0059531560000001
0.7633258326666668
0.9043749966666667
0.9691138680000001
0.8916177526666667
0.7259672246666667
0.6238876406666667
0.9762731533333334
0.4915387506666667
0.32503281
0.9918062320000001
1.0049880773333333
1.009143994
1.0015897986666666
1.010485436
0.715291414
0.4165119686666667
0.5104275733333333
0.896101002
0.522743762
0.5061805526666667
1.0116874453333333
0.9994687986666666
1.002653678
0.968294548
0.7666367319999999
0.47945605
0.5415621946666667
1.0064481826666667
0.9682836326666667
1.0345205633333334
0.9535366146666667
0.9239668046666667
0.9965815013333332
1.0042948360000001
0.859388778
0.9538013093333334
0.726046994
0.6348430686666666
0.8082362240000001
0.9841362213333333
0.863665892
0.9699893393333333
0.8499836326666667
0.6563113793333334
0.759378224
1.007286122
0.7446133953333333
0.40422080266666666
1.002209146
0.941476188
0.7995099213333333
0.8702721866666667
1.0019987160000001
0.7828174893333333
0.5123791866666666
1.0102002293333334
0.29417080533333334
0.9490067493333333
0.8793684253333333
0.7959539093333333
0.9996781680000001
0.816681206
0.7789133753333334
0.5797781160000001
0.5018393866666667
0.9994106566666666
0.564369832
1.0022208393333334
0.8224519206666667
0.8354910946666667
1.0034853086666666
0.562201608
0.9995385786666667
1.008978046
1.012021182
0.75198587
0.7555177486666667
0.924583406
0.8514074193333333
0.9964196586666667
0.821680928
0.8688637513333333
1.0024898573333334
0.7828103553333333
0.8360765993333333
0.615474728
0.8247973606666666
0.8693385886666667
0.6481012973333333
0.9229938526666667
1.0135257266666668
1.0024196646666665
0.949909276
1.0016598753333332
0.8446512806666666
0.6256370833333333
0.8496641466666667
0.9996432666666666
0.9986786406666667
0.7336055913333333
0.7573963173333333
0.7077244380000001
0.8495969173333333
0.8331653339999999
0.5119669213333333
0.7299896826666666
0.5381793606666667
1.0005281746666665
0.929857932
0.8010980993333333
0.9980404553333333
0.5889890833333333
1.010532986
0.9589763313333333
0.6925132693333333
0.8173572793333332
1.0107708026666666
0.841029078
0.196865136
0.422232224
0.3506611006666667
0.890841026
0.615487958
1.0014847026666667
0.6528943119999999
0.43209795933333334
0.642911054
0.26919424733333336
0.23648096533333335
0.9237978806666667
0.19483920733333332
0.7122665499999999
0.6924239533333333
0.92963654
0.9173654206666667
0.43734933666666664
0.77859567
0.8407327440000001
0.8358081413333333
0.9422403986666666
1.0111515433333333
0.9015180666666667
0.771400888
0.46420787333333335
0.3943267286666667
0.5598930126666667
0.36020575066666666
0.8002323946666667
1.0065425286666667
1.000283504
0.5033213953333333
1.0058942566666667
1.0016598753333332
0.5982973533333333
0.27795992666666663
1.008504208
1.0102002293333334
0.9920582293333333
0.7338625546666667
1.0054350786666668
0.8960449166666667
1.0036611819999999
1.038711286
0.9919436693333333
0.9950576413333333
0.7153211966666666
0.5322338246666667
0.9927576213333333
1.0070263293333335
0.730157218
0.8491433959999999
0.6834114020000001
1.0017299613333333
0.9598228493333333
0.31395730266666666
0.6289674746666667
0.6796587113333333
0.4762766193333334
1.0085634133333332
0.9346943553333333
0.6643568366666667
0.8219639820000001
1.008622626
0.8207623486666666
1.0010995386666668
1.0098795653333332
0.600308514
1.0092744206666666
0.9938718013333334
1.0311056073333333
0.9992943919999999
0.9996665339999999
0.859681204
0.8908133106666667
1.0048470013333335
0.6394032133333334
0.8656241400000001
1.008978046
0.996211652
0.7705704946666666
0.874988244
1.0343835306666667
0.96471677
0.8911460073333333
0.8312384086666667
0.9916230406666667
1.0054821539999999
0.4344824153333333
1.0127609546666665
1.005835364
0.3474119673333333
0.46738786400000004
0.23168387666666668
0.940136654
0.5229283353333334
0.923787946
0.9923791393333332
0.6253182733333333
0.9242849479999999
0.849680956
0.7186606033333334
0.6058294493333334
0.9225378673333333
0.9346129966666668
1.0077469926666667
0.9967087
0.9960730293333333
0.52112322
1.0037315486666667
0.508207982
1.013071504
0.2702214506666667
1.0032743426666666
0.7160068846666666
0.83974647
0.9984812959999999
0.8102259586666667
0.8701399519999999
1.0022325326666668
0.8601632813333334
0.7961457166666668
0.8647701233333334
1.008930642
0.44376831866666666
0.9961538879999999
0.8003144066666668
0.9999923853333333
0.842290832
0.4518259686666667
0.999596736
0.261815612
1.006059192
1.003461864
0.5340936253333334
0.493254852
0.501947888
1.028648448
0.8688637513333333
0.132703662
0.9003369313333333
0.2931038046666667
0.9984929026666667
1.0088713933333333
0.9802168806666667
0.9357940793333334
0.850025688
0.6073500946666667
0.7242655766666667
0.8516606606666666
0.9242948933333334
0.7331735466666667
0.50013884
0.26735767066666666
0.9269080093333334
1.0070853613333333
0.998736698
0.34920846533333333
0.9971483653333333
1.002536658
0.928842408
1.0005981026666666
0.9656602953333333
1.007404254
0.9300190113333333
1.0399814266666667
1.030722062
0.6709156693333334
1.0055880913333333
0.9927805686666668
0.8359626873333333
0.23313641666666668
0.9349588673333332
0.7833243293333333
0.33811185666666665
0.821076162
0.7125797066666667
0.37639328333333333
1.0115325706666667
0.9987250860000001
0.966605668
1.0003999993333335
0.38620854466666665
1.00985582
0.8269252960000001
1.0367555693333335
0.6009090366666667
0.4225479286666667
0.5641326206666667
1.0087410713333334
1.00871738
0.852133782
1.1562083873333333
0.6474028013333333
1.0027121986666665
1.008492368
0.9620372713333333
0.6102539493333333
0.7957474520000001
0.9472799506666667
0.9724380866666668
1.0028058453333333
1.0029346386666667
0.4918511606666667
0.3089004493333333
0.859681204
0.9062068353333333
1.0040835293333332
0.5069303386666666
0.6673504346666667
1.0021389926666668
0.32579836733333334
0.9992827666666667
0.9740811466666667
0.618114312
1.0124386626666666
1.0018818486666667
0.339712432
0.9070201773333333
0.958441332
0.39164252200000005
0.5090512606666667
0.8908317873333333
1.0061652506666665
1.0089543433333332
1.0056234086666667
0.214686106
1.0031688926666666
0.3673298293333333
0.711564426
0.6159557853333333
0.3468186353333333
0.9981564286666667
0.9148739606666666
0.9024367653333334
1.0032860606666667
1.0301287479999999
1.0025249573333335
0.9830212506666667
0.24457070533333333
0.851483376
0.4397247266666667
0.6129975446666667
1.0038840433333334
0.989031294
0.8093938066666666
0.7791818613333333
0.8900472060000001
0.9586017693333333
0.8653015073333332
0.9982144253333333
0.7831672100000001
0.7229063406666667
0.9960037326666668
1.0017416433333333
0.845873954
1.0037901946666665
0.8554774466666666
0.9420027406666667
0.9929067993333333
0.8449005186666667
0.7921078706666667
0.6710309733333334
0.6338406006666667
0.811013878
0.8809647193333333
0.8964002413333333
0.6002372033333333
0.7256054153333333
1.0040131133333332
0.8496557426666667
0.5361705393333334
0.46872682066666665
0.5891991626666667
0.9987831486666667
1.0014847026666667
0.7670611773333333
0.8745606386666667
0.5341733366666667
1.0316876560000001
0.4557526393333333
0.9909252466666667
0.8271163933333334
0.8848669693333333
0.23208386933333333
1.0057058246666668
0.5883113893333334
0.8502444439999999
0.935457778
0.7589622366666667
0.7873017606666667
0.41307692199999996
0.9359878173333334
0.69363727
0.8840655586666667
0.70913249
0.4503029786666667
0.6682485833333334
0.542297274
0.47452172333333337
0.66475786
0.8749971573333334
0.7259672246666667
0.27591712133333335
0.329249986
0.9990038486666667
0.8087612953333334
0.9346841846666666
1.00275902
1.014004296
1.0040835293333332
0.6767031613333333
0.4450120753333333
1.006023844
0.8696290219999999
0.9984348733333333
0.8303144
0.6134002620000001
0.4870460966666667
1.00282926
1.0037315486666667
0.7746426240000001
1.0071089766666668
1.0037667353333333
1.0034032560000001
0.8626857539999999
0.9198212373333334
1.0105686513333334
0.3257971313333333
0.48085438199999997
1.002162376
0.9083149613333333
0.9255497413333332
1.0042830946666665
1.001987028
0.8184943586666666
0.3803110953333333
0.6931335353333334
