1.0150587406666667
0.968731346
0.9995385786666667
0.9025884826666667
0.831302764
1.0027941386666666
0.9535577846666666
0.6054451426666667
0.9982144253333333
1.00517624
1.0037784646666668
1.0106280993333334
0.8748902146666666
1.0096065666666667
0.905604946
1.0046824633333333
1.0026068666666668
1.0067076766666667
0.7874027966666666
0.4020243926666667
0.9938028106666668
0.9133078786666666
1.0145192619999999
0.9953574266666666
0.7752858466666667
0.8652404953333334
1.0138846113333333
0.8795755266666667
0.9452160693333334
0.7953274933333334
0.7834100566666666
1.00275902
1.0064010159999999
0.811941452
0.8077042400000001
0.6741380613333333
1.0020688493333334
1.001566442
1.0041774326666666
0.8180033133333333
0.9378579326666666
1.0000855253333334
0.9947349966666668
0.4867507913333333
0.9349690439999999
1.039704498
0.9739596573333333
0.6677135566666667
1.0082556213333334
1.0323572046666667
0.5865919086666667
1.005906036
1.0022676146666667
1.003532202
0.8510615653333332
0.9346129966666668
1.0066132993333334
0.9672914046666666
0.8906655253333333
0.9678363333333333
0.7327607626666667
1.0052938773333333
0.9750098853333334
0.3330245213333333
0.9953458933333333
0.759257406
1.0114372873333333
0.9692122793333333
0.9014896826666666
0.676000204
0.7035739693333334
1.0036611819999999
1.0379205893333332
0.8587873500000001
0.9857398946666667
0.659263108
0.7020845773333334
0.799204938
0.9055476646666666
1.006342064
0.8267024613333332
1.0057293753333334
1.0025249573333335
0.670622348
0.9985625459999999
0.9868270333333333
0.9727354106666667
0.43466489533333336
0.8554263313333332
0.16101457933333335
0.2825301806666667
0.8509351039999999
0.9789210806666666
0.8459572580000001
0.970350932
0.9789433933333334
0.5032653673333334
0.999526948
0.996523694
0.3812969786666667
0.8138338206666668
0.5575671059999999
0.8445516266666667
1.0014146506666666
0.5912593846666667
0.3737256506666667
1.004658962
0.20724855733333333
0.9414865066666667
1.0101883493333332
0.8848487393333333
1.005611636
1.0088595446666666
1.0078652326666666
0.8216573493333333
0.8692946
0.6154703186666667
0.8174583980000001
1.0055998633333334
0.6991018706666667
0.6703031286666666
0.7360382666666666
0.9172282826666667
0.45042340066666664
0.9517827606666667
0.965150346
1.0023962693333333
0.93516244
0.44918918333333335
0.573453672
1.0088832426666665
1.00256006
0.869637826
0.9718109979999999
1.0017533253333333
0.7774540759999999
0.7088516013333332
1.0065779126666667
0.6619761246666667
0.7151068166666668
0.5340869833333334
0.8569795573333334
0.8171240240000001
0.602734752
0.6031579733333333
0.9232220146666666
0.8091117213333333
0.7255563846666667
0.5858917413333333
1.008847696
0.9107611213333333
1.0237080913333332
0.8755768853333334
0.9362428573333333
0.6309679513333333
0.9938373046666668
1.004600214
1.0074869626666667
0.5265698886666667
0.9291438173333333
0.9375406113333333
1.0046824633333333
0.6864369406666666
0.8044290373333334
1.0026419746666666
0.6921561426666667
0.48519190866666667
1.005411542
0.821901064
0.840996142
0.6391367933333334
0.6911648180000001
0.8447841893333332
0.9250015713333334
0.6922398113333333
0.612599724
1.0008429273333332
0.33583161333333333
0.09535122666666666
0.7746426240000001
0.751637128
0.9806756999999999
0.9972293986666667
0.9170716040000001
1.0035204786666667
1.007120784
1.0068846813333332
0.7302192879999999
0.7924001506666667
0.8179410006666668
0.9961769926666666
0.965399828
0.9656820073333333
0.83489018
0.35096196933333335
0.5644514193333333
0.9239668046666667
1.0281559593333334
0.6440438306666667
0.205243046
0.9626625940000001
0.9013288766666666
0.9953804946666668
0.9963387566666667
0.6128094993333333
0.43716682133333334
0.8452247479999999
0.7263723886666666
1.0082911259999998
0.8122715966666666
0.49213859000000004
0.8792244126666666
1.0056234086666667
0.972823542
1.011854286
0.2581280793333333
0.99828403
1.092505608
0.859552168
0.41631616
1.0090373066666667
0.8351418093333334
1.0050821493333333
0.58903755
1.0375946213333334
0.3420267966666667
0.8167510926666667
0.9067999526666667
0.8219482513333334
0.904775078
0.5769974806666667
0.29536438066666665
1.0401829226666668
1.0083503066666668
0.8746764073333334
0.9997014366666668
0.455875994
0.7187688453333333
0.6673245126666667
1.0101051966666668
0.8455492266666667
1.0076051413333333
0.3000598933333333
0.8314636959999999
1.0327047200000001
0.7909918866666666
0.3461031706666667
1.001087872
1.0051644773333335
0.965399828
0.9354272173333333
0.2230456633333333
0.7593312346666666
1.03708101
0.8501182246666668
0.7958654146666666
0.5190857366666667
0.427813284
0.99595754
1.0036846366666667
0.8974772853333334
0.9719759426666666
0.8256853133333334
0.999515318
0.7673901026666667
0.8807389026666667
0.3542065793333334
0.9121828406666667
0.9072309273333333
0.8314395526666667
0.6159955386666667
1.160566722
0.6182789253333334
1.0059413753333333
0.48436294199999996
1.0017533253333333
0.36927054933333336
0.9617141473333333
0.32643226933333336
0.45419830466666666
1.0092032746666668
1.0312541526666668
0.8845571613333333
1.0040835293333332
0.5582120566666666
0.4823475506666667
1.0043300626666667
0.8551708453333334
0.5263859613333334
0.9993292686666667
0.6592125146666666
0.8398778393333334
0.9410326893333333
0.9863511153333334
1.0059884986666665
0.7515516373333333
0.7335993266666666
0.6989312206666667
0.7744121626666667
0.5770672526666667
1.0016949173333334
1.0073924393333333
0.673202918
0.9351115386666667
1.00534094
0.20521999999999999
1.0064010159999999
0.4731078073333333
0.995069168
1.0068256726666667
1.0103071633333334
1.007877058
1.0094641913333333
1.000201974
0.9906052759999999
0.9958882593333332
0.9729006693333334
0.9092956973333333
0.6828681146666666
0.904384518
1.0067430726666666
0.025389482
0.615712956
1.0328537273333334
0.99862059
0.8782984593333334
0.636885878
0.7958801619999999
0.9006578933333333
1.0013329359999998
0.8867395393333333
0.2965031893333333
0.9348672880000001
0.9858869713333334
1.0086700006666667
0.7523019906666667
0.49740205866666665
1.006813872
0.999922542
0.9956573926666666
0.9990851833333333
0.9067808079999999
1.0055763193333334
0.3805385433333333
1.000073882
0.9698360173333334
1.0023611786666666
0.8852682199999999
0.7121307373333334
0.96263023
0.8403708413333334
0.550217116
0.69049256
0.8170773893333333
1.0019402786666667
1.01242673
1.0073806253333333
0.6580560453333333
0.7873089766666667
0.999922542
0.8203782546666666
1.0029580586666667
0.2712308286666667
0.8493365033333333
0.6798254593333334
0.9875417713333333
0.880603468
0.813202052
1.0324068353333333
0.850168708
0.7998896153333334
0.652978684
0.9258390380000001
0.8084416053333333
0.911553642
0.7638552833333333
0.9778178893333334
0.9405999073333334
0.6612474186666667
0.8494120906666667
0.8700958826666667
0.12439157133333333
0.7794010266666668
0.9126674306666667
0.7258200046666666
0.9301600006666666
0.4273344173333333
0.43718017133333337
0.75569056
0.13619554266666667
0.6008796126666667
0.808403564
0.6448948259999999
0.9927805686666668
0.7151603993333333
0.2777882386666667
0.038425167333333336
0.79931649
0.11192009666666666
1.0072506879999998
1.0127609546666665
1.0042009106666665
1.0009128993333334
1.0055880913333333
0.9006578933333333
1.00505863
1.0007962846666667
1.0126654400000001
1.0700634806666667
0.8274271146666666
0.8191578146666667
0.7227725220000001
0.884748488
1.0116278726666665
0.5578459186666667
1.009298138
1.0067076766666667
0.400397818
0.7972985013333334
0.7477245666666666
1.0069318926666666
0.8808201833333332
0.8217123693333332
0.645224222
0.6332051626666666
0.9170422326666666
0.47029995333333335
0.476255494
0.9184443626666666
0.6955412626666666
1.0005398286666667
1.029042778
0.6705857006666667
1.0076051413333333
0.8310936453333334
0.9590298646666667
0.2706932066666667
1.0031103186666666
0.99814483
0.6181721393333333
1.013513768
0.25753373133333335
0.9356004219999999
0.7330296453333334
0.97121766
0.7752508613333333
1.002337786
0.8451582193333333
0.3913356353333334
0.7471132500000001
0.5749737006666666
0.5124005819999999
1.0030166146666668
0.4775661506666667
1.0120331053333333
1.006530734
0.83539359
1.009440466
0.7375043653333334
1.0065779126666667
0.9942053926666667
0.6314317653333333
0.6762343606666666
0.5817649886666666
0.9973451826666666
0.9981912253333334
0.9935384340000001
0.5143180646666666
0.6734457
0.5069273473333333
0.9522470086666667
0.8498658993333333
1.0002252666666667
0.974191618
0.4936857506666667
1.0043887786666665
0.9064554673333334
0.4731573213333334
0.7158517446666667
0.9959228986666667
0.9585910713333333
0.4436903853333333
1.0174874846666666
0.8004635633333333
0.6858505006666666
0.6956651866666667
0.7784757160000001
0.9719649446666667
0.9119310573333334
0.32497501533333334
0.6327946746666666
1.0096303
1.0070027186666666
1.0068492753333333
0.6422381006666666
1.0038840433333334
1.007404254
0.87388445
1.0118423673333334
0.8213745066666667
1.003708092
1.0025483586666666
0.7963154686666667
1.0031337473333333
0.8174272819999999
0.46170280933333335
0.67345098
0.40975670066666664
1.0046237126666666
1.0032274726666666
1.0059413753333333
0.4704519213333333
0.9292543833333334
0.9971020666666667
1.0072388773333334
1.0039779093333334
0.9710749273333332
0.8264638426666667
0.8040525486666668
1.0034501413333334
1.008018986
0.8202215846666666
0.480741354
0.46721245533333333
0.8756036606666666
1.002536658
0.928159938
0.8708544973333334
0.650166486
0.6281993133333333
1.0062713313333334
0.638694836
0.590706418
1.0030283266666666
0.9838656926666666
0.8598447053333332
0.8320032733333335
0.5260474846666667
0.3700117846666667
1.0104735486666667
0.9359062333333333
0.44626977933333334
1.010747016
0.6362631726666667
0.9411976633333333
0.5338214566666667
1.0084568486666667
0.8222551013333333
0.8127327133333333
0.501297582
0.601001532
1.0046707126666667
0.31149134733333333
0.8165259446666667
0.978787228
0.39974379866666665
0.9237482086666667
1.0173067326666665
0.9986438093333333
0.7709231933333334
0.84569907
0.4410477706666666
0.9995036873333334
0.4450604953333333
1.0029112193333334
0.9734960666666665
0.623566084
1.007120784
1.0197462593333333
1.0065543226666667
1.0143515413333333
0.993607388
0.8900840966666667
0.683085326
0.6972179726666666
1.0039896433333333
1.0095116453333333
1.005823586
0.538186104
0.8091955639999999
1.0050115933333332
0.9975420786666667
0.29416979733333337
0.8001056813333333
0.612765784
1.0033329353333333
0.7789486913333333
0.25027926
0.3662444773333333
0.9983304386666667
0.5654993146666667
0.5254328946666666
0.991611594
1.0148908413333333
0.9425298826666667
1.0103903493333335
0.995311294
0.7843901153333332
0.5263633826666667
0.5086684266666667
1.0099151846666667
0.68031003
0.46155892000000004
0.7520187866666667
0.4672175373333334
0.26033497066666667
0.7751599146666668
1.0347947373333333
0.992539672
0.9418581380000001
0.32075333133333334
0.7957474520000001
0.26574150133333335
0.9966393146666666
1.0126176886666667
0.6128794559999999
0.9752202026666668
0.9094978760000001
0.54939014
0.854864464
1.0107826966666666
0.633279854
0.3551761253333333
0.5709950006666666
0.26889089
0.5121561753333334
1.021310306
0.40964922466666664
0.9737498826666666
0.814543804
0.7256421933333332
0.709355018
0.309013796
0.8749080366666667
1.0051174313333333
1.038334614
0.30447156933333336
0.41773539
0.8130327193333332
0.639669856
1.0322455526666665
0.8492189493333333
1.004694214
0.9998643473333333
0.8002323946666667
0.48674251733333335
0.6769484753333334
0.934501152
0.89643766
1.0042126506666667
0.970668918
0.985875656
0.46735734866666667
1.0122835586666667
1.0008079453333334
0.9810901253333333
0.8126250726666667
1.0053880066666667
1.0220637266666666
0.95717043
1.0000505960000001
0.6334713306666667
0.25952875333333336
1.00289951
0.9819088033333334
0.8371521593333333
1.0038840433333334
0.5888881373333333
1.0018234246666666
0.193812278
1.0082201193333333
0.9043178706666666
0.9954727766666667
1.0393396806666666
0.549727668
0.39983683333333336
0.5191955486666666
1.0156468253333335
1.008551572
0.9976463486666667
0.9999574626666666
1.0057175999999999
1.0092744206666666
1.035867904
0.8703339099999999
1.0049998353333334
0.558175784
1.0000040273333335
1.0040131133333332
0.9718219926666667
1.0315885373333333
1.0196010106666666
0.5560944
0.934206418
0.9230533626666667
0.44387838933333335
0.9859888193333333
1.0011812153333333
1.0006913553333334
0.7359625926666666
0.7332236126666667
0.9998992633333333
1.0323199846666666
1.0315761486666666
0.8905639513333334
0.9679344853333334
0.208737254
1.0027356086666668
1.003075178
0.9115149506666667
0.6620832726666667
1.0028409673333334
0.774488968
1.001765008
0.942405796
0.8646482586666666
0.7921005666666666
1.0011228733333335
1.008812152
0.9971830920000001
1.019032516
0.9938488033333333
0.8902685946666667
0.991485692
0.615540884
0.8166656773333334
1.0123432086666666
0.9180713506666666
0.6728759666666666
0.8456740920000001
1.0085278893333334
0.7514727393333333
1.0093692973333332
0.9233212506666667
0.5118753966666667
0.8651446373333334
0.818619162
0.9980752446666667
0.03647560066666666
0.9291337673333334
0.6393461046666666
0.01563958
0.274305596
1.000341748
1.0344208993333333
1.02631332
1.0053644726666666
0.8182682486666666
1.0000505960000001
1.000178682
0.8555115273333332
0.8267820313333333
1.0074160686666667
1.0055880913333333
0.47599686333333335
1.0024430613333335
0.7958359206666668
0.6497533786666667
0.9404866253333333
0.8776702826666666
0.923629018
0.997634762
1.0046119633333332
1.0125818786666667
1.005800032
1.0156468253333335
0.8906193526666666
0.6006023266666667
0.7710200693333333
0.759143336
0.602489556
1.0314027413333333
0.5751430900000001
0.9976926979999999
1.009381158
1.0040835293333332
1.0014263253333333
1.0063066966666667
0.5955802333333333
1.0004815613333333
1.0018000573333334
0.796802986
1.0007146706666668
1.00275902
1.007286122
1.02648502
0.8796385766666667
1.001204554
0.9415587453333333
0.8408232686666667
0.804572196
0.9990154673333334
0.5195912553333334
0.999934182
1.0007030126666667
0.934521486
1.030017578
1.0010062100000001
0.7517489533333334
0.9295862380000001
0.8069378953333333
0.9917031786666667
1.001987028
0.588920436
0.37838621199999994
1.0248072766666667
0.98105651
0.9345113186666667
0.526666744
1.0108659613333333
0.8320032733333335
0.821060466
0.940548412
0.6651336153333334
0.9395505206666667
0.5538820133333333
1.0085160486666667
0.9998643473333333
0.31242374266666667
0.9523103506666666
0.9896238006666668
0.7084190006666666
0.8858159666666667
1.0053291739999999
1.005658728
1.0033563746666667
0.9070584886666667
0.5752509353333333
0.9953458933333333
0.6440969520000001
0.80428593
0.9294253093333333
0.8226724693333334
0.8444436946666667
0.845915604
0.6366451433333333
0.5266086266666667
1.0029931920000001
0.34938458999999994
0.7180538493333334
0.8309167813333334
0.9074321893333334
1.0009128993333334
0.822814314
0.9642944086666666
1.0042478713333334
0.4198978646666667
0.8503033586666667
0.95865526
1.0070263293333335
0.6313667900000001
0.9304219526666667
1.0024430613333335
0.656090814
0.9005729106666666
1.0326426466666667
1.0108302746666666
0.840502406
1.0069436966666667
0.9940213146666667
0.9176300173333334
1.0039896433333333
1.0000971686666666
0.662343634
1.0097252433333332
0.503471848
0.38295266266666667
0.43582933
1.0082437866666667
1.0013446086666666
0.7339754253333334
0.813617984
0.990057236
0.8647701233333334
0.314088172
0.8805583326666666
0.935050464
0.9662794686666666
1.012176206
1.0381212873333334
1.003321216
0.8954751153333333
0.845382796
0.471567636
0.8774640779999999
1.0380334726666667
0.5619515106666667
0.7668899733333333
1.0079480173333333
0.987927934
0.37023665133333333
0.6616294073333333
0.8649878246666667
0.47654084133333335
1.0045884653333332
0.5121470146666667
0.25849160666666665
0.8355886220000001
0.999631634
0.999794522
0.8701399519999999
1.0026068666666668
1.0036494553333333
1.0131431966666666
1.0073688113333332
0.37940234133333334
0.98561548
0.9990851833333333
1.0336367193333333
0.9528596646666666
1.008054474
0.7259672246666667
0.8751397879999999
0.4187433993333333
0.854617816
1.0054703846666666
0.36020575066666666
1.0061534646666668
0.9353864726666667
0.9459967833333334
0.8040676013333333
0.9062163953333333
0.8312303653333334
0.9922874293333332
0.625851324
1.0029814806666666
0.9397766606666668
0.38048797599999995
0.8804771006666666
0.8448589686666665
0.7833886233333333
0.7094253193333334
1.0090610133333333
0.7327670133333333
0.9909366780000001
0.8595435673333333
1.033748672
1.0022325326666668
1.0313408246666667
0.9328976080000001
0.4932633493333334
0.9981564286666667
0.932411544
0.778292328
0.9992827666666667
0.680067658
0.874142346
0.6676045786666667
0.562979066
0.9066563853333334
0.9700988846666667
0.9991432880000001
1.0050468706666666
1.0065425286666667
0.7883060553333333
0.40198112199999997
1.005493924
0.8599480013333334
1.0065779126666667
0.5578205606666667
0.7805838146666667
0.9849148186666666
0.9984929026666667
1.0045649686666667
1.0032860606666667
0.7958285473333334
0.8698756026666666
1.0061534646666668
0.6449916720000001
1.0110444313333333
1.0153346953333333
0.2942070766666667
0.7952685873333333
0.5577770946666667
1.010449776
1.0012629053333333
0.8454909686666666
1.0090728666666666
0.9560837653333333
1.0336367193333333
1.0014496753333333
1.0054468466666666
0.864482926
1.0144234146666666
1.0106756626666666
1.0358429213333333
0.9147083446666667
0.9012721353333333
0.7961088233333333
1.0090610133333333
0.2668079273333333
1.0073451846666668
0.7599963366666665
1.007829758
0.530193784
0.9644459826666666
0.9168366859999999
0.8310534426666667
0.46866288733333333
0.443772904
0.8245440106666667
1.0028058453333333
1.0126535013333333
0.6960259446666667
0.8679507106666666
0.49177231666666665
1.0072506879999998
0.9410739273333334
0.9937453253333333
1.0113539286666668
0.9236588126666667
1.0000971686666666
1.0390002533333333
0.90589146
0.8798638293333333
0.6446625133333334
1.0068610766666668
1.001624836
0.871110608
0.8799900213333334
0.539840032
0.782903106
1.0018818486666667
0.901565376
0.6336208566666667
0.7024520253333334
1.0067430726666666
1.0098795653333332
1.032717136
0.6330651633333334
0.9718109979999999
0.30130712133333337
1.035318564
0.8077801946666667
0.8562022400000001
0.8504885733333334
0.6417678706666666
0.8798818546666667
0.5834720993333333
0.9029869853333333
0.743955604
0.9417135799999999
0.8894850053333333
1.0037784646666668
0.7836244586666666
0.785875594
0.8746318773333334
0.844684504
0.4839890573333333
0.553889156
1.000761306
0.9661707840000001
0.6767564753333334
1.0036025506666666
0.303809302
0.994193886
1.0055880913333333
1.0078534073333334
0.16602404333333334
0.648737602
1.0421010313333332
0.9309765673333333
0.7298470273333334
0.6676460900000001
0.83611729
0.38423568666666663
0.9351115386666667
0.46717179933333336
0.4358315413333333
0.9985393306666667
0.3756673546666667
0.9990735633333334
0.35671004466666667
0.8177229806666666
0.35338181933333335
0.28416204933333333
1.001916906
1.00509391
1.0017299613333333
0.3500209686666667
1.0069200893333334
0.06929669066666667
0.5539498793333333
1.0061534646666668
1.0398303566666667
0.6647321386666667
0.695237272
0.9024557273333333
0.5683278586666667
1.0045884653333332
1.0040013779999999
0.9304723446666667
0.6151529726666667
0.3284606053333333
0.536301092
1.0089187913333333
0.9980868413333333
1.0050703893333333
0.49820694000000004
0.5577263933333334
0.586095618
1.0074160686666667
0.5454965766666666
0.570680144
1.0059531560000001
0.32990120533333334
0.9293247566666667
0.755179002
0.7148568686666668
0.23199924866666666
1.0085870973333333
0.650225544
0.9988179893333333
0.9953920286666667
1.003321216
0.6131156786666666
0.9009129379999999
1.006601504
0.8548559566666666
1.0057293753333334
0.8174272819999999
1.001356282
0.8131558633333335
0.7558434973333333
0.628327976
1.0120450286666667
0.9958651679999999
1.007782462
0.39234015533333333
1.0019519653333333
1.0036729093333334
1.0034501413333334
0.9988063753333333
0.7520582906666666
0.5939083886666666
0.379291774
0.5226960486666666
0.9779737453333334
0.9226865086666667
1.0013095913333334
0.5190669166666667
0.40178933666666666
1.0078534073333334
1.0013095913333334
0.935681952
0.9310371106666666
0.855315602
0.961466566
0.8309408946666668
0.4438829766666667
0.3153021673333333
1.0086344693333333
0.306962074
0.3774899406666667
1.002162376
1.0013913026666668
0.9846100033333334
0.6160529706666668
0.579437866
0.9998410706666667
1.031972728
0.8467077299999999
1.0130237153333335
0.5402236753333334
0.241423216
1.0030986046666668
1.0017065980000002
1.0183680606666667
1.0058942566666667
0.9904682093333332
0.685949084
0.9910967439999999
0.5592733033333334
1.005823586
0.901565376
1.0067076766666667
0.994193886
0.9291438173333333
1.002770726
0.7295371006666665
0.5878524126666667
1.000737988
0.9066276773333334
0.931057294
0.9309059433333333
0.8546518280000001
0.15915332333333335
0.774475002
0.24229623533333333
1.0007962846666667
0.8502444439999999
0.8984817313333333
0.9543417426666666
0.18383078466666666
1.000737988
0.9720089386666667
0.9967780953333333
0.7123256153333334
0.7873811439999999
0.67646868
1.0005981026666666
0.8166579126666668
0.6984311273333332
0.6333218753333333
0.8502276126666667
0.7159651093333333
1.0047177166666668
0.48300661799999994
1.0326674753333334
1.005505694
0.831214278
0.99780859
0.42831244599999996
1.0039661746666668
0.7709439506666665
0.8986227213333333
1.032729552
0.9956458526666667
0.834654922
0.8656241400000001
0.9948732473333333
0.6127220753333333
0.15093840133333333
1.0075696846666666
0.7525854080000001
0.623439364
0.649994294
0.6926752133333333
0.3428896593333333
1.040409698
0.9972525533333334
0.8599393926666666
1.0319851260000001
0.8859804226666667
0.786688884
0.39874177666666666
0.769728092
1.0034149766666667
0.9016221546666667
1.0044122673333333
0.47763253666666666
1.0021740686666667
0.8960729580000001
0.656040706
0.8797917359999999
0.5171668546666667
0.6302503846666667
1.0251007913333332
0.9919322146666667
0.8750595526666666
0.99608458
0.751696326
0.9987715353333333
0.6986583533333334
0.800165306
0.573756268
1.0131551460000001
1.009950806
0.374499592
1.005847142
1.010747016
0.999061944
0.7956958540000001
0.8455159353333334
0.880756964
0.5748928906666667
0.2742977126666667
0.4571667466666667
0.7437365986666667
0.743929832
0.4659882713333333
1.0051056706666666
0.227230716
1.01140156
0.6476224453333334
0.812548204
0.9270580620000001
0.7600837593333334
0.895820646
0.3525261666666667
0.9653455820000001
0.997739052
1.0045649686666667
1.0038488479999998
0.8856150473333334
0.9063024466666667
1.0008079453333334
1.0028175526666667
0.9112152026666666
0.823145474
1.0107351233333335
0.8946450653333333
1.002384572
0.3973951493333333
0.5306621646666667
0.5577843386666667
0.8848760846666668
1.0267672233333334
0.9389548546666666
0.9410533073333333
1.0391133706666666
1.0005398286666667
0.5575055873333333
0.7830172913333334
0.8850584300000001
0.7751599146666668
0.8595177653333334
0.8354342146666667
0.618456984
0.9409914546666667
0.9963503133333333
0.9946083013333333
0.377735618
1.007888884
0.641422834
0.8548134213333333
0.7263846733333333
1.006294908
1.00569405
0.5258832393333333
0.8124406120000001
0.989373038
0.8406340126666667
0.689030344
0.6645881373333333
0.488825478
0.5933299666666667
1.0344707286666668
0.68285183
0.6440438306666667
0.6449577726666667
1.0105805399999999
1.0343337093333334
0.5125136986666666
1.0352436986666667
0.751479314
0.8464407426666667
0.8751219566666667
0.55182538
0.8589247453333334
0.5665623186666666
0.8002323946666667
0.81287115
1.0077351706666666
0.5118082993333334
0.8124175606666666
0.6416767833333333
0.6153116046666667
1.0088239993333332
0.9839220406666667
1.0039779093333334
0.6290688093333333
0.9737940386666667
0.3935390653333333
0.6796856006666667
0.41637468133333333
0.8265592733333333
0.9983420413333334
0.795526366
0.32864910799999997
1.0365553993333334
0.864683074
1.0006680406666666
0.813225148
1.0389625526666666
0.999794522
1.0018818486666667
0.97434632
0.7369791853333333
0.9589442146666667
0.633522722
0.7581985446666666
0.2658327866666667
1.0004932146666667
1.0320471206666666
0.95387545
0.998864448
0.7998672706666666
1.0053997746666667
0.8010308660000001
0.0
0.8174817366666666
1.0030868913333333
0.9875758326666667
0.945549016
1.0099033106666668
0.5625808573333334
1.0020220926666665
1.003930974
1.0072506879999998
0.88424757
0.998110036
0.9672914046666666
1.0123909333333332
1.0081136266666668
0.7957474520000001
0.9394272173333333
0.912366924
0.257202922
0.9995851039999999
1.0332388606666667
1.0080426446666666
0.9993990286666667
0.7780385479999999
0.62576014
0.8956898733333334
0.419758336
1.005282112
0.5935636613333334
0.5492320660000001
0.692630532
0.8220505093333333
0.20929874866666667
0.2521763833333333
0.49162596066666664
0.42462206799999996
0.6622466126666666
0.7663152879999999
0.7712623653333334
0.40408579466666666
0.9971830920000001
0.890305504
0.5841227953333333
1.0093099973333333
1.0090728666666666
0.9293951413333332
0.6427763506666667
1.0751664193333332
0.22774702600000002
0.4346868913333334
0.65618604
1.00086625
0.482228406
0.5885129206666666
1.0005864473333332
0.8179955233333334
0.7707640933333334
0.9149324280000001
0.692597024
0.9341556206666667
0.6592479293333333
0.522829668
0.9660621246666666
0.6476126806666667
1.0048822666666666
0.9926658413333332
0.7876049466666667
0.49028187666666667
0.8554518886666667
0.32776252066666667
1.0174633806666666
0.9402807280000001
0.15696258800000001
0.21383049733333334
1.0061888220000001
0.9957497266666666
0.863987306
0.512107322
0.4410296553333333
1.007888884
1.008149122
0.660028014
0.5084907706666667
0.590982772
1.0317867933333333
0.6681082506666667
0.9852311226666667
0.6284566913333333
1.0063066966666667
0.6861682593333334
0.7407542633333334
0.46586191
1.0076287806666666
0.8748278433333333
0.9282903326666666
0.929596298
1.0062006079999999
0.971052972
1.0031806079999999
0.6741856806666666
0.8499752220000001
0.9738713200000001
0.9176594260000001
1.03583043
0.7447037713333334
1.0006680406666666
0.9990387046666667
0.89984649
0.9728015073333333
0.6108050453333334
0.830330452
0.966660056
0.6257555813333333
0.8175128566666667
0.7871069786666667
1.0081136266666668
1.0045767173333333
1.0078652326666666
0.7479980313333334
1.00985582
0.8789904926666666
0.579680302
0.8449753186666666
0.9417858533333333
0.43470668933333334
0.385290432
1.0321835346666666
0.9713274826666667
0.9983072333333333
0.8259076006666666
1.0029580586666667
0.826424086
0.9816619346666666
0.976206584
0.9697593753333333
0.8750238966666667
0.755723802
0.999515318
1.0143036313333333
0.9991897766666666
1.02429403
1.0125938146666666
0.9650419153333334
0.7632919186666667
1.0102002293333334
1.0131073493333334
1.0104141193333334
1.0178129999999999
0.6559555406666666
0.7866384540000001
1.0068256726666667
0.89631606
0.9121537813333332
0.9591476573333333
0.9979592906666667
0.7471132500000001
0.06452523333333333
0.29077418266666666
1.0059767173333334
0.8735467480000001
0.47771488133333334
0.3852800633333333
1.0050821493333333
0.17748275466666666
1.0042243906666666
0.9418891206666667
1.0038723113333334
0.8546433246666667
1.00746333
1.003708092
0.7231375986666667
0.61544827
0.6990051586666667
0.57733487
0.9987831486666667
1.0014963786666666
0.996627752
0.9957728126666666
0.7957327086666666
0.56021069
0.5002495206666666
0.9105487280000001
0.790875364
1.0165001586666667
1.031328442
1.032741968
0.6561910526666667
0.7401224006666667
0.8210526180000001
0.3954995853333333
1.009938932
0.8830022913333334
0.5916218133333333
1.0023728753333334
0.9978781386666666
0.9743131653333333
0.8551282793333334
0.795460064
0.9998876246666667
0.9677491033333334
0.6857902686666666
0.8757732753333333
0.5314172426666667
0.9934465100000001
0.845848966
0.795983412
0.9089396953333333
0.8186425673333333
0.3593092586666667
0.9969400546666667
0.278285006
0.7559898433333333
0.8456241413333334
0.47802592133333327
0.9358552506666666
1.037318962
0.5136629766666667
0.953706002
1.013310518
1.0018818486666667
0.6475687406666667
1.0096421666666666
1.0044827393333333
1.0095709693333332
0.7056431006666667
0.8310614826666667
1.0251374926666668
0.9067425199999999
0.9967549626666667
1.0062359686666666
1.0320223213333333
0.7790405293333333
0.9691685386666666
0.9405793086666666
1.006813872
0.8546008113333334
0.9651720346666666
1.0104260046666667
0.473141684
0.8656066946666666
0.46713877200000004
1.0037432773333332
0.599705004
1.0128803746666668
0.47301141466666663
0.8496473386666666
0.7153509819999999
0.584079106
0.42840643533333334
0.722644832
0.9076814946666667
1.033400454
0.346009764
0.8178709099999999
0.5555692906666666
0.641542596
0.9971252153333333
1.007215256
0.32636529599999997
1.0127370746666666
0.8511711959999999
0.71858846
0.7019296753333333
0.7550263333333334
0.9997828853333334
0.5151539533333332
1.0134539806666667
0.9987250860000001
0.8085481406666666
1.0030049033333333
1.0131909973333333
0.7919545100000001
0.7298532286666667
0.5664091493333334
0.6669514566666667
1.0054821539999999
1.0008196053333334
0.9769393466666667
0.8851222686666667
0.8092565513333334
0.29162809133333334
0.6397508446666667
0.9293147026666667
0.9990154673333334
0.8804049066666666
0.6474076806666667
0.6029547526666666
0.43703559333333336
1.0070027186666666
0.7791889293333334
1.039754838
0.7438009986666666
1.00197534
0.7633936699999999
0.25427699533333337
0.8991682986666666
0.999178154
1.001227894
1.0046237126666666
0.6595769606666667
1.0016598753333332
0.9543629486666667
1.010449776
0.7839105106666666
1.006365644
0.818050054
0.9625223646666666
0.21535674733333335
0.6827541346666667
0.5285365513333333
0.821995444
0.343528678
0.7298780346666668
1.0065425286666667
0.5543753126666666
0.3934056913333333
0.5212528726666666
0.530131614
1.006023844
1.0020454706666666
0.304325946
1.00086625
0.570983614
1.0091558493333335
0.9999574626666666
0.541736382
0.8264161353333334
0.359494218
0.650540702
0.8753181426666666
0.5321283186666667
0.3112396633333333
0.7794010266666668
0.9649443486666668
0.39338767466666663
0.294209092
1.0067194746666668
0.7331798046666667
0.8158047553333334
0.6262254566666666
1.001356282
0.9987715353333333
0.9403630759999999
0.8705191326666667
0.4293829433333334
0.3866413973333333
0.4918539766666667
0.999794522
0.3215746646666667
1.003075178
0.9730329173333333
0.9987599226666666
0.99915491
0.9594369093333333
1.0047882313333334
1.001893534
1.0328909853333332
0.998864448
0.767678144
0.782974468
0.8844387626666667
1.0015080553333333
0.593272596
0.39756988066666665
0.64458995
0.9783413166666666
0.612796384
0.9304320306666667
1.0093930193333334
0.7704460900000001
1.006601504
1.0004233013333335
0.9352642593333333
0.9383394426666667
0.7295618853333333
1.0360178246666667
0.9704495953333333
1.031229392
0.33887883466666663
0.7356474513333333
0.676639196
1.006813872
0.947405324
0.826424086
0.5640400146666666
1.006601504
1.0025717613333334
0.7516897479999999
0.371847372
0.7509865706666666
0.58882355
0.8959888386666667
0.506371522
0.9179438106666666
0.999061944
0.8404777346666666
0.8749258593333334
0.561940482
0.6925244353333333
0.7330233899999999
1.0033915353333334
0.9958767133333334
1.0192138813333333
0.9883485126666666
0.9979013233333334
0.6762876006666667
0.601152948
0.8408232686666667
0.4120129593333334
0.9055094813333333
0.9966393146666666
0.998063648
0.4948004993333333
1.006342064
0.812263916
0.5839083813333333
0.8739644706666666
0.5254811086666666
0.9187783673333333
0.9115633153333333
0.8950552346666667
1.029462086
1.002700494
1.0069318926666666
0.708816506
0.9523737006666667
0.821743812
0.7910064546666667
0.782974468
0.6734298613333334
0.6392747333333333
0.7120776073333334
1.007510596
0.5751777499999999
0.9353762866666666
1.0095116453333333
0.7916771513333333
1.0352686526666666
1.00063307
0.602963218
0.6556351153333333
0.8595435673333333
0.7669379026666667
0.9963849846666667
0.5706649786666667
0.8269252960000001
1.0068728786666667
0.9239171146666666
0.5090452273333333
0.5360300146666667
1.010687554
0.970153666
0.9583450953333332
1.0005165213333334
0.41954307
0.605389672
0.7673695366666667
0.7827532886666666
0.7329921146666667
1.001788374
0.995818988
0.49456120133333337
0.37840954866666665
1.00877661
0.6258285253333333
0.9126286446666666
0.6989482813333334
0.9964196586666667
1.0255291353333333
0.535909624
1.0035439266666668
1.0037315486666667
0.9391499033333333
0.778461606
0.7915312506666667
0.9404969226666667
0.8739822546666666
0.830226124
0.8450833866666667
0.8699372700000001
0.5620544646666666
1.0013446086666666
0.32512507733333335
1.0043652913333334
0.900450186
1.0006563833333333
1.0004233013333335
0.816588042
0.9660403953333333
0.7346470926666666
1.0051056706666666
1.0022208393333334
0.7518279093333334
0.80469279
0.762844534
0.9979592906666667
1.0006680406666666
0.45967681066666666
0.9065989713333333
0.8851131480000001
1.0121642793333334
1.0044827393333333
0.5101456566666667
1.0050468706666666
0.5816704426666667
1.005800032
0.9130748846666668
1.0004233013333335
0.9800826733333333
0.8554689273333334
0.8902593679999999
0.696375786
0.7437752373333333
0.8504043753333334
1.0101051966666668
0.9351828019999999
1.0073924393333333
0.4686680013333333
0.7288128993333333
0.8143275906666666
0.5114213093333334
0.7702043066666667
0.6284888780000001
0.7791253226666666
1.0382467626666667
1.0157188826666668
0.38549619399999996
0.5876352526666667
0.8748634826666667
0.6643003213333333
0.9958536226666667
1.0014613506666665
0.7090446886666667
1.00431832
1.0087647633333332
1.0327047200000001
1.0149507986666668
1.0008079453333334
0.8268695760000001
0.8820049686666667
0.978207622
1.0004932146666667
1.0052350553333333
0.7572828053333333
0.615615878
0.9184640033333333
0.9841249460000001
0.9949193393333333
1.0038371166666666
0.6006065260000001
0.7052433553333334
0.7711585053333333
1.002653678
0.9949769606666667
0.9724821226666667
1.025272086
0.6745297960000001
1.0052938773333333
0.8748991253333334
0.9681199386666667
1.0015547646666667
0.3863353446666667
0.4247396453333333
0.34369361800000003
1.0060709753333335
0.6990904913333333
0.5855203326666666
0.984542292
1.0008196053333334
0.9048989846666666
0.530259242
0.8547538800000001
1.0204367586666667
0.6995345566666666
1.0021156106666667
0.739994882
0.7593647980000001
0.4373693786666667
0.940188104
0.8404859586666666
1.0076169606666667
0.7716295606666665
0.5888921746666667
0.9720859373333333
0.809172696
0.893946778
0.512122588
0.6474711193333333
0.708717088
0.6565973319999999
0.6564066686666666
0.295962768
0.4033173973333333
1.0033563746666667
0.7794858973333333
0.8403543986666667
0.5519991386666666
0.259833348
0.5301217986666666
0.6611049226666667
0.9998992633333333
0.8508676726666666
0.053171428
1.0065425286666667
0.9985161159999999
0.9728896506666667
0.9946083013333333
0.9970557720000001
0.019421463333333333
0.934196258
1.006566118
1.0067312733333333
0.86846845
0.9133855700000001
0.811872386
0.5820803666666666
0.5017455853333334
0.9972641306666666
0.8501771226666667
0.5189602946666666
0.522772394
0.8219875786666666
0.79936112
0.9174928
0.8554263313333332
1.014004296
0.8645264286666667
0.2900701573333333
0.6228200833333334
0.685730048
0.57957079
0.48855857599999997
0.9911310506666667
0.9641969933333333
1.003497032
0.86612164
1.0075578666666667
1.0057058246666668
0.9916917293333333
0.9781964826666667
0.9288926293333334
1.0013212633333333
0.9078349813333333
0.7827889546666666
0.8415893906666667
0.33070899266666665
0.9960730293333333
1.0016715553333333
1.0463280293333335
1.0140402066666667
0.7924805653333333
1.0071562093333333
0.8877292553333334
1.0100339333333332
0.7828888353333333
0.911292538
1.0326550606666667
0.821696648
0.8748723933333334
0.8403955066666667
0.35418905333333334
1.0078652326666666
0.9648359646666667
0.6421708826666667
0.7130351613333333
1.00275902
0.42956116399999994
0.98604541
0.9724931326666667
0.9306336366666667
0.5223908893333333
0.5050288433333333
0.850210782
0.763305484
0.8323176773333333
0.2707785366666667
0.9643701899999999
0.9075664133333333
0.941104858
0.6179186693333334
0.9244242046666666
1.007475146
0.9718769693333333
0.8460322453333333
0.8695762013333334
0.2507241453333333
1.0101170746666666
1.0070735546666667
0.9644568113333333
0.9784639013333334
0.263135738
1.0084450093333333
1.0339850973333333
0.2540604006666667
1.000621414
0.8697611013333334
0.6035096986666667
1.0346077846666668
1.010271516
0.6443916933333333
0.22917798333333333
0.6340324173333334
0.5798368206666666
1.000283504
0.8771683880000001
0.994758036
1.008551572
0.16223341
0.9723500253333334
0.2788278946666667
1.0046824633333333
1.0007146706666668
0.24101205066666667
0.7668831266666666
0.4871013333333334
0.9070776453333333
0.8874816193333332
1.0109373413333334
1.0052232913333334
1.0106399893333333
0.9174340053333334
0.7259794959999999
0.5646814746666666
0.8225543033333333
0.636187776
1.0073451846666668
0.7091032206666668
0.965247954
0.6802238333333334
0.7480501426666667
1.000190328
1.0613243293333334
0.6797931793333333
0.3890016573333333
0.5628167646666666
0.8749169473333334
0.5560980006666667
0.8503201933333333
1.0047529726666666
0.999480428
0.8306837566666666
0.9603916046666666
0.8798458046666666
0.8605682993333333
0.8639177906666667
0.9961192326666666
1.006625096
0.9961192326666666
0.43758549733333335
0.9787203153333334
0.8949246853333334
0.7369728626666666
0.9039562426666666
0.8694177786666667
0.7029003733333334
0.9346943553333333
0.959222632
0.3990696633333334
0.22373933
0.9948502026666667
0.8747743893333333
0.9982492260000001
1.002876092
1.0057293753333334
0.864839776
0.4870847606666667
0.42957190466666667
0.43948175533333333
0.913366146
1.0066486886666666
1.0002252666666667
0.9997363413333334
0.7964557533333333
1.0068846813333332
0.7294317853333334
0.5776959633333333
0.8371684773333333
0.7165683366666667
0.9240662013333334
0.5797820293333333
1.0337984366666666
1.0083266333333332
0.9973683433333334
0.07154689533333333
0.9233014020000001
0.6596985326666667
0.60256563
0.7517292173333333
1.0043300626666667
0.9297673499999999
0.46465232466666667
1.012331278
1.0078415826666667
1.0047412206666666
1.0048470013333335
0.885505494
0.7302317033333334
0.7187207333333334
0.9700002926666667
0.7557171533333333
0.5661926119999999
0.8553667046666666
0.879999036
0.34769461733333334
0.9844407433333334
0.9996083686666666
1.001788374
0.5887912613333333
0.628208502
0.3301649526666667
0.9644459826666666
0.5125595706666667
1.0125222006666665
0.799405754
0.38912853533333336
0.361794184
0.9584199440000001
1.003192324
1.0059531560000001
0.917257666
0.8770519593333334
0.9065319973333333
1.0034032560000001
0.9992943919999999
1.0063892253333333
1.0069082866666665
0.5301512446666666
0.7788356900000001
0.21206887466666668
0.5336622673333333
0.262606414
0.626961338
0.9403116066666667
0.34561995133333334
0.7130765953333333
0.99955021
0.8697170706666667
1.0098320766666666
1.00205716
0.965399828
0.7833600466666667
0.84234865
0.9989922306666668
1.0007146706666668
0.826519508
0.3292638686666667
0.500141752
0.9361000173333334
1.0116397866666667
1.002864384
0.6739370773333333
0.5196949926666667
1.0027941386666666
0.9409811466666667
1.0320099226666666
1.0146031433333333
0.817528418
0.8597242246666666
0.9952421033333333
0.9995385786666667
1.029462086
1.00256006
0.6695298906666667
0.6234212653333333
0.543711482
0.984677724
1.013358334
0.21858841666666667
0.8552985693333334
1.005752926
0.7477245666666666
1.0210068213333334
0.9951383346666667
1.035468326
0.923192248
0.8755947353333333
0.96263023
0.5840433646666667
0.934704526
0.995980636
0.7555842046666666
0.9918863986666667
0.9975420786666667
1.02307408
1.0095947006666668
0.7493422133333334
1.0043418053333333
1.004658962
1.001566442
1.004647212
0.6026374953333333
0.3746956213333334
0.8311821060000001
1.037431714
0.9691029346666666
0.32663708
0.39955971799999995
0.8706603073333334
0.9086224153333332
1.0363428033333333
0.5714622353333333
0.6561108593333334
0.6856698373333333
0.885624178
0.7402116893333334
1.0126415633333332
0.9937568219999999
0.8974304033333332
0.9995618406666668
0.6388373366666666
0.612516728
0.4107284913333334
0.9981680273333333
1.0244039679999999
0.795917034
0.9650635993333334
0.9986089806666667
0.5068645319999999
1.0003300986666666
0.6860586539999999
0.996627752
0.9409089966666667
0.748336884
0.5887145906666666
0.48681975600000005
1.0344084426666666
0.6364470273333334
0.454051854
1.0061652506666665
0.3737337806666667
0.8597328293333333
0.15696516933333335
0.9895439986666666
0.2346611206666667
0.566162758
1.000924562
0.8805854133333334
1.0001088126666666
1.03600533
1.0044122673333333
0.9179634299999999
0.7825464926666666
1.0085634133333332
1.0329530886666667
0.6449190346666667
0.5068316346666666
0.9936763519999999
0.9590405713333333
0.76645204
0.43724025466666666
1.0011928846666667
0.9373257740000001
0.8715525313333332
0.975264492
0.635500606
0.5642474953333334
1.000889574
0.9938373046666668
0.7475814026666667
0.7096597566666666
0.9310673853333333
0.9686439546666668
1.0087647633333332
0.9012721353333333
1.0042243906666666
0.9132302006666667
1.0053056426666667
1.0041891713333333
0.9025695153333333
0.9852876273333333
0.8365244133333334
0.8801974146666667
0.9413730113333333
0.7823968113333334
0.677135246
0.8236348166666667
0.8450917006666667
0.9846551493333333
1.0083266333333332
0.8313993159999999
0.9847002993333334
0.840288634
0.9990968039999999
0.542167208
0.8169297466666667
1.0368306526666666
0.8440537086666666
1.0005165213333334
0.388303548
1.001519732
0.9254201153333333
0.50900903
0.556400572
1.0013212633333333
0.8634575346666667
0.392327612
1.008196452
0.6863985453333333
0.906044342
0.8807840566666667
0.9991200453333332
0.8798908673333333
0.99945717
0.58009526
0.7517884293333333
0.8910628100000001
0.5418423153333333
0.778991076
0.8394510393333333
0.9719869413333333
0.8424395226666667
0.24369784066666667
0.45750276133333334
0.997739052
0.7258874733333334
0.9114182359999999
0.51925518
1.0020454706666666
1.0112586786666666
1.006896484
1.0088595446666666
0.6256188566666666
1.036042816
0.54966435
1.0072743106666666
1.0044709933333333
1.0006913553333334
0.424697646
1.001916906
0.9914284746666667
0.9931363913333333
0.9988760633333333
0.9288725406666667
0.8754341120000001
0.9973915046666666
0.7484542506666667
1.0018818486666667
0.48076018866666664
1.0007729653333335
1.0339228693333333
0.6131638206666666
0.812817308
0.9660729893333334
0.756156214
1.0081846193333335
0.763081718
0.9345621553333334
0.8436640826666667
0.9286917773333333
0.6205389546666666
1.007877058
0.9326443866666667
0.7999939086666666
0.8449171393333332
0.9468414046666667
1.009843948
0.56437354
0.33737086666666666
0.821547332
0.548138586
0.3852299553333333
0.9173262346666667
0.7973947173333332
0.6468567786666667
0.07665566866666666
0.9998643473333333
0.8707573913333334
1.0996805386666666
0.859655394
0.917277256
1.0025951646666666
0.45948747733333334
0.9992827666666667
1.0411032373333333
0.86002549
0.5841625186666667
0.9974146666666667
0.9960499293333334
0.46133582133333334
0.935559662
1.0033563746666667
0.6673763593333333
0.9665077853333334
0.8622527746666666
0.6707899286666666
0.529080206
0.9710419953333334
0.3559856853333333
0.998864448
0.8605941646666667
0.9009979853333333
0.5890092766666667
0.999794522
0.99780859
0.9237482086666667
0.9967087
0.755723802
1.009416742
0.7398546626666667
0.9073459233333333
1.0022325326666668
0.740715938
0.5051327873333333
1.0013095913333334
1.0307839046666667
1.0274303986666666
0.9349995746666667
1.031477052
0.997797
0.826638816
1.0064717673333332
1.0025951646666666
1.0055292346666667
0.997831772
0.357697832
0.9999691033333333
0.9024272846666667
1.0061063259999998
0.579016042
0.644720576
0.8496053206666667
1.0102239906666668
0.9170520226666666
0.7791889293333334
1.0018234246666666
1.00505863
0.770535934
1.0065071466666666
0.9232120926666666
1.003825386
0.6420412879999999
0.6800891953333333
1.0000855253333334
0.4228745146666667
1.0063184853333333
0.9992013993333333
0.7125737953333334
0.8127711633333333
0.8551878733333333
0.8002473046666667
0.7165025893333333
0.8659819333333333
1.0078061093333335
1.0038136553333334
1.0014613506666665
1.0037784646666668
0.835873206
1.002653678
0.917865342
1.013489852
0.6256644253333333
0.68325376
0.9367533553333333
1.0063538539999999
0.9119407386666667
1.0070381353333333
1.0191171453333332
0.812425244
0.7751319353333334
0.4247165446666667
0.9990503239999999
1.0014963786666666
1.0274672666666667
0.8656764813333333
0.9402189766666667
0.7186786413333333
0.8698051373333333
1.006012062
1.0087647633333332
1.006813872
0.9322294006666666
0.726409244
0.691554326
0.40635482266666667
0.9461843466666666
0.495062854
1.0035790999999998
0.6132163473333333
0.9111185513333333
1.0056351813333333
0.9920582293333333
0.9014991440000001
0.96674709
1.0069673046666667
1.027823796
0.5361103053333333
0.9156150966666667
0.9979013233333334
0.9968706373333333
0.7955779413333333
0.8962786513333334
0.9916459360000001
1.0020220926666665
1.0022559206666666
0.7590628366666666
0.9976579360000001
1.0010178753333332
1.0011928846666667
1.0034266980000002
1.0026770853333333
0.543914606
0.9358552506666666
0.8579296266666667
1.030586034
0.99549585
1.007061748
1.0061534646666668
0.9927690946666666
0.9993990286666667
0.99778541
1.0020220926666665
0.902285098
1.03205952
0.766814668
0.8355642379999999
0.84022288
0.4071695853333333
1.0014380006666668
0.4645970353333333
0.6740851593333334
0.5416578126666667
0.7874172326666666
0.7484868593333334
1.00323919
0.6235434519999999
1.00833847
1.1682853126666668
0.9992130226666667
1.01043789
0.9985277233333333
0.55001278
0.8252807406666668
1.0087529173333334
1.0303264433333335
0.8848852
0.912405688
1.0017533253333333
1.0070499413333334
0.9132204920000001
0.5083974760000001
0.8721985453333333
0.8005008613333333
1.0380836506666666
1.00282926
0.804135346
1.0065189399999999
0.8545583013333333
0.7699557733333333
1.0010995386666668
0.9707347346666667
0.8003069506666667
0.7830886739999999
1.0020805393333334
0.6156511753333334
0.62291493
0.997588418
1.0047999853333334
0.9242352233333333
0.8038193020000001
1.0005165213333334
0.9987831486666667
0.5621758526666667
0.6138693066666666
1.0067430726666666
0.901480222
0.6332705166666667
1.002209146
1.00320404
0.9342978673333334
1.013358334
0.38839835733333333
0.7961457166666668
1.002665382
0.879981006
1.0041891713333333
0.47619213
0.5458536153333333
1.005282112
0.7479850046666667
0.7396571713333333
0.4423970266666667
0.9239767433333334
0.8088526813333333
0.8010756873333333
0.7253970793333333
0.698096238
1.031898346
0.9345113186666667
0.7836602039999999
1.0378704273333332
1.0033915353333334
1.01016459
1.0062595433333332
0.6806226746666667
1.001788374
0.9983768513333333
0.3121308486666667
0.9227955433333334
1.0029814806666666
0.31940322800000004
0.3775247806666666
1.0016598753333332
0.646725286
0.2703396606666667
0.533841362
1.0014029766666666
1.0007496466666665
0.9373564593333333
1.005505694
1.0029346386666667
1.012999822
1.0013913026666668
0.9397663793333333
1.0036142766666667
0.5934201426666667
0.9705373126666667
0.8266626819999999
0.8918491833333333
0.7326857606666667
0.9957497266666666
1.0023143946666668
1.0057764786666668
0.8457323753333333
0.6613492393333333
0.6958286086666667
0.44377748933333333
1.016981542
1.0246483593333333
0.6154703186666667
0.9983420413333334
1.031910742
1.001928592
0.9237780113333334
0.6624815553333334
0.8859804226666667
0.8940119053333333
0.33662916
1.0079716726666668
1.0033329353333333
0.91164071
1.0230618953333332
0.7093374453333332
0.9956804746666666
0.5749890953333333
0.9965583773333333
0.6366121153333334
0.933901716
1.001052872
0.656667604
0.6286130593333333
0.9401572333333333
0.9971946679999999
1.0164039366666666
0.7872945446666666
0.5557669893333333
0.7300393146666667
1.005505694
1.0184767306666667
0.2684421673333333
0.9140270266666667
0.6085246946666667
1.0043418053333333
0.6954342726666667
1.0053056426666667
0.771193122
1.0104973226666667
0.9694638666666666
1.0018467933333333
0.5313843686666666
0.7410290453333334
0.8931567033333334
1.002127302
0.8971960680000001
0.5930309420000001
0.5681211246666666
0.8752735473333334
1.0032157560000001
1.0174995373333333
0.5302265113333333
1.00086625
0.7916333753333333
1.0386610473333333
0.32008639733333333
1.0042713533333334
0.44738776666666663
1.0048352466666668
1.036242788
0.6530581133333333
0.6497189766666667
0.25949739266666666
0.7748522533333333
0.9991897766666666
0.5056471973333333
0.6297282833333334
0.9548934040000001
0.8416388659999999
0.4320762246666667
0.8164871386666667
1.0273320966666666
0.996928484
0.8856698346666667
0.8816247666666667
0.7668899733333333
0.946789224
0.41412443066666665
0.8314315046666667
0.7371309673333334
0.561536398
1.0106518806666667
0.8957552546666667
0.9486085046666667
1.0020337813333333
0.9667797313333334
1.0031688926666666
0.87109294
0.97652842
0.33143504333333335
0.9066372466666667
0.7517621113333333
1.0070735546666667
0.8640742153333334
1.0045767173333333
0.9730880306666666
0.4732407373333333
0.2422162986666667
0.9744015826666667
0.9650527573333334
1.0289441673333335
0.9908909539999999
1.0075696846666666
1.0082556213333334
0.7469183593333334
0.419004848
0.6079303733333333
0.5477645800000001
0.530269062
0.821468766
0.9367635706666667
0.655745226
1.0332015773333332
1.0075224133333334
0.9782521826666666
1.0253699946666668
0.8304990373333333
1.0077588153333332
0.8954471113333334
0.8647265966666667
0.732635768
1.0087410713333334
0.7397081266666667
0.8491769733333334
0.9302405853333333
0.82211345
0.9352337113333333
0.6083910866666666
0.3737760633333333
0.5537856006666667
0.6335133780000001
0.5307539726666667
1.0044240119999999
0.7153390673333333
0.5299288440000001
0.8498490833333333
0.3822199446666667
0.8220190426666666
1.0035673753333334
0.7081153266666667
0.54372869
0.4424129766666667
0.84501688
0.9974725773333333
1.003532202
1.0463917593333334
1.004060056
0.9654323786666668
0.521281342
0.6765699133333334
0.8912107266666667
0.5686363606666667
0.9519198773333333
0.620673468
0.8087536806666666
0.73372465
1.0107826966666666
1.0086700006666667
0.493555268
0.628254448
1.0136333653333334
1.0090254539999999
0.22136838666666664
0.9170324426666666
0.8766402266666667
1.009416742
0.804142874
0.8510194073333334
0.7331234873333333
0.6772046446666666
1.0356431033333333
0.37488040333333333
0.9995385786666667
0.8715525313333332
0.3159260526666667
1.0014730266666667
0.32489635
0.9171597293333332
1.0009828806666665
0.8001205866666666
0.6153821340000001
0.41064013466666666
0.49978964400000003
0.6318497813333334
0.8688813286666667
1.0025834626666665
0.9670300573333334
1.0079835006666666
1.0075460486666665
0.6737573506666666
0.6987663380000001
1.00877661
0.9753309326666667
0.44627905333333334
0.9960730293333333
0.45713755133333334
1.00086625
0.465336984
0.9997828853333334
0.8175517606666667
0.48703228933333337
0.8219167926666667
0.7888490053333334
0.6415521793333333
0.74029462
1.0041187406666667
1.0015547646666667
0.5300007766666667
0.9768837953333334
0.9996781680000001
0.990034414
0.605304352
0.9981564286666667
0.43629640933333336
0.5666221146666667
0.952595492
0.7555509753333334
0.9647492746666667
1.0024079673333335
0.8006277
0.7257341540000001
0.7627429286666667
1.0323447973333333
0.38653178866666665
1.01016459
0.808106964
1.0046237126666666
0.7196962499999999
1.0015314093333334
0.48232317533333335
1.005517464
1.0029112193333334
0.5537713206666667
0.595811572
0.791815806
0.871243138
1.005282112
0.9941133453333334
0.6991246299999999
0.8005605453333333
0.5342663633333333
0.6895668773333333
0.9961885460000001
0.8505643660000001
0.8958299879999999
0.6923793033333333
0.9736064053333333
0.6030817493333334
0.261881064
0.34599443333333335
0.41776383266666667
0.9410326893333333
1.0019987160000001
0.17878303
1.0343586193333334
0.998597372
1.0088595446666666
0.9960152813333334
0.5017455853333334
0.444800076
0.30759300733333333
0.46431576933333335
0.8234532179999999
0.44478856000000005
1.00648356
1.0034149766666667
0.6148887673333333
0.7512295766666666
1.01140156
1.0072388773333334
0.8562619833333334
0.6392890066666667
0.997322024
0.7956811133333334
0.978553074
0.8358244066666666
1.007510596
0.875327062
0.4285132913333333
0.6473052300000001
