0.9869268099999999
0.99457836
0.99017136
0.98604315
0.99355222
0.70654157
0.70932339
0.99105329
0.6160361799999999
0.9939753100000001
0.9929182799999999
0.38121508
0.41509219999999997
0.98939583
1.05300293
0.9937039400000001
0.99382351
0.76711735
0.70876621
0.99777614
0.99221637
0.99463824
1.00521153
0.82749885
0.55199133
0.99412255
0.99119052
0.9944355899999999
0.8304332
1.0800656100000001
1.10371883
0.98971046
0.9964566499999999
0.9942284100000001
0.70520746
0.9932259600000001
0.99179936
0.9939569
0.98630128
0.9926383099999999
0.709389
0.77199572
0.99282188
0.99356601
0.9914513599999999
0.99335001
0.90949595
0.9941363599999999
0.9943434999999999
0.9949009
0.99278975
0.8267120099999999
0.9927025500000001
0.9919505399999999
0.995602
0.99297337
0.70899085
0.71018898
0.93934914
0.99001159
0.45057650000000005
0.9942514199999999
0.99221637
0.7112521599999999
1.03883188
1.02954352
0.8492945199999999
0.9906463999999999
0.99259702
1.08687673
0.99298714
0.49562271
0.82685843
0.24850648
0.99286778
0.9930009200000001
0.6184685600000001
0.99108074
0.99398911
0.99332703
0.99478568
0.8272789
0.99463824
0.9939109
0.96102769
0.99211094
0.7442559799999999
0.91799482
0.55182822
0.70936556
0.99298714
1.00005292
0.9922622099999999
0.59679345
0.98449264
0.9934281300000001
0.62058827
0.62056675
0.993589
0.9938511
0.99378671
0.99141932
0.7091149299999999
0.99033575
0.62297908
0.35464587999999997
0.98449264
0.409071
0.2829911
0.99197803
0.99307898
0.6896621000000001
0.9922255400000001
0.99267043
0.9931708399999999
0.99302388
0.98997052
0.99116307
0.70924842
0.49664858
0.99289073
0.06959858
0.45364325
1.09027586
0.99296419
0.99149714
0.41325418999999997
0.8304942200000001
0.99294123
0.99338217
0.61848994
0.99604531
0.9943158699999999
0.99245481
0.99477647
0.9882257099999999
0.99372233
0.91404842
0.99569432
0.9965306300000001
0.9914513599999999
0.55218295
0.6195784400000001
0.49720973
0.99329028
0.99149714
0.4132526
0.9923126499999999
0.99241812
0.8286004
0.93206756
0.55267891
0.9932719
0.72129288
0.99435731
1.00702161
0.8230744900000001
0.2929207
0.99187724
0.70892531
0.99432968
0.6217147700000001
0.99432048
0.9074283599999999
0.99647514
0.99401211
0.99723403
0.14147309
0.99323515
0.70763815
1.0380234400000001
0.99406273
0.82861958
0.98599787
0.99257867
0.9911951000000001
0.79828248
0.70641607
0.8267374700000001
1.17173393
0.9907378099999999
0.9926658399999999
0.82701128
0.99324434
0.99317543
0.99400751
0.9924364699999999
0.9933729800000001
0.8630844799999999
0.27584925
0.9931203200000001
0.9916894399999999
0.9944355899999999
0.72431199
0.49610933
0.91600565
0.9931295
0.82845016
0.9934556999999999
0.9939615
0.99430206
0.9923126499999999
0.41232979000000003
1.12296121
0.9931478699999999
0.9004577399999999
1.0261196099999998
0.99206052
0.7370070099999999
0.62079099
1.01562761
0.9947073500000001
0.99289991
1.27732889
1.02967187
0.99324893
0.99428825
0.99322137
0.99368095
0.82719604
0.9943158699999999
0.49680829000000004
0.9915246000000001
0.99307898
0.99535281
0.99267502
0.9929687800000001
0.35238502
0.98150041
0.99370854
0.99278975
0.9946704900000001
0.82663882
0.99260619
0.99357521
0.35408919
0.57401238
0.9944816400000001
0.6207263900000001
0.99321218
1.10919732
0.62058827
0.9932259600000001
0.99145594
0.89409565
0.9920421899999999
0.60125814
0.55177717
0.99328109
0.41316832
0.8286419600000001
0.9938373
0.99302847
0.99383271
0.8267502
0.94104506
0.99523288
0.49672096000000004
0.9935016600000001
0.97059653
0.61954805
0.99239978
0.93651029
0.9912728799999999
0.99258325
0.8302822999999999
0.91837563
0.82696032
0.98626052
0.71301622
0.62192183
0.99734981
0.80386143
0.61956771
0.19085232000000002
0.99262455
0.70907512
0.61954626
0.9956897100000001
0.99346949
0.99184059
0.70765681
0.9934556999999999
0.99410414
0.16566025
0.62181919
0.98954628
0.9119174999999999
0.8268552499999999
0.7546098000000001
0.98845769
0.99087495
0.9978317699999999
0.9933867700000001
0.82666746
0.99325812
0.99371314
1.05814998
0.99170776
0.9936579600000001
0.5528254499999999
0.9923814299999999
0.99321677
0.9913094800000001
0.9965722499999999
0.99213385
0.9940213099999999
0.82679795
0.99263372
0.6176965
0.97346518
0.49679105
0.70875217
0.99440335
0.71054145
0.9947211699999999
0.99379591
0.38114064999999997
0.9923309899999999
0.70917816
0.49746197000000003
0.9933867700000001
0.99520059
0.99228514
0.81429208
0.88375631
0.8269889899999999
0.99357981
0.99309276
0.99491012
0.97835246
0.9706053
0.99298255
0.99144678
0.9908520900000001
0.98874441
0.99217969
0.7090095700000001
0.82667382
0.99288155
0.99320299
0.55210203
0.70881534
0.8856515699999999
0.8257869200000001
0.82989405
0.99122712
0.99363497
0.8266610900000001
0.85959174
0.9922347
0.99325352
0.95844989
0.71302332
0.99469814
0.99036772
0.8251649999999999
0.99354303
0.99436191
0.45222749
0.99324434
0.5503814
0.99281729
0.83056167
1.10209883
0.99265666
0.82965038
0.70896744
0.99285401
1.07416075
0.99277139
0.9929917399999999
0.55103527
0.99362578
0.83060665
0.45169956999999994
0.39449334
0.99591135
0.7102594499999999
0.27568458
0.99446322
0.9932994700000001
0.99379591
0.71022891
0.99368095
0.82496212
0.9911722199999999
0.99296419
0.98788022
0.99333163
0.99338217
0.9920971900000001
0.87738342
0.99403512
0.9955419999999999
0.96304897
1.19707663
0.49361539
1.08652479
0.9939523
0.82858761
0.62067436
1.05573105
0.99351085
1.03247384
0.99306521
0.62163919
0.61469252
0.9933040599999999
0.99261996
0.99323056
0.9835727900000001
0.9921934400000001
0.93540481
0.62274242
0.9928953199999999
0.99184059
0.618522
0.99373153
0.82686798
0.99444019
0.8279742299999999
0.9936763500000001
0.99273009
0.63425245
0.9938557
0.82888184
0.35507394
0.94617809
0.99288155
0.9926016099999999
0.99368095
0.71042863
1.15698081
0.9742822200000001
1.16443375
0.99241812
0.27543707
0.96041738
0.82509208
0.8250698900000001
0.99223012
0.99297337
0.55258078
0.9837620300000001
0.70911024
0.99446782
0.99304225
0.9934924700000001
0.8282935899999999
0.9940213099999999
0.98587113
0.99283106
0.4961976
0.70903532
0.82853646
0.42305862
0.49611735
0.99354763
0.45164447
0.82638115
0.99301929
0.7010566199999999
0.99375912
0.76861921
0.44896568000000003
0.99352924
0.98195819
0.99164365
0.62169677
0.81250209
0.99459218
0.93415968
0.9961793
1.08680522
0.92507728
0.99029921
0.71292154
0.9939477
0.9939523
0.84172134
0.9922347
0.8197754
0.99261996
0.99265208
0.9923905999999999
0.99340055
0.49416175
0.27985712
0.9965722499999999
0.9928723700000001
0.99244105
0.8262349
0.99271632
0.99354763
0.99285401
0.99322137
0.99254197
0.9937821200000001
0.99164365
0.9938879
0.9928448299999999
0.99051389
0.99321218
0.88696112
0.9878893
0.82359217
0.0
0.6978467
0.55177575
0.9964289100000001
0.050016939999999996
0.63995293
0.9942192
0.98959188
0.9916024400000001
0.99580052
0.99132779
0.9943434999999999
0.99237685
0.99029921
0.99144678
0.99441256
0.27587051
1.0016902399999998
1.08567886
0.99251903
0.99480873
0.99242729
0.70781075
0.31048615
0.49675198000000004
0.9944079600000001
0.99478568
0.55216591
0.99323056
0.58408387
0.99145594
0.9911081799999999
0.0
0.8285012999999999
0.99249609
1.02950404
0.9915749599999999
0.38268788
0.23641952
0.9934786800000001
0.35471618
0.99408573
0.5503672900000001
0.99678504
0.99190472
0.9969099699999999
0.9939431000000001
0.62069051
0.99403512
0.8250476999999999
0.8257075399999999
0.41325021
0.99286319
0.9938971
0.70785741
0.99500232
1.13910359
0.33077954
0.84200186
0.9881666
0.9920421899999999
0.99351545
0.9901804900000001
0.62401998
0.97357551
0.99227597
0.99317543
1.0468533899999999
0.99273926
1.22147981
0.99261996
0.94315288
0.9942007900000001
0.70759618
0.99341894
0.82800616
0.7101467100000001
0.9938603
0.95850978
0.82472134
0.99305143
0.99310654
0.99457375
0.82725659
0.9938557
0.8281243
0.98631034
0.9931203200000001
0.9939338999999999
0.45117951
0.9937177300000001
0.9229145200000001
0.82835429
0.9911219
0.8289394299999999
0.99403052
0.8285172799999999
0.8281115200000001
0.99286319
0.99135525
0.9934143400000001
0.99177646
0.99339136
0.9929917399999999
0.99399371
0.83041072
0.99523288
0.99124085
0.99247316
0.8278338
0.98813477
0.9929687800000001
0.99354763
0.98863061
0.99155665
0.99355222
0.55191331
0.96554307
0.98834851
0.99271632
0.9934511100000001
0.99163449
0.99346489
0.9917581400000001
0.9923309899999999
0.8194375700000001
1.06486616
0.55169921
0.99301929
0.9938373
0.49600735
0.93203519
0.9906921
0.9932627100000001
0.99292287
0.91159234
0.61966962
0.44304779000000005
1.12309042
0.98359982
0.9916528
0.6197018
0.99354763
0.82527916
0.99286778
0.7104380299999999
0.9898746900000001
0.70903298
0.55108901
0.99313869
0.82699535
0.70930933
0.38151171
0.9934327199999999
0.6746240899999999
0.6214287199999999
0.99332244
0.98848499
1.05016047
0.5517956
1.0380686
0.70752857
0.99164365
0.70865628
0.9385239799999999
0.30924541
0.82848851
0.99425603
0.5526462
0.99164823
0.99359819
0.99331784
0.99242729
0.9929136900000001
0.99215677
0.9932856800000001
0.50141229
0.99308817
1.10432046
0.9938648999999999
0.45114729
0.99364417
0.99409494
0.99248233
0.99156123
0.99275762
0.82679158
0.80883897
0.93477369
0.82444271
0.99354763
0.9923218199999999
0.99400291
0.3808034
0.99328109
0.88558583
0.82855244
0.9925511400000001
0.9922072
0.99309276
0.9819626800000001
0.9934327199999999
0.99316625
0.99203761
0.99362578
0.99213844
0.9929917399999999
0.99339596
1.00796221
1.0617861100000001
0.9929136900000001
0.54925524
0.9940167099999999
0.45172808000000003
0.99297337
0.99197345
0.9912317
0.5503546
0.45396163
0.9928586
0.99031291
0.7130848799999999
0.82881466
0.99365336
0.98863972
0.99107616
0.99403052
0.9938787000000001
0.94432243
0.9918634900000001
0.49944384
0.9950714700000001
0.9920788500000001
0.49467171
0.99118595
0.82884665
0.9916528
0.8251301200000001
0.55198282
0.71067784
0.9938971
0.75176474
0.7104356799999999
0.99278975
0.99235392
0.9928586
0.9939615
0.55025307
0.99191847
0.41315719
0.99407653
0.61967319
0.24819084
0.9920238600000001
0.55273297
0.70914069
0.7104850399999999
1.03310962
0.71066137
0.9927209100000001
0.9927851599999999
0.99332703
0.99340055
0.70870305
0.98561774
0.99100298
0.9934924700000001
0.9938465
0.71176371
0.62086458
0.99520059
0.9140017400000001
0.49621479
0.71026415
0.9933040599999999
0.99375912
0.82857802
0.9948962899999999
0.9947211699999999
0.99261996
0.8283511
0.99403972
0.99336379
0.99401211
0.995279
0.9939569
0.9939431000000001
0.98517463
0.9946428500000001
0.99609151
0.99316165
0.49679795
0.95819329
0.9682421600000001
0.8284597499999999
0.99261078
0.9919505399999999
0.99174898
0.9939707099999999
0.9929182799999999
0.97600915
0.82850769
1.05000643
0.83029193
0.9914330499999999
0.9925511400000001
0.38277383
0.99289073
0.24835359
0.99288155
0.9937177300000001
0.18390982
0.98357729
0.28606073
0.9944908499999999
0.55132245
1.03807361
0.99261996
0.99713679
0.31104019
0.9950899200000001
0.55104376
0.99308358
0.9939615
0.99328109
0.99370854
0.99224846
0.99273009
0.99339136
0.99512681
0.99286778
0.98087727
0.9931432800000001
0.9602413
0.99271173
0.49162765
0.99438033
0.9931203200000001
1.04962665
0.55127575
0.9938373
1.00732865
0.99221178
0.71021717
0.9938143100000001
0.99132779
0.98826664
0.99170776
0.71038632
0.99734055
0.62064208
0.7103205300000001
0.48689371000000004
0.99293664
1.19005151
0.9943434999999999
0.9944586099999999
0.9916024400000001
0.99266125
0.71308251
0.99178562
0.9940167099999999
0.82713232
0.45163212
1.04160316
0.9484891000000001
0.99446322
0.99317543
0.99267502
0.49703480999999994
0.45118425
0.9938419000000001
0.9937039400000001
0.9942698400000001
0.49815666999999997
0.9926933699999999
0.4100411
0.62050578
0.8284949
0.9918634900000001
0.99213385
0.99254655
1.3544349199999999
0.9927668
0.99376372
0.82875709
0.56963035
0.99111733
1.20220998
0.99248692
0.95135479
0.9907058200000001
0.62908539
0.44623221999999996
0.99259702
0.99377752
0.98790748
0.99223012
0.99298714
0.99517292
0.97011861
0.99377752
0.99223012
0.55119509
0.70519356
0.82792954
0.61919792
0.99356142
0.99376372
0.7115773900000001
0.62182819
0.9925511400000001
0.99233558
0.99233558
0.99221178
0.7063254499999999
0.9947810800000001
0.99273926
0.9918131
0.99401211
0.99439414
0.99991323
0.7065020599999999
0.22502385
0.7102430099999999
0.9923905999999999
0.6205793
0.62061338
0.994606
0.99362578
1.17659377
0.70765681
0.9962070300000001
0.9710793200000001
0.9889356499999999
1.02969655
0.7063928300000001
0.8249367700000001
0.62069948
1.02376665
0.99002985
0.73994516
0.99269796
1.22982507
0.4385215
0.9845242399999999
1.03235472
0.99340974
0.82544411
0.81547328
0.5498135200000001
0.99293664
0.54922294
0.7102571000000001
0.9925511400000001
0.8249050800000001
0.82508257
0.8963609499999999
0.88319658
0.99371314
0.9619403099999999
0.9891679600000001
0.80834271
0.49741242999999996
0.6208574
0.96013397
0.99473039
0.9938097100000001
0.82929796
0.55184949
0.70875685
0.99274385
0.99006637
0.55051544
0.99079266
0.39657834999999997
0.94840532
0.9938925000000001
0.49609327999999997
0.9930698
0.9921201000000001
0.73697919
0.82853646
0.9943481
0.97615999
0.62123996
0.99248692
0.99382351
0.9939753100000001
0.60379392
0.62085201
0.27188603
0.4966371
0.99246399
0.7074516599999999
0.21609137
0.9929090899999999
0.99294123
0.45179175
0.99263372
0.9939753100000001
0.99318921
0.9912591500000001
0.99269796
0.9911813700000001
0.9938603
0.99271173
0.69990048
0.9929045000000001
0.99339136
0.99300551
0.99258325
0.82814027
0.5511469999999999
0.9913643999999999
0.98868068
0.9917215
0.62172377
0.9911081799999999
1.19674975
0.99113563
0.35466169000000003
0.8264892899999999
0.9966878800000001
0.91606036
0.99372693
0.7102617999999999
0.99382351
0.99201469
0.7084528899999999
0.9961469599999999
0.82842459
0.83619217
0.99427444
0.99325352
0.49688301
1.03194297
0.9938143100000001
0.99339136
0.62145929
0.83056167
0.6186627699999999
0.70356244
0.38157408
0.99306061
0.5508868499999999
0.9443307400000001
0.75157794
0.51896406
0.99409954
0.98905407
0.99711364
0.99187724
0.99316165
0.9929136900000001
0.9948502
0.9934419099999999
0.9929045000000001
0.8272470300000001
0.9916528
0.82701128
0.99286778
0.9927530299999999
0.99442177
0.99229431
0.62250775
0.99140101
0.99371314
0.99306061
0.99361199
0.8286035900000001
0.99135982
0.82688709
0.99472578
0.9941961899999999
0.99359819
0.94851004
0.9921613600000001
0.9886761300000001
0.8915714800000001
0.9629842
0.80707588
0.83060343
0.958467
0.99098927
0.97249093
0.96253962
0.9938051099999999
0.99198262
0.97563668
0.6205559900000001
0.70756354
0.49752420999999997
0.9939017
1.12565123
0.9926933699999999
0.99259702
0.61968571
0.71303753
0.99381891
0.5519814000000001
0.99308358
0.9921063499999999
0.9963688
0.9931984
0.71059553
0.7090283
0.551048
0.99357521
0.41503523999999997
0.55345805
0.99211094
0.9250573599999999
0.61945869
0.82866434
0.45061526
1.0024103100000001
0.99308358
0.83024699
0.99321677
0.55267322
0.20668496
1.01509473
0.9955835399999999
0.99322137
0.8226898
0.82705905
0.9941501599999999
0.99229431
1.2456040400000001
0.9761466799999999
0.9931984
0.84711688
0.9945875700000001
0.8246991699999999
0.99634107
0.99372233
0.71049209
0.99521904
0.7092460800000001
0.55174031
0.82480686
0.45235990000000004
0.98096688
0.62073895
0.41377494
0.9929687800000001
0.99120425
0.98951436
1.1283838099999999
0.9929045000000001
0.99277139
0.70642304
1.08272301
0.99190472
0.99549585
0.99156123
0.99225763
0.99212927
0.99427444
0.70998001
0.82685207
0.98865792
0.99338217
0.5517502400000001
0.9912591500000001
0.99325352
0.35405299
0.9965676299999999
0.99300551
0.62109442
0.99315706
0.7090376700000001
0.99266125
0.99339136
1.01285888
0.99455072
0.99166654
0.95113989
0.99116765
0.62035342
0.27590099
0.82857802
0.45120984999999997
0.33123209000000003
0.41320807000000004
0.99099841
0.49608641
0.82839264
0.9931203200000001
0.99400291
0.9950207600000001
0.45064742
0.8288882399999999
0.45059162999999997
0.95828309
0.62053447
0.61940509
0.7064300099999999
0.9925052700000001
1.0050798
0.9914330499999999
0.9942192
0.8271833
0.61955341
0.21590865999999997
0.99234933
0.9938695
0.99413175
0.99339596
0.7103886699999999
0.71027589
0.99213385
0.82802531
0.85948852
0.8304010900000001
0.38279702
0.9928953199999999
0.45120795
0.9899111899999999
0.99255573
0.62078381
0.9931249099999999
0.82958628
0.99083838
0.99118595
0.99354763
0.99659075
0.7074842800000001
0.8250064899999999
0.71011618
0.41327566
0.9940581199999999
0.9947165699999999
0.55184098
0.45118141
0.99135525
0.8925015399999999
0.99288155
0.8284949
0.9924364699999999
0.99415937
0.74309193
0.99318003
0.9938971
0.45163212
0.99355682
0.99285401
0.83671671
0.99400291
0.7078457400000001
0.99240895
0.99089324
0.49669452999999997
0.710525
0.622672
1.08013623
1.05551311
0.9929045000000001
0.99280811
0.68161534
0.99342353
0.30999806
0.49549235
0.41371356
0.99421
0.9928953199999999
0.8282392799999999
0.35508921
0.99301929
0.9908018
0.41375262
0.99419158
0.9931938100000001
0.99268878
0.99377292
0.99236767
0.99703957
0.5668666600000001
0.82780827
0.8253172200000001
0.92744642
0.99104872
0.99099841
0.70899319
0.8689797699999999
0.4969589
0.99410414
0.99376372
0.9969099699999999
0.9934281300000001
0.9865776900000001
0.83165851
0.7443927100000001
0.7074819499999999
0.9929182799999999
0.71165757
0.27544872000000004
0.99339596
0.99277598
0.99479951
0.70879194
0.99234933
0.99374073
0.99283565
1.03884695
0.8258409
0.99744246
0.9251410400000001
0.99211552
0.70910088
0.71054851
0.82117035
1.0073003
0.29183834000000003
0.83024699
0.9942928499999999
0.9928953199999999
0.99332244
0.56251749
0.9920559400000001
0.55189345
1.05902665
0.8490896800000001
0.9930009200000001
0.9941455600000001
0.99363957
0.41410047
0.9912317
0.7828446
0.27629963
0.9962486199999999
0.99279434
0.99279893
0.99336379
0.9934419099999999
0.99375452
0.99300551
0.9922668
0.99292287
0.9936165800000001
0.95347523
0.99285401
0.30971416
0.55097589
0.62057392
0.82540286
0.70852535
0.9945553300000001
0.99293664
0.62280744
0.78012302
0.31021435
0.99285401
0.7078340799999999
0.49682552999999996
0.82672474
0.74137825
0.10550713
0.99377292
0.9888309099999999
0.99214302
0.6206384899999999
0.99357981
0.55115973
0.99352924
0.98905862
0.9903996899999999
0.99253738
0.6829875599999999
0.99303306
1.0327966000000002
0.9933362200000001
0.8126343
0.99381891
0.99123627
0.5519658
0.99297337
0.71038162
0.96284603
0.82843738
0.70934447
0.99215677
0.61854872
0.9934373200000001
0.9945645399999999
0.9930560199999999
1.01601202
0.99316625
0.97071938
0.99462442
0.99349707
0.9936763500000001
0.55110739
0.9922668
0.99239519
0.81238836
0.55261775
0.41878259999999995
0.99355222
0.96513083
0.41419311999999997
0.71056732
0.41407812
0.06533627
0.9938925000000001
0.99462903
0.99178562
0.61786889
0.99265666
0.9932994700000001
0.9925052700000001
0.9630014699999999
0.99399831
0.9854504
1.07129392
0.99277598
0.99142847
0.99177646
0.99282188
0.62068333
0.9944770300000001
0.99243188
0.82856843
0.9932075899999999
0.98868979
0.33832439000000003
0.63211109
0.99340974
0.99368095
0.99278975
0.99214302
0.92482629
0.62284357
0.7104051200000001
0.45118236
0.85493083
0.9884531400000001
0.62301161
0.70883873
0.71046858
0.99348328
0.45046875
0.99190472
0.45117004
0.92059607
1.0737310899999999
0.9927025500000001
0.99258325
0.55184807
0.9926842
1.03619529
0.84350336
0.9938603
0.70903532
0.9942053900000001
0.83009294
0.9939431000000001
0.9932994700000001
0.99347409
0.79962305
0.71031583
0.99408573
0.99403512
0.99245023
0.9044664099999999
0.99355222
0.99356142
0.99297337
1.0214439
0.6209615199999999
0.92542012
0.70764748
0.9921476
0.9945829700000001
0.9940903400000001
0.82840861
0.99362118
0.99230348
0.99033118
0.99107159
1.33525897
1.04618021
0.19856805000000002
0.14595686
0.81922813
0.99273009
0.99536204
0.99189556
1.06470778
0.99406733
0.33092074
0.9939063
0.99430206
0.99418698
0.99180394
0.99320299
0.99412255
0.99261078
0.99379131
0.99113563
0.99119967
0.35373573
0.5527386599999999
0.35474665
0.99411795
0.98783023
0.82866434
0.99356601
0.99428825
0.70892531
0.49610589
0.9757475
1.04696568
0.38150019
0.99495622
0.82851408
0.31029189
0.98084591
0.99203761
1.04742526
1.02932146
0.82807001
0.9926429
0.99293664
0.99285401
0.55110598
0.70876153
0.99362118
0.99318921
0.99356601
0.9935200500000001
0.9922347
0.8269730599999999
0.99410874
0.99230348
0.9918634900000001
0.9920238600000001
0.41319375999999997
0.9920926
0.9936027900000001
0.80289667
0.41340693
0.55114134
0.82856843
0.9880393
0.24835416
0.7103205300000001
0.99309735
1.0270913400000001
0.9653998300000001
0.9928723700000001
0.9854504
0.99283565
0.41317547
0.99340055
0.9931019499999999
0.8230050900000001
0.82830317
0.99274385
0.98879449
1.01059005
1.04717499
0.88558583
0.49687036
0.9814600400000001
1.02936586
0.38729407000000005
0.49856492
0.9927346699999999
0.8277093600000001
0.32038271
0.99303765
0.83037861
0.54780091
0.62162839
0.9924364699999999
0.9938511
0.62125254
0.9761866100000001
0.99318921
0.40739939
0.88142755
0.99363957
0.82497163
0.99692386
0.9931708399999999
0.99294123
1.19825221
1.02620788
0.55668327
0.9932075899999999
0.96228515
0.99148798
0.99256949
0.70893701
0.8091894700000001
0.99190014
0.8052177899999999
0.55185516
0.99237685
0.99410414
0.49685082
0.993589
0.9932627100000001
0.62069589
1.01832943
0.45065025
0.45121648999999997
0.9956897100000001
0.82653064
0.45071078
0.9939753100000001
1.09281694
0.99362578
0.99323974
1.0153635
0.9932719
0.99271173
0.9928723700000001
0.7092086000000001
0.9180183700000001
0.45181266000000003
0.5160743999999999
0.8264161400000001
0.70764981
0.99325352
0.99378671
0.99235392
0.9926383099999999
0.49680599000000003
0.8286259699999999
0.62073716
0.99432968
0.9964011700000001
0.41417634999999997
0.62258716
1.13963555
0.9934924700000001
0.99157039
0.99248692
0.8857903899999999
0.99264749
0.9635069900000001
0.61982164
1.00472242
0.6185416
1.17143352
0.89823182
0.9943434999999999
0.8988446299999999
0.6207246
0.99477647
0.8532731200000001
1.0350964999999999
0.38124892000000005
0.9942053900000001
0.99363957
0.99430206
1.11013769
0.99308817
0.96332114
0.98614729
0.99274385
0.9939109
0.99371314
0.70639748
0.99357521
0.99201011
0.9953205199999999
0.99411795
0.52459154
0.9939293
0.82848212
0.9942468200000001
0.99306061
0.82790401
0.99163907
0.9931984
0.7103604699999999
0.99351545
0.9954174100000001
0.88799906
0.9515571300000001
0.82686798
0.39581085
1.20159784
0.9860929500000001
0.990587
0.9950714700000001
0.99155207
0.5988721499999999
0.8266324500000001
0.8212206000000001
0.71035578
1.16801843
0.8304749499999999
0.99201011
1.07996241
0.8339191800000001
0.62267922
1.07405867
0.9936579600000001
0.99374073
0.99403512
0.99372693
0.9914834
0.9917673
0.9941961899999999
0.9927209100000001
0.99273926
0.99404432
0.55189487
0.44924462
0.49737787
0.99256949
0.9925511400000001
0.8280987500000001
0.8854543800000001
0.55184807
0.27625201
0.9921934400000001
0.9966554999999999
0.82857802
1.0644017
0.6804771
0.32990653000000003
0.8668470899999999
0.99361199
0.9917535599999999
0.9927805700000001
0.33123209000000003
0.99248233
0.82295463
0.45053396
0.82668655
0.99403972
0.55094197
0.62046276
0.9932673099999999
0.99211552
0.7092086000000001
0.99375912
0.99141932
0.99248233
0.70818889
0.99353384
0.99344651
0.08542629
0.99506225
0.9938051099999999
0.99032661
0.9927851599999999
0.41477552
0.70905171
0.49627901
0.9932994700000001
0.99338217
0.7077197700000001
0.9932765
0.99362578
0.9949469999999999
0.8266610900000001
0.9923264
0.71848628
0.99331325
0.71459639
0.99126373
0.9943895399999999
0.9922255400000001
0.70244858
0.9931019499999999
0.99190472
0.9907652400000001
0.71047798
0.64538226
0.99329487
0.82689982
0.83774817
0.99263372
0.99309276
1.11890065
0.41328998
0.9924685700000001
0.99308817
0.55181545
0.99357521
0.45065025
0.99356142
0.33121983
0.99446322
0.5028329
0.94386588
0.99411795
0.83398719
0.6768994
0.99250068
0.55167937
0.8253743099999999
0.23629518000000002
0.9927071399999999
0.99488247
0.99363497
0.99267502
1.24657293
0.82861958
0.99243188
0.9860295600000001
0.9932673099999999
0.41367371
0.82890424
0.99363497
0.98331608
0.99435731
0.69347264
0.15061352
0.6353013200000001
0.99302847
0.91384616
0.9942928499999999
0.82847573
0.5517148000000001
0.8265274599999999
0.82650837
0.70738174
0.99286778
0.9962209
0.45117951
0.99352464
0.99329028
0.62073895
0.99281729
0.9939201
0.99369934
0.62023875
1.27846193
0.9927071399999999
0.99083381
0.9029148499999999
0.5641919
0.99247775
0.9989689900000001
0.5528098
0.98859421
0.99338217
0.9914101700000001
0.9885487000000001
0.99398911
0.61980554
0.5526718
0.21417822
0.71183685
0.99408113
0.85468924
0.62388402
0.99233558
0.9920650999999999
0.9967063899999999
0.49621135000000005
0.62057392
0.86047692
0.99400751
0.9939569
0.82729483
0.9932627100000001
0.98535092
0.99228972
0.40509386999999997
0.99189556
0.99336379
0.99213385
0.38113727
0.99463364
0.62075869
0.9556986999999999
0.9922347
0.99240895
0.73603448
0.82862278
0.53066872
0.99217511
0.9933729800000001
0.99421
0.9922713799999999
0.99313869
0.99293664
0.9967989199999999
0.99281729
0.96999153
0.9931478699999999
0.9942928499999999
0.99399371
0.70928122
0.35447728
0.82824567
0.7090798100000001
0.38197791000000003
0.6207335700000001
0.55015157
0.82785613
0.61969286
0.2920324
0.21568854999999998
0.99253279
0.61956235
0.99377752
0.9954912400000001
0.9931249099999999
0.99432508
0.54682309
0.87089335
0.91107796
0.99294123
0.70908683
0.6945874000000001
1.19418758
0.8270463100000001
0.8304974300000001
0.99054588
0.9947211699999999
0.99099841
0.5535721800000001
0.55302334
0.9926658399999999
0.6206654
0.9933408199999999
0.98984275
0.32284199999999996
0.99164365
0.62718015
0.9931478699999999
0.20703726
0.99238602
0.7102430099999999
0.9934373200000001
0.35408451999999996
0.49609214
0.99277139
0.70910088
0.33063541999999996
0.82486389
0.99362578
1.0270029200000002
1.11829468
0.621605
0.618522
0.989601
0.56376534
0.9945323
0.70761483
0.98004018
0.6779208099999999
0.9925052700000001
0.99240895
0.7257268
0.9920971900000001
1.10552
0.9536276499999999
0.70867031
0.61151904
0.9779203
0.70790174
0.82661018
0.93749559
0.99354303
0.71015375
0.8248385399999999
0.99182684
0.45242089999999996
0.9935844
0.9926016099999999
0.99510836
0.62053447
0.8268425100000001
0.99309735
0.62055958
0.62175617
0.26070712
0.99309735
0.98599787
0.9934556999999999
0.55109608
0.9889310899999999
0.99353384
0.99297796
0.99254197
0.99375452
0.82651792
0.98827574
0.55107769
0.99244105
0.71187933
0.99372693
0.9786824
0.99246399
0.97560565
0.99166654
0.9938143100000001
0.99403972
1.09648288
0.99305143
0.4132033
0.826537
0.45099663999999995
0.99259243
