1.000782292
1.0062784040000001
1.008542098
1.007342822
1.00642224
1.005482154
0.877813786
1.005729376
0.35286648000000004
1.007203446
1.009915184
1.002094568
0.79162462
0.866848844
1.004233782
1.004698914
1.006459974
0.668194522
1.004898724
1.005920172
1.0029299539999998
0.362840714
0.681595866
1.00592724
1.011618342
0.891490054
0.7081258340000001
1.006266616
0.860751112
1.002422004
1.002656018
1.13383209
0.780685972
1.003712784
0.587792878
1.0028597
1.002723904
0.7204386899999999
1.00549157
0.549284044
1.004496834
0.952965374
0.332296382
0.923509858
1.000826602
0.97280371
0.720500328
1.003133748
1.006469408
0.984874166
1.003440764
1.0044522
0.9840122099999999
1.003724512
1.005705824
0.8698297979999999
1.0038371160000001
0.93678809
1.006936614
0.873209306
0.9283224360000001
0.57423955
0.493062324
1.005270348
0.8778729959999999
0.969120428
1.005430372
0.5350744
1.004790582
0.831299546
0.722530558
1.002464118
1.052597766
0.340430022
1.004414616
0.492180324
1.00539036
1.003783156
1.00517624
0.9351929840000001
0.7169786340000001
0.610319854
1.00303067
0.56678961
0.231979826
0.970585564
0.901406434
1.002583462
1.003987296
1.004762376
0.521775934
0.335879412
0.775799792
0.312323552
0.6881118820000001
1.006511864
0.998439516
1.007151486
0.659288408
0.8914697
0.265648308
0.670556386
0.776758082
0.83527824
0.40381908600000005
0.57879444
1.0038066159999999
0.69698942
0.775243864
1.006290192
0.9303917199999999
1.003970868
1.00227697
1.005500986
1.001349278
1.00206885
0.6363829019999999
1.005517464
0.7647298039999999
1.004757674
1.006457616
0.554082802
0.617418566
0.573392426
0.7308243999999999
1.004595514
0.585443714
0.0
0.112884558
1.002319072
1.003609586
0.13439088200000002
0.77825848
0.986369236
0.985500142
1.002955716
0.98266814
0.86575675
1.004372338
0.81935159
1.006332632
1.0050045380000001
0.6687855100000001
0.953094372
0.803503508
1.00417039
0.5280368559999999
1.0015804560000001
0.786209344
1.005124488
0.728894532
0.419729622
0.80165882
0.792277366
1.00429014
0.731001028
0.830120218
1.0009385579999999
0.891573332
0.695705754
0.864554272
0.9613718720000001
0.453286568
0.8707715140000001
0.763624408
0.07517430400000001
1.004957508
1.007210532
0.98397614
0.5183802879999999
0.572922796
1.0063161280000001
0.83486259
0.541735698
0.5698843100000001
0.876704646
0.412051302
0.605967064
1.008771872
1.00425022
1.004095266
1.003229816
0.909582626
0.750750284
0.399877782
1.004327714
0.77741608
0.671309962
0.875659002
0.937536518
0.706839244
0.39736720600000003
0.7982780279999999
0.830288718
0.52948395
0.910066384
0.847048382
0.725176618
1.162029954
0.6347501839999999
1.004572018
0.61891685
0.370365954
0.88004772
0.523524314
0.670781548
0.183622748
1.004172736
1.0062854780000001
0.7206586979999999
0.498150312
0.6693952799999999
1.003525168
1.008002426
1.026406522
1.001788374
1.004445152
0.7317981579999999
1.004069446
0.974439164
1.004421662
0.89543031
1.003522824
0.796551766
0.8618081240000001
0.961595722
1.005755282
0.394848388
1.005211528
0.887257948
1.003644764
1.005079798
1.0057340860000001
0.91144338
1.0060167740000001
1.004724768
0.8810803819999999
1.004419314
1.004915184
0.98498484
1.003787848
0.719569644
0.5430995860000001
0.334989232
0.0
0.514818038
0.8728703520000001
0.767087206
0.9840189739999999
1.004034238
0.63516885
1.0480540200000001
1.004085876
1.006681722
1.00305878
1.005216234
1.004104656
0.712142544
1.023373918
1.001652868
1.003288404
1.0393799240000001
1.003042382
0.454980168
0.335302012
1.004125784
1.005988498
0.7591366279999999
0.8238322960000001
0.89271116
0.706774106
0.828443766
0.9427284899999999
0.733216102
0.5608376060000001
0.9641125819999999
1.0057175999999999
0.553327566
0.790597306
0.487611762
1.004581416
0.694312302
0.13640476599999998
0.884385948
0.910064456
0.729744102
0.78904465
0.892705594
0.491539314
0.601524242
0.818322816
0.7653743940000001
0.845203126
0.7433530060000001
1.0059790739999999
1.0059790739999999
0.181526248
0.04470447
0.8539619159999999
1.004226738
1.00328606
0.561704574
1.004649562
1.007212894
1.005630472
1.002082878
0.40163603999999997
0.36872432400000005
1.003426698
1.00292527
0.931851176
0.6995311380000001
0.934991432
0.573546332
1.005873054
0.616337634
1.007919632
1.002581122
1.006488278
0.902300262
0.618573668
0.668863624
0.9258589960000001
1.116991744
1.004896374
0.658726202
1.002538998
0.9629194280000001
0.874551734
1.004941048
0.89822806
0.659901252
0.984052792
1.005079798
0.7766555439999999
0.764953176
0.555015764
0.6098631440000001
0.8705526579999999
0.789099738
1.004466294
0.999073564
1.003769082
0.730313654
1.004116394
1.00368229
1.0046143140000001
0.790731214
0.945636454
0.968871204
1.0037080919999999
0.799691534
1.005668148
0.7205353800000001
1.005548068
1.0029369799999999
1.102240246
1.011051572
1.00574115
1.004172736
0.618333222
1.00497632
1.006349138
1.007988232
1.004886968
0.537471536
1.002894826
1.002524958
0.967790536
0.9974864760000001
0.906595144
0.752414014
0.40184685400000003
0.8529020319999999
1.005432724
1.002918244
1.005755282
1.003000218
0.987149104
0.5078876680000001
0.99716457
0.662968314
0.94571766
0.610365824
1.0048822659999999
0.985782882
0.88630586
1.03781024
0.573351092
0.9870628960000001
0.916785802
1.007338096
0.6263852839999999
0.9692100920000001
0.607871866
0.922434838
0.56091085
1.004372338
1.003330592
1.00325325
1.003508756
1.003846502
0.698862984
1.003527512
1.002962744
0.8450734099999999
0.8320919280000001
1.004604914
1.003691672
0.46398772000000005
0.64738231
0.913560424
1.004682464
0.8568496219999999
0.434588366
1.00542331
1.001438
0.815634338
0.634193446
0.704147254
1.007019246
1.007023968
1.004917534
0.829328382
0.71899987
0.925904902
0.999161884
1.003963828
0.8698350840000001
0.66933999
0.8104002400000001
1.003391536
0.587799314
1.003616622
0.808607508
1.006426956
0.999743322
1.135432722
1.0056445999999999
0.719086544
1.0056139899999998
1.006634532
0.9900412599999999
1.00523035
0.96784942
0.70942532
0.574548356
0.7310968400000001
0.872753288
1.004111698
0.9133836280000001
0.891976984
0.962035116
0.916754492
0.833157252
0.967472254
1.003825386
1.011025392
1.003466552
0.608915512
1.0023027
1.002836284
1.007163294
0.618973936
0.804974818
0.635257158
1.005035112
0.8043145479999999
1.005835364
1.003288404
1.00412813
0.85286308
0.924686916
0.275462504
0.280410748
0.62570362
1.003994338
1.001627172
0.6336040319999999
1.005943732
1.006188822
0.957934702
0.91333507
1.00574115
1.0428525320000002
1.00593902
1.00507039
1.014986776
0.7332686780000001
1.004057708
1.005581028
1.000451266
0.695607726
1.004809388
1.004043626
0.482258728
0.7562534080000001
1.004760024
1.006445824
1.004682464
0.944417952
0.765532642
0.680590318
0.779075858
1.003684636
0.221924974
1.00481644
1.006526016
1.0017206159999998
1.001529074
1.00387935
0.5366663079999999
1.008215386
0.27104425600000004
1.0049057780000001
0.832950432
0.8050925160000001
1.00330481
1.004658962
0.891171894
0.983149512
0.8618876780000001
1.003938014
1.0062878339999999
1.004252568
0.560831016
0.5359484099999999
0.34345697799999997
0.8715260039999999
1.005025704
0.890312886
0.963859438
1.003994338
0.5667978379999999
1.004966914
1.003628348
0.738262448
0.778238738
0.37671384599999996
0.517402978
1.005110374
0.808666884
0.5787156720000001
0.951947306
0.752362612
1.00304004
1.005307996
0.689884766
1.005541006
0.984844808
0.669937186
1.002344804
0.9834264020000001
1.00275902
0.444942462
0.962798548
0.9178673039999999
0.912221588
1.004198564
0.73036333
1.00503276
1.0026747440000001
0.8423123060000001
0.79086517
0.9832778080000001
1.004941048
0.740667398
1.002651338
0.930982622
0.962535308
0.927066066
1.004377036
0.741869992
0.96156343
1.002473478
0.317471744
1.006693518
1.005343294
1.006818592
0.950590454
0.924645112
0.609883062
1.001802394
1.002894826
1.0039239340000001
1.00320404
0.9841723019999999
0.924768546
1.004168042
0.730362088
1.004703616
0.53628703
1.006108684
0.819548586
1.00596258
1.00310329
0.250005518
0.617494906
1.004640162
1.004323018
1.004306578
0.913863662
0.699537976
0.9829312619999999
1.0012348960000002
1.002520278
0.26300650799999997
0.844168178
0.790606036
0.5421535199999999
0.8167604119999999
0.8148374199999999
1.003436076
1.003715128
0.8301474940000001
0.625108036
0.830121822
1.003710438
0.925884942
1.002281648
0.781497082
0.719050426
1.02779674
1.004153954
1.005277406
1.006481202
1.004948102
1.005825942
0.948139424
1.002253582
1.003783156
0.99982245
1.003379814
1.002536658
1.006599144
1.002253582
1.0149052299999999
1.006573194
1.000011012
0.86294575
1.228896102
1.00395444
1.00478353
0.81688158
0.879015678
1.005696406
0.642974576
0.893651034
0.989881536
0.9845106960000001
1.003982602
1.004924588
0.721945164
0.876339728
0.52972231
0.9476331699999999
1.007832122
0.9289930879999999
1.004898724
0.541763032
1.00654017
1.0036048960000001
1.005244466
0.7561921599999999
0.999001524
0.9666535300000001
0.975751936
0.922450686
1.002880776
1.002794138
1.001814078
1.000723998
0.5404826880000001
0.8625783340000001
1.006674642
1.005767058
1.048453134
1.0449025140000001
0.9767927059999999
0.668241306
0.61041527
0.799075576
0.588285602
0.753874682
1.007083
0.90436357
0.391884086
0.875885792
1.00146135
1.0052562299999999
1.006832754
0.67387469
0.78987759
0.7654576019999999
1.003766736
1.0053927139999999
0.828229696
0.900110508
0.923559504
0.847232182
0.845101678
1.10523551
1.003994338
1.003276686
1.005124488
1.004459248
0.56645173
0.6441066120000001
1.002616228
0.5873604139999999
1.0043511999999999
1.003893428
0.785417152
0.898220546
1.015404308
0.9849735460000001
1.001052872
0.9270900799999999
1.00429014
0.7085171659999999
0.6957136420000001
0.472517564
1.007307384
0.872067496
0.40614040799999995
0.798401196
1.003154834
0.6501871539999999
0.296060286
0.49771101
0.32154096
0.870275714
0.513091066
1.004205606
0.75479413
0.626755482
1.003989644
0.909107078
0.652097324
1.004156302
1.0057199540000001
0.41272760599999997
0.560888142
0.943357962
0.69906432
1.000432622
1.0027332679999998
0.501992474
0.7880630559999999
0.41201296000000004
0.42063026400000003
1.004760024
0.76702282
1.005529234
0.926450148
0.291783022
1.004588466
0.8785409959999999
0.62572185
0.835652026
0.6616793519999999
0.560471674
0.9818818659999999
1.002241888
1.004703616
1.0021834219999999
0.43104893600000005
1.001961316
1.0036025499999999
1.0035791
0.94957745
0.600969576
0.7209151399999999
1.00499278
0.5986467679999999
0.981987378
0.8620762439999999
0.7888953719999999
1.003337622
1.0005328359999999
1.003110318
0.890490094
1.004807038
0.87587329
1.003508756
0.34457432
1.002974454
0.790655522
0.546446708
0.72050637
1.003356374
1.007163294
0.18339270600000002
1.002246566
1.005406834
1.005628118
1.006665204
1.006259544
0.741759806
0.46053247399999997
0.927066066
1.005420956
1.003832424
0.685401756
0.876684962
1.005359766
1.0043676400000001
0.7218966259999999
1.0033188720000001
1.004964562
0.9970210540000001
0.559127688
0.877912472
1.005249172
1.002372876
0.7791196680000001
0.588245316
0.910216822
0.7212262620000001
1.0784519620000002
0.5715496900000001
1.02221941
0.9951890640000001
0.671414906
0.505779984
1.08914782
0.983421898
1.002890142
1.0029369799999999
0.878068622
0.523885748
1.001919244
0.7192756100000001
0.573806092
1.0055574840000001
1.006967304
0.915751752
0.6428485060000001
0.8442013620000001
1.004121088
0.316979008
0.8624657459999999
1.003766736
1.005583382
0.671737286
0.359885212
0.872868578
1.00327903
0.9827693239999999
0.872912928
1.00373624
0.55466097
1.00414926
1.003654146
1.003717474
1.005851854
0.8519546100000001
1.00488932
1.0042924880000001
0.81038495
1.0029650860000001
0.856642832
0.8864833059999999
1.000770634
1.00358379
1.008426068
0.7061326800000001
1.00383477
0.8274988520000001
1.005729376
0.897886302
1.00227931
0.780749834
0.518870014
0.861960326
0.519840294
0.550961052
0.790837502
0.33988206400000004
0.472767222
1.00619118
0.39154005399999997
0.847442814
1.004743572
1.003276686
1.000842928
0.752387652
1.004849352
1.006115754
0.938917908
1.002414986
1.005404482
1.001358616
1.00552688
0.684750482
0.883203842
1.00550334
1.001923918
1.004851704
1.00568463
0.759311098
0.911008394
0.8922883060000001
1.004548522
1.0074184320000001
0.766278374
1.002997876
1.003963828
1.002316734
0.36821096
1.0048752140000001
1.08864538
1.00422439
1.005131544
0.981666422
1.004433408
1.001732298
0.511465768
0.943393188
0.983473692
1.002543678
0.82008533
0.65941291
0.9899773639999999
0.581811486
0.9997712480000001
0.754033504
0.8033306760000001
1.0064859179999999
1.002192776
0.491424582
0.609936762
1.0044522
1.004971616
1.00572231
0.9330313640000001
0.983347596
1.018727966
0.97667054
1.001087872
0.84498363
0.8374312780000001
1.00245944
0.911302206
0.741204246
0.741987902
1.00347593
0.9833948779999999
0.717070806
1.013791276
1.04695802
1.011170588
1.0031524920000001
0.587989226
1.002766044
0.772608142
1.0039051620000001
1.004186824
1.001162546
1.004306578
1.018399452
1.002520278
0.95782148
1.003419666
0.717098342
0.556648638
0.895835594
0.753899824
0.470446254
0.847901216
1.004203258
1.00668644
1.006273688
0.92917397
0.535184412
0.64358542
1.0062194660000001
1.003722166
0.833966136
0.8947457080000001
1.00430423
0.7517357960000001
1.004682464
0.430094992
0.518477282
0.594933442
0.858868064
1.013375072
0.0
0.8586379839999999
0.743390318
0.0
0.10496936
0.7310371099999999
0.893688224
1.005771768
0.982310792
1.002974454
1.00336575
0.11449603600000001
0.502132742
1.00310329
0.5656423079999999
0.16861245600000002
0.728727576
0.8322160740000001
0.8758500699999999
0.765408494
1.0036635280000001
1.004186824
0.229542248
1.003628348
0.845679088
0.535644954
0.603066508
0.90339154
1.004419314
0.9079731639999999
0.966636124
0.41070453199999996
0.9248641320000001
0.627825572
1.001246566
0.9558241839999999
0.985692388
0.798217202
0.5135622479999999
1.005889544
0.928093752
1.003794886
1.00510567
0.925823072
0.8530663540000001
0.983838648
1.003182952
1.003492342
0.719715546
0.8832764959999999
0.831061482
1.0048822659999999
1.002087554
1.004668362
1.00323216
0.777369646
1.004809388
1.00473652
0.8454011
1.004095266
1.004522678
0.945191108
1.007742264
0.92763071
1.003654146
1.005348
1.001793048
0.84632399
1.00369871
1.003630692
0.5910120480000001
0.975466058
0.667001174
0.960342214
0.91555459
0.896849476
0.9444511800000001
0.41662348
0.876837094
1.005663438
0.392329046
0.5599806119999999
0.996331824
0.887509128
0.35603172
0.743414766
1.004123436
1.1638499999999998
0.862749872
0.926248352
1.004111698
1.002927612
0.701657902
1.118714132
1.006035626
1.00492694
0.7410827480000001
1.00379254
1.003783156
0.70085299
1.005833008
0.915546784
0.984937406
0.949459898
0.9069857
0.927040054
1.005002186
0.753265162
0.482602828
1.005404482
0.981787598
1.0032181
1.002890142
1.004757674
0.503806116
0.879228012
0.876091256
0.742607548
0.6659710679999999
0.944658908
1.01657715
0.7577624580000001
0.916523648
0.93990417
1.006372718
0.77987088
0.753750318
0.9078042799999999
0.929489674
0.802076506
0.9284006960000001
1.005336234
1.002211484
0.804180516
0.720058224
0.342311116
0.954053436
1.005312702
1.00373624
1.002211484
1.00355565
1.0019145680000001
0.651493942
1.004045972
1.004449852
0.890431016
1.005404482
1.005792966
0.718461042
0.878828622
1.004132826
0.986609414
0.53550337
0.980657786
0.513013232
0.730127428
1.004045972
0.765551744
1.005343294
0.9318228719999999
1.005253878
0.78884466
1.00122556
0.26639569799999996
1.0027028340000002
1.0028690679999999
0.554247972
0.573872028
0.455229486
0.819217188
1.005835364
0.602581692
0.8176046760000001
0.74344951
0.925948818
0.8041488960000001
1.005300936
1.003269656
0.904565468
0.983037
1.004790582
1.004997484
0.741118554
0.602971682
1.0054703839999999
1.005522172
0.626181632
1.004835246
0.574235712
0.768747156
1.005847142
0.893712398
0.330998266
0.689157488
0.94462982
0.999957462
1.004339456
0.877930418
0.9246849260000001
0.883192946
0.542108356
1.005729376
0.804355218
1.003478276
0.974213716
1.003199354
0.9551078740000001
0.405561312
0.713044632
1.005569256
0.513073904
0.6020217
0.778271174
1.0030353539999999
0.966507786
1.003717474
1.004572018
0.8030287779999999
1.002726244
0.96260434
1.003283716
1.0066133
1.007855772
0.911221002
0.43079557799999996
0.945619798
1.000863918
1.002288666
0.634813042
0.5877735719999999
1.0051621259999999
0.9144220679999999
0.517724178
0.7414422399999999
0.36888076599999997
0.876969582
0.9929504140000001
1.006773752
1.005990854
0.611861412
0.8450468059999999
1.006526016
0.876974954
1.004142216
1.0058494980000001
0.731744546
1.005833008
1.001241898
0.8619205419999999
0.360233848
1.002730926
1.002644316
0.7225803959999999
0.936281636
1.0046871640000001
0.91353322
1.004952804
0.80410072
0.6976460640000001
1.0043206679999999
0.68041565
0.352025436
1.0277180399999999
0.892497828
1.004254916
1.017878128
0.45113781000000003
1.006533094
1.006096898
1.0049057780000001
0.52888866
1.001613156
0.98486739
0.6310365520000001
0.9022623519999999
1.006797352
1.00494575
0.77845173
0.9469938059999999
0.418738092
0.330529312
1.006002636
0.46519585999999996
0.613326682
0.877901706
0.8768030840000001
1.006721834
0.667560998
0.830958578
1.005493924
1.0036869819999998
0.708195892
0.753188546
1.005493924
0.8781422280000001
0.909985402
1.003501722
0.753834986
1.004809388
0.892471864
0.486688464
1.005489216
1.004715366
1.004689514
0.999540904
0.391657522
1.00350641
0.909981546
1.004001378
0.9729601760000001
1.002534318
0.983318328
0.791604194
0.984603232
1.00388639
1.02634275
0.858735838
1.004045972
0.776759486
0.541614098
0.767040628
1.00235884
1.0027028340000002
0.425962942
1.34154843
1.004567318
1.0046613119999999
0.891678838
0.90894739
0.732423376
0.81756888
0.609911644
1.006820952
0.473705796
0.48195405399999997
1.006078046
0.945867616
1.006759592
0.666992886
0.43082626
1.005216234
0.6531127320000001
0.548860074
0.6530610920000001
1.0044803900000001
0.92701004
1.005399774
1.0050727419999999
0.554575026
0.5786166580000001
1.00544214
1.00337747
0.689964562
0.963308174
0.743484258
0.587742204
1.005418602
1.0025975059999999
1.004957508
0.67859882
1.005291524
0.87205333
1.00664161
0.481002474
0.652474758
0.5541886140000001
1.002197454
0.937466942
0.47673973000000003
0.560457046
0.544089622
1.0026607
1.00427605
0.932784148
0.954114898
0.5236455879999999
1.003912202
1.004689514
1.003534548
0.776668184
0.561888286
1.00600735
0.893753314
0.815776864
0.777366832
0.37731285200000003
0.7075390619999999
1.003567376
0.676702096
0.909998898
1.002230194
0.915745896
0.609922902
0.7873796999999999
1.005188002
1.005468032
1.005701116
0.890065652
0.317318112
1.004525028
0.561319168
1.0068374740000001
1.00593902
0.943219158
0.909026264
1.006332632
0.780891786
0.855821784
0.48103426
1.005145658
0.680430742
0.328230172
1.003325904
0.720509996
0.294071508
1.0066133
1.00412813
0.8852572719999999
0.540439842
0.398025638
0.9292061340000001
0.382500772
0.41806719
1.0028222359999999
0.6326203779999999
0.480107234
1.005011594
0.689188452
0.99500462
0.708747496
0.67855272
0.5595931940000001
1.00384181
0.927038052
0.926342246
1.006846914
1.005348
0.997764548
1.004123436
1.005783544
0.5188204980000001
0.46798677
0.607878748
0.8470918199999999
0.813978804
0.753899824
0.84587562
0.49703884
0.933631712
0.753014236
1.003447798
1.0060874720000001
0.671219738
1.005366826
1.0046143140000001
0.751721322
0.565893466
1.004696564
1.0029440059999999
1.006019132
1.004663662
0.889461058
0.764894596
0.800820272
0.847956458
1.003830078
1.039410108
0.45774655799999997
1.004647212
1.004409918
1.00367291
1.0022933440000001
0.69759054
1.002805846
0.877867612
1.00063307
1.005223292
1.003489998
1.00173697
0.986972166
1.005444494
1.004139868
1.005037464
1.005388006
1.006047408
0.9112364679999999
0.727463664
0.48228039
1.00598143
0.4603153
0.37352966
0.9833948779999999
1.008215386
0.472814062
0.9990758879999999
0.459726506
0.412266464
1.005430372
0.744136058
1.0053950680000001
1.002464118
1.003869964
0.47767237799999995
0.642463864
0.874968636
1.008963824
0.858715236
0.877585996
0.982542252
0.40401167400000004
0.588140598
0.876291452
0.606383708
0.7412464599999999
0.48606442
0.529843858
0.8166082259999999
1.001246566
1.0028409679999999
1.003712784
1.003117348
0.8686862599999999
1.051260616
0.803351712
1.00430423
0.983124758
1.00274029
1.00171828
0.8596106600000001
1.004153954
1.003346998
1.003654146
1.0436533
1.13716131
0.8509603939999999
1.004358246
0.86166462
1.00159447
0.853739546
1.003963828
1.00388639
1.00438643
0.7609712319999999
0.882385498
0.592502448
1.003539236
1.003872312
1.005661082
0.761606798
0.480728978
0.602130576
0.19337326999999999
1.006936614
1.001998716
1.004341806
1.0035111
0.412273984
1.004449852
0.49674278800000005
1.004259612
0.658201264
1.00519506
1.0053762400000001
1.0029299539999998
0.984215154
1.003522824
0.30907005600000004
1.0013702899999999
0.927510516
0.357267288
0.7398929000000001
0.87892214
0.962576294
0.804915984
1.002438382
0.994850202
0.967893042
1.004593164
0.957979572
0.704737662
0.451136862
0.6250598199999999
0.9751559919999999
1.118460678
0.37353063400000003
0.767089946
1.003072836
0.87420462
1.0038230399999999
0.9719055600000001
1.001564106
1.0036776
1.0062548279999999
0.73166726
1.00180473
0.774280932
0.422975714
1.0036869819999998
1.003712784
0.524325762
0.614340826
0.507172776
0.576536632
1.001363286
1.004060056
0.490572518
0.731851778
0.99491934
0.5405663580000001
1.001239564
1.0039474
1.002681768
0.87285616
1.001454346
0.679784572
1.006250114
0.891164498
0.788976526
1.004609614
0.808610552
0.670642244
1.001858478
1.002953374
1.004729468
1.004097614
0.9983745300000001
1.003970868
0.5158810039999999
1.004283094
0.7009056020000001
0.924780494
1.00516683
1.006012062
1.0056469540000001
1.001108872
0.643512134
1.002438382
1.002749656
0.487024558
0.983158514
0.506810702
0.788091976
1.0279689379999999
1.005237408
0.98945965
0.710829566
0.616958264
1.0045391240000001
0.642918754
1.005585736
0.7896205559999999
0.6174593979999999
1.001391302
0.763969416
1.004663662
0.53165603
1.006120468
0.833048982
0.915781042
0.844196384
0.7678647999999999
0.39196276599999996
0.43867154399999997
0.9518924520000001
0.891380892
1.002153022
0.558311468
0.641769788
1.00324622
0.729555688
0.895652516
0.781397556
0.91117654
1.004611964
1.005173888
0.9849645100000001
0.938450158
1.003171236
0.873944908
1.001475362
0.580692902
0.44466100399999997
1.006476484
1.003813656
1.005752926
0.873998262
1.00359317
0.7540666
0.981917782
0.7191395199999999
0.718456236
1.003494688
1.002272292
1.00438643
1.001870164
0.9830482500000001
0.802568106
1.005138602
0.604820192
1.005420956
1.00600028
0.708767378
0.84530127
1.0053032899999998
1.002833942
0.9236171000000001
0.458909624
1.005757636
1.00318998
1.0062548279999999
1.000374368
0.9823714539999999
1.006250114
1.004355896
0.845379468
0.9960406900000001
1.003018958
1.000150734
0.912388244
1.002862042
0.753284978
0.759395678
0.566901828
0.500730092
1.0054021279999998
1.004102308
0.587625604
0.44997981
0.54853552
0.547679364
0.929529906
0.765493074
0.34335346600000005
0.497020434
1.004259612
0.185262696
0.540969432
0.874672844
0.6507102260000001
1.006094542
0.8914734019999999
0.97792921
0.9702216039999999
1.004210302
0.732580784
1.003110318
0.6785977480000001
0.22997279399999998
0.764732528
1.006299624
0.754715876
1.005049222
0.5298680440000001
1.001708934
0.593932206
0.996486702
1.005825942
1.004024848
1.005171534
0.9738050779999999
0.997384556
1.001900546
1.002384572
0.093370234
0.90748204
1.002232532
1.003825386
1.003325904
1.0051009659999999
1.001596806
1.005682276
1.004797634
0.618490828
1.004912832
1.004006072
1.004160998
0.763974852
0.9754151040000001
0.974271172
0.994688922
0.9578278880000001
1.005152716
0.703459886
0.961750758
0.7082145759999999
1.00351579
1.002403288
1.003684636
1.005986142
0.934011386
0.970381626
1.0035040659999999
1.04082571
1.004435756
0.7525010200000001
0.963267126
1.006056836
0.24966835399999998
0.5421576260000001
0.559268934
1.0023027
1.0028597
1.0067879100000001
0.753060446
0.609845826
1.0039450540000001
0.41224786599999996
0.6514712140000001
1.005868342
0.6214943620000001
0.618547834
0.590137456
1.0419872620000001
0.8147539500000001
0.28730089
1.003532202
0.79222914
0.765551744
0.719093766
0.6785934600000001
0.669550766
0.518174528
0.48134748
0.530645774
1.004095266
1.002939322
0.487301948
0.491223366
1.004517978
0.997794682
1.005623408
1.004388778
0.874961506
0.6330446359999999
0.6797899519999999
0.190310498
0.205312804
0.921581764
1.004287792
0.97309685
0.67955225
1.003771428
0.890567644
1.0042173460000001
1.0045391240000001
1.003227472
1.006238326
0.859249516
0.609780022
1.00478353
1.002082878
0.862836534
0.687967492
0.8927761080000001
1.004957508
1.002522618
1.004966914
1.00005991
1.005044518
1.003171236
1.005439786
0.518838048
0.997449412
1.0306676460000002
1.002962744
1.004463946
1.002995534
0.8768621560000001
0.740562676
1.015293892
0.943171518
0.6267481659999999
0.964136388
0.7761334520000001
0.7205680200000001
0.9743109560000001
0.6336891020000001
0.828646758
0.64017518
0.70961403
1.0045391240000001
0.504915444
0.65824666
0.554147142
1.005880122
1.0050962620000001
0.700945638
0.49150668799999997
0.504214218
0.9087416100000001
0.633632074
1.003107976
0.5882791559999999
0.345348994
0.8300865260000001
0.94451972
0.944685918
1.0011392080000001
0.602411812
0.91362844
0.654064566
1.005039814
1.004257264
1.003182952
0.469502062
1.00407414
0.5668172859999999
0.671269044
0.8710876399999999
0.697566748
1.00392628
1.00399199
1.003508756
0.8800350979999999
0.61695915
1.019431606
0.750972126
0.923192248
0.741990466
1.003501722
0.945703084
1.002735608
0.861842712
1.0033704380000001
0.815649828
0.8873807699999999
0.8013432239999999
1.003980256
1.001662212
0.9328226399999999
0.8016483459999999
0.47762457
0.54167694
0.587845976
1.00635857
0.945590652
1.0042455240000001
0.858593354
1.0042149980000001
0.42419681400000003
0.9296466
0.9869698979999999
0.805116662
0.998520758
0.845720718
0.686517038
0.862784534
1.003553306
0.893593396
1.003928628
1.001232562
0.9088800680000001
0.872684128
1.00394036
0.8902261539999999
1.0034032560000001
1.001860816
1.003855886
1.005512756
0.5242803199999999
1.007073554
0.52939258
0.453548402
0.555432782
0.404469378
0.438397514
0.36762821
1.005705824
0.891390142
0.857722314
0.349569996
1.004854054
0.679290006
1.001010876
0.407317864
0.650885756
1.00373624
1.006259544
0.580904174
0.565602084
1.007234152
1.004203258
0.643533346
1.002176406
1.004837598
0.894906038
0.876869318
1.004222042
0.984433974
0.669239864
0.903676656
1.0037080919999999
0.59432917
0.62677286
0.523950936
0.578728928
0.8942855439999999
0.5089052940000001
0.33727046
1.00419152
0.9735424060000001
1.005948444
1.00550334
0.7536630219999999
0.679934158
1.012445822
1.006943696
1.002667722
1.004680114
0.753885268
1.004534424
0.8537700939999999
1.003501722
1.005430372
0.50300073
1.000987546
1.00813729
1.004463946
0.81929845
1.0043817320000001
1.0033704380000001
0.909989258
0.8597138999999999
0.510159594
1.002901852
0.975692086
0.823786472
